Initialized native services in: /Users/alexworden/.gradle/native
Initialized jansi services in: /Users/alexworden/.gradle/native
Found daemon DaemonInfo{pid=33905, address=[e9465a5a-873f-4184-a9f0-f45b59e438c2 port:55600, addresses:[/127.0.0.1]], state=Idle, lastBusy=1743952085570, context=DefaultDaemonContext[uid=c6023c0b-d7b6-4b05-b337-aa5c875d01a0,javaHome=/Library/Java/JavaVirtualMachines/jdk-21.jdk/Contents/Home,javaVersion=21,javaVendor=Oracle Corporation,daemonRegistryDir=/Users/alexworden/.gradle/daemon,pid=33905,idleTimeout=10800000,priority=NORMAL,applyInstrumentationAgent=true,nativeServicesMode=ENABLED,daemonOpts=-Dfile.encoding=UTF-8,-Duser.country=US,-Duser.language=en,-Duser.variant]} however its context does not match the desired criteria.
At least one daemon option is different.
Wanted: DaemonRequestContext{jvmCriteria=/Library/Java/JavaVirtualMachines/jdk-21.jdk/Contents/Home (no JDK specified, using current Java home), daemonOpts=[-XX:MaxMetaspaceSize=384m, -XX:+HeapDumpOnOutOfMemoryError, -Xms256m, -Xmx512m, -Dfile.encoding=UTF-8, -Duser.country=US, -Duser.language=en, -Duser.variant], applyInstrumentationAgent=true, nativeServicesMode=ENABLED, priority=NORMAL}
Actual: DefaultDaemonContext[uid=c6023c0b-d7b6-4b05-b337-aa5c875d01a0,javaHome=/Library/Java/JavaVirtualMachines/jdk-21.jdk/Contents/Home,javaVersion=21,javaVendor=Oracle Corporation,daemonRegistryDir=/Users/alexworden/.gradle/daemon,pid=33905,idleTimeout=10800000,priority=NORMAL,applyInstrumentationAgent=true,nativeServicesMode=ENABLED,daemonOpts=-Dfile.encoding=UTF-8,-Duser.country=US,-Duser.language=en,-Duser.variant]

  Looking for a different daemon...
The client will now receive all logging from the daemon (pid: 38865). The daemon log file: /Users/alexworden/.gradle/daemon/8.13/daemon-38865.out.log
Starting 9th build in daemon [uptime: 13 mins 47.606 secs, performance: 100%, GC rate: 0.00/s, heap usage: 2% of 512 MiB, non-heap usage: 20% of 384 MiB]
Using 10 worker leases.
Now considering [/Users/alexworden/dev/heart-rate/backend] as hierarchies to watch
Watching the file system is configured to be enabled if available
File system watching is active
Starting Build
Settings evaluated using settings file '/Users/alexworden/dev/heart-rate/backend/settings.gradle'.
Projects loaded. Root project using build file '/Users/alexworden/dev/heart-rate/backend/build.gradle'.
Included projects: [root project 'backend']

> Configure project :
Evaluating root project 'backend' using build file '/Users/alexworden/dev/heart-rate/backend/build.gradle'.
Resolved plugin [id: 'java']
Resolved plugin [id: 'org.springframework.boot', version: '3.2.3']
Resolved plugin [id: 'io.spring.dependency-management', version: '1.1.4']
Resolved plugin [id: 'application']
Applying dependency management to configuration 'annotationProcessor' in project 'backend'
Applying dependency management to configuration 'apiElements' in project 'backend'
Applying dependency management to configuration 'archives' in project 'backend'
Applying dependency management to configuration 'bootArchives' in project 'backend'
Applying dependency management to configuration 'compileClasspath' in project 'backend'
Applying dependency management to configuration 'compileOnly' in project 'backend'
Applying dependency management to configuration 'default' in project 'backend'
Applying dependency management to configuration 'developmentOnly' in project 'backend'
Applying dependency management to configuration 'implementation' in project 'backend'
Applying dependency management to configuration 'mainSourceElements' in project 'backend'
Applying dependency management to configuration 'productionRuntimeClasspath' in project 'backend'
Applying dependency management to configuration 'runtimeClasspath' in project 'backend'
Applying dependency management to configuration 'runtimeElements' in project 'backend'
Applying dependency management to configuration 'runtimeOnly' in project 'backend'
Applying dependency management to configuration 'testAndDevelopmentOnly' in project 'backend'
Applying dependency management to configuration 'testAnnotationProcessor' in project 'backend'
Applying dependency management to configuration 'testCompileClasspath' in project 'backend'
Applying dependency management to configuration 'testCompileOnly' in project 'backend'
Applying dependency management to configuration 'testImplementation' in project 'backend'
Applying dependency management to configuration 'testResultsElementsForTest' in project 'backend'
Applying dependency management to configuration 'testRuntimeClasspath' in project 'backend'
Applying dependency management to configuration 'testRuntimeOnly' in project 'backend'
All projects evaluated.
Task name matched 'test'
Selected primary task 'test' from project :
Tasks to be executed: [task ':compileJava', task ':processResources', task ':classes', task ':compileTestJava', task ':processTestResources', task ':testClasses', task ':test']
Tasks that were excluded: []
Resolve mutations for :compileJava (Thread[#1259,Execution worker,5,main]) started.
:compileJava (Thread[#1259,Execution worker,5,main]) started.

> Task :compileJava UP-TO-DATE
Resolving global dependency management for project 'backend'
Excluding []
Excluding []
Custom actions are attached to task ':compileJava'.
Caching disabled for task ':compileJava' because:
  Build cache is disabled
Skipping task ':compileJava' as it is up-to-date.
Resolve mutations for :processResources (Thread[#1259,Execution worker,5,main]) started.
:processResources (Thread[#1259,Execution worker,5,main]) started.

> Task :processResources UP-TO-DATE
Caching disabled for task ':processResources' because:
  Build cache is disabled
  Not worth caching
Skipping task ':processResources' as it is up-to-date.
Resolve mutations for :classes (Thread[#1259,Execution worker,5,main]) started.
:classes (Thread[#1259,Execution worker,5,main]) started.

> Task :classes UP-TO-DATE
Skipping task ':classes' as it has no actions.
Resolve mutations for :compileTestJava (Thread[#1259,Execution worker,5,main]) started.
:compileTestJava (Thread[#1259,Execution worker,5,main]) started.

> Task :compileTestJava UP-TO-DATE
Excluding []
Excluding []
Custom actions are attached to task ':compileTestJava'.
Caching disabled for task ':compileTestJava' because:
  Build cache is disabled
Skipping task ':compileTestJava' as it is up-to-date.
Resolve mutations for :processTestResources (Thread[#1259,Execution worker,5,main]) started.
:processTestResources (Thread[#1259,Execution worker,5,main]) started.

> Task :processTestResources UP-TO-DATE
Caching disabled for task ':processTestResources' because:
  Build cache is disabled
  Not worth caching
Skipping task ':processTestResources' as it is up-to-date.
Resolve mutations for :testClasses (Thread[#1259,Execution worker,5,main]) started.
:testClasses (Thread[#1259,Execution worker,5,main]) started.

> Task :testClasses UP-TO-DATE
Skipping task ':testClasses' as it has no actions.
Resolve mutations for :test (Thread[#1259,Execution worker,5,main]) started.
:test (Thread[#1259,Execution worker,5,main]) started.
Gradle Test Executor 9 started executing tests.

> Task :test
Excluding []
Caching disabled for task ':test' because:
  Build cache is disabled
Task ':test' is not up-to-date because:
  Task has failed previously.
Starting process 'Gradle Test Executor 9'. Working directory: /Users/alexworden/dev/heart-rate/backend Command: /Library/Java/JavaVirtualMachines/jdk-21.jdk/Contents/Home/bin/java -Dorg.gradle.internal.worker.tmpdir=/Users/alexworden/dev/heart-rate/backend/build/tmp/test/work @/Users/alexworden/.gradle/.tmp/gradle-worker-classpath16266935634391876333txt -Xmx512m -Dfile.encoding=UTF-8 -Duser.country=US -Duser.language=en -Duser.variant -ea worker.org.gradle.process.internal.worker.GradleWorkerMain 'Gradle Test Executor 9'
Successfully started process 'Gradle Test Executor 9'

AuthenticationControllerTest STANDARD_OUT
    08:34:42.677 [Test worker] INFO org.springframework.test.context.support.AnnotationConfigContextLoaderUtils -- Could not detect default configuration classes for test class [com.heartrate.controller.v1.AuthenticationControllerTest]: AuthenticationControllerTest does not declare any static, non-private, non-final, nested classes annotated with @Configuration.
    08:34:42.749 [Test worker] INFO org.springframework.boot.test.context.SpringBootTestContextBootstrapper -- Found @SpringBootConfiguration com.heartrate.BackendApplication for test class com.heartrate.controller.v1.AuthenticationControllerTest

      .   ____          _            __ _ _
     /\\ / ___'_ __ _ _(_)_ __  __ _ \ \ \ \
    ( ( )\___ | '_ | '_| | '_ \/ _` | \ \ \ \
     \\/  ___)| |_)| | | | | || (_| |  ) ) ) )
      '  |____| .__|_| |_|_| |_\__, | / / / /
     =========|_|==============|___/=/_/_/_/
     :: Spring Boot ::                (v3.2.3)

    2025-04-06T08:34:42.980-07:00  INFO 44469 --- [    Test worker] c.h.c.v1.AuthenticationControllerTest    : Starting AuthenticationControllerTest using Java 21.0.2 with PID 44469 (started by alexworden in /Users/alexworden/dev/heart-rate/backend)
    2025-04-06T08:34:42.980-07:00 DEBUG 44469 --- [    Test worker] c.h.c.v1.AuthenticationControllerTest    : Running with Spring Boot v3.2.3, Spring v6.1.4
    2025-04-06T08:34:42.980-07:00  INFO 44469 --- [    Test worker] c.h.c.v1.AuthenticationControllerTest    : The following 1 profile is active: "test"
    2025-04-06T08:34:43.343-07:00  INFO 44469 --- [    Test worker] .s.d.r.c.RepositoryConfigurationDelegate : Bootstrapping Spring Data JPA repositories in DEFAULT mode.
    2025-04-06T08:34:43.376-07:00  INFO 44469 --- [    Test worker] .s.d.r.c.RepositoryConfigurationDelegate : Finished Spring Data repository scanning in 28 ms. Found 3 JPA repository interfaces.
    2025-04-06T08:34:43.639-07:00  INFO 44469 --- [    Test worker] o.hibernate.jpa.internal.util.LogHelper  : HHH000204: Processing PersistenceUnitInfo [name: default]
    2025-04-06T08:34:43.677-07:00  INFO 44469 --- [    Test worker] org.hibernate.Version                    : HHH000412: Hibernate ORM core version 6.4.4.Final
    2025-04-06T08:34:43.694-07:00  INFO 44469 --- [    Test worker] o.h.c.internal.RegionFactoryInitiator    : HHH000026: Second-level cache disabled
    2025-04-06T08:34:43.813-07:00  INFO 44469 --- [    Test worker] o.s.o.j.p.SpringPersistenceUnitInfo      : No LoadTimeWeaver setup: ignoring JPA class transformer
    2025-04-06T08:34:43.828-07:00  INFO 44469 --- [    Test worker] com.zaxxer.hikari.HikariDataSource       : HikariPool-1 - Starting...
    2025-04-06T08:34:43.924-07:00  INFO 44469 --- [    Test worker] com.zaxxer.hikari.pool.HikariPool        : HikariPool-1 - Added connection conn0: url=jdbc:h2:mem:testdb user=SA
    2025-04-06T08:34:43.925-07:00  INFO 44469 --- [    Test worker] com.zaxxer.hikari.HikariDataSource       : HikariPool-1 - Start completed.
    2025-04-06T08:34:43.941-07:00  WARN 44469 --- [    Test worker] org.hibernate.orm.deprecation            : HHH90000025: H2Dialect does not need to be specified explicitly using 'hibernate.dialect' (remove the property setting and it will be selected by default)
    2025-04-06T08:34:44.397-07:00  INFO 44469 --- [    Test worker] o.h.e.t.j.p.i.JtaPlatformInitiator       : HHH000489: No JTA platform available (set 'hibernate.transaction.jta.platform' to enable JTA platform integration)
    2025-04-06T08:34:44.404-07:00 DEBUG 44469 --- [    Test worker] org.hibernate.SQL                        : 
        drop table if exists "login_attempts" cascade 
    Hibernate: 
        drop table if exists "login_attempts" cascade 
    2025-04-06T08:34:44.406-07:00 DEBUG 44469 --- [    Test worker] org.hibernate.SQL                        : 
        drop table if exists "users" cascade 
    Hibernate: 
        drop table if exists "users" cascade 
    2025-04-06T08:34:44.406-07:00 DEBUG 44469 --- [    Test worker] org.hibernate.SQL                        : 
        drop table if exists "verification_tokens" cascade 
    Hibernate: 
        drop table if exists "verification_tokens" cascade 
    2025-04-06T08:34:44.409-07:00 DEBUG 44469 --- [    Test worker] org.hibernate.SQL                        : 
        create table "login_attempts" (
            "attempt_time" timestamp(6),
            "id" "uuid" not null,
            "ip_address" varchar(45),
            "email" varchar(255),
            primary key ("id")
        )
    Hibernate: 
        create table "login_attempts" (
            "attempt_time" timestamp(6),
            "id" "uuid" not null,
            "ip_address" varchar(45),
            "email" varchar(255),
            primary key ("id")
        )
    2025-04-06T08:34:44.411-07:00  WARN 44469 --- [    Test worker] o.h.t.s.i.ExceptionHandlerLoggedImpl     : GenerationTarget encountered exception accepting command : Error executing DDL "
        create table "login_attempts" (
            "attempt_time" timestamp(6),
            "id" "uuid" not null,
            "ip_address" varchar(45),
            "email" varchar(255),
            primary key ("id")
        )" via JDBC [Domain "uuid" not found;]

    org.hibernate.tool.schema.spi.CommandAcceptanceException: Error executing DDL "
        create table "login_attempts" (
            "attempt_time" timestamp(6),
            "id" "uuid" not null,
            "ip_address" varchar(45),
            "email" varchar(255),
            primary key ("id")
        )" via JDBC [Domain "uuid" not found;]
    	at org.hibernate.tool.schema.internal.exec.GenerationTargetToDatabase.accept(GenerationTargetToDatabase.java:94) ~[hibernate-core-6.4.4.Final.jar:6.4.4.Final]
    	at org.hibernate.tool.schema.internal.Helper.applySqlString(Helper.java:233) ~[hibernate-core-6.4.4.Final.jar:6.4.4.Final]
    	at org.hibernate.tool.schema.internal.Helper.applySqlStrings(Helper.java:217) ~[hibernate-core-6.4.4.Final.jar:6.4.4.Final]
    	at org.hibernate.tool.schema.internal.SchemaCreatorImpl.createTables(SchemaCreatorImpl.java:420) ~[hibernate-core-6.4.4.Final.jar:6.4.4.Final]
    	at org.hibernate.tool.schema.internal.SchemaCreatorImpl.createSequencesTablesConstraints(SchemaCreatorImpl.java:340) ~[hibernate-core-6.4.4.Final.jar:6.4.4.Final]
    	at org.hibernate.tool.schema.internal.SchemaCreatorImpl.createFromMetadata(SchemaCreatorImpl.java:239) ~[hibernate-core-6.4.4.Final.jar:6.4.4.Final]
    	at org.hibernate.tool.schema.internal.SchemaCreatorImpl.performCreation(SchemaCreatorImpl.java:172) ~[hibernate-core-6.4.4.Final.jar:6.4.4.Final]
    	at org.hibernate.tool.schema.internal.SchemaCreatorImpl.doCreation(SchemaCreatorImpl.java:142) ~[hibernate-core-6.4.4.Final.jar:6.4.4.Final]
    	at org.hibernate.tool.schema.internal.SchemaCreatorImpl.doCreation(SchemaCreatorImpl.java:118) ~[hibernate-core-6.4.4.Final.jar:6.4.4.Final]
    	at org.hibernate.tool.schema.spi.SchemaManagementToolCoordinator.performDatabaseAction(SchemaManagementToolCoordinator.java:256) ~[hibernate-core-6.4.4.Final.jar:6.4.4.Final]
    	at org.hibernate.tool.schema.spi.SchemaManagementToolCoordinator.lambda$process$5(SchemaManagementToolCoordinator.java:145) ~[hibernate-core-6.4.4.Final.jar:6.4.4.Final]
    	at java.base/java.util.HashMap.forEach(HashMap.java:1429) ~[na:na]
    	at org.hibernate.tool.schema.spi.SchemaManagementToolCoordinator.process(SchemaManagementToolCoordinator.java:142) ~[hibernate-core-6.4.4.Final.jar:6.4.4.Final]
    	at org.hibernate.boot.internal.SessionFactoryObserverForSchemaExport.sessionFactoryCreated(SessionFactoryObserverForSchemaExport.java:37) ~[hibernate-core-6.4.4.Final.jar:6.4.4.Final]
    	at org.hibernate.internal.SessionFactoryObserverChain.sessionFactoryCreated(SessionFactoryObserverChain.java:35) ~[hibernate-core-6.4.4.Final.jar:6.4.4.Final]
    	at org.hibernate.internal.SessionFactoryImpl.<init>(SessionFactoryImpl.java:315) ~[hibernate-core-6.4.4.Final.jar:6.4.4.Final]
    	at org.hibernate.boot.internal.SessionFactoryBuilderImpl.build(SessionFactoryBuilderImpl.java:450) ~[hibernate-core-6.4.4.Final.jar:6.4.4.Final]
    	at org.hibernate.jpa.boot.internal.EntityManagerFactoryBuilderImpl.build(EntityManagerFactoryBuilderImpl.java:1507) ~[hibernate-core-6.4.4.Final.jar:6.4.4.Final]
    	at org.springframework.orm.jpa.vendor.SpringHibernateJpaPersistenceProvider.createContainerEntityManagerFactory(SpringHibernateJpaPersistenceProvider.java:75) ~[spring-orm-6.1.4.jar:6.1.4]
    	at org.springframework.orm.jpa.LocalContainerEntityManagerFactoryBean.createNativeEntityManagerFactory(LocalContainerEntityManagerFactoryBean.java:388) ~[spring-orm-6.1.4.jar:6.1.4]
    	at org.springframework.orm.jpa.AbstractEntityManagerFactoryBean.buildNativeEntityManagerFactory(AbstractEntityManagerFactoryBean.java:409) ~[spring-orm-6.1.4.jar:6.1.4]
    	at org.springframework.orm.jpa.AbstractEntityManagerFactoryBean.afterPropertiesSet(AbstractEntityManagerFactoryBean.java:396) ~[spring-orm-6.1.4.jar:6.1.4]
    	at org.springframework.orm.jpa.LocalContainerEntityManagerFactoryBean.afterPropertiesSet(LocalContainerEntityManagerFactoryBean.java:364) ~[spring-orm-6.1.4.jar:6.1.4]
    	at org.springframework.beans.factory.support.AbstractAutowireCapableBeanFactory.invokeInitMethods(AbstractAutowireCapableBeanFactory.java:1833) ~[spring-beans-6.1.4.jar:6.1.4]
    	at org.springframework.beans.factory.support.AbstractAutowireCapableBeanFactory.initializeBean(AbstractAutowireCapableBeanFactory.java:1782) ~[spring-beans-6.1.4.jar:6.1.4]
    	at org.springframework.beans.factory.support.AbstractAutowireCapableBeanFactory.doCreateBean(AbstractAutowireCapableBeanFactory.java:600) ~[spring-beans-6.1.4.jar:6.1.4]
    	at org.springframework.beans.factory.support.AbstractAutowireCapableBeanFactory.createBean(AbstractAutowireCapableBeanFactory.java:522) ~[spring-beans-6.1.4.jar:6.1.4]
    	at org.springframework.beans.factory.support.AbstractBeanFactory.lambda$doGetBean$0(AbstractBeanFactory.java:325) ~[spring-beans-6.1.4.jar:6.1.4]
    	at org.springframework.beans.factory.support.DefaultSingletonBeanRegistry.getSingleton(DefaultSingletonBeanRegistry.java:234) ~[spring-beans-6.1.4.jar:6.1.4]
    	at org.springframework.beans.factory.support.AbstractBeanFactory.doGetBean(AbstractBeanFactory.java:323) ~[spring-beans-6.1.4.jar:6.1.4]
    	at org.springframework.beans.factory.support.AbstractBeanFactory.getBean(AbstractBeanFactory.java:199) ~[spring-beans-6.1.4.jar:6.1.4]
    	at org.springframework.context.support.AbstractApplicationContext.getBean(AbstractApplicationContext.java:1231) ~[spring-context-6.1.4.jar:6.1.4]
    	at org.springframework.context.support.AbstractApplicationContext.finishBeanFactoryInitialization(AbstractApplicationContext.java:949) ~[spring-context-6.1.4.jar:6.1.4]
    	at org.springframework.context.support.AbstractApplicationContext.refresh(AbstractApplicationContext.java:624) ~[spring-context-6.1.4.jar:6.1.4]
    	at org.springframework.boot.SpringApplication.refresh(SpringApplication.java:754) ~[spring-boot-3.2.3.jar:3.2.3]
    	at org.springframework.boot.SpringApplication.refreshContext(SpringApplication.java:456) ~[spring-boot-3.2.3.jar:3.2.3]
    	at org.springframework.boot.SpringApplication.run(SpringApplication.java:334) ~[spring-boot-3.2.3.jar:3.2.3]
    	at org.springframework.boot.test.context.SpringBootContextLoader.lambda$loadContext$3(SpringBootContextLoader.java:137) ~[spring-boot-test-3.2.3.jar:3.2.3]
    	at org.springframework.util.function.ThrowingSupplier.get(ThrowingSupplier.java:58) ~[spring-core-6.1.4.jar:6.1.4]
    	at org.springframework.util.function.ThrowingSupplier.get(ThrowingSupplier.java:46) ~[spring-core-6.1.4.jar:6.1.4]
    	at org.springframework.boot.SpringApplication.withHook(SpringApplication.java:1454) ~[spring-boot-3.2.3.jar:3.2.3]
    	at org.springframework.boot.test.context.SpringBootContextLoader$ContextLoaderHook.run(SpringBootContextLoader.java:553) ~[spring-boot-test-3.2.3.jar:3.2.3]
    	at org.springframework.boot.test.context.SpringBootContextLoader.loadContext(SpringBootContextLoader.java:137) ~[spring-boot-test-3.2.3.jar:3.2.3]
    	at org.springframework.boot.test.context.SpringBootContextLoader.loadContext(SpringBootContextLoader.java:108) ~[spring-boot-test-3.2.3.jar:3.2.3]
    	at org.springframework.test.context.cache.DefaultCacheAwareContextLoaderDelegate.loadContextInternal(DefaultCacheAwareContextLoaderDelegate.java:225) ~[spring-test-6.1.4.jar:6.1.4]
    	at org.springframework.test.context.cache.DefaultCacheAwareContextLoaderDelegate.loadContext(DefaultCacheAwareContextLoaderDelegate.java:152) ~[spring-test-6.1.4.jar:6.1.4]
    	at org.springframework.test.context.support.DefaultTestContext.getApplicationContext(DefaultTestContext.java:130) ~[spring-test-6.1.4.jar:6.1.4]
    	at org.springframework.test.context.web.ServletTestExecutionListener.setUpRequestContextIfNecessary(ServletTestExecutionListener.java:191) ~[spring-test-6.1.4.jar:6.1.4]
    	at org.springframework.test.context.web.ServletTestExecutionListener.prepareTestInstance(ServletTestExecutionListener.java:130) ~[spring-test-6.1.4.jar:6.1.4]
    	at org.springframework.test.context.TestContextManager.prepareTestInstance(TestContextManager.java:260) ~[spring-test-6.1.4.jar:6.1.4]
    	at org.springframework.test.context.junit.jupiter.SpringExtension.postProcessTestInstance(SpringExtension.java:163) ~[spring-test-6.1.4.jar:6.1.4]
    	at org.junit.jupiter.engine.descriptor.ClassBasedTestDescriptor.lambda$invokeTestInstancePostProcessors$10(ClassBasedTestDescriptor.java:378) ~[junit-jupiter-engine-5.10.2.jar:5.10.2]
    	at org.junit.jupiter.engine.descriptor.ClassBasedTestDescriptor.executeAndMaskThrowable(ClassBasedTestDescriptor.java:383) ~[junit-jupiter-engine-5.10.2.jar:5.10.2]
    	at org.junit.jupiter.engine.descriptor.ClassBasedTestDescriptor.lambda$invokeTestInstancePostProcessors$11(ClassBasedTestDescriptor.java:378) ~[junit-jupiter-engine-5.10.2.jar:5.10.2]
    	at java.base/java.util.stream.ReferencePipeline$3$1.accept(ReferencePipeline.java:197) ~[na:na]
    	at java.base/java.util.stream.ReferencePipeline$2$1.accept(ReferencePipeline.java:179) ~[na:na]
    	at java.base/java.util.ArrayList$ArrayListSpliterator.forEachRemaining(ArrayList.java:1708) ~[na:na]
    	at java.base/java.util.stream.AbstractPipeline.copyInto(AbstractPipeline.java:509) ~[na:na]
    	at java.base/java.util.stream.AbstractPipeline.wrapAndCopyInto(AbstractPipeline.java:499) ~[na:na]
    	at java.base/java.util.stream.StreamSpliterators$WrappingSpliterator.forEachRemaining(StreamSpliterators.java:310) ~[na:na]
    	at java.base/java.util.stream.Streams$ConcatSpliterator.forEachRemaining(Streams.java:735) ~[na:na]
    	at java.base/java.util.stream.Streams$ConcatSpliterator.forEachRemaining(Streams.java:734) ~[na:na]
    	at java.base/java.util.stream.ReferencePipeline$Head.forEach(ReferencePipeline.java:762) ~[na:na]
    	at org.junit.jupiter.engine.descriptor.ClassBasedTestDescriptor.invokeTestInstancePostProcessors(ClassBasedTestDescriptor.java:377) ~[junit-jupiter-engine-5.10.2.jar:5.10.2]
    	at org.junit.jupiter.engine.descriptor.ClassBasedTestDescriptor.lambda$instantiateAndPostProcessTestInstance$6(ClassBasedTestDescriptor.java:290) ~[junit-jupiter-engine-5.10.2.jar:5.10.2]
    	at org.junit.platform.engine.support.hierarchical.ThrowableCollector.execute(ThrowableCollector.java:73) ~[junit-platform-engine-1.10.2.jar:1.10.2]
    	at org.junit.jupiter.engine.descriptor.ClassBasedTestDescriptor.instantiateAndPostProcessTestInstance(ClassBasedTestDescriptor.java:289) ~[junit-jupiter-engine-5.10.2.jar:5.10.2]
    	at org.junit.jupiter.engine.descriptor.ClassBasedTestDescriptor.lambda$testInstancesProvider$4(ClassBasedTestDescriptor.java:279) ~[junit-jupiter-engine-5.10.2.jar:5.10.2]
    	at java.base/java.util.Optional.orElseGet(Optional.java:364) ~[na:na]
    	at org.junit.jupiter.engine.descriptor.ClassBasedTestDescriptor.lambda$testInstancesProvider$5(ClassBasedTestDescriptor.java:278) ~[junit-jupiter-engine-5.10.2.jar:5.10.2]
    	at org.junit.jupiter.engine.execution.TestInstancesProvider.getTestInstances(TestInstancesProvider.java:31) ~[junit-jupiter-engine-5.10.2.jar:5.10.2]
    	at org.junit.jupiter.engine.descriptor.TestMethodTestDescriptor.lambda$prepare$0(TestMethodTestDescriptor.java:106) ~[junit-jupiter-engine-5.10.2.jar:5.10.2]
    	at org.junit.platform.engine.support.hierarchical.ThrowableCollector.execute(ThrowableCollector.java:73) ~[junit-platform-engine-1.10.2.jar:1.10.2]
    	at org.junit.jupiter.engine.descriptor.TestMethodTestDescriptor.prepare(TestMethodTestDescriptor.java:105) ~[junit-jupiter-engine-5.10.2.jar:5.10.2]
    	at org.junit.jupiter.engine.descriptor.TestMethodTestDescriptor.prepare(TestMethodTestDescriptor.java:69) ~[junit-jupiter-engine-5.10.2.jar:5.10.2]
    	at org.junit.platform.engine.support.hierarchical.NodeTestTask.lambda$prepare$2(NodeTestTask.java:123) ~[junit-platform-engine-1.10.2.jar:1.10.2]
    	at org.junit.platform.engine.support.hierarchical.ThrowableCollector.execute(ThrowableCollector.java:73) ~[junit-platform-engine-1.10.2.jar:1.10.2]
    	at org.junit.platform.engine.support.hierarchical.NodeTestTask.prepare(NodeTestTask.java:123) ~[junit-platform-engine-1.10.2.jar:1.10.2]
    	at org.junit.platform.engine.support.hierarchical.NodeTestTask.execute(NodeTestTask.java:90) ~[junit-platform-engine-1.10.2.jar:1.10.2]
    	at java.base/java.util.ArrayList.forEach(ArrayList.java:1596) ~[na:na]
    	at org.junit.platform.engine.support.hierarchical.SameThreadHierarchicalTestExecutorService.invokeAll(SameThreadHierarchicalTestExecutorService.java:41) ~[junit-platform-engine-1.10.2.jar:1.10.2]
    	at org.junit.platform.engine.support.hierarchical.NodeTestTask.lambda$executeRecursively$6(NodeTestTask.java:155) ~[junit-platform-engine-1.10.2.jar:1.10.2]
    	at org.junit.platform.engine.support.hierarchical.ThrowableCollector.execute(ThrowableCollector.java:73) ~[junit-platform-engine-1.10.2.jar:1.10.2]
    	at org.junit.platform.engine.support.hierarchical.NodeTestTask.lambda$executeRecursively$8(NodeTestTask.java:141) ~[junit-platform-engine-1.10.2.jar:1.10.2]
    	at org.junit.platform.engine.support.hierarchical.Node.around(Node.java:137) ~[junit-platform-engine-1.10.2.jar:1.10.2]
    	at org.junit.platform.engine.support.hierarchical.NodeTestTask.lambda$executeRecursively$9(NodeTestTask.java:139) ~[junit-platform-engine-1.10.2.jar:1.10.2]
    	at org.junit.platform.engine.support.hierarchical.ThrowableCollector.execute(ThrowableCollector.java:73) ~[junit-platform-engine-1.10.2.jar:1.10.2]
    	at org.junit.platform.engine.support.hierarchical.NodeTestTask.executeRecursively(NodeTestTask.java:138) ~[junit-platform-engine-1.10.2.jar:1.10.2]
    	at org.junit.platform.engine.support.hierarchical.NodeTestTask.execute(NodeTestTask.java:95) ~[junit-platform-engine-1.10.2.jar:1.10.2]
    	at java.base/java.util.ArrayList.forEach(ArrayList.java:1596) ~[na:na]
    	at org.junit.platform.engine.support.hierarchical.SameThreadHierarchicalTestExecutorService.invokeAll(SameThreadHierarchicalTestExecutorService.java:41) ~[junit-platform-engine-1.10.2.jar:1.10.2]
    	at org.junit.platform.engine.support.hierarchical.NodeTestTask.lambda$executeRecursively$6(NodeTestTask.java:155) ~[junit-platform-engine-1.10.2.jar:1.10.2]
    	at org.junit.platform.engine.support.hierarchical.ThrowableCollector.execute(ThrowableCollector.java:73) ~[junit-platform-engine-1.10.2.jar:1.10.2]
    	at org.junit.platform.engine.support.hierarchical.NodeTestTask.lambda$executeRecursively$8(NodeTestTask.java:141) ~[junit-platform-engine-1.10.2.jar:1.10.2]
    	at org.junit.platform.engine.support.hierarchical.Node.around(Node.java:137) ~[junit-platform-engine-1.10.2.jar:1.10.2]
    	at org.junit.platform.engine.support.hierarchical.NodeTestTask.lambda$executeRecursively$9(NodeTestTask.java:139) ~[junit-platform-engine-1.10.2.jar:1.10.2]
    	at org.junit.platform.engine.support.hierarchical.ThrowableCollector.execute(ThrowableCollector.java:73) ~[junit-platform-engine-1.10.2.jar:1.10.2]
    	at org.junit.platform.engine.support.hierarchical.NodeTestTask.executeRecursively(NodeTestTask.java:138) ~[junit-platform-engine-1.10.2.jar:1.10.2]
    	at org.junit.platform.engine.support.hierarchical.NodeTestTask.execute(NodeTestTask.java:95) ~[junit-platform-engine-1.10.2.jar:1.10.2]
    	at org.junit.platform.engine.support.hierarchical.SameThreadHierarchicalTestExecutorService.submit(SameThreadHierarchicalTestExecutorService.java:35) ~[junit-platform-engine-1.10.2.jar:1.10.2]
    	at org.junit.platform.engine.support.hierarchical.HierarchicalTestExecutor.execute(HierarchicalTestExecutor.java:57) ~[junit-platform-engine-1.10.2.jar:1.10.2]
    	at org.junit.platform.engine.support.hierarchical.HierarchicalTestEngine.execute(HierarchicalTestEngine.java:54) ~[junit-platform-engine-1.10.2.jar:1.10.2]
    	at org.junit.platform.launcher.core.EngineExecutionOrchestrator.execute(EngineExecutionOrchestrator.java:107) ~[junit-platform-launcher-1.8.2.jar:1.8.2]
    	at org.junit.platform.launcher.core.EngineExecutionOrchestrator.execute(EngineExecutionOrchestrator.java:88) ~[junit-platform-launcher-1.8.2.jar:1.8.2]
    	at org.junit.platform.launcher.core.EngineExecutionOrchestrator.lambda$execute$0(EngineExecutionOrchestrator.java:54) ~[junit-platform-launcher-1.8.2.jar:1.8.2]
    	at org.junit.platform.launcher.core.EngineExecutionOrchestrator.withInterceptedStreams(EngineExecutionOrchestrator.java:67) ~[junit-platform-launcher-1.8.2.jar:1.8.2]
    	at org.junit.platform.launcher.core.EngineExecutionOrchestrator.execute(EngineExecutionOrchestrator.java:52) ~[junit-platform-launcher-1.8.2.jar:1.8.2]
    	at org.junit.platform.launcher.core.DefaultLauncher.execute(DefaultLauncher.java:114) ~[junit-platform-launcher-1.8.2.jar:1.8.2]
    	at org.junit.platform.launcher.core.DefaultLauncher.execute(DefaultLauncher.java:86) ~[junit-platform-launcher-1.8.2.jar:1.8.2]
    	at org.junit.platform.launcher.core.DefaultLauncherSession$DelegatingLauncher.execute(DefaultLauncherSession.java:86) ~[junit-platform-launcher-1.8.2.jar:1.8.2]
    	at org.gradle.api.internal.tasks.testing.junitplatform.JUnitPlatformTestClassProcessor$CollectAllTestClassesExecutor.processAllTestClasses(JUnitPlatformTestClassProcessor.java:124) ~[na:na]
    	at org.gradle.api.internal.tasks.testing.junitplatform.JUnitPlatformTestClassProcessor$CollectAllTestClassesExecutor.access$000(JUnitPlatformTestClassProcessor.java:99) ~[na:na]
    	at org.gradle.api.internal.tasks.testing.junitplatform.JUnitPlatformTestClassProcessor.stop(JUnitPlatformTestClassProcessor.java:94) ~[na:na]
    	at org.gradle.api.internal.tasks.testing.SuiteTestClassProcessor.stop(SuiteTestClassProcessor.java:63) ~[na:na]
    	at java.base/jdk.internal.reflect.DirectMethodHandleAccessor.invoke(DirectMethodHandleAccessor.java:103) ~[na:na]
    	at java.base/java.lang.reflect.Method.invoke(Method.java:580) ~[na:na]
    	at org.gradle.internal.dispatch.ReflectionDispatch.dispatch(ReflectionDispatch.java:36) ~[na:na]
    	at org.gradle.internal.dispatch.ReflectionDispatch.dispatch(ReflectionDispatch.java:24) ~[na:na]
    	at org.gradle.internal.dispatch.ContextClassLoaderDispatch.dispatch(ContextClassLoaderDispatch.java:33) ~[na:na]
    	at org.gradle.internal.dispatch.ProxyDispatchAdapter$DispatchingInvocationHandler.invoke(ProxyDispatchAdapter.java:92) ~[na:na]
    	at jdk.proxy1/jdk.proxy1.$Proxy4.stop(Unknown Source) ~[na:na]
    	at org.gradle.api.internal.tasks.testing.worker.TestWorker$3.run(TestWorker.java:200) ~[na:na]
    	at org.gradle.api.internal.tasks.testing.worker.TestWorker.executeAndMaintainThreadName(TestWorker.java:132) ~[na:na]
    	at org.gradle.api.internal.tasks.testing.worker.TestWorker.execute(TestWorker.java:103) ~[na:na]
    	at org.gradle.api.internal.tasks.testing.worker.TestWorker.execute(TestWorker.java:63) ~[na:na]
    	at org.gradle.process.internal.worker.child.ActionExecutionWorker.execute(ActionExecutionWorker.java:56) ~[na:na]
    	at org.gradle.process.internal.worker.child.SystemApplicationClassLoaderWorker.call(SystemApplicationClassLoaderWorker.java:121) ~[na:na]
    	at org.gradle.process.internal.worker.child.SystemApplicationClassLoaderWorker.call(SystemApplicationClassLoaderWorker.java:71) ~[na:na]
    	at worker.org.gradle.process.internal.worker.GradleWorkerMain.run(GradleWorkerMain.java:69) ~[gradle-worker.jar:na]
    	at worker.org.gradle.process.internal.worker.GradleWorkerMain.main(GradleWorkerMain.java:74) ~[gradle-worker.jar:na]
    Caused by: org.h2.jdbc.JdbcSQLSyntaxErrorException: Domain "uuid" not found; SQL statement:

        create table "login_attempts" (
            "attempt_time" timestamp(6),
            "id" "uuid" not null,
            "ip_address" varchar(45),
            "email" varchar(255),
            primary key ("id")
        ) [90120-224]
    	at org.h2.message.DbException.getJdbcSQLException(DbException.java:644) ~[h2-2.2.224.jar:2.2.224]
    	at org.h2.message.DbException.getJdbcSQLException(DbException.java:489) ~[h2-2.2.224.jar:2.2.224]
    	at org.h2.message.DbException.get(DbException.java:223) ~[h2-2.2.224.jar:2.2.224]
    	at org.h2.message.DbException.get(DbException.java:199) ~[h2-2.2.224.jar:2.2.224]
    	at org.h2.schema.Schema.getDomain(Schema.java:611) ~[h2-2.2.224.jar:2.2.224]
    	at org.h2.command.Parser.parseColumnWithType(Parser.java:5689) ~[h2-2.2.224.jar:2.2.224]
    	at org.h2.command.Parser.parseColumnForTable(Parser.java:5565) ~[h2-2.2.224.jar:2.2.224]
    	at org.h2.command.Parser.parseTableColumnDefinition(Parser.java:8999) ~[h2-2.2.224.jar:2.2.224]
    	at org.h2.command.Parser.parseCreateTable(Parser.java:8939) ~[h2-2.2.224.jar:2.2.224]
    	at org.h2.command.Parser.parseCreate(Parser.java:6404) ~[h2-2.2.224.jar:2.2.224]
    	at org.h2.command.Parser.parsePrepared(Parser.java:666) ~[h2-2.2.224.jar:2.2.224]
    	at org.h2.command.Parser.parse(Parser.java:592) ~[h2-2.2.224.jar:2.2.224]
    	at org.h2.command.Parser.parse(Parser.java:564) ~[h2-2.2.224.jar:2.2.224]
    	at org.h2.command.Parser.prepareCommand(Parser.java:483) ~[h2-2.2.224.jar:2.2.224]
    	at org.h2.engine.SessionLocal.prepareLocal(SessionLocal.java:639) ~[h2-2.2.224.jar:2.2.224]
    	at org.h2.engine.SessionLocal.prepareCommand(SessionLocal.java:559) ~[h2-2.2.224.jar:2.2.224]
    	at org.h2.jdbc.JdbcConnection.prepareCommand(JdbcConnection.java:1166) ~[h2-2.2.224.jar:2.2.224]
    	at org.h2.jdbc.JdbcStatement.executeInternal(JdbcStatement.java:245) ~[h2-2.2.224.jar:2.2.224]
    	at org.h2.jdbc.JdbcStatement.execute(JdbcStatement.java:231) ~[h2-2.2.224.jar:2.2.224]
    	at com.zaxxer.hikari.pool.ProxyStatement.execute(ProxyStatement.java:94) ~[HikariCP-5.0.1.jar:na]
    	at com.zaxxer.hikari.pool.HikariProxyStatement.execute(HikariProxyStatement.java) ~[HikariCP-5.0.1.jar:na]
    	at org.hibernate.tool.schema.internal.exec.GenerationTargetToDatabase.accept(GenerationTargetToDatabase.java:80) ~[hibernate-core-6.4.4.Final.jar:6.4.4.Final]
    	... 129 common frames omitted

    2025-04-06T08:34:44.416-07:00 DEBUG 44469 --- [    Test worker] org.hibernate.SQL                        : 
        create table "users" (
            "email_verified" boolean,
            "year_of_birth" integer,
            "created_at" timestamp(6),
            "updated_at" timestamp(6),
            "id" uuid not null,
            "display_name" varchar(255),
            "email" varchar(255),
            "first_name" varchar(255),
            "mobile_number" varchar(255),
            "password_hash" varchar(255),
            "remember_me_token" varchar(255),
            "user_address" varchar(255),
            primary key ("id")
        )
    Hibernate: 
        create table "users" (
            "email_verified" boolean,
            "year_of_birth" integer,
            "created_at" timestamp(6),
            "updated_at" timestamp(6),
            "id" uuid not null,
            "display_name" varchar(255),
            "email" varchar(255),
            "first_name" varchar(255),
            "mobile_number" varchar(255),
            "password_hash" varchar(255),
            "remember_me_token" varchar(255),
            "user_address" varchar(255),
            primary key ("id")
        )
    2025-04-06T08:34:44.420-07:00 DEBUG 44469 --- [    Test worker] org.hibernate.SQL                        : 
        create table "verification_tokens" (
            "created_at" timestamp(6),
            "expires_at" timestamp(6),
            "id" "uuid" not null,
            "user_id" "uuid",
            "type" varchar(50),
            "token" varchar(255),
            primary key ("id")
        )
    Hibernate: 
        create table "verification_tokens" (
            "created_at" timestamp(6),
            "expires_at" timestamp(6),
            "id" "uuid" not null,
            "user_id" "uuid",
            "type" varchar(50),
            "token" varchar(255),
            primary key ("id")
        )
    2025-04-06T08:34:44.420-07:00  WARN 44469 --- [    Test worker] o.h.t.s.i.ExceptionHandlerLoggedImpl     : GenerationTarget encountered exception accepting command : Error executing DDL "
        create table "verification_tokens" (
            "created_at" timestamp(6),
            "expires_at" timestamp(6),
            "id" "uuid" not null,
            "user_id" "uuid",
            "type" varchar(50),
            "token" varchar(255),
            primary key ("id")
        )" via JDBC [Domain "uuid" not found;]

    org.hibernate.tool.schema.spi.CommandAcceptanceException: Error executing DDL "
        create table "verification_tokens" (
            "created_at" timestamp(6),
            "expires_at" timestamp(6),
            "id" "uuid" not null,
            "user_id" "uuid",
            "type" varchar(50),
            "token" varchar(255),
            primary key ("id")
        )" via JDBC [Domain "uuid" not found;]
    	at org.hibernate.tool.schema.internal.exec.GenerationTargetToDatabase.accept(GenerationTargetToDatabase.java:94) ~[hibernate-core-6.4.4.Final.jar:6.4.4.Final]
    	at org.hibernate.tool.schema.internal.Helper.applySqlString(Helper.java:233) ~[hibernate-core-6.4.4.Final.jar:6.4.4.Final]
    	at org.hibernate.tool.schema.internal.Helper.applySqlStrings(Helper.java:217) ~[hibernate-core-6.4.4.Final.jar:6.4.4.Final]
    	at org.hibernate.tool.schema.internal.SchemaCreatorImpl.createTables(SchemaCreatorImpl.java:420) ~[hibernate-core-6.4.4.Final.jar:6.4.4.Final]
    	at org.hibernate.tool.schema.internal.SchemaCreatorImpl.createSequencesTablesConstraints(SchemaCreatorImpl.java:340) ~[hibernate-core-6.4.4.Final.jar:6.4.4.Final]
    	at org.hibernate.tool.schema.internal.SchemaCreatorImpl.createFromMetadata(SchemaCreatorImpl.java:239) ~[hibernate-core-6.4.4.Final.jar:6.4.4.Final]
    	at org.hibernate.tool.schema.internal.SchemaCreatorImpl.performCreation(SchemaCreatorImpl.java:172) ~[hibernate-core-6.4.4.Final.jar:6.4.4.Final]
    	at org.hibernate.tool.schema.internal.SchemaCreatorImpl.doCreation(SchemaCreatorImpl.java:142) ~[hibernate-core-6.4.4.Final.jar:6.4.4.Final]
    	at org.hibernate.tool.schema.internal.SchemaCreatorImpl.doCreation(SchemaCreatorImpl.java:118) ~[hibernate-core-6.4.4.Final.jar:6.4.4.Final]
    	at org.hibernate.tool.schema.spi.SchemaManagementToolCoordinator.performDatabaseAction(SchemaManagementToolCoordinator.java:256) ~[hibernate-core-6.4.4.Final.jar:6.4.4.Final]
    	at org.hibernate.tool.schema.spi.SchemaManagementToolCoordinator.lambda$process$5(SchemaManagementToolCoordinator.java:145) ~[hibernate-core-6.4.4.Final.jar:6.4.4.Final]
    	at java.base/java.util.HashMap.forEach(HashMap.java:1429) ~[na:na]
    	at org.hibernate.tool.schema.spi.SchemaManagementToolCoordinator.process(SchemaManagementToolCoordinator.java:142) ~[hibernate-core-6.4.4.Final.jar:6.4.4.Final]
    	at org.hibernate.boot.internal.SessionFactoryObserverForSchemaExport.sessionFactoryCreated(SessionFactoryObserverForSchemaExport.java:37) ~[hibernate-core-6.4.4.Final.jar:6.4.4.Final]
    	at org.hibernate.internal.SessionFactoryObserverChain.sessionFactoryCreated(SessionFactoryObserverChain.java:35) ~[hibernate-core-6.4.4.Final.jar:6.4.4.Final]
    	at org.hibernate.internal.SessionFactoryImpl.<init>(SessionFactoryImpl.java:315) ~[hibernate-core-6.4.4.Final.jar:6.4.4.Final]
    	at org.hibernate.boot.internal.SessionFactoryBuilderImpl.build(SessionFactoryBuilderImpl.java:450) ~[hibernate-core-6.4.4.Final.jar:6.4.4.Final]
    	at org.hibernate.jpa.boot.internal.EntityManagerFactoryBuilderImpl.build(EntityManagerFactoryBuilderImpl.java:1507) ~[hibernate-core-6.4.4.Final.jar:6.4.4.Final]
    	at org.springframework.orm.jpa.vendor.SpringHibernateJpaPersistenceProvider.createContainerEntityManagerFactory(SpringHibernateJpaPersistenceProvider.java:75) ~[spring-orm-6.1.4.jar:6.1.4]
    	at org.springframework.orm.jpa.LocalContainerEntityManagerFactoryBean.createNativeEntityManagerFactory(LocalContainerEntityManagerFactoryBean.java:388) ~[spring-orm-6.1.4.jar:6.1.4]
    	at org.springframework.orm.jpa.AbstractEntityManagerFactoryBean.buildNativeEntityManagerFactory(AbstractEntityManagerFactoryBean.java:409) ~[spring-orm-6.1.4.jar:6.1.4]
    	at org.springframework.orm.jpa.AbstractEntityManagerFactoryBean.afterPropertiesSet(AbstractEntityManagerFactoryBean.java:396) ~[spring-orm-6.1.4.jar:6.1.4]
    	at org.springframework.orm.jpa.LocalContainerEntityManagerFactoryBean.afterPropertiesSet(LocalContainerEntityManagerFactoryBean.java:364) ~[spring-orm-6.1.4.jar:6.1.4]
    	at org.springframework.beans.factory.support.AbstractAutowireCapableBeanFactory.invokeInitMethods(AbstractAutowireCapableBeanFactory.java:1833) ~[spring-beans-6.1.4.jar:6.1.4]
    	at org.springframework.beans.factory.support.AbstractAutowireCapableBeanFactory.initializeBean(AbstractAutowireCapableBeanFactory.java:1782) ~[spring-beans-6.1.4.jar:6.1.4]
    	at org.springframework.beans.factory.support.AbstractAutowireCapableBeanFactory.doCreateBean(AbstractAutowireCapableBeanFactory.java:600) ~[spring-beans-6.1.4.jar:6.1.4]
    	at org.springframework.beans.factory.support.AbstractAutowireCapableBeanFactory.createBean(AbstractAutowireCapableBeanFactory.java:522) ~[spring-beans-6.1.4.jar:6.1.4]
    	at org.springframework.beans.factory.support.AbstractBeanFactory.lambda$doGetBean$0(AbstractBeanFactory.java:325) ~[spring-beans-6.1.4.jar:6.1.4]
    	at org.springframework.beans.factory.support.DefaultSingletonBeanRegistry.getSingleton(DefaultSingletonBeanRegistry.java:234) ~[spring-beans-6.1.4.jar:6.1.4]
    	at org.springframework.beans.factory.support.AbstractBeanFactory.doGetBean(AbstractBeanFactory.java:323) ~[spring-beans-6.1.4.jar:6.1.4]
    	at org.springframework.beans.factory.support.AbstractBeanFactory.getBean(AbstractBeanFactory.java:199) ~[spring-beans-6.1.4.jar:6.1.4]
    	at org.springframework.context.support.AbstractApplicationContext.getBean(AbstractApplicationContext.java:1231) ~[spring-context-6.1.4.jar:6.1.4]
    	at org.springframework.context.support.AbstractApplicationContext.finishBeanFactoryInitialization(AbstractApplicationContext.java:949) ~[spring-context-6.1.4.jar:6.1.4]
    	at org.springframework.context.support.AbstractApplicationContext.refresh(AbstractApplicationContext.java:624) ~[spring-context-6.1.4.jar:6.1.4]
    	at org.springframework.boot.SpringApplication.refresh(SpringApplication.java:754) ~[spring-boot-3.2.3.jar:3.2.3]
    	at org.springframework.boot.SpringApplication.refreshContext(SpringApplication.java:456) ~[spring-boot-3.2.3.jar:3.2.3]
    	at org.springframework.boot.SpringApplication.run(SpringApplication.java:334) ~[spring-boot-3.2.3.jar:3.2.3]
    	at org.springframework.boot.test.context.SpringBootContextLoader.lambda$loadContext$3(SpringBootContextLoader.java:137) ~[spring-boot-test-3.2.3.jar:3.2.3]
    	at org.springframework.util.function.ThrowingSupplier.get(ThrowingSupplier.java:58) ~[spring-core-6.1.4.jar:6.1.4]
    	at org.springframework.util.function.ThrowingSupplier.get(ThrowingSupplier.java:46) ~[spring-core-6.1.4.jar:6.1.4]
    	at org.springframework.boot.SpringApplication.withHook(SpringApplication.java:1454) ~[spring-boot-3.2.3.jar:3.2.3]
    	at org.springframework.boot.test.context.SpringBootContextLoader$ContextLoaderHook.run(SpringBootContextLoader.java:553) ~[spring-boot-test-3.2.3.jar:3.2.3]
    	at org.springframework.boot.test.context.SpringBootContextLoader.loadContext(SpringBootContextLoader.java:137) ~[spring-boot-test-3.2.3.jar:3.2.3]
    	at org.springframework.boot.test.context.SpringBootContextLoader.loadContext(SpringBootContextLoader.java:108) ~[spring-boot-test-3.2.3.jar:3.2.3]
    	at org.springframework.test.context.cache.DefaultCacheAwareContextLoaderDelegate.loadContextInternal(DefaultCacheAwareContextLoaderDelegate.java:225) ~[spring-test-6.1.4.jar:6.1.4]
    	at org.springframework.test.context.cache.DefaultCacheAwareContextLoaderDelegate.loadContext(DefaultCacheAwareContextLoaderDelegate.java:152) ~[spring-test-6.1.4.jar:6.1.4]
    	at org.springframework.test.context.support.DefaultTestContext.getApplicationContext(DefaultTestContext.java:130) ~[spring-test-6.1.4.jar:6.1.4]
    	at org.springframework.test.context.web.ServletTestExecutionListener.setUpRequestContextIfNecessary(ServletTestExecutionListener.java:191) ~[spring-test-6.1.4.jar:6.1.4]
    	at org.springframework.test.context.web.ServletTestExecutionListener.prepareTestInstance(ServletTestExecutionListener.java:130) ~[spring-test-6.1.4.jar:6.1.4]
    	at org.springframework.test.context.TestContextManager.prepareTestInstance(TestContextManager.java:260) ~[spring-test-6.1.4.jar:6.1.4]
    	at org.springframework.test.context.junit.jupiter.SpringExtension.postProcessTestInstance(SpringExtension.java:163) ~[spring-test-6.1.4.jar:6.1.4]
    	at org.junit.jupiter.engine.descriptor.ClassBasedTestDescriptor.lambda$invokeTestInstancePostProcessors$10(ClassBasedTestDescriptor.java:378) ~[junit-jupiter-engine-5.10.2.jar:5.10.2]
    	at org.junit.jupiter.engine.descriptor.ClassBasedTestDescriptor.executeAndMaskThrowable(ClassBasedTestDescriptor.java:383) ~[junit-jupiter-engine-5.10.2.jar:5.10.2]
    	at org.junit.jupiter.engine.descriptor.ClassBasedTestDescriptor.lambda$invokeTestInstancePostProcessors$11(ClassBasedTestDescriptor.java:378) ~[junit-jupiter-engine-5.10.2.jar:5.10.2]
    	at java.base/java.util.stream.ReferencePipeline$3$1.accept(ReferencePipeline.java:197) ~[na:na]
    	at java.base/java.util.stream.ReferencePipeline$2$1.accept(ReferencePipeline.java:179) ~[na:na]
    	at java.base/java.util.ArrayList$ArrayListSpliterator.forEachRemaining(ArrayList.java:1708) ~[na:na]
    	at java.base/java.util.stream.AbstractPipeline.copyInto(AbstractPipeline.java:509) ~[na:na]
    	at java.base/java.util.stream.AbstractPipeline.wrapAndCopyInto(AbstractPipeline.java:499) ~[na:na]
    	at java.base/java.util.stream.StreamSpliterators$WrappingSpliterator.forEachRemaining(StreamSpliterators.java:310) ~[na:na]
    	at java.base/java.util.stream.Streams$ConcatSpliterator.forEachRemaining(Streams.java:735) ~[na:na]
    	at java.base/java.util.stream.Streams$ConcatSpliterator.forEachRemaining(Streams.java:734) ~[na:na]
    	at java.base/java.util.stream.ReferencePipeline$Head.forEach(ReferencePipeline.java:762) ~[na:na]
    	at org.junit.jupiter.engine.descriptor.ClassBasedTestDescriptor.invokeTestInstancePostProcessors(ClassBasedTestDescriptor.java:377) ~[junit-jupiter-engine-5.10.2.jar:5.10.2]
    	at org.junit.jupiter.engine.descriptor.ClassBasedTestDescriptor.lambda$instantiateAndPostProcessTestInstance$6(ClassBasedTestDescriptor.java:290) ~[junit-jupiter-engine-5.10.2.jar:5.10.2]
    	at org.junit.platform.engine.support.hierarchical.ThrowableCollector.execute(ThrowableCollector.java:73) ~[junit-platform-engine-1.10.2.jar:1.10.2]
    	at org.junit.jupiter.engine.descriptor.ClassBasedTestDescriptor.instantiateAndPostProcessTestInstance(ClassBasedTestDescriptor.java:289) ~[junit-jupiter-engine-5.10.2.jar:5.10.2]
    	at org.junit.jupiter.engine.descriptor.ClassBasedTestDescriptor.lambda$testInstancesProvider$4(ClassBasedTestDescriptor.java:279) ~[junit-jupiter-engine-5.10.2.jar:5.10.2]
    	at java.base/java.util.Optional.orElseGet(Optional.java:364) ~[na:na]
    	at org.junit.jupiter.engine.descriptor.ClassBasedTestDescriptor.lambda$testInstancesProvider$5(ClassBasedTestDescriptor.java:278) ~[junit-jupiter-engine-5.10.2.jar:5.10.2]
    	at org.junit.jupiter.engine.execution.TestInstancesProvider.getTestInstances(TestInstancesProvider.java:31) ~[junit-jupiter-engine-5.10.2.jar:5.10.2]
    	at org.junit.jupiter.engine.descriptor.TestMethodTestDescriptor.lambda$prepare$0(TestMethodTestDescriptor.java:106) ~[junit-jupiter-engine-5.10.2.jar:5.10.2]
    	at org.junit.platform.engine.support.hierarchical.ThrowableCollector.execute(ThrowableCollector.java:73) ~[junit-platform-engine-1.10.2.jar:1.10.2]
    	at org.junit.jupiter.engine.descriptor.TestMethodTestDescriptor.prepare(TestMethodTestDescriptor.java:105) ~[junit-jupiter-engine-5.10.2.jar:5.10.2]
    	at org.junit.jupiter.engine.descriptor.TestMethodTestDescriptor.prepare(TestMethodTestDescriptor.java:69) ~[junit-jupiter-engine-5.10.2.jar:5.10.2]
    	at org.junit.platform.engine.support.hierarchical.NodeTestTask.lambda$prepare$2(NodeTestTask.java:123) ~[junit-platform-engine-1.10.2.jar:1.10.2]
    	at org.junit.platform.engine.support.hierarchical.ThrowableCollector.execute(ThrowableCollector.java:73) ~[junit-platform-engine-1.10.2.jar:1.10.2]
    	at org.junit.platform.engine.support.hierarchical.NodeTestTask.prepare(NodeTestTask.java:123) ~[junit-platform-engine-1.10.2.jar:1.10.2]
    	at org.junit.platform.engine.support.hierarchical.NodeTestTask.execute(NodeTestTask.java:90) ~[junit-platform-engine-1.10.2.jar:1.10.2]
    	at java.base/java.util.ArrayList.forEach(ArrayList.java:1596) ~[na:na]
    	at org.junit.platform.engine.support.hierarchical.SameThreadHierarchicalTestExecutorService.invokeAll(SameThreadHierarchicalTestExecutorService.java:41) ~[junit-platform-engine-1.10.2.jar:1.10.2]
    	at org.junit.platform.engine.support.hierarchical.NodeTestTask.lambda$executeRecursively$6(NodeTestTask.java:155) ~[junit-platform-engine-1.10.2.jar:1.10.2]
    	at org.junit.platform.engine.support.hierarchical.ThrowableCollector.execute(ThrowableCollector.java:73) ~[junit-platform-engine-1.10.2.jar:1.10.2]
    	at org.junit.platform.engine.support.hierarchical.NodeTestTask.lambda$executeRecursively$8(NodeTestTask.java:141) ~[junit-platform-engine-1.10.2.jar:1.10.2]
    	at org.junit.platform.engine.support.hierarchical.Node.around(Node.java:137) ~[junit-platform-engine-1.10.2.jar:1.10.2]
    	at org.junit.platform.engine.support.hierarchical.NodeTestTask.lambda$executeRecursively$9(NodeTestTask.java:139) ~[junit-platform-engine-1.10.2.jar:1.10.2]
    	at org.junit.platform.engine.support.hierarchical.ThrowableCollector.execute(ThrowableCollector.java:73) ~[junit-platform-engine-1.10.2.jar:1.10.2]
    	at org.junit.platform.engine.support.hierarchical.NodeTestTask.executeRecursively(NodeTestTask.java:138) ~[junit-platform-engine-1.10.2.jar:1.10.2]
    	at org.junit.platform.engine.support.hierarchical.NodeTestTask.execute(NodeTestTask.java:95) ~[junit-platform-engine-1.10.2.jar:1.10.2]
    	at java.base/java.util.ArrayList.forEach(ArrayList.java:1596) ~[na:na]
    	at org.junit.platform.engine.support.hierarchical.SameThreadHierarchicalTestExecutorService.invokeAll(SameThreadHierarchicalTestExecutorService.java:41) ~[junit-platform-engine-1.10.2.jar:1.10.2]
    	at org.junit.platform.engine.support.hierarchical.NodeTestTask.lambda$executeRecursively$6(NodeTestTask.java:155) ~[junit-platform-engine-1.10.2.jar:1.10.2]
    	at org.junit.platform.engine.support.hierarchical.ThrowableCollector.execute(ThrowableCollector.java:73) ~[junit-platform-engine-1.10.2.jar:1.10.2]
    	at org.junit.platform.engine.support.hierarchical.NodeTestTask.lambda$executeRecursively$8(NodeTestTask.java:141) ~[junit-platform-engine-1.10.2.jar:1.10.2]
    	at org.junit.platform.engine.support.hierarchical.Node.around(Node.java:137) ~[junit-platform-engine-1.10.2.jar:1.10.2]
    	at org.junit.platform.engine.support.hierarchical.NodeTestTask.lambda$executeRecursively$9(NodeTestTask.java:139) ~[junit-platform-engine-1.10.2.jar:1.10.2]
    	at org.junit.platform.engine.support.hierarchical.ThrowableCollector.execute(ThrowableCollector.java:73) ~[junit-platform-engine-1.10.2.jar:1.10.2]
    	at org.junit.platform.engine.support.hierarchical.NodeTestTask.executeRecursively(NodeTestTask.java:138) ~[junit-platform-engine-1.10.2.jar:1.10.2]
    	at org.junit.platform.engine.support.hierarchical.NodeTestTask.execute(NodeTestTask.java:95) ~[junit-platform-engine-1.10.2.jar:1.10.2]
    	at org.junit.platform.engine.support.hierarchical.SameThreadHierarchicalTestExecutorService.submit(SameThreadHierarchicalTestExecutorService.java:35) ~[junit-platform-engine-1.10.2.jar:1.10.2]
    	at org.junit.platform.engine.support.hierarchical.HierarchicalTestExecutor.execute(HierarchicalTestExecutor.java:57) ~[junit-platform-engine-1.10.2.jar:1.10.2]
    	at org.junit.platform.engine.support.hierarchical.HierarchicalTestEngine.execute(HierarchicalTestEngine.java:54) ~[junit-platform-engine-1.10.2.jar:1.10.2]
    	at org.junit.platform.launcher.core.EngineExecutionOrchestrator.execute(EngineExecutionOrchestrator.java:107) ~[junit-platform-launcher-1.8.2.jar:1.8.2]
    	at org.junit.platform.launcher.core.EngineExecutionOrchestrator.execute(EngineExecutionOrchestrator.java:88) ~[junit-platform-launcher-1.8.2.jar:1.8.2]
    	at org.junit.platform.launcher.core.EngineExecutionOrchestrator.lambda$execute$0(EngineExecutionOrchestrator.java:54) ~[junit-platform-launcher-1.8.2.jar:1.8.2]
    	at org.junit.platform.launcher.core.EngineExecutionOrchestrator.withInterceptedStreams(EngineExecutionOrchestrator.java:67) ~[junit-platform-launcher-1.8.2.jar:1.8.2]
    	at org.junit.platform.launcher.core.EngineExecutionOrchestrator.execute(EngineExecutionOrchestrator.java:52) ~[junit-platform-launcher-1.8.2.jar:1.8.2]
    	at org.junit.platform.launcher.core.DefaultLauncher.execute(DefaultLauncher.java:114) ~[junit-platform-launcher-1.8.2.jar:1.8.2]
    	at org.junit.platform.launcher.core.DefaultLauncher.execute(DefaultLauncher.java:86) ~[junit-platform-launcher-1.8.2.jar:1.8.2]
    	at org.junit.platform.launcher.core.DefaultLauncherSession$DelegatingLauncher.execute(DefaultLauncherSession.java:86) ~[junit-platform-launcher-1.8.2.jar:1.8.2]
    	at org.gradle.api.internal.tasks.testing.junitplatform.JUnitPlatformTestClassProcessor$CollectAllTestClassesExecutor.processAllTestClasses(JUnitPlatformTestClassProcessor.java:124) ~[na:na]
    	at org.gradle.api.internal.tasks.testing.junitplatform.JUnitPlatformTestClassProcessor$CollectAllTestClassesExecutor.access$000(JUnitPlatformTestClassProcessor.java:99) ~[na:na]
    	at org.gradle.api.internal.tasks.testing.junitplatform.JUnitPlatformTestClassProcessor.stop(JUnitPlatformTestClassProcessor.java:94) ~[na:na]
    	at org.gradle.api.internal.tasks.testing.SuiteTestClassProcessor.stop(SuiteTestClassProcessor.java:63) ~[na:na]
    	at java.base/jdk.internal.reflect.DirectMethodHandleAccessor.invoke(DirectMethodHandleAccessor.java:103) ~[na:na]
    	at java.base/java.lang.reflect.Method.invoke(Method.java:580) ~[na:na]
    	at org.gradle.internal.dispatch.ReflectionDispatch.dispatch(ReflectionDispatch.java:36) ~[na:na]
    	at org.gradle.internal.dispatch.ReflectionDispatch.dispatch(ReflectionDispatch.java:24) ~[na:na]
    	at org.gradle.internal.dispatch.ContextClassLoaderDispatch.dispatch(ContextClassLoaderDispatch.java:33) ~[na:na]
    	at org.gradle.internal.dispatch.ProxyDispatchAdapter$DispatchingInvocationHandler.invoke(ProxyDispatchAdapter.java:92) ~[na:na]
    	at jdk.proxy1/jdk.proxy1.$Proxy4.stop(Unknown Source) ~[na:na]
    	at org.gradle.api.internal.tasks.testing.worker.TestWorker$3.run(TestWorker.java:200) ~[na:na]
    	at org.gradle.api.internal.tasks.testing.worker.TestWorker.executeAndMaintainThreadName(TestWorker.java:132) ~[na:na]
    	at org.gradle.api.internal.tasks.testing.worker.TestWorker.execute(TestWorker.java:103) ~[na:na]
    	at org.gradle.api.internal.tasks.testing.worker.TestWorker.execute(TestWorker.java:63) ~[na:na]
    	at org.gradle.process.internal.worker.child.ActionExecutionWorker.execute(ActionExecutionWorker.java:56) ~[na:na]
    	at org.gradle.process.internal.worker.child.SystemApplicationClassLoaderWorker.call(SystemApplicationClassLoaderWorker.java:121) ~[na:na]
    	at org.gradle.process.internal.worker.child.SystemApplicationClassLoaderWorker.call(SystemApplicationClassLoaderWorker.java:71) ~[na:na]
    	at worker.org.gradle.process.internal.worker.GradleWorkerMain.run(GradleWorkerMain.java:69) ~[gradle-worker.jar:na]
    	at worker.org.gradle.process.internal.worker.GradleWorkerMain.main(GradleWorkerMain.java:74) ~[gradle-worker.jar:na]
    Caused by: org.h2.jdbc.JdbcSQLSyntaxErrorException: Domain "uuid" not found; SQL statement:

        create table "verification_tokens" (
            "created_at" timestamp(6),
            "expires_at" timestamp(6),
            "id" "uuid" not null,
            "user_id" "uuid",
            "type" varchar(50),
            "token" varchar(255),
            primary key ("id")
        ) [90120-224]
    	at org.h2.message.DbException.getJdbcSQLException(DbException.java:644) ~[h2-2.2.224.jar:2.2.224]
    	at org.h2.message.DbException.getJdbcSQLException(DbException.java:489) ~[h2-2.2.224.jar:2.2.224]
    	at org.h2.message.DbException.get(DbException.java:223) ~[h2-2.2.224.jar:2.2.224]
    	at org.h2.message.DbException.get(DbException.java:199) ~[h2-2.2.224.jar:2.2.224]
    	at org.h2.schema.Schema.getDomain(Schema.java:611) ~[h2-2.2.224.jar:2.2.224]
    	at org.h2.command.Parser.parseColumnWithType(Parser.java:5689) ~[h2-2.2.224.jar:2.2.224]
    	at org.h2.command.Parser.parseColumnForTable(Parser.java:5565) ~[h2-2.2.224.jar:2.2.224]
    	at org.h2.command.Parser.parseTableColumnDefinition(Parser.java:8999) ~[h2-2.2.224.jar:2.2.224]
    	at org.h2.command.Parser.parseCreateTable(Parser.java:8939) ~[h2-2.2.224.jar:2.2.224]
    	at org.h2.command.Parser.parseCreate(Parser.java:6404) ~[h2-2.2.224.jar:2.2.224]
    	at org.h2.command.Parser.parsePrepared(Parser.java:666) ~[h2-2.2.224.jar:2.2.224]
    	at org.h2.command.Parser.parse(Parser.java:592) ~[h2-2.2.224.jar:2.2.224]
    	at org.h2.command.Parser.parse(Parser.java:564) ~[h2-2.2.224.jar:2.2.224]
    	at org.h2.command.Parser.prepareCommand(Parser.java:483) ~[h2-2.2.224.jar:2.2.224]
    	at org.h2.engine.SessionLocal.prepareLocal(SessionLocal.java:639) ~[h2-2.2.224.jar:2.2.224]
    	at org.h2.engine.SessionLocal.prepareCommand(SessionLocal.java:559) ~[h2-2.2.224.jar:2.2.224]
    	at org.h2.jdbc.JdbcConnection.prepareCommand(JdbcConnection.java:1166) ~[h2-2.2.224.jar:2.2.224]
    	at org.h2.jdbc.JdbcStatement.executeInternal(JdbcStatement.java:245) ~[h2-2.2.224.jar:2.2.224]
    	at org.h2.jdbc.JdbcStatement.execute(JdbcStatement.java:231) ~[h2-2.2.224.jar:2.2.224]
    	at com.zaxxer.hikari.pool.ProxyStatement.execute(ProxyStatement.java:94) ~[HikariCP-5.0.1.jar:na]
    	at com.zaxxer.hikari.pool.HikariProxyStatement.execute(HikariProxyStatement.java) ~[HikariCP-5.0.1.jar:na]
    	at org.hibernate.tool.schema.internal.exec.GenerationTargetToDatabase.accept(GenerationTargetToDatabase.java:80) ~[hibernate-core-6.4.4.Final.jar:6.4.4.Final]
    	... 129 common frames omitted

    2025-04-06T08:34:44.425-07:00  INFO 44469 --- [    Test worker] j.LocalContainerEntityManagerFactoryBean : Initialized JPA EntityManagerFactory for persistence unit 'default'
    2025-04-06T08:34:44.573-07:00  INFO 44469 --- [    Test worker] o.s.d.j.r.query.QueryEnhancerFactory     : Hibernate is in classpath; If applicable, HQL parser will be used.
    2025-04-06T08:34:44.932-07:00  WARN 44469 --- [    Test worker] JpaBaseConfiguration$JpaWebConfiguration : spring.jpa.open-in-view is enabled by default. Therefore, database queries may be performed during view rendering. Explicitly configure spring.jpa.open-in-view to disable this warning
    2025-04-06T08:34:44.951-07:00  WARN 44469 --- [    Test worker] .s.s.UserDetailsServiceAutoConfiguration : 

    Using generated security password: d60ade88-a93b-496b-b1b4-04d7e86aed42

    This generated password is for development use only. Your security configuration must be updated before running your application in production.

    2025-04-06T08:34:45.120-07:00  INFO 44469 --- [    Test worker] o.s.s.web.DefaultSecurityFilterChain     : Will secure any request with [org.springframework.security.web.session.DisableEncodeUrlFilter@2778f3d1, org.springframework.security.web.context.request.async.WebAsyncManagerIntegrationFilter@30a34f07, org.springframework.security.web.context.SecurityContextHolderFilter@76b5b1e2, org.springframework.security.web.header.HeaderWriterFilter@1e5e0e75, org.springframework.web.filter.CorsFilter@71702d3f, org.springframework.security.web.csrf.CsrfFilter@3ed79f41, org.springframework.security.web.authentication.logout.LogoutFilter@126f428e, org.springframework.security.web.session.ConcurrentSessionFilter@4c1dc246, org.springframework.security.web.savedrequest.RequestCacheAwareFilter@7fe1a856, org.springframework.security.web.servletapi.SecurityContextHolderAwareRequestFilter@5a7e0d68, org.springframework.security.web.authentication.AnonymousAuthenticationFilter@6f9d1785, org.springframework.security.web.session.SessionManagementFilter@12bb0322, org.springframework.security.web.access.ExceptionTranslationFilter@d69fd7a, org.springframework.security.web.access.intercept.AuthorizationFilter@43aa9ccd]
    2025-04-06T08:34:45.395-07:00  INFO 44469 --- [    Test worker] o.s.b.t.m.w.SpringBootMockServletContext : Initializing Spring TestDispatcherServlet ''
    2025-04-06T08:34:45.395-07:00  INFO 44469 --- [    Test worker] o.s.t.web.servlet.TestDispatcherServlet  : Initializing Servlet ''
    2025-04-06T08:34:45.395-07:00  INFO 44469 --- [    Test worker] o.s.t.web.servlet.TestDispatcherServlet  : Completed initialization in 0 ms
    2025-04-06T08:34:45.410-07:00  INFO 44469 --- [    Test worker] c.h.c.v1.AuthenticationControllerTest    : Started AuthenticationControllerTest in 2.589 seconds (process running for 3.253)

AuthenticationControllerTest > register_WithValidData_ShouldCreateUserAndSendVerification() STANDARD_ERROR
    WARNING: A Java agent has been loaded dynamically (/Users/alexworden/.gradle/caches/modules-2/files-2.1/net.bytebuddy/byte-buddy-agent/1.14.12/be4984cb6fd1ef1d11f218a648889dfda44b8a15/byte-buddy-agent-1.14.12.jar)
    WARNING: If a serviceability tool is in use, please run with -XX:+EnableDynamicAgentLoading to hide this warning
    WARNING: If a serviceability tool is not in use, please run with -Djdk.instrument.traceUsage for more information
    WARNING: Dynamic loading of agents will be disallowed by default in a future release

Java HotSpot(TM) 64-Bit Server VM warning: Sharing is only supported for boot loader classes because bootstrap classpath has been appended

> Task :test

AuthenticationControllerTest > register_WithValidData_ShouldCreateUserAndSendVerification() STANDARD_OUT
    2025-04-06T08:34:45.812-07:00 DEBUG 44469 --- [    Test worker] org.hibernate.SQL                        : 
        select
            u1_0."id",
            u1_0."created_at",
            u1_0."display_name",
            u1_0."email",
            u1_0."email_verified",
            u1_0."first_name",
            u1_0."mobile_number",
            u1_0."password_hash",
            u1_0."remember_me_token",
            u1_0."updated_at",
            u1_0."user_address",
            u1_0."year_of_birth" 
        from
            "users" u1_0
    Hibernate: 
        select
            u1_0."id",
            u1_0."created_at",
            u1_0."display_name",
            u1_0."email",
            u1_0."email_verified",
            u1_0."first_name",
            u1_0."mobile_number",
            u1_0."password_hash",
            u1_0."remember_me_token",
            u1_0."updated_at",
            u1_0."user_address",
            u1_0."year_of_birth" 
        from
            "users" u1_0
    2025-04-06T08:34:45.828-07:00 DEBUG 44469 --- [    Test worker] org.hibernate.SQL                        : 
        select
            vt1_0."id",
            vt1_0."created_at",
            vt1_0."expires_at",
            vt1_0."token",
            vt1_0."type",
            vt1_0."user_id" 
        from
            "verification_tokens" vt1_0
    Hibernate: 
        select
            vt1_0."id",
            vt1_0."created_at",
            vt1_0."expires_at",
            vt1_0."token",
            vt1_0."type",
            vt1_0."user_id" 
        from
            "verification_tokens" vt1_0
    2025-04-06T08:34:45.829-07:00  WARN 44469 --- [    Test worker] o.h.engine.jdbc.spi.SqlExceptionHelper   : SQL Error: 42102, SQLState: 42S02
    2025-04-06T08:34:45.829-07:00 ERROR 44469 --- [    Test worker] o.h.engine.jdbc.spi.SqlExceptionHelper   : Table "verification_tokens" not found; SQL statement:
    select vt1_0."id",vt1_0."created_at",vt1_0."expires_at",vt1_0."token",vt1_0."type",vt1_0."user_id" from "verification_tokens" vt1_0 [42102-224]

AuthenticationControllerTest > register_WithValidData_ShouldCreateUserAndSendVerification() FAILED
    org.springframework.dao.InvalidDataAccessResourceUsageException: could not prepare statement [Table "verification_tokens" not found; SQL statement:
    select vt1_0."id",vt1_0."created_at",vt1_0."expires_at",vt1_0."token",vt1_0."type",vt1_0."user_id" from "verification_tokens" vt1_0 [42102-224]] [select vt1_0."id",vt1_0."created_at",vt1_0."expires_at",vt1_0."token",vt1_0."type",vt1_0."user_id" from "verification_tokens" vt1_0]; SQL [select vt1_0."id",vt1_0."created_at",vt1_0."expires_at",vt1_0."token",vt1_0."type",vt1_0."user_id" from "verification_tokens" vt1_0]
        at app//org.springframework.orm.jpa.vendor.HibernateJpaDialect.convertHibernateAccessException(HibernateJpaDialect.java:277)
        at app//org.springframework.orm.jpa.vendor.HibernateJpaDialect.translateExceptionIfPossible(HibernateJpaDialect.java:241)
        at app//org.springframework.orm.jpa.AbstractEntityManagerFactoryBean.translateExceptionIfPossible(AbstractEntityManagerFactoryBean.java:550)
        at app//org.springframework.dao.support.ChainedPersistenceExceptionTranslator.translateExceptionIfPossible(ChainedPersistenceExceptionTranslator.java:61)
        at app//org.springframework.dao.support.DataAccessUtils.translateIfNecessary(DataAccessUtils.java:335)
        at app//org.springframework.dao.support.PersistenceExceptionTranslationInterceptor.invoke(PersistenceExceptionTranslationInterceptor.java:152)
        at app//org.springframework.aop.framework.ReflectiveMethodInvocation.proceed(ReflectiveMethodInvocation.java:184)
        at app//org.springframework.data.jpa.repository.support.CrudMethodMetadataPostProcessor$CrudMethodMetadataPopulatingMethodInterceptor.invoke(CrudMethodMetadataPostProcessor.java:164)
        at app//org.springframework.aop.framework.ReflectiveMethodInvocation.proceed(ReflectiveMethodInvocation.java:184)
        at app//org.springframework.aop.interceptor.ExposeInvocationInterceptor.invoke(ExposeInvocationInterceptor.java:97)
        at app//org.springframework.aop.framework.ReflectiveMethodInvocation.proceed(ReflectiveMethodInvocation.java:184)
        at app//org.springframework.aop.framework.JdkDynamicAopProxy.invoke(JdkDynamicAopProxy.java:220)
        at app/jdk.proxy3/jdk.proxy3.$Proxy145.deleteAll(Unknown Source)
        at app//com.heartrate.controller.v1.AuthenticationControllerTest.setUp(AuthenticationControllerTest.java:78)

        Caused by:
        org.hibernate.exception.SQLGrammarException: could not prepare statement [Table "verification_tokens" not found; SQL statement:
        select vt1_0."id",vt1_0."created_at",vt1_0."expires_at",vt1_0."token",vt1_0."type",vt1_0."user_id" from "verification_tokens" vt1_0 [42102-224]] [select vt1_0."id",vt1_0."created_at",vt1_0."expires_at",vt1_0."token",vt1_0."type",vt1_0."user_id" from "verification_tokens" vt1_0]
            at app//org.hibernate.exception.internal.SQLExceptionTypeDelegate.convert(SQLExceptionTypeDelegate.java:66)
            at app//org.hibernate.exception.internal.StandardSQLExceptionConverter.convert(StandardSQLExceptionConverter.java:58)
            at app//org.hibernate.engine.jdbc.spi.SqlExceptionHelper.convert(SqlExceptionHelper.java:108)
            at app//org.hibernate.engine.jdbc.internal.StatementPreparerImpl$StatementPreparationTemplate.prepareStatement(StatementPreparerImpl.java:194)
            at app//org.hibernate.engine.jdbc.internal.StatementPreparerImpl.prepareQueryStatement(StatementPreparerImpl.java:155)
            at app//org.hibernate.sql.exec.spi.JdbcSelectExecutor.lambda$list$0(JdbcSelectExecutor.java:85)
            at app//org.hibernate.sql.results.jdbc.internal.DeferredResultSetAccess.executeQuery(DeferredResultSetAccess.java:231)
            at app//org.hibernate.sql.results.jdbc.internal.DeferredResultSetAccess.getResultSet(DeferredResultSetAccess.java:167)
            at app//org.hibernate.sql.results.jdbc.internal.JdbcValuesResultSetImpl.advanceNext(JdbcValuesResultSetImpl.java:218)
            at app//org.hibernate.sql.results.jdbc.internal.JdbcValuesResultSetImpl.processNext(JdbcValuesResultSetImpl.java:98)
            at app//org.hibernate.sql.results.jdbc.internal.AbstractJdbcValues.next(AbstractJdbcValues.java:19)
            at app//org.hibernate.sql.results.internal.RowProcessingStateStandardImpl.next(RowProcessingStateStandardImpl.java:66)
            at app//org.hibernate.sql.results.spi.ListResultsConsumer.consume(ListResultsConsumer.java:202)
            at app//org.hibernate.sql.results.spi.ListResultsConsumer.consume(ListResultsConsumer.java:33)
            at app//org.hibernate.sql.exec.internal.JdbcSelectExecutorStandardImpl.doExecuteQuery(JdbcSelectExecutorStandardImpl.java:209)
            at app//org.hibernate.sql.exec.internal.JdbcSelectExecutorStandardImpl.executeQuery(JdbcSelectExecutorStandardImpl.java:83)
            at app//org.hibernate.sql.exec.spi.JdbcSelectExecutor.list(JdbcSelectExecutor.java:76)
            at app//org.hibernate.sql.exec.spi.JdbcSelectExecutor.list(JdbcSelectExecutor.java:65)
            at app//org.hibernate.query.sqm.internal.ConcreteSqmSelectQueryPlan.lambda$new$2(ConcreteSqmSelectQueryPlan.java:137)
            at app//org.hibernate.query.sqm.internal.ConcreteSqmSelectQueryPlan.withCacheableSqmInterpretation(ConcreteSqmSelectQueryPlan.java:362)
            at app//org.hibernate.query.sqm.internal.ConcreteSqmSelectQueryPlan.performList(ConcreteSqmSelectQueryPlan.java:303)
            at app//org.hibernate.query.sqm.internal.QuerySqmImpl.doList(QuerySqmImpl.java:509)
            at app//org.hibernate.query.spi.AbstractSelectionQuery.list(AbstractSelectionQuery.java:427)
            at app//org.hibernate.query.Query.getResultList(Query.java:120)
            at app//org.springframework.data.jpa.repository.support.SimpleJpaRepository.findAll(SimpleJpaRepository.java:383)
            at app//org.springframework.data.jpa.repository.support.SimpleJpaRepository.deleteAll(SimpleJpaRepository.java:283)
            at java.base@21.0.2/jdk.internal.reflect.DirectMethodHandleAccessor.invoke(DirectMethodHandleAccessor.java:103)
            at java.base@21.0.2/java.lang.reflect.Method.invoke(Method.java:580)
            at app//org.springframework.aop.support.AopUtils.invokeJoinpointUsingReflection(AopUtils.java:351)
            at app//org.springframework.data.repository.core.support.RepositoryMethodInvoker$RepositoryFragmentMethodInvoker.lambda$new$0(RepositoryMethodInvoker.java:277)
            at app//org.springframework.data.repository.core.support.RepositoryMethodInvoker.doInvoke(RepositoryMethodInvoker.java:170)
            at app//org.springframework.data.repository.core.support.RepositoryMethodInvoker.invoke(RepositoryMethodInvoker.java:158)
            at app//org.springframework.data.repository.core.support.RepositoryComposition$RepositoryFragments.invoke(RepositoryComposition.java:516)
            at app//org.springframework.data.repository.core.support.RepositoryComposition.invoke(RepositoryComposition.java:285)
            at app//org.springframework.data.repository.core.support.RepositoryFactorySupport$ImplementationMethodExecutionInterceptor.invoke(RepositoryFactorySupport.java:628)
            at app//org.springframework.aop.framework.ReflectiveMethodInvocation.proceed(ReflectiveMethodInvocation.java:184)
            at app//org.springframework.data.repository.core.support.QueryExecutorMethodInterceptor.doInvoke(QueryExecutorMethodInterceptor.java:168)
            at app//org.springframework.data.repository.core.support.QueryExecutorMethodInterceptor.invoke(QueryExecutorMethodInterceptor.java:143)
            at app//org.springframework.aop.framework.ReflectiveMethodInvocation.proceed(ReflectiveMethodInvocation.java:184)
            at app//org.springframework.data.projection.DefaultMethodInvokingMethodInterceptor.invoke(DefaultMethodInvokingMethodInterceptor.java:70)
            at app//org.springframework.aop.framework.ReflectiveMethodInvocation.proceed(ReflectiveMethodInvocation.java:184)
            at app//org.springframework.transaction.interceptor.TransactionInterceptor$1.proceedWithInvocation(TransactionInterceptor.java:123)
            at app//org.springframework.transaction.interceptor.TransactionAspectSupport.invokeWithinTransaction(TransactionAspectSupport.java:385)
            at app//org.springframework.transaction.interceptor.TransactionInterceptor.invoke(TransactionInterceptor.java:119)
            at app//org.springframework.aop.framework.ReflectiveMethodInvocation.proceed(ReflectiveMethodInvocation.java:184)
            at app//org.springframework.dao.support.PersistenceExceptionTranslationInterceptor.invoke(PersistenceExceptionTranslationInterceptor.java:137)
            ... 8 more

            Caused by:
            org.h2.jdbc.JdbcSQLSyntaxErrorException: Table "verification_tokens" not found; SQL statement:
            select vt1_0."id",vt1_0."created_at",vt1_0."expires_at",vt1_0."token",vt1_0."type",vt1_0."user_id" from "verification_tokens" vt1_0 [42102-224]
                at app//org.h2.message.DbException.getJdbcSQLException(DbException.java:514)
                at app//org.h2.message.DbException.getJdbcSQLException(DbException.java:489)
                at app//org.h2.message.DbException.get(DbException.java:223)
                at app//org.h2.message.DbException.get(DbException.java:199)
                at app//org.h2.command.Parser.getTableOrViewNotFoundDbException(Parser.java:8064)
                at app//org.h2.command.Parser.getTableOrViewNotFoundDbException(Parser.java:8035)
                at app//org.h2.command.Parser.readTableOrView(Parser.java:8024)
                at app//org.h2.command.Parser.readTablePrimary(Parser.java:1788)
                at app//org.h2.command.Parser.readTableReference(Parser.java:2268)
                at app//org.h2.command.Parser.parseSelectFromPart(Parser.java:2718)
                at app//org.h2.command.Parser.parseSelect(Parser.java:2824)
                at app//org.h2.command.Parser.parseQueryPrimary(Parser.java:2708)
                at app//org.h2.command.Parser.parseQueryTerm(Parser.java:2564)
                at app//org.h2.command.Parser.parseQueryExpressionBody(Parser.java:2543)
                at app//org.h2.command.Parser.parseQueryExpressionBodyAndEndOfQuery(Parser.java:2536)
                at app//org.h2.command.Parser.parseQueryExpression(Parser.java:2529)
                at app//org.h2.command.Parser.parseQuery(Parser.java:2498)
                at app//org.h2.command.Parser.parsePrepared(Parser.java:627)
                at app//org.h2.command.Parser.parse(Parser.java:592)
                at app//org.h2.command.Parser.parse(Parser.java:564)
                at app//org.h2.command.Parser.prepareCommand(Parser.java:483)
                at app//org.h2.engine.SessionLocal.prepareLocal(SessionLocal.java:639)
                at app//org.h2.engine.SessionLocal.prepareCommand(SessionLocal.java:559)
                at app//org.h2.jdbc.JdbcConnection.prepareCommand(JdbcConnection.java:1166)
                at app//org.h2.jdbc.JdbcPreparedStatement.<init>(JdbcPreparedStatement.java:93)
                at app//org.h2.jdbc.JdbcConnection.prepareStatement(JdbcConnection.java:316)
                at app//com.zaxxer.hikari.pool.ProxyConnection.prepareStatement(ProxyConnection.java:327)
                at app//com.zaxxer.hikari.pool.HikariProxyConnection.prepareStatement(HikariProxyConnection.java)
                at app//org.hibernate.engine.jdbc.internal.StatementPreparerImpl$5.doPrepare(StatementPreparerImpl.java:153)
                at app//org.hibernate.engine.jdbc.internal.StatementPreparerImpl$StatementPreparationTemplate.prepareStatement(StatementPreparerImpl.java:183)
                ... 50 more

AuthenticationControllerTest > login_WithValidCredentials_ShouldLoginAndCreateSession() STANDARD_OUT
    2025-04-06T08:34:45.845-07:00 DEBUG 44469 --- [    Test worker] org.hibernate.SQL                        : 
        select
            u1_0."id",
            u1_0."created_at",
            u1_0."display_name",
            u1_0."email",
            u1_0."email_verified",
            u1_0."first_name",
            u1_0."mobile_number",
            u1_0."password_hash",
            u1_0."remember_me_token",
            u1_0."updated_at",
            u1_0."user_address",
            u1_0."year_of_birth" 
        from
            "users" u1_0
    Hibernate: 
        select
            u1_0."id",
            u1_0."created_at",
            u1_0."display_name",
            u1_0."email",
            u1_0."email_verified",
            u1_0."first_name",
            u1_0."mobile_number",
            u1_0."password_hash",
            u1_0."remember_me_token",
            u1_0."updated_at",
            u1_0."user_address",
            u1_0."year_of_birth" 
        from
            "users" u1_0
    2025-04-06T08:34:45.847-07:00 DEBUG 44469 --- [    Test worker] org.hibernate.SQL                        : 
        select
            vt1_0."id",
            vt1_0."created_at",
            vt1_0."expires_at",
            vt1_0."token",
            vt1_0."type",
            vt1_0."user_id" 
        from
            "verification_tokens" vt1_0
    Hibernate: 
        select
            vt1_0."id",
            vt1_0."created_at",
            vt1_0."expires_at",
            vt1_0."token",
            vt1_0."type",
            vt1_0."user_id" 
        from
            "verification_tokens" vt1_0
    2025-04-06T08:34:45.848-07:00  WARN 44469 --- [    Test worker] o.h.engine.jdbc.spi.SqlExceptionHelper   : SQL Error: 42102, SQLState: 42S02
    2025-04-06T08:34:45.848-07:00 ERROR 44469 --- [    Test worker] o.h.engine.jdbc.spi.SqlExceptionHelper   : Table "verification_tokens" not found; SQL statement:
    select vt1_0."id",vt1_0."created_at",vt1_0."expires_at",vt1_0."token",vt1_0."type",vt1_0."user_id" from "verification_tokens" vt1_0 [42102-224]

AuthenticationControllerTest > login_WithValidCredentials_ShouldLoginAndCreateSession() FAILED
    org.springframework.dao.InvalidDataAccessResourceUsageException: could not prepare statement [Table "verification_tokens" not found; SQL statement:
    select vt1_0."id",vt1_0."created_at",vt1_0."expires_at",vt1_0."token",vt1_0."type",vt1_0."user_id" from "verification_tokens" vt1_0 [42102-224]] [select vt1_0."id",vt1_0."created_at",vt1_0."expires_at",vt1_0."token",vt1_0."type",vt1_0."user_id" from "verification_tokens" vt1_0]; SQL [select vt1_0."id",vt1_0."created_at",vt1_0."expires_at",vt1_0."token",vt1_0."type",vt1_0."user_id" from "verification_tokens" vt1_0]
        at app//org.springframework.orm.jpa.vendor.HibernateJpaDialect.convertHibernateAccessException(HibernateJpaDialect.java:277)
        at app//org.springframework.orm.jpa.vendor.HibernateJpaDialect.translateExceptionIfPossible(HibernateJpaDialect.java:241)
        at app//org.springframework.orm.jpa.AbstractEntityManagerFactoryBean.translateExceptionIfPossible(AbstractEntityManagerFactoryBean.java:550)
        at app//org.springframework.dao.support.ChainedPersistenceExceptionTranslator.translateExceptionIfPossible(ChainedPersistenceExceptionTranslator.java:61)
        at app//org.springframework.dao.support.DataAccessUtils.translateIfNecessary(DataAccessUtils.java:335)
        at app//org.springframework.dao.support.PersistenceExceptionTranslationInterceptor.invoke(PersistenceExceptionTranslationInterceptor.java:152)
        at app//org.springframework.aop.framework.ReflectiveMethodInvocation.proceed(ReflectiveMethodInvocation.java:184)
        at app//org.springframework.data.jpa.repository.support.CrudMethodMetadataPostProcessor$CrudMethodMetadataPopulatingMethodInterceptor.invoke(CrudMethodMetadataPostProcessor.java:164)
        at app//org.springframework.aop.framework.ReflectiveMethodInvocation.proceed(ReflectiveMethodInvocation.java:184)
        at app//org.springframework.aop.interceptor.ExposeInvocationInterceptor.invoke(ExposeInvocationInterceptor.java:97)
        at app//org.springframework.aop.framework.ReflectiveMethodInvocation.proceed(ReflectiveMethodInvocation.java:184)
        at app//org.springframework.aop.framework.JdkDynamicAopProxy.invoke(JdkDynamicAopProxy.java:220)
        at app/jdk.proxy3/jdk.proxy3.$Proxy145.deleteAll(Unknown Source)
        at app//com.heartrate.controller.v1.AuthenticationControllerTest.setUp(AuthenticationControllerTest.java:78)

        Caused by:
        org.hibernate.exception.SQLGrammarException: could not prepare statement [Table "verification_tokens" not found; SQL statement:
        select vt1_0."id",vt1_0."created_at",vt1_0."expires_at",vt1_0."token",vt1_0."type",vt1_0."user_id" from "verification_tokens" vt1_0 [42102-224]] [select vt1_0."id",vt1_0."created_at",vt1_0."expires_at",vt1_0."token",vt1_0."type",vt1_0."user_id" from "verification_tokens" vt1_0]
            at app//org.hibernate.exception.internal.SQLExceptionTypeDelegate.convert(SQLExceptionTypeDelegate.java:66)
            at app//org.hibernate.exception.internal.StandardSQLExceptionConverter.convert(StandardSQLExceptionConverter.java:58)
            at app//org.hibernate.engine.jdbc.spi.SqlExceptionHelper.convert(SqlExceptionHelper.java:108)
            at app//org.hibernate.engine.jdbc.internal.StatementPreparerImpl$StatementPreparationTemplate.prepareStatement(StatementPreparerImpl.java:194)
            at app//org.hibernate.engine.jdbc.internal.StatementPreparerImpl.prepareQueryStatement(StatementPreparerImpl.java:155)
            at app//org.hibernate.sql.exec.spi.JdbcSelectExecutor.lambda$list$0(JdbcSelectExecutor.java:85)
            at app//org.hibernate.sql.results.jdbc.internal.DeferredResultSetAccess.executeQuery(DeferredResultSetAccess.java:231)
            at app//org.hibernate.sql.results.jdbc.internal.DeferredResultSetAccess.getResultSet(DeferredResultSetAccess.java:167)
            at app//org.hibernate.sql.results.jdbc.internal.JdbcValuesResultSetImpl.advanceNext(JdbcValuesResultSetImpl.java:218)
            at app//org.hibernate.sql.results.jdbc.internal.JdbcValuesResultSetImpl.processNext(JdbcValuesResultSetImpl.java:98)
            at app//org.hibernate.sql.results.jdbc.internal.AbstractJdbcValues.next(AbstractJdbcValues.java:19)
            at app//org.hibernate.sql.results.internal.RowProcessingStateStandardImpl.next(RowProcessingStateStandardImpl.java:66)
            at app//org.hibernate.sql.results.spi.ListResultsConsumer.consume(ListResultsConsumer.java:202)
            at app//org.hibernate.sql.results.spi.ListResultsConsumer.consume(ListResultsConsumer.java:33)
            at app//org.hibernate.sql.exec.internal.JdbcSelectExecutorStandardImpl.doExecuteQuery(JdbcSelectExecutorStandardImpl.java:209)
            at app//org.hibernate.sql.exec.internal.JdbcSelectExecutorStandardImpl.executeQuery(JdbcSelectExecutorStandardImpl.java:83)
            at app//org.hibernate.sql.exec.spi.JdbcSelectExecutor.list(JdbcSelectExecutor.java:76)
            at app//org.hibernate.sql.exec.spi.JdbcSelectExecutor.list(JdbcSelectExecutor.java:65)
            at app//org.hibernate.query.sqm.internal.ConcreteSqmSelectQueryPlan.lambda$new$2(ConcreteSqmSelectQueryPlan.java:137)
            at app//org.hibernate.query.sqm.internal.ConcreteSqmSelectQueryPlan.withCacheableSqmInterpretation(ConcreteSqmSelectQueryPlan.java:362)
            at app//org.hibernate.query.sqm.internal.ConcreteSqmSelectQueryPlan.performList(ConcreteSqmSelectQueryPlan.java:303)
            at app//org.hibernate.query.sqm.internal.QuerySqmImpl.doList(QuerySqmImpl.java:509)
            at app//org.hibernate.query.spi.AbstractSelectionQuery.list(AbstractSelectionQuery.java:427)
            at app//org.hibernate.query.Query.getResultList(Query.java:120)
            at app//org.springframework.data.jpa.repository.support.SimpleJpaRepository.findAll(SimpleJpaRepository.java:383)
            at app//org.springframework.data.jpa.repository.support.SimpleJpaRepository.deleteAll(SimpleJpaRepository.java:283)
            at java.base@21.0.2/jdk.internal.reflect.DirectMethodHandleAccessor.invoke(DirectMethodHandleAccessor.java:103)
            at java.base@21.0.2/java.lang.reflect.Method.invoke(Method.java:580)
            at app//org.springframework.aop.support.AopUtils.invokeJoinpointUsingReflection(AopUtils.java:351)
            at app//org.springframework.data.repository.core.support.RepositoryMethodInvoker$RepositoryFragmentMethodInvoker.lambda$new$0(RepositoryMethodInvoker.java:277)
            at app//org.springframework.data.repository.core.support.RepositoryMethodInvoker.doInvoke(RepositoryMethodInvoker.java:170)
            at app//org.springframework.data.repository.core.support.RepositoryMethodInvoker.invoke(RepositoryMethodInvoker.java:158)
            at app//org.springframework.data.repository.core.support.RepositoryComposition$RepositoryFragments.invoke(RepositoryComposition.java:516)
            at app//org.springframework.data.repository.core.support.RepositoryComposition.invoke(RepositoryComposition.java:285)
            at app//org.springframework.data.repository.core.support.RepositoryFactorySupport$ImplementationMethodExecutionInterceptor.invoke(RepositoryFactorySupport.java:628)
            at app//org.springframework.aop.framework.ReflectiveMethodInvocation.proceed(ReflectiveMethodInvocation.java:184)
            at app//org.springframework.data.repository.core.support.QueryExecutorMethodInterceptor.doInvoke(QueryExecutorMethodInterceptor.java:168)
            at app//org.springframework.data.repository.core.support.QueryExecutorMethodInterceptor.invoke(QueryExecutorMethodInterceptor.java:143)
            at app//org.springframework.aop.framework.ReflectiveMethodInvocation.proceed(ReflectiveMethodInvocation.java:184)
            at app//org.springframework.data.projection.DefaultMethodInvokingMethodInterceptor.invoke(DefaultMethodInvokingMethodInterceptor.java:70)
            at app//org.springframework.aop.framework.ReflectiveMethodInvocation.proceed(ReflectiveMethodInvocation.java:184)
            at app//org.springframework.transaction.interceptor.TransactionInterceptor$1.proceedWithInvocation(TransactionInterceptor.java:123)
            at app//org.springframework.transaction.interceptor.TransactionAspectSupport.invokeWithinTransaction(TransactionAspectSupport.java:385)
            at app//org.springframework.transaction.interceptor.TransactionInterceptor.invoke(TransactionInterceptor.java:119)
            at app//org.springframework.aop.framework.ReflectiveMethodInvocation.proceed(ReflectiveMethodInvocation.java:184)
            at app//org.springframework.dao.support.PersistenceExceptionTranslationInterceptor.invoke(PersistenceExceptionTranslationInterceptor.java:137)
            ... 8 more

            Caused by:
            org.h2.jdbc.JdbcSQLSyntaxErrorException: Table "verification_tokens" not found; SQL statement:
            select vt1_0."id",vt1_0."created_at",vt1_0."expires_at",vt1_0."token",vt1_0."type",vt1_0."user_id" from "verification_tokens" vt1_0 [42102-224]
                at app//org.h2.message.DbException.getJdbcSQLException(DbException.java:514)
                at app//org.h2.message.DbException.getJdbcSQLException(DbException.java:489)
                at app//org.h2.message.DbException.get(DbException.java:223)
                at app//org.h2.message.DbException.get(DbException.java:199)
                at app//org.h2.command.Parser.getTableOrViewNotFoundDbException(Parser.java:8064)
                at app//org.h2.command.Parser.getTableOrViewNotFoundDbException(Parser.java:8035)
                at app//org.h2.command.Parser.readTableOrView(Parser.java:8024)
                at app//org.h2.command.Parser.readTablePrimary(Parser.java:1788)
                at app//org.h2.command.Parser.readTableReference(Parser.java:2268)
                at app//org.h2.command.Parser.parseSelectFromPart(Parser.java:2718)
                at app//org.h2.command.Parser.parseSelect(Parser.java:2824)
                at app//org.h2.command.Parser.parseQueryPrimary(Parser.java:2708)
                at app//org.h2.command.Parser.parseQueryTerm(Parser.java:2564)
                at app//org.h2.command.Parser.parseQueryExpressionBody(Parser.java:2543)
                at app//org.h2.command.Parser.parseQueryExpressionBodyAndEndOfQuery(Parser.java:2536)
                at app//org.h2.command.Parser.parseQueryExpression(Parser.java:2529)
                at app//org.h2.command.Parser.parseQuery(Parser.java:2498)
                at app//org.h2.command.Parser.parsePrepared(Parser.java:627)
                at app//org.h2.command.Parser.parse(Parser.java:592)
                at app//org.h2.command.Parser.parse(Parser.java:564)
                at app//org.h2.command.Parser.prepareCommand(Parser.java:483)
                at app//org.h2.engine.SessionLocal.prepareLocal(SessionLocal.java:639)
                at app//org.h2.engine.SessionLocal.prepareCommand(SessionLocal.java:559)
                at app//org.h2.jdbc.JdbcConnection.prepareCommand(JdbcConnection.java:1166)
                at app//org.h2.jdbc.JdbcPreparedStatement.<init>(JdbcPreparedStatement.java:93)
                at app//org.h2.jdbc.JdbcConnection.prepareStatement(JdbcConnection.java:316)
                at app//com.zaxxer.hikari.pool.ProxyConnection.prepareStatement(ProxyConnection.java:327)
                at app//com.zaxxer.hikari.pool.HikariProxyConnection.prepareStatement(HikariProxyConnection.java)
                at app//org.hibernate.engine.jdbc.internal.StatementPreparerImpl$5.doPrepare(StatementPreparerImpl.java:153)
                at app//org.hibernate.engine.jdbc.internal.StatementPreparerImpl$StatementPreparationTemplate.prepareStatement(StatementPreparerImpl.java:183)
                ... 50 more

AuthenticationControllerTest > requestPasswordlessLogin_WithValidEmail_ShouldSendLoginLink() STANDARD_OUT
    2025-04-06T08:34:45.853-07:00 DEBUG 44469 --- [    Test worker] org.hibernate.SQL                        : 
        select
            u1_0."id",
            u1_0."created_at",
            u1_0."display_name",
            u1_0."email",
            u1_0."email_verified",
            u1_0."first_name",
            u1_0."mobile_number",
            u1_0."password_hash",
            u1_0."remember_me_token",
            u1_0."updated_at",
            u1_0."user_address",
            u1_0."year_of_birth" 
        from
            "users" u1_0
    Hibernate: 
        select
            u1_0."id",
            u1_0."created_at",
            u1_0."display_name",
            u1_0."email",
            u1_0."email_verified",
            u1_0."first_name",
            u1_0."mobile_number",
            u1_0."password_hash",
            u1_0."remember_me_token",
            u1_0."updated_at",
            u1_0."user_address",
            u1_0."year_of_birth" 
        from
            "users" u1_0
    2025-04-06T08:34:45.854-07:00 DEBUG 44469 --- [    Test worker] org.hibernate.SQL                        : 
        select
            vt1_0."id",
            vt1_0."created_at",
            vt1_0."expires_at",
            vt1_0."token",
            vt1_0."type",
            vt1_0."user_id" 
        from
            "verification_tokens" vt1_0
    Hibernate: 
        select
            vt1_0."id",
            vt1_0."created_at",
            vt1_0."expires_at",
            vt1_0."token",
            vt1_0."type",
            vt1_0."user_id" 
        from
            "verification_tokens" vt1_0
    2025-04-06T08:34:45.855-07:00  WARN 44469 --- [    Test worker] o.h.engine.jdbc.spi.SqlExceptionHelper   : SQL Error: 42102, SQLState: 42S02
    2025-04-06T08:34:45.855-07:00 ERROR 44469 --- [    Test worker] o.h.engine.jdbc.spi.SqlExceptionHelper   : Table "verification_tokens" not found; SQL statement:
    select vt1_0."id",vt1_0."created_at",vt1_0."expires_at",vt1_0."token",vt1_0."type",vt1_0."user_id" from "verification_tokens" vt1_0 [42102-224]

AuthenticationControllerTest > requestPasswordlessLogin_WithValidEmail_ShouldSendLoginLink() FAILED
    org.springframework.dao.InvalidDataAccessResourceUsageException: could not prepare statement [Table "verification_tokens" not found; SQL statement:
    select vt1_0."id",vt1_0."created_at",vt1_0."expires_at",vt1_0."token",vt1_0."type",vt1_0."user_id" from "verification_tokens" vt1_0 [42102-224]] [select vt1_0."id",vt1_0."created_at",vt1_0."expires_at",vt1_0."token",vt1_0."type",vt1_0."user_id" from "verification_tokens" vt1_0]; SQL [select vt1_0."id",vt1_0."created_at",vt1_0."expires_at",vt1_0."token",vt1_0."type",vt1_0."user_id" from "verification_tokens" vt1_0]
        at app//org.springframework.orm.jpa.vendor.HibernateJpaDialect.convertHibernateAccessException(HibernateJpaDialect.java:277)
        at app//org.springframework.orm.jpa.vendor.HibernateJpaDialect.translateExceptionIfPossible(HibernateJpaDialect.java:241)
        at app//org.springframework.orm.jpa.AbstractEntityManagerFactoryBean.translateExceptionIfPossible(AbstractEntityManagerFactoryBean.java:550)
        at app//org.springframework.dao.support.ChainedPersistenceExceptionTranslator.translateExceptionIfPossible(ChainedPersistenceExceptionTranslator.java:61)
        at app//org.springframework.dao.support.DataAccessUtils.translateIfNecessary(DataAccessUtils.java:335)
        at app//org.springframework.dao.support.PersistenceExceptionTranslationInterceptor.invoke(PersistenceExceptionTranslationInterceptor.java:152)
        at app//org.springframework.aop.framework.ReflectiveMethodInvocation.proceed(ReflectiveMethodInvocation.java:184)
        at app//org.springframework.data.jpa.repository.support.CrudMethodMetadataPostProcessor$CrudMethodMetadataPopulatingMethodInterceptor.invoke(CrudMethodMetadataPostProcessor.java:164)
        at app//org.springframework.aop.framework.ReflectiveMethodInvocation.proceed(ReflectiveMethodInvocation.java:184)
        at app//org.springframework.aop.interceptor.ExposeInvocationInterceptor.invoke(ExposeInvocationInterceptor.java:97)
        at app//org.springframework.aop.framework.ReflectiveMethodInvocation.proceed(ReflectiveMethodInvocation.java:184)
        at app//org.springframework.aop.framework.JdkDynamicAopProxy.invoke(JdkDynamicAopProxy.java:220)
        at app/jdk.proxy3/jdk.proxy3.$Proxy145.deleteAll(Unknown Source)
        at app//com.heartrate.controller.v1.AuthenticationControllerTest.setUp(AuthenticationControllerTest.java:78)

        Caused by:
        org.hibernate.exception.SQLGrammarException: could not prepare statement [Table "verification_tokens" not found; SQL statement:
        select vt1_0."id",vt1_0."created_at",vt1_0."expires_at",vt1_0."token",vt1_0."type",vt1_0."user_id" from "verification_tokens" vt1_0 [42102-224]] [select vt1_0."id",vt1_0."created_at",vt1_0."expires_at",vt1_0."token",vt1_0."type",vt1_0."user_id" from "verification_tokens" vt1_0]
            at app//org.hibernate.exception.internal.SQLExceptionTypeDelegate.convert(SQLExceptionTypeDelegate.java:66)
            at app//org.hibernate.exception.internal.StandardSQLExceptionConverter.convert(StandardSQLExceptionConverter.java:58)
            at app//org.hibernate.engine.jdbc.spi.SqlExceptionHelper.convert(SqlExceptionHelper.java:108)
            at app//org.hibernate.engine.jdbc.internal.StatementPreparerImpl$StatementPreparationTemplate.prepareStatement(StatementPreparerImpl.java:194)
            at app//org.hibernate.engine.jdbc.internal.StatementPreparerImpl.prepareQueryStatement(StatementPreparerImpl.java:155)
            at app//org.hibernate.sql.exec.spi.JdbcSelectExecutor.lambda$list$0(JdbcSelectExecutor.java:85)
            at app//org.hibernate.sql.results.jdbc.internal.DeferredResultSetAccess.executeQuery(DeferredResultSetAccess.java:231)
            at app//org.hibernate.sql.results.jdbc.internal.DeferredResultSetAccess.getResultSet(DeferredResultSetAccess.java:167)
            at app//org.hibernate.sql.results.jdbc.internal.JdbcValuesResultSetImpl.advanceNext(JdbcValuesResultSetImpl.java:218)
            at app//org.hibernate.sql.results.jdbc.internal.JdbcValuesResultSetImpl.processNext(JdbcValuesResultSetImpl.java:98)
            at app//org.hibernate.sql.results.jdbc.internal.AbstractJdbcValues.next(AbstractJdbcValues.java:19)
            at app//org.hibernate.sql.results.internal.RowProcessingStateStandardImpl.next(RowProcessingStateStandardImpl.java:66)
            at app//org.hibernate.sql.results.spi.ListResultsConsumer.consume(ListResultsConsumer.java:202)
            at app//org.hibernate.sql.results.spi.ListResultsConsumer.consume(ListResultsConsumer.java:33)
            at app//org.hibernate.sql.exec.internal.JdbcSelectExecutorStandardImpl.doExecuteQuery(JdbcSelectExecutorStandardImpl.java:209)
            at app//org.hibernate.sql.exec.internal.JdbcSelectExecutorStandardImpl.executeQuery(JdbcSelectExecutorStandardImpl.java:83)
            at app//org.hibernate.sql.exec.spi.JdbcSelectExecutor.list(JdbcSelectExecutor.java:76)
            at app//org.hibernate.sql.exec.spi.JdbcSelectExecutor.list(JdbcSelectExecutor.java:65)
            at app//org.hibernate.query.sqm.internal.ConcreteSqmSelectQueryPlan.lambda$new$2(ConcreteSqmSelectQueryPlan.java:137)
            at app//org.hibernate.query.sqm.internal.ConcreteSqmSelectQueryPlan.withCacheableSqmInterpretation(ConcreteSqmSelectQueryPlan.java:362)
            at app//org.hibernate.query.sqm.internal.ConcreteSqmSelectQueryPlan.performList(ConcreteSqmSelectQueryPlan.java:303)
            at app//org.hibernate.query.sqm.internal.QuerySqmImpl.doList(QuerySqmImpl.java:509)
            at app//org.hibernate.query.spi.AbstractSelectionQuery.list(AbstractSelectionQuery.java:427)
            at app//org.hibernate.query.Query.getResultList(Query.java:120)
            at app//org.springframework.data.jpa.repository.support.SimpleJpaRepository.findAll(SimpleJpaRepository.java:383)
            at app//org.springframework.data.jpa.repository.support.SimpleJpaRepository.deleteAll(SimpleJpaRepository.java:283)
            at java.base@21.0.2/jdk.internal.reflect.DirectMethodHandleAccessor.invoke(DirectMethodHandleAccessor.java:103)
            at java.base@21.0.2/java.lang.reflect.Method.invoke(Method.java:580)
            at app//org.springframework.aop.support.AopUtils.invokeJoinpointUsingReflection(AopUtils.java:351)
            at app//org.springframework.data.repository.core.support.RepositoryMethodInvoker$RepositoryFragmentMethodInvoker.lambda$new$0(RepositoryMethodInvoker.java:277)
            at app//org.springframework.data.repository.core.support.RepositoryMethodInvoker.doInvoke(RepositoryMethodInvoker.java:170)
            at app//org.springframework.data.repository.core.support.RepositoryMethodInvoker.invoke(RepositoryMethodInvoker.java:158)
            at app//org.springframework.data.repository.core.support.RepositoryComposition$RepositoryFragments.invoke(RepositoryComposition.java:516)
            at app//org.springframework.data.repository.core.support.RepositoryComposition.invoke(RepositoryComposition.java:285)
            at app//org.springframework.data.repository.core.support.RepositoryFactorySupport$ImplementationMethodExecutionInterceptor.invoke(RepositoryFactorySupport.java:628)
            at app//org.springframework.aop.framework.ReflectiveMethodInvocation.proceed(ReflectiveMethodInvocation.java:184)
            at app//org.springframework.data.repository.core.support.QueryExecutorMethodInterceptor.doInvoke(QueryExecutorMethodInterceptor.java:168)
            at app//org.springframework.data.repository.core.support.QueryExecutorMethodInterceptor.invoke(QueryExecutorMethodInterceptor.java:143)
            at app//org.springframework.aop.framework.ReflectiveMethodInvocation.proceed(ReflectiveMethodInvocation.java:184)
            at app//org.springframework.data.projection.DefaultMethodInvokingMethodInterceptor.invoke(DefaultMethodInvokingMethodInterceptor.java:70)
            at app//org.springframework.aop.framework.ReflectiveMethodInvocation.proceed(ReflectiveMethodInvocation.java:184)
            at app//org.springframework.transaction.interceptor.TransactionInterceptor$1.proceedWithInvocation(TransactionInterceptor.java:123)
            at app//org.springframework.transaction.interceptor.TransactionAspectSupport.invokeWithinTransaction(TransactionAspectSupport.java:385)
            at app//org.springframework.transaction.interceptor.TransactionInterceptor.invoke(TransactionInterceptor.java:119)
            at app//org.springframework.aop.framework.ReflectiveMethodInvocation.proceed(ReflectiveMethodInvocation.java:184)
            at app//org.springframework.dao.support.PersistenceExceptionTranslationInterceptor.invoke(PersistenceExceptionTranslationInterceptor.java:137)
            ... 8 more

            Caused by:
            org.h2.jdbc.JdbcSQLSyntaxErrorException: Table "verification_tokens" not found; SQL statement:
            select vt1_0."id",vt1_0."created_at",vt1_0."expires_at",vt1_0."token",vt1_0."type",vt1_0."user_id" from "verification_tokens" vt1_0 [42102-224]
                at app//org.h2.message.DbException.getJdbcSQLException(DbException.java:514)
                at app//org.h2.message.DbException.getJdbcSQLException(DbException.java:489)
                at app//org.h2.message.DbException.get(DbException.java:223)
                at app//org.h2.message.DbException.get(DbException.java:199)
                at app//org.h2.command.Parser.getTableOrViewNotFoundDbException(Parser.java:8064)
                at app//org.h2.command.Parser.getTableOrViewNotFoundDbException(Parser.java:8035)
                at app//org.h2.command.Parser.readTableOrView(Parser.java:8024)
                at app//org.h2.command.Parser.readTablePrimary(Parser.java:1788)
                at app//org.h2.command.Parser.readTableReference(Parser.java:2268)
                at app//org.h2.command.Parser.parseSelectFromPart(Parser.java:2718)
                at app//org.h2.command.Parser.parseSelect(Parser.java:2824)
                at app//org.h2.command.Parser.parseQueryPrimary(Parser.java:2708)
                at app//org.h2.command.Parser.parseQueryTerm(Parser.java:2564)
                at app//org.h2.command.Parser.parseQueryExpressionBody(Parser.java:2543)
                at app//org.h2.command.Parser.parseQueryExpressionBodyAndEndOfQuery(Parser.java:2536)
                at app//org.h2.command.Parser.parseQueryExpression(Parser.java:2529)
                at app//org.h2.command.Parser.parseQuery(Parser.java:2498)
                at app//org.h2.command.Parser.parsePrepared(Parser.java:627)
                at app//org.h2.command.Parser.parse(Parser.java:592)
                at app//org.h2.command.Parser.parse(Parser.java:564)
                at app//org.h2.command.Parser.prepareCommand(Parser.java:483)
                at app//org.h2.engine.SessionLocal.prepareLocal(SessionLocal.java:639)
                at app//org.h2.engine.SessionLocal.prepareCommand(SessionLocal.java:559)
                at app//org.h2.jdbc.JdbcConnection.prepareCommand(JdbcConnection.java:1166)
                at app//org.h2.jdbc.JdbcPreparedStatement.<init>(JdbcPreparedStatement.java:93)
                at app//org.h2.jdbc.JdbcConnection.prepareStatement(JdbcConnection.java:316)
                at app//com.zaxxer.hikari.pool.ProxyConnection.prepareStatement(ProxyConnection.java:327)
                at app//com.zaxxer.hikari.pool.HikariProxyConnection.prepareStatement(HikariProxyConnection.java)
                at app//org.hibernate.engine.jdbc.internal.StatementPreparerImpl$5.doPrepare(StatementPreparerImpl.java:153)
                at app//org.hibernate.engine.jdbc.internal.StatementPreparerImpl$StatementPreparationTemplate.prepareStatement(StatementPreparerImpl.java:183)
                ... 50 more

AuthenticationControllerTest > resetPassword_WithValidToken_ShouldUpdatePassword() STANDARD_OUT
    2025-04-06T08:34:45.859-07:00 DEBUG 44469 --- [    Test worker] org.hibernate.SQL                        : 
        select
            u1_0."id",
            u1_0."created_at",
            u1_0."display_name",
            u1_0."email",
            u1_0."email_verified",
            u1_0."first_name",
            u1_0."mobile_number",
            u1_0."password_hash",
            u1_0."remember_me_token",
            u1_0."updated_at",
            u1_0."user_address",
            u1_0."year_of_birth" 
        from
            "users" u1_0
    Hibernate: 
        select
            u1_0."id",
            u1_0."created_at",
            u1_0."display_name",
            u1_0."email",
            u1_0."email_verified",
            u1_0."first_name",
            u1_0."mobile_number",
            u1_0."password_hash",
            u1_0."remember_me_token",
            u1_0."updated_at",
            u1_0."user_address",
            u1_0."year_of_birth" 
        from
            "users" u1_0
    2025-04-06T08:34:45.860-07:00 DEBUG 44469 --- [    Test worker] org.hibernate.SQL                        : 
        select
            vt1_0."id",
            vt1_0."created_at",
            vt1_0."expires_at",
            vt1_0."token",
            vt1_0."type",
            vt1_0."user_id" 
        from
            "verification_tokens" vt1_0
    Hibernate: 
        select
            vt1_0."id",
            vt1_0."created_at",
            vt1_0."expires_at",
            vt1_0."token",
            vt1_0."type",
            vt1_0."user_id" 
        from
            "verification_tokens" vt1_0
    2025-04-06T08:34:45.860-07:00  WARN 44469 --- [    Test worker] o.h.engine.jdbc.spi.SqlExceptionHelper   : SQL Error: 42102, SQLState: 42S02
    2025-04-06T08:34:45.860-07:00 ERROR 44469 --- [    Test worker] o.h.engine.jdbc.spi.SqlExceptionHelper   : Table "verification_tokens" not found; SQL statement:
    select vt1_0."id",vt1_0."created_at",vt1_0."expires_at",vt1_0."token",vt1_0."type",vt1_0."user_id" from "verification_tokens" vt1_0 [42102-224]

AuthenticationControllerTest > resetPassword_WithValidToken_ShouldUpdatePassword() FAILED
    org.springframework.dao.InvalidDataAccessResourceUsageException: could not prepare statement [Table "verification_tokens" not found; SQL statement:
    select vt1_0."id",vt1_0."created_at",vt1_0."expires_at",vt1_0."token",vt1_0."type",vt1_0."user_id" from "verification_tokens" vt1_0 [42102-224]] [select vt1_0."id",vt1_0."created_at",vt1_0."expires_at",vt1_0."token",vt1_0."type",vt1_0."user_id" from "verification_tokens" vt1_0]; SQL [select vt1_0."id",vt1_0."created_at",vt1_0."expires_at",vt1_0."token",vt1_0."type",vt1_0."user_id" from "verification_tokens" vt1_0]
        at app//org.springframework.orm.jpa.vendor.HibernateJpaDialect.convertHibernateAccessException(HibernateJpaDialect.java:277)
        at app//org.springframework.orm.jpa.vendor.HibernateJpaDialect.translateExceptionIfPossible(HibernateJpaDialect.java:241)
        at app//org.springframework.orm.jpa.AbstractEntityManagerFactoryBean.translateExceptionIfPossible(AbstractEntityManagerFactoryBean.java:550)
        at app//org.springframework.dao.support.ChainedPersistenceExceptionTranslator.translateExceptionIfPossible(ChainedPersistenceExceptionTranslator.java:61)
        at app//org.springframework.dao.support.DataAccessUtils.translateIfNecessary(DataAccessUtils.java:335)
        at app//org.springframework.dao.support.PersistenceExceptionTranslationInterceptor.invoke(PersistenceExceptionTranslationInterceptor.java:152)
        at app//org.springframework.aop.framework.ReflectiveMethodInvocation.proceed(ReflectiveMethodInvocation.java:184)
        at app//org.springframework.data.jpa.repository.support.CrudMethodMetadataPostProcessor$CrudMethodMetadataPopulatingMethodInterceptor.invoke(CrudMethodMetadataPostProcessor.java:164)
        at app//org.springframework.aop.framework.ReflectiveMethodInvocation.proceed(ReflectiveMethodInvocation.java:184)
        at app//org.springframework.aop.interceptor.ExposeInvocationInterceptor.invoke(ExposeInvocationInterceptor.java:97)
        at app//org.springframework.aop.framework.ReflectiveMethodInvocation.proceed(ReflectiveMethodInvocation.java:184)
        at app//org.springframework.aop.framework.JdkDynamicAopProxy.invoke(JdkDynamicAopProxy.java:220)
        at app/jdk.proxy3/jdk.proxy3.$Proxy145.deleteAll(Unknown Source)
        at app//com.heartrate.controller.v1.AuthenticationControllerTest.setUp(AuthenticationControllerTest.java:78)

        Caused by:
        org.hibernate.exception.SQLGrammarException: could not prepare statement [Table "verification_tokens" not found; SQL statement:
        select vt1_0."id",vt1_0."created_at",vt1_0."expires_at",vt1_0."token",vt1_0."type",vt1_0."user_id" from "verification_tokens" vt1_0 [42102-224]] [select vt1_0."id",vt1_0."created_at",vt1_0."expires_at",vt1_0."token",vt1_0."type",vt1_0."user_id" from "verification_tokens" vt1_0]
            at app//org.hibernate.exception.internal.SQLExceptionTypeDelegate.convert(SQLExceptionTypeDelegate.java:66)
            at app//org.hibernate.exception.internal.StandardSQLExceptionConverter.convert(StandardSQLExceptionConverter.java:58)
            at app//org.hibernate.engine.jdbc.spi.SqlExceptionHelper.convert(SqlExceptionHelper.java:108)
            at app//org.hibernate.engine.jdbc.internal.StatementPreparerImpl$StatementPreparationTemplate.prepareStatement(StatementPreparerImpl.java:194)
            at app//org.hibernate.engine.jdbc.internal.StatementPreparerImpl.prepareQueryStatement(StatementPreparerImpl.java:155)
            at app//org.hibernate.sql.exec.spi.JdbcSelectExecutor.lambda$list$0(JdbcSelectExecutor.java:85)
            at app//org.hibernate.sql.results.jdbc.internal.DeferredResultSetAccess.executeQuery(DeferredResultSetAccess.java:231)
            at app//org.hibernate.sql.results.jdbc.internal.DeferredResultSetAccess.getResultSet(DeferredResultSetAccess.java:167)
            at app//org.hibernate.sql.results.jdbc.internal.JdbcValuesResultSetImpl.advanceNext(JdbcValuesResultSetImpl.java:218)
            at app//org.hibernate.sql.results.jdbc.internal.JdbcValuesResultSetImpl.processNext(JdbcValuesResultSetImpl.java:98)
            at app//org.hibernate.sql.results.jdbc.internal.AbstractJdbcValues.next(AbstractJdbcValues.java:19)
            at app//org.hibernate.sql.results.internal.RowProcessingStateStandardImpl.next(RowProcessingStateStandardImpl.java:66)
            at app//org.hibernate.sql.results.spi.ListResultsConsumer.consume(ListResultsConsumer.java:202)
            at app//org.hibernate.sql.results.spi.ListResultsConsumer.consume(ListResultsConsumer.java:33)
            at app//org.hibernate.sql.exec.internal.JdbcSelectExecutorStandardImpl.doExecuteQuery(JdbcSelectExecutorStandardImpl.java:209)
            at app//org.hibernate.sql.exec.internal.JdbcSelectExecutorStandardImpl.executeQuery(JdbcSelectExecutorStandardImpl.java:83)
            at app//org.hibernate.sql.exec.spi.JdbcSelectExecutor.list(JdbcSelectExecutor.java:76)
            at app//org.hibernate.sql.exec.spi.JdbcSelectExecutor.list(JdbcSelectExecutor.java:65)
            at app//org.hibernate.query.sqm.internal.ConcreteSqmSelectQueryPlan.lambda$new$2(ConcreteSqmSelectQueryPlan.java:137)
            at app//org.hibernate.query.sqm.internal.ConcreteSqmSelectQueryPlan.withCacheableSqmInterpretation(ConcreteSqmSelectQueryPlan.java:362)
            at app//org.hibernate.query.sqm.internal.ConcreteSqmSelectQueryPlan.performList(ConcreteSqmSelectQueryPlan.java:303)
            at app//org.hibernate.query.sqm.internal.QuerySqmImpl.doList(QuerySqmImpl.java:509)
            at app//org.hibernate.query.spi.AbstractSelectionQuery.list(AbstractSelectionQuery.java:427)
            at app//org.hibernate.query.Query.getResultList(Query.java:120)
            at app//org.springframework.data.jpa.repository.support.SimpleJpaRepository.findAll(SimpleJpaRepository.java:383)
            at app//org.springframework.data.jpa.repository.support.SimpleJpaRepository.deleteAll(SimpleJpaRepository.java:283)
            at java.base@21.0.2/jdk.internal.reflect.DirectMethodHandleAccessor.invoke(DirectMethodHandleAccessor.java:103)
            at java.base@21.0.2/java.lang.reflect.Method.invoke(Method.java:580)
            at app//org.springframework.aop.support.AopUtils.invokeJoinpointUsingReflection(AopUtils.java:351)
            at app//org.springframework.data.repository.core.support.RepositoryMethodInvoker$RepositoryFragmentMethodInvoker.lambda$new$0(RepositoryMethodInvoker.java:277)
            at app//org.springframework.data.repository.core.support.RepositoryMethodInvoker.doInvoke(RepositoryMethodInvoker.java:170)
            at app//org.springframework.data.repository.core.support.RepositoryMethodInvoker.invoke(RepositoryMethodInvoker.java:158)
            at app//org.springframework.data.repository.core.support.RepositoryComposition$RepositoryFragments.invoke(RepositoryComposition.java:516)
            at app//org.springframework.data.repository.core.support.RepositoryComposition.invoke(RepositoryComposition.java:285)
            at app//org.springframework.data.repository.core.support.RepositoryFactorySupport$ImplementationMethodExecutionInterceptor.invoke(RepositoryFactorySupport.java:628)
            at app//org.springframework.aop.framework.ReflectiveMethodInvocation.proceed(ReflectiveMethodInvocation.java:184)
            at app//org.springframework.data.repository.core.support.QueryExecutorMethodInterceptor.doInvoke(QueryExecutorMethodInterceptor.java:168)
            at app//org.springframework.data.repository.core.support.QueryExecutorMethodInterceptor.invoke(QueryExecutorMethodInterceptor.java:143)
            at app//org.springframework.aop.framework.ReflectiveMethodInvocation.proceed(ReflectiveMethodInvocation.java:184)
            at app//org.springframework.data.projection.DefaultMethodInvokingMethodInterceptor.invoke(DefaultMethodInvokingMethodInterceptor.java:70)
            at app//org.springframework.aop.framework.ReflectiveMethodInvocation.proceed(ReflectiveMethodInvocation.java:184)
            at app//org.springframework.transaction.interceptor.TransactionInterceptor$1.proceedWithInvocation(TransactionInterceptor.java:123)
            at app//org.springframework.transaction.interceptor.TransactionAspectSupport.invokeWithinTransaction(TransactionAspectSupport.java:385)
            at app//org.springframework.transaction.interceptor.TransactionInterceptor.invoke(TransactionInterceptor.java:119)
            at app//org.springframework.aop.framework.ReflectiveMethodInvocation.proceed(ReflectiveMethodInvocation.java:184)
            at app//org.springframework.dao.support.PersistenceExceptionTranslationInterceptor.invoke(PersistenceExceptionTranslationInterceptor.java:137)
            ... 8 more

            Caused by:
            org.h2.jdbc.JdbcSQLSyntaxErrorException: Table "verification_tokens" not found; SQL statement:
            select vt1_0."id",vt1_0."created_at",vt1_0."expires_at",vt1_0."token",vt1_0."type",vt1_0."user_id" from "verification_tokens" vt1_0 [42102-224]
                at app//org.h2.message.DbException.getJdbcSQLException(DbException.java:514)
                at app//org.h2.message.DbException.getJdbcSQLException(DbException.java:489)
                at app//org.h2.message.DbException.get(DbException.java:223)
                at app//org.h2.message.DbException.get(DbException.java:199)
                at app//org.h2.command.Parser.getTableOrViewNotFoundDbException(Parser.java:8064)
                at app//org.h2.command.Parser.getTableOrViewNotFoundDbException(Parser.java:8035)
                at app//org.h2.command.Parser.readTableOrView(Parser.java:8024)
                at app//org.h2.command.Parser.readTablePrimary(Parser.java:1788)
                at app//org.h2.command.Parser.readTableReference(Parser.java:2268)
                at app//org.h2.command.Parser.parseSelectFromPart(Parser.java:2718)
                at app//org.h2.command.Parser.parseSelect(Parser.java:2824)
                at app//org.h2.command.Parser.parseQueryPrimary(Parser.java:2708)
                at app//org.h2.command.Parser.parseQueryTerm(Parser.java:2564)
                at app//org.h2.command.Parser.parseQueryExpressionBody(Parser.java:2543)
                at app//org.h2.command.Parser.parseQueryExpressionBodyAndEndOfQuery(Parser.java:2536)
                at app//org.h2.command.Parser.parseQueryExpression(Parser.java:2529)
                at app//org.h2.command.Parser.parseQuery(Parser.java:2498)
                at app//org.h2.command.Parser.parsePrepared(Parser.java:627)
                at app//org.h2.command.Parser.parse(Parser.java:592)
                at app//org.h2.command.Parser.parse(Parser.java:564)
                at app//org.h2.command.Parser.prepareCommand(Parser.java:483)
                at app//org.h2.engine.SessionLocal.prepareLocal(SessionLocal.java:639)
                at app//org.h2.engine.SessionLocal.prepareCommand(SessionLocal.java:559)
                at app//org.h2.jdbc.JdbcConnection.prepareCommand(JdbcConnection.java:1166)
                at app//org.h2.jdbc.JdbcPreparedStatement.<init>(JdbcPreparedStatement.java:93)
                at app//org.h2.jdbc.JdbcConnection.prepareStatement(JdbcConnection.java:316)
                at app//com.zaxxer.hikari.pool.ProxyConnection.prepareStatement(ProxyConnection.java:327)
                at app//com.zaxxer.hikari.pool.HikariProxyConnection.prepareStatement(HikariProxyConnection.java)
                at app//org.hibernate.engine.jdbc.internal.StatementPreparerImpl$5.doPrepare(StatementPreparerImpl.java:153)
                at app//org.hibernate.engine.jdbc.internal.StatementPreparerImpl$StatementPreparationTemplate.prepareStatement(StatementPreparerImpl.java:183)
                ... 50 more

AuthenticationControllerTest > requestPasswordReset_WithValidEmail_ShouldSendResetEmail() STANDARD_OUT
    2025-04-06T08:34:45.867-07:00 DEBUG 44469 --- [    Test worker] org.hibernate.SQL                        : 
        select
            u1_0."id",
            u1_0."created_at",
            u1_0."display_name",
            u1_0."email",
            u1_0."email_verified",
            u1_0."first_name",
            u1_0."mobile_number",
            u1_0."password_hash",
            u1_0."remember_me_token",
            u1_0."updated_at",
            u1_0."user_address",
            u1_0."year_of_birth" 
        from
            "users" u1_0
    Hibernate: 
        select
            u1_0."id",
            u1_0."created_at",
            u1_0."display_name",
            u1_0."email",
            u1_0."email_verified",
            u1_0."first_name",
            u1_0."mobile_number",
            u1_0."password_hash",
            u1_0."remember_me_token",
            u1_0."updated_at",
            u1_0."user_address",
            u1_0."year_of_birth" 
        from
            "users" u1_0
    2025-04-06T08:34:45.868-07:00 DEBUG 44469 --- [    Test worker] org.hibernate.SQL                        : 
        select
            vt1_0."id",
            vt1_0."created_at",
            vt1_0."expires_at",
            vt1_0."token",
            vt1_0."type",
            vt1_0."user_id" 
        from
            "verification_tokens" vt1_0
    Hibernate: 
        select
            vt1_0."id",
            vt1_0."created_at",
            vt1_0."expires_at",
            vt1_0."token",
            vt1_0."type",
            vt1_0."user_id" 
        from
            "verification_tokens" vt1_0
    2025-04-06T08:34:45.868-07:00  WARN 44469 --- [    Test worker] o.h.engine.jdbc.spi.SqlExceptionHelper   : SQL Error: 42102, SQLState: 42S02
    2025-04-06T08:34:45.868-07:00 ERROR 44469 --- [    Test worker] o.h.engine.jdbc.spi.SqlExceptionHelper   : Table "verification_tokens" not found; SQL statement:
    select vt1_0."id",vt1_0."created_at",vt1_0."expires_at",vt1_0."token",vt1_0."type",vt1_0."user_id" from "verification_tokens" vt1_0 [42102-224]

AuthenticationControllerTest > requestPasswordReset_WithValidEmail_ShouldSendResetEmail() FAILED
    org.springframework.dao.InvalidDataAccessResourceUsageException: could not prepare statement [Table "verification_tokens" not found; SQL statement:
    select vt1_0."id",vt1_0."created_at",vt1_0."expires_at",vt1_0."token",vt1_0."type",vt1_0."user_id" from "verification_tokens" vt1_0 [42102-224]] [select vt1_0."id",vt1_0."created_at",vt1_0."expires_at",vt1_0."token",vt1_0."type",vt1_0."user_id" from "verification_tokens" vt1_0]; SQL [select vt1_0."id",vt1_0."created_at",vt1_0."expires_at",vt1_0."token",vt1_0."type",vt1_0."user_id" from "verification_tokens" vt1_0]
        at app//org.springframework.orm.jpa.vendor.HibernateJpaDialect.convertHibernateAccessException(HibernateJpaDialect.java:277)
        at app//org.springframework.orm.jpa.vendor.HibernateJpaDialect.translateExceptionIfPossible(HibernateJpaDialect.java:241)
        at app//org.springframework.orm.jpa.AbstractEntityManagerFactoryBean.translateExceptionIfPossible(AbstractEntityManagerFactoryBean.java:550)
        at app//org.springframework.dao.support.ChainedPersistenceExceptionTranslator.translateExceptionIfPossible(ChainedPersistenceExceptionTranslator.java:61)
        at app//org.springframework.dao.support.DataAccessUtils.translateIfNecessary(DataAccessUtils.java:335)
        at app//org.springframework.dao.support.PersistenceExceptionTranslationInterceptor.invoke(PersistenceExceptionTranslationInterceptor.java:152)
        at app//org.springframework.aop.framework.ReflectiveMethodInvocation.proceed(ReflectiveMethodInvocation.java:184)
        at app//org.springframework.data.jpa.repository.support.CrudMethodMetadataPostProcessor$CrudMethodMetadataPopulatingMethodInterceptor.invoke(CrudMethodMetadataPostProcessor.java:164)
        at app//org.springframework.aop.framework.ReflectiveMethodInvocation.proceed(ReflectiveMethodInvocation.java:184)
        at app//org.springframework.aop.interceptor.ExposeInvocationInterceptor.invoke(ExposeInvocationInterceptor.java:97)
        at app//org.springframework.aop.framework.ReflectiveMethodInvocation.proceed(ReflectiveMethodInvocation.java:184)
        at app//org.springframework.aop.framework.JdkDynamicAopProxy.invoke(JdkDynamicAopProxy.java:220)
        at app/jdk.proxy3/jdk.proxy3.$Proxy145.deleteAll(Unknown Source)
        at app//com.heartrate.controller.v1.AuthenticationControllerTest.setUp(AuthenticationControllerTest.java:78)

        Caused by:
        org.hibernate.exception.SQLGrammarException: could not prepare statement [Table "verification_tokens" not found; SQL statement:
        select vt1_0."id",vt1_0."created_at",vt1_0."expires_at",vt1_0."token",vt1_0."type",vt1_0."user_id" from "verification_tokens" vt1_0 [42102-224]] [select vt1_0."id",vt1_0."created_at",vt1_0."expires_at",vt1_0."token",vt1_0."type",vt1_0."user_id" from "verification_tokens" vt1_0]
            at app//org.hibernate.exception.internal.SQLExceptionTypeDelegate.convert(SQLExceptionTypeDelegate.java:66)
            at app//org.hibernate.exception.internal.StandardSQLExceptionConverter.convert(StandardSQLExceptionConverter.java:58)
            at app//org.hibernate.engine.jdbc.spi.SqlExceptionHelper.convert(SqlExceptionHelper.java:108)
            at app//org.hibernate.engine.jdbc.internal.StatementPreparerImpl$StatementPreparationTemplate.prepareStatement(StatementPreparerImpl.java:194)
            at app//org.hibernate.engine.jdbc.internal.StatementPreparerImpl.prepareQueryStatement(StatementPreparerImpl.java:155)
            at app//org.hibernate.sql.exec.spi.JdbcSelectExecutor.lambda$list$0(JdbcSelectExecutor.java:85)
            at app//org.hibernate.sql.results.jdbc.internal.DeferredResultSetAccess.executeQuery(DeferredResultSetAccess.java:231)
            at app//org.hibernate.sql.results.jdbc.internal.DeferredResultSetAccess.getResultSet(DeferredResultSetAccess.java:167)
            at app//org.hibernate.sql.results.jdbc.internal.JdbcValuesResultSetImpl.advanceNext(JdbcValuesResultSetImpl.java:218)
            at app//org.hibernate.sql.results.jdbc.internal.JdbcValuesResultSetImpl.processNext(JdbcValuesResultSetImpl.java:98)
            at app//org.hibernate.sql.results.jdbc.internal.AbstractJdbcValues.next(AbstractJdbcValues.java:19)
            at app//org.hibernate.sql.results.internal.RowProcessingStateStandardImpl.next(RowProcessingStateStandardImpl.java:66)
            at app//org.hibernate.sql.results.spi.ListResultsConsumer.consume(ListResultsConsumer.java:202)
            at app//org.hibernate.sql.results.spi.ListResultsConsumer.consume(ListResultsConsumer.java:33)
            at app//org.hibernate.sql.exec.internal.JdbcSelectExecutorStandardImpl.doExecuteQuery(JdbcSelectExecutorStandardImpl.java:209)
            at app//org.hibernate.sql.exec.internal.JdbcSelectExecutorStandardImpl.executeQuery(JdbcSelectExecutorStandardImpl.java:83)
            at app//org.hibernate.sql.exec.spi.JdbcSelectExecutor.list(JdbcSelectExecutor.java:76)
            at app//org.hibernate.sql.exec.spi.JdbcSelectExecutor.list(JdbcSelectExecutor.java:65)
            at app//org.hibernate.query.sqm.internal.ConcreteSqmSelectQueryPlan.lambda$new$2(ConcreteSqmSelectQueryPlan.java:137)
            at app//org.hibernate.query.sqm.internal.ConcreteSqmSelectQueryPlan.withCacheableSqmInterpretation(ConcreteSqmSelectQueryPlan.java:362)
            at app//org.hibernate.query.sqm.internal.ConcreteSqmSelectQueryPlan.performList(ConcreteSqmSelectQueryPlan.java:303)
            at app//org.hibernate.query.sqm.internal.QuerySqmImpl.doList(QuerySqmImpl.java:509)
            at app//org.hibernate.query.spi.AbstractSelectionQuery.list(AbstractSelectionQuery.java:427)
            at app//org.hibernate.query.Query.getResultList(Query.java:120)
            at app//org.springframework.data.jpa.repository.support.SimpleJpaRepository.findAll(SimpleJpaRepository.java:383)
            at app//org.springframework.data.jpa.repository.support.SimpleJpaRepository.deleteAll(SimpleJpaRepository.java:283)
            at java.base@21.0.2/jdk.internal.reflect.DirectMethodHandleAccessor.invoke(DirectMethodHandleAccessor.java:103)
            at java.base@21.0.2/java.lang.reflect.Method.invoke(Method.java:580)
            at app//org.springframework.aop.support.AopUtils.invokeJoinpointUsingReflection(AopUtils.java:351)
            at app//org.springframework.data.repository.core.support.RepositoryMethodInvoker$RepositoryFragmentMethodInvoker.lambda$new$0(RepositoryMethodInvoker.java:277)
            at app//org.springframework.data.repository.core.support.RepositoryMethodInvoker.doInvoke(RepositoryMethodInvoker.java:170)
            at app//org.springframework.data.repository.core.support.RepositoryMethodInvoker.invoke(RepositoryMethodInvoker.java:158)
            at app//org.springframework.data.repository.core.support.RepositoryComposition$RepositoryFragments.invoke(RepositoryComposition.java:516)
            at app//org.springframework.data.repository.core.support.RepositoryComposition.invoke(RepositoryComposition.java:285)
            at app//org.springframework.data.repository.core.support.RepositoryFactorySupport$ImplementationMethodExecutionInterceptor.invoke(RepositoryFactorySupport.java:628)
            at app//org.springframework.aop.framework.ReflectiveMethodInvocation.proceed(ReflectiveMethodInvocation.java:184)
            at app//org.springframework.data.repository.core.support.QueryExecutorMethodInterceptor.doInvoke(QueryExecutorMethodInterceptor.java:168)
            at app//org.springframework.data.repository.core.support.QueryExecutorMethodInterceptor.invoke(QueryExecutorMethodInterceptor.java:143)
            at app//org.springframework.aop.framework.ReflectiveMethodInvocation.proceed(ReflectiveMethodInvocation.java:184)
            at app//org.springframework.data.projection.DefaultMethodInvokingMethodInterceptor.invoke(DefaultMethodInvokingMethodInterceptor.java:70)
            at app//org.springframework.aop.framework.ReflectiveMethodInvocation.proceed(ReflectiveMethodInvocation.java:184)
            at app//org.springframework.transaction.interceptor.TransactionInterceptor$1.proceedWithInvocation(TransactionInterceptor.java:123)
            at app//org.springframework.transaction.interceptor.TransactionAspectSupport.invokeWithinTransaction(TransactionAspectSupport.java:385)
            at app//org.springframework.transaction.interceptor.TransactionInterceptor.invoke(TransactionInterceptor.java:119)
            at app//org.springframework.aop.framework.ReflectiveMethodInvocation.proceed(ReflectiveMethodInvocation.java:184)
            at app//org.springframework.dao.support.PersistenceExceptionTranslationInterceptor.invoke(PersistenceExceptionTranslationInterceptor.java:137)
            ... 8 more

            Caused by:
            org.h2.jdbc.JdbcSQLSyntaxErrorException: Table "verification_tokens" not found; SQL statement:
            select vt1_0."id",vt1_0."created_at",vt1_0."expires_at",vt1_0."token",vt1_0."type",vt1_0."user_id" from "verification_tokens" vt1_0 [42102-224]
                at app//org.h2.message.DbException.getJdbcSQLException(DbException.java:514)
                at app//org.h2.message.DbException.getJdbcSQLException(DbException.java:489)
                at app//org.h2.message.DbException.get(DbException.java:223)
                at app//org.h2.message.DbException.get(DbException.java:199)
                at app//org.h2.command.Parser.getTableOrViewNotFoundDbException(Parser.java:8064)
                at app//org.h2.command.Parser.getTableOrViewNotFoundDbException(Parser.java:8035)
                at app//org.h2.command.Parser.readTableOrView(Parser.java:8024)
                at app//org.h2.command.Parser.readTablePrimary(Parser.java:1788)
                at app//org.h2.command.Parser.readTableReference(Parser.java:2268)
                at app//org.h2.command.Parser.parseSelectFromPart(Parser.java:2718)
                at app//org.h2.command.Parser.parseSelect(Parser.java:2824)
                at app//org.h2.command.Parser.parseQueryPrimary(Parser.java:2708)
                at app//org.h2.command.Parser.parseQueryTerm(Parser.java:2564)
                at app//org.h2.command.Parser.parseQueryExpressionBody(Parser.java:2543)
                at app//org.h2.command.Parser.parseQueryExpressionBodyAndEndOfQuery(Parser.java:2536)
                at app//org.h2.command.Parser.parseQueryExpression(Parser.java:2529)
                at app//org.h2.command.Parser.parseQuery(Parser.java:2498)
                at app//org.h2.command.Parser.parsePrepared(Parser.java:627)
                at app//org.h2.command.Parser.parse(Parser.java:592)
                at app//org.h2.command.Parser.parse(Parser.java:564)
                at app//org.h2.command.Parser.prepareCommand(Parser.java:483)
                at app//org.h2.engine.SessionLocal.prepareLocal(SessionLocal.java:639)
                at app//org.h2.engine.SessionLocal.prepareCommand(SessionLocal.java:559)
                at app//org.h2.jdbc.JdbcConnection.prepareCommand(JdbcConnection.java:1166)
                at app//org.h2.jdbc.JdbcPreparedStatement.<init>(JdbcPreparedStatement.java:93)
                at app//org.h2.jdbc.JdbcConnection.prepareStatement(JdbcConnection.java:316)
                at app//com.zaxxer.hikari.pool.ProxyConnection.prepareStatement(ProxyConnection.java:327)
                at app//com.zaxxer.hikari.pool.HikariProxyConnection.prepareStatement(HikariProxyConnection.java)
                at app//org.hibernate.engine.jdbc.internal.StatementPreparerImpl$5.doPrepare(StatementPreparerImpl.java:153)
                at app//org.hibernate.engine.jdbc.internal.StatementPreparerImpl$StatementPreparationTemplate.prepareStatement(StatementPreparerImpl.java:183)
                ... 50 more

AuthenticationControllerTest > verifyEmail_WithValidToken_ShouldVerifyEmail() STANDARD_OUT
    2025-04-06T08:34:45.873-07:00 DEBUG 44469 --- [    Test worker] org.hibernate.SQL                        : 
        select
            u1_0."id",
            u1_0."created_at",
            u1_0."display_name",
            u1_0."email",
            u1_0."email_verified",
            u1_0."first_name",
            u1_0."mobile_number",
            u1_0."password_hash",
            u1_0."remember_me_token",
            u1_0."updated_at",
            u1_0."user_address",
            u1_0."year_of_birth" 
        from
            "users" u1_0
    Hibernate: 
        select
            u1_0."id",
            u1_0."created_at",
            u1_0."display_name",
            u1_0."email",
            u1_0."email_verified",
            u1_0."first_name",
            u1_0."mobile_number",
            u1_0."password_hash",
            u1_0."remember_me_token",
            u1_0."updated_at",
            u1_0."user_address",
            u1_0."year_of_birth" 
        from
            "users" u1_0
    2025-04-06T08:34:45.874-07:00 DEBUG 44469 --- [    Test worker] org.hibernate.SQL                        : 
        select
            vt1_0."id",
            vt1_0."created_at",
            vt1_0."expires_at",
            vt1_0."token",
            vt1_0."type",
            vt1_0."user_id" 
        from
            "verification_tokens" vt1_0
    Hibernate: 
        select
            vt1_0."id",
            vt1_0."created_at",
            vt1_0."expires_at",
            vt1_0."token",
            vt1_0."type",
            vt1_0."user_id" 
        from
            "verification_tokens" vt1_0
    2025-04-06T08:34:45.874-07:00  WARN 44469 --- [    Test worker] o.h.engine.jdbc.spi.SqlExceptionHelper   : SQL Error: 42102, SQLState: 42S02
    2025-04-06T08:34:45.874-07:00 ERROR 44469 --- [    Test worker] o.h.engine.jdbc.spi.SqlExceptionHelper   : Table "verification_tokens" not found; SQL statement:
    select vt1_0."id",vt1_0."created_at",vt1_0."expires_at",vt1_0."token",vt1_0."type",vt1_0."user_id" from "verification_tokens" vt1_0 [42102-224]

AuthenticationControllerTest > verifyEmail_WithValidToken_ShouldVerifyEmail() FAILED
    org.springframework.dao.InvalidDataAccessResourceUsageException: could not prepare statement [Table "verification_tokens" not found; SQL statement:
    select vt1_0."id",vt1_0."created_at",vt1_0."expires_at",vt1_0."token",vt1_0."type",vt1_0."user_id" from "verification_tokens" vt1_0 [42102-224]] [select vt1_0."id",vt1_0."created_at",vt1_0."expires_at",vt1_0."token",vt1_0."type",vt1_0."user_id" from "verification_tokens" vt1_0]; SQL [select vt1_0."id",vt1_0."created_at",vt1_0."expires_at",vt1_0."token",vt1_0."type",vt1_0."user_id" from "verification_tokens" vt1_0]
        at app//org.springframework.orm.jpa.vendor.HibernateJpaDialect.convertHibernateAccessException(HibernateJpaDialect.java:277)
        at app//org.springframework.orm.jpa.vendor.HibernateJpaDialect.translateExceptionIfPossible(HibernateJpaDialect.java:241)
        at app//org.springframework.orm.jpa.AbstractEntityManagerFactoryBean.translateExceptionIfPossible(AbstractEntityManagerFactoryBean.java:550)
        at app//org.springframework.dao.support.ChainedPersistenceExceptionTranslator.translateExceptionIfPossible(ChainedPersistenceExceptionTranslator.java:61)
        at app//org.springframework.dao.support.DataAccessUtils.translateIfNecessary(DataAccessUtils.java:335)
        at app//org.springframework.dao.support.PersistenceExceptionTranslationInterceptor.invoke(PersistenceExceptionTranslationInterceptor.java:152)
        at app//org.springframework.aop.framework.ReflectiveMethodInvocation.proceed(ReflectiveMethodInvocation.java:184)
        at app//org.springframework.data.jpa.repository.support.CrudMethodMetadataPostProcessor$CrudMethodMetadataPopulatingMethodInterceptor.invoke(CrudMethodMetadataPostProcessor.java:164)
        at app//org.springframework.aop.framework.ReflectiveMethodInvocation.proceed(ReflectiveMethodInvocation.java:184)
        at app//org.springframework.aop.interceptor.ExposeInvocationInterceptor.invoke(ExposeInvocationInterceptor.java:97)
        at app//org.springframework.aop.framework.ReflectiveMethodInvocation.proceed(ReflectiveMethodInvocation.java:184)
        at app//org.springframework.aop.framework.JdkDynamicAopProxy.invoke(JdkDynamicAopProxy.java:220)
        at app/jdk.proxy3/jdk.proxy3.$Proxy145.deleteAll(Unknown Source)
        at app//com.heartrate.controller.v1.AuthenticationControllerTest.setUp(AuthenticationControllerTest.java:78)

        Caused by:
        org.hibernate.exception.SQLGrammarException: could not prepare statement [Table "verification_tokens" not found; SQL statement:
        select vt1_0."id",vt1_0."created_at",vt1_0."expires_at",vt1_0."token",vt1_0."type",vt1_0."user_id" from "verification_tokens" vt1_0 [42102-224]] [select vt1_0."id",vt1_0."created_at",vt1_0."expires_at",vt1_0."token",vt1_0."type",vt1_0."user_id" from "verification_tokens" vt1_0]
            at app//org.hibernate.exception.internal.SQLExceptionTypeDelegate.convert(SQLExceptionTypeDelegate.java:66)
            at app//org.hibernate.exception.internal.StandardSQLExceptionConverter.convert(StandardSQLExceptionConverter.java:58)
            at app//org.hibernate.engine.jdbc.spi.SqlExceptionHelper.convert(SqlExceptionHelper.java:108)
            at app//org.hibernate.engine.jdbc.internal.StatementPreparerImpl$StatementPreparationTemplate.prepareStatement(StatementPreparerImpl.java:194)
            at app//org.hibernate.engine.jdbc.internal.StatementPreparerImpl.prepareQueryStatement(StatementPreparerImpl.java:155)
            at app//org.hibernate.sql.exec.spi.JdbcSelectExecutor.lambda$list$0(JdbcSelectExecutor.java:85)
            at app//org.hibernate.sql.results.jdbc.internal.DeferredResultSetAccess.executeQuery(DeferredResultSetAccess.java:231)
            at app//org.hibernate.sql.results.jdbc.internal.DeferredResultSetAccess.getResultSet(DeferredResultSetAccess.java:167)
            at app//org.hibernate.sql.results.jdbc.internal.JdbcValuesResultSetImpl.advanceNext(JdbcValuesResultSetImpl.java:218)
            at app//org.hibernate.sql.results.jdbc.internal.JdbcValuesResultSetImpl.processNext(JdbcValuesResultSetImpl.java:98)
            at app//org.hibernate.sql.results.jdbc.internal.AbstractJdbcValues.next(AbstractJdbcValues.java:19)
            at app//org.hibernate.sql.results.internal.RowProcessingStateStandardImpl.next(RowProcessingStateStandardImpl.java:66)
            at app//org.hibernate.sql.results.spi.ListResultsConsumer.consume(ListResultsConsumer.java:202)
            at app//org.hibernate.sql.results.spi.ListResultsConsumer.consume(ListResultsConsumer.java:33)
            at app//org.hibernate.sql.exec.internal.JdbcSelectExecutorStandardImpl.doExecuteQuery(JdbcSelectExecutorStandardImpl.java:209)
            at app//org.hibernate.sql.exec.internal.JdbcSelectExecutorStandardImpl.executeQuery(JdbcSelectExecutorStandardImpl.java:83)
            at app//org.hibernate.sql.exec.spi.JdbcSelectExecutor.list(JdbcSelectExecutor.java:76)
            at app//org.hibernate.sql.exec.spi.JdbcSelectExecutor.list(JdbcSelectExecutor.java:65)
            at app//org.hibernate.query.sqm.internal.ConcreteSqmSelectQueryPlan.lambda$new$2(ConcreteSqmSelectQueryPlan.java:137)
            at app//org.hibernate.query.sqm.internal.ConcreteSqmSelectQueryPlan.withCacheableSqmInterpretation(ConcreteSqmSelectQueryPlan.java:362)
            at app//org.hibernate.query.sqm.internal.ConcreteSqmSelectQueryPlan.performList(ConcreteSqmSelectQueryPlan.java:303)
            at app//org.hibernate.query.sqm.internal.QuerySqmImpl.doList(QuerySqmImpl.java:509)
            at app//org.hibernate.query.spi.AbstractSelectionQuery.list(AbstractSelectionQuery.java:427)
            at app//org.hibernate.query.Query.getResultList(Query.java:120)
            at app//org.springframework.data.jpa.repository.support.SimpleJpaRepository.findAll(SimpleJpaRepository.java:383)
            at app//org.springframework.data.jpa.repository.support.SimpleJpaRepository.deleteAll(SimpleJpaRepository.java:283)
            at java.base@21.0.2/jdk.internal.reflect.DirectMethodHandleAccessor.invoke(DirectMethodHandleAccessor.java:103)
            at java.base@21.0.2/java.lang.reflect.Method.invoke(Method.java:580)
            at app//org.springframework.aop.support.AopUtils.invokeJoinpointUsingReflection(AopUtils.java:351)
            at app//org.springframework.data.repository.core.support.RepositoryMethodInvoker$RepositoryFragmentMethodInvoker.lambda$new$0(RepositoryMethodInvoker.java:277)
            at app//org.springframework.data.repository.core.support.RepositoryMethodInvoker.doInvoke(RepositoryMethodInvoker.java:170)
            at app//org.springframework.data.repository.core.support.RepositoryMethodInvoker.invoke(RepositoryMethodInvoker.java:158)
            at app//org.springframework.data.repository.core.support.RepositoryComposition$RepositoryFragments.invoke(RepositoryComposition.java:516)
            at app//org.springframework.data.repository.core.support.RepositoryComposition.invoke(RepositoryComposition.java:285)
            at app//org.springframework.data.repository.core.support.RepositoryFactorySupport$ImplementationMethodExecutionInterceptor.invoke(RepositoryFactorySupport.java:628)
            at app//org.springframework.aop.framework.ReflectiveMethodInvocation.proceed(ReflectiveMethodInvocation.java:184)
            at app//org.springframework.data.repository.core.support.QueryExecutorMethodInterceptor.doInvoke(QueryExecutorMethodInterceptor.java:168)
            at app//org.springframework.data.repository.core.support.QueryExecutorMethodInterceptor.invoke(QueryExecutorMethodInterceptor.java:143)
            at app//org.springframework.aop.framework.ReflectiveMethodInvocation.proceed(ReflectiveMethodInvocation.java:184)
            at app//org.springframework.data.projection.DefaultMethodInvokingMethodInterceptor.invoke(DefaultMethodInvokingMethodInterceptor.java:70)
            at app//org.springframework.aop.framework.ReflectiveMethodInvocation.proceed(ReflectiveMethodInvocation.java:184)
            at app//org.springframework.transaction.interceptor.TransactionInterceptor$1.proceedWithInvocation(TransactionInterceptor.java:123)
            at app//org.springframework.transaction.interceptor.TransactionAspectSupport.invokeWithinTransaction(TransactionAspectSupport.java:385)
            at app//org.springframework.transaction.interceptor.TransactionInterceptor.invoke(TransactionInterceptor.java:119)
            at app//org.springframework.aop.framework.ReflectiveMethodInvocation.proceed(ReflectiveMethodInvocation.java:184)
            at app//org.springframework.dao.support.PersistenceExceptionTranslationInterceptor.invoke(PersistenceExceptionTranslationInterceptor.java:137)
            ... 8 more

            Caused by:
            org.h2.jdbc.JdbcSQLSyntaxErrorException: Table "verification_tokens" not found; SQL statement:
            select vt1_0."id",vt1_0."created_at",vt1_0."expires_at",vt1_0."token",vt1_0."type",vt1_0."user_id" from "verification_tokens" vt1_0 [42102-224]
                at app//org.h2.message.DbException.getJdbcSQLException(DbException.java:514)
                at app//org.h2.message.DbException.getJdbcSQLException(DbException.java:489)
                at app//org.h2.message.DbException.get(DbException.java:223)
                at app//org.h2.message.DbException.get(DbException.java:199)
                at app//org.h2.command.Parser.getTableOrViewNotFoundDbException(Parser.java:8064)
                at app//org.h2.command.Parser.getTableOrViewNotFoundDbException(Parser.java:8035)
                at app//org.h2.command.Parser.readTableOrView(Parser.java:8024)
                at app//org.h2.command.Parser.readTablePrimary(Parser.java:1788)
                at app//org.h2.command.Parser.readTableReference(Parser.java:2268)
                at app//org.h2.command.Parser.parseSelectFromPart(Parser.java:2718)
                at app//org.h2.command.Parser.parseSelect(Parser.java:2824)
                at app//org.h2.command.Parser.parseQueryPrimary(Parser.java:2708)
                at app//org.h2.command.Parser.parseQueryTerm(Parser.java:2564)
                at app//org.h2.command.Parser.parseQueryExpressionBody(Parser.java:2543)
                at app//org.h2.command.Parser.parseQueryExpressionBodyAndEndOfQuery(Parser.java:2536)
                at app//org.h2.command.Parser.parseQueryExpression(Parser.java:2529)
                at app//org.h2.command.Parser.parseQuery(Parser.java:2498)
                at app//org.h2.command.Parser.parsePrepared(Parser.java:627)
                at app//org.h2.command.Parser.parse(Parser.java:592)
                at app//org.h2.command.Parser.parse(Parser.java:564)
                at app//org.h2.command.Parser.prepareCommand(Parser.java:483)
                at app//org.h2.engine.SessionLocal.prepareLocal(SessionLocal.java:639)
                at app//org.h2.engine.SessionLocal.prepareCommand(SessionLocal.java:559)
                at app//org.h2.jdbc.JdbcConnection.prepareCommand(JdbcConnection.java:1166)
                at app//org.h2.jdbc.JdbcPreparedStatement.<init>(JdbcPreparedStatement.java:93)
                at app//org.h2.jdbc.JdbcConnection.prepareStatement(JdbcConnection.java:316)
                at app//com.zaxxer.hikari.pool.ProxyConnection.prepareStatement(ProxyConnection.java:327)
                at app//com.zaxxer.hikari.pool.HikariProxyConnection.prepareStatement(HikariProxyConnection.java)
                at app//org.hibernate.engine.jdbc.internal.StatementPreparerImpl$5.doPrepare(StatementPreparerImpl.java:153)
                at app//org.hibernate.engine.jdbc.internal.StatementPreparerImpl$StatementPreparationTemplate.prepareStatement(StatementPreparerImpl.java:183)
                ... 50 more

AuthenticationControllerTest > login_WithUnverifiedEmail_ShouldReturnError() STANDARD_OUT
    2025-04-06T08:34:45.880-07:00 DEBUG 44469 --- [    Test worker] org.hibernate.SQL                        : 
        select
            u1_0."id",
            u1_0."created_at",
            u1_0."display_name",
            u1_0."email",
            u1_0."email_verified",
            u1_0."first_name",
            u1_0."mobile_number",
            u1_0."password_hash",
            u1_0."remember_me_token",
            u1_0."updated_at",
            u1_0."user_address",
            u1_0."year_of_birth" 
        from
            "users" u1_0
    Hibernate: 
        select
            u1_0."id",
            u1_0."created_at",
            u1_0."display_name",
            u1_0."email",
            u1_0."email_verified",
            u1_0."first_name",
            u1_0."mobile_number",
            u1_0."password_hash",
            u1_0."remember_me_token",
            u1_0."updated_at",
            u1_0."user_address",
            u1_0."year_of_birth" 
        from
            "users" u1_0
    2025-04-06T08:34:45.880-07:00 DEBUG 44469 --- [    Test worker] org.hibernate.SQL                        : 
        select
            vt1_0."id",
            vt1_0."created_at",
            vt1_0."expires_at",
            vt1_0."token",
            vt1_0."type",
            vt1_0."user_id" 
        from
            "verification_tokens" vt1_0
    Hibernate: 
        select
            vt1_0."id",
            vt1_0."created_at",
            vt1_0."expires_at",
            vt1_0."token",
            vt1_0."type",
            vt1_0."user_id" 
        from
            "verification_tokens" vt1_0
    2025-04-06T08:34:45.881-07:00  WARN 44469 --- [    Test worker] o.h.engine.jdbc.spi.SqlExceptionHelper   : SQL Error: 42102, SQLState: 42S02
    2025-04-06T08:34:45.881-07:00 ERROR 44469 --- [    Test worker] o.h.engine.jdbc.spi.SqlExceptionHelper   : Table "verification_tokens" not found; SQL statement:
    select vt1_0."id",vt1_0."created_at",vt1_0."expires_at",vt1_0."token",vt1_0."type",vt1_0."user_id" from "verification_tokens" vt1_0 [42102-224]

AuthenticationControllerTest > login_WithUnverifiedEmail_ShouldReturnError() FAILED
    org.springframework.dao.InvalidDataAccessResourceUsageException: could not prepare statement [Table "verification_tokens" not found; SQL statement:
    select vt1_0."id",vt1_0."created_at",vt1_0."expires_at",vt1_0."token",vt1_0."type",vt1_0."user_id" from "verification_tokens" vt1_0 [42102-224]] [select vt1_0."id",vt1_0."created_at",vt1_0."expires_at",vt1_0."token",vt1_0."type",vt1_0."user_id" from "verification_tokens" vt1_0]; SQL [select vt1_0."id",vt1_0."created_at",vt1_0."expires_at",vt1_0."token",vt1_0."type",vt1_0."user_id" from "verification_tokens" vt1_0]
        at app//org.springframework.orm.jpa.vendor.HibernateJpaDialect.convertHibernateAccessException(HibernateJpaDialect.java:277)
        at app//org.springframework.orm.jpa.vendor.HibernateJpaDialect.translateExceptionIfPossible(HibernateJpaDialect.java:241)
        at app//org.springframework.orm.jpa.AbstractEntityManagerFactoryBean.translateExceptionIfPossible(AbstractEntityManagerFactoryBean.java:550)
        at app//org.springframework.dao.support.ChainedPersistenceExceptionTranslator.translateExceptionIfPossible(ChainedPersistenceExceptionTranslator.java:61)
        at app//org.springframework.dao.support.DataAccessUtils.translateIfNecessary(DataAccessUtils.java:335)
        at app//org.springframework.dao.support.PersistenceExceptionTranslationInterceptor.invoke(PersistenceExceptionTranslationInterceptor.java:152)
        at app//org.springframework.aop.framework.ReflectiveMethodInvocation.proceed(ReflectiveMethodInvocation.java:184)
        at app//org.springframework.data.jpa.repository.support.CrudMethodMetadataPostProcessor$CrudMethodMetadataPopulatingMethodInterceptor.invoke(CrudMethodMetadataPostProcessor.java:164)
        at app//org.springframework.aop.framework.ReflectiveMethodInvocation.proceed(ReflectiveMethodInvocation.java:184)
        at app//org.springframework.aop.interceptor.ExposeInvocationInterceptor.invoke(ExposeInvocationInterceptor.java:97)
        at app//org.springframework.aop.framework.ReflectiveMethodInvocation.proceed(ReflectiveMethodInvocation.java:184)
        at app//org.springframework.aop.framework.JdkDynamicAopProxy.invoke(JdkDynamicAopProxy.java:220)
        at app/jdk.proxy3/jdk.proxy3.$Proxy145.deleteAll(Unknown Source)
        at app//com.heartrate.controller.v1.AuthenticationControllerTest.setUp(AuthenticationControllerTest.java:78)

        Caused by:
        org.hibernate.exception.SQLGrammarException: could not prepare statement [Table "verification_tokens" not found; SQL statement:
        select vt1_0."id",vt1_0."created_at",vt1_0."expires_at",vt1_0."token",vt1_0."type",vt1_0."user_id" from "verification_tokens" vt1_0 [42102-224]] [select vt1_0."id",vt1_0."created_at",vt1_0."expires_at",vt1_0."token",vt1_0."type",vt1_0."user_id" from "verification_tokens" vt1_0]
            at app//org.hibernate.exception.internal.SQLExceptionTypeDelegate.convert(SQLExceptionTypeDelegate.java:66)
            at app//org.hibernate.exception.internal.StandardSQLExceptionConverter.convert(StandardSQLExceptionConverter.java:58)
            at app//org.hibernate.engine.jdbc.spi.SqlExceptionHelper.convert(SqlExceptionHelper.java:108)
            at app//org.hibernate.engine.jdbc.internal.StatementPreparerImpl$StatementPreparationTemplate.prepareStatement(StatementPreparerImpl.java:194)
            at app//org.hibernate.engine.jdbc.internal.StatementPreparerImpl.prepareQueryStatement(StatementPreparerImpl.java:155)
            at app//org.hibernate.sql.exec.spi.JdbcSelectExecutor.lambda$list$0(JdbcSelectExecutor.java:85)
            at app//org.hibernate.sql.results.jdbc.internal.DeferredResultSetAccess.executeQuery(DeferredResultSetAccess.java:231)
            at app//org.hibernate.sql.results.jdbc.internal.DeferredResultSetAccess.getResultSet(DeferredResultSetAccess.java:167)
            at app//org.hibernate.sql.results.jdbc.internal.JdbcValuesResultSetImpl.advanceNext(JdbcValuesResultSetImpl.java:218)
            at app//org.hibernate.sql.results.jdbc.internal.JdbcValuesResultSetImpl.processNext(JdbcValuesResultSetImpl.java:98)
            at app//org.hibernate.sql.results.jdbc.internal.AbstractJdbcValues.next(AbstractJdbcValues.java:19)
            at app//org.hibernate.sql.results.internal.RowProcessingStateStandardImpl.next(RowProcessingStateStandardImpl.java:66)
            at app//org.hibernate.sql.results.spi.ListResultsConsumer.consume(ListResultsConsumer.java:202)
            at app//org.hibernate.sql.results.spi.ListResultsConsumer.consume(ListResultsConsumer.java:33)
            at app//org.hibernate.sql.exec.internal.JdbcSelectExecutorStandardImpl.doExecuteQuery(JdbcSelectExecutorStandardImpl.java:209)
            at app//org.hibernate.sql.exec.internal.JdbcSelectExecutorStandardImpl.executeQuery(JdbcSelectExecutorStandardImpl.java:83)
            at app//org.hibernate.sql.exec.spi.JdbcSelectExecutor.list(JdbcSelectExecutor.java:76)
            at app//org.hibernate.sql.exec.spi.JdbcSelectExecutor.list(JdbcSelectExecutor.java:65)
            at app//org.hibernate.query.sqm.internal.ConcreteSqmSelectQueryPlan.lambda$new$2(ConcreteSqmSelectQueryPlan.java:137)
            at app//org.hibernate.query.sqm.internal.ConcreteSqmSelectQueryPlan.withCacheableSqmInterpretation(ConcreteSqmSelectQueryPlan.java:362)
            at app//org.hibernate.query.sqm.internal.ConcreteSqmSelectQueryPlan.performList(ConcreteSqmSelectQueryPlan.java:303)
            at app//org.hibernate.query.sqm.internal.QuerySqmImpl.doList(QuerySqmImpl.java:509)
            at app//org.hibernate.query.spi.AbstractSelectionQuery.list(AbstractSelectionQuery.java:427)
            at app//org.hibernate.query.Query.getResultList(Query.java:120)
            at app//org.springframework.data.jpa.repository.support.SimpleJpaRepository.findAll(SimpleJpaRepository.java:383)
            at app//org.springframework.data.jpa.repository.support.SimpleJpaRepository.deleteAll(SimpleJpaRepository.java:283)
            at java.base@21.0.2/jdk.internal.reflect.DirectMethodHandleAccessor.invoke(DirectMethodHandleAccessor.java:103)
            at java.base@21.0.2/java.lang.reflect.Method.invoke(Method.java:580)
            at app//org.springframework.aop.support.AopUtils.invokeJoinpointUsingReflection(AopUtils.java:351)
            at app//org.springframework.data.repository.core.support.RepositoryMethodInvoker$RepositoryFragmentMethodInvoker.lambda$new$0(RepositoryMethodInvoker.java:277)
            at app//org.springframework.data.repository.core.support.RepositoryMethodInvoker.doInvoke(RepositoryMethodInvoker.java:170)
            at app//org.springframework.data.repository.core.support.RepositoryMethodInvoker.invoke(RepositoryMethodInvoker.java:158)
            at app//org.springframework.data.repository.core.support.RepositoryComposition$RepositoryFragments.invoke(RepositoryComposition.java:516)
            at app//org.springframework.data.repository.core.support.RepositoryComposition.invoke(RepositoryComposition.java:285)
            at app//org.springframework.data.repository.core.support.RepositoryFactorySupport$ImplementationMethodExecutionInterceptor.invoke(RepositoryFactorySupport.java:628)
            at app//org.springframework.aop.framework.ReflectiveMethodInvocation.proceed(ReflectiveMethodInvocation.java:184)
            at app//org.springframework.data.repository.core.support.QueryExecutorMethodInterceptor.doInvoke(QueryExecutorMethodInterceptor.java:168)
            at app//org.springframework.data.repository.core.support.QueryExecutorMethodInterceptor.invoke(QueryExecutorMethodInterceptor.java:143)
            at app//org.springframework.aop.framework.ReflectiveMethodInvocation.proceed(ReflectiveMethodInvocation.java:184)
            at app//org.springframework.data.projection.DefaultMethodInvokingMethodInterceptor.invoke(DefaultMethodInvokingMethodInterceptor.java:70)
            at app//org.springframework.aop.framework.ReflectiveMethodInvocation.proceed(ReflectiveMethodInvocation.java:184)
            at app//org.springframework.transaction.interceptor.TransactionInterceptor$1.proceedWithInvocation(TransactionInterceptor.java:123)
            at app//org.springframework.transaction.interceptor.TransactionAspectSupport.invokeWithinTransaction(TransactionAspectSupport.java:385)
            at app//org.springframework.transaction.interceptor.TransactionInterceptor.invoke(TransactionInterceptor.java:119)
            at app//org.springframework.aop.framework.ReflectiveMethodInvocation.proceed(ReflectiveMethodInvocation.java:184)
            at app//org.springframework.dao.support.PersistenceExceptionTranslationInterceptor.invoke(PersistenceExceptionTranslationInterceptor.java:137)
            ... 8 more

            Caused by:
            org.h2.jdbc.JdbcSQLSyntaxErrorException: Table "verification_tokens" not found; SQL statement:
            select vt1_0."id",vt1_0."created_at",vt1_0."expires_at",vt1_0."token",vt1_0."type",vt1_0."user_id" from "verification_tokens" vt1_0 [42102-224]
                at app//org.h2.message.DbException.getJdbcSQLException(DbException.java:514)
                at app//org.h2.message.DbException.getJdbcSQLException(DbException.java:489)
                at app//org.h2.message.DbException.get(DbException.java:223)
                at app//org.h2.message.DbException.get(DbException.java:199)
                at app//org.h2.command.Parser.getTableOrViewNotFoundDbException(Parser.java:8064)
                at app//org.h2.command.Parser.getTableOrViewNotFoundDbException(Parser.java:8035)
                at app//org.h2.command.Parser.readTableOrView(Parser.java:8024)
                at app//org.h2.command.Parser.readTablePrimary(Parser.java:1788)
                at app//org.h2.command.Parser.readTableReference(Parser.java:2268)
                at app//org.h2.command.Parser.parseSelectFromPart(Parser.java:2718)
                at app//org.h2.command.Parser.parseSelect(Parser.java:2824)
                at app//org.h2.command.Parser.parseQueryPrimary(Parser.java:2708)
                at app//org.h2.command.Parser.parseQueryTerm(Parser.java:2564)
                at app//org.h2.command.Parser.parseQueryExpressionBody(Parser.java:2543)
                at app//org.h2.command.Parser.parseQueryExpressionBodyAndEndOfQuery(Parser.java:2536)
                at app//org.h2.command.Parser.parseQueryExpression(Parser.java:2529)
                at app//org.h2.command.Parser.parseQuery(Parser.java:2498)
                at app//org.h2.command.Parser.parsePrepared(Parser.java:627)
                at app//org.h2.command.Parser.parse(Parser.java:592)
                at app//org.h2.command.Parser.parse(Parser.java:564)
                at app//org.h2.command.Parser.prepareCommand(Parser.java:483)
                at app//org.h2.engine.SessionLocal.prepareLocal(SessionLocal.java:639)
                at app//org.h2.engine.SessionLocal.prepareCommand(SessionLocal.java:559)
                at app//org.h2.jdbc.JdbcConnection.prepareCommand(JdbcConnection.java:1166)
                at app//org.h2.jdbc.JdbcPreparedStatement.<init>(JdbcPreparedStatement.java:93)
                at app//org.h2.jdbc.JdbcConnection.prepareStatement(JdbcConnection.java:316)
                at app//com.zaxxer.hikari.pool.ProxyConnection.prepareStatement(ProxyConnection.java:327)
                at app//com.zaxxer.hikari.pool.HikariProxyConnection.prepareStatement(HikariProxyConnection.java)
                at app//org.hibernate.engine.jdbc.internal.StatementPreparerImpl$5.doPrepare(StatementPreparerImpl.java:153)
                at app//org.hibernate.engine.jdbc.internal.StatementPreparerImpl$StatementPreparationTemplate.prepareStatement(StatementPreparerImpl.java:183)
                ... 50 more

UserProfileControllerTest STANDARD_OUT
    2025-04-06T08:34:45.886-07:00  INFO 44469 --- [    Test worker] t.c.s.AnnotationConfigContextLoaderUtils : Could not detect default configuration classes for test class [com.heartrate.controller.v1.UserProfileControllerTest]: UserProfileControllerTest does not declare any static, non-private, non-final, nested classes annotated with @Configuration.
    2025-04-06T08:34:45.887-07:00  INFO 44469 --- [    Test worker] .b.t.c.SpringBootTestContextBootstrapper : Found @SpringBootConfiguration com.heartrate.BackendApplication for test class com.heartrate.controller.v1.UserProfileControllerTest

UserProfileControllerTest > changePassword_WithIncorrectCurrentPassword_ShouldReturn400() STANDARD_OUT
    2025-04-06T08:34:45.982-07:00 DEBUG 44469 --- [    Test worker] org.hibernate.SQL                        : 
        select
            u1_0."id",
            u1_0."created_at",
            u1_0."display_name",
            u1_0."email",
            u1_0."email_verified",
            u1_0."first_name",
            u1_0."mobile_number",
            u1_0."password_hash",
            u1_0."remember_me_token",
            u1_0."updated_at",
            u1_0."user_address",
            u1_0."year_of_birth" 
        from
            "users" u1_0 
        where
            u1_0."id"=?
    Hibernate: 
        select
            u1_0."id",
            u1_0."created_at",
            u1_0."display_name",
            u1_0."email",
            u1_0."email_verified",
            u1_0."first_name",
            u1_0."mobile_number",
            u1_0."password_hash",
            u1_0."remember_me_token",
            u1_0."updated_at",
            u1_0."user_address",
            u1_0."year_of_birth" 
        from
            "users" u1_0 
        where
            u1_0."id"=?
    2025-04-06T08:34:46.018-07:00 DEBUG 44469 --- [    Test worker] o.s.s.w.h.S.SESSION_LOGGER               : No session found by id: Caching result for getSession(false) for this HttpServletRequest.
    2025-04-06T08:34:46.018-07:00 DEBUG 44469 --- [    Test worker] o.s.s.w.h.S.SESSION_LOGGER               : No session found by id: Caching result for getSession(false) for this HttpServletRequest.
    2025-04-06T08:34:46.018-07:00 DEBUG 44469 --- [    Test worker] o.s.s.w.h.S.SESSION_LOGGER               : A new session was created. To help you troubleshoot where the session was created we provided a StackTrace (this is not an error). You can prevent this from appearing by disabling DEBUG logging for org.springframework.session.web.http.SessionRepositoryFilter.SESSION_LOGGER

    java.lang.RuntimeException: For debugging purposes only (not an error)
    	at org.springframework.session.web.http.SessionRepositoryFilter$SessionRepositoryRequestWrapper.getSession(SessionRepositoryFilter.java:314) ~[spring-session-core-3.2.1.jar:3.2.1]
    	at org.springframework.session.web.http.SessionRepositoryFilter$SessionRepositoryRequestWrapper.getSession(SessionRepositoryFilter.java:328) ~[spring-session-core-3.2.1.jar:3.2.1]
    	at org.springframework.session.web.http.SessionRepositoryFilter$SessionRepositoryRequestWrapper.getSession(SessionRepositoryFilter.java:193) ~[spring-session-core-3.2.1.jar:3.2.1]
    	at jakarta.servlet.http.HttpServletRequestWrapper.getSession(HttpServletRequestWrapper.java:229) ~[tomcat-embed-core-10.1.19.jar:6.0]
    	at jakarta.servlet.http.HttpServletRequestWrapper.getSession(HttpServletRequestWrapper.java:229) ~[tomcat-embed-core-10.1.19.jar:6.0]
    	at org.springframework.security.web.csrf.HttpSessionCsrfTokenRepository.saveToken(HttpSessionCsrfTokenRepository.java:58) ~[spring-security-web-6.2.2.jar:6.2.2]
    	at org.springframework.security.web.csrf.RepositoryDeferredCsrfToken.init(RepositoryDeferredCsrfToken.java:67) ~[spring-security-web-6.2.2.jar:6.2.2]
    	at org.springframework.security.web.csrf.RepositoryDeferredCsrfToken.get(RepositoryDeferredCsrfToken.java:48) ~[spring-security-web-6.2.2.jar:6.2.2]
    	at org.springframework.security.web.csrf.CsrfFilter.doFilterInternal(CsrfFilter.java:120) ~[spring-security-web-6.2.2.jar:6.2.2]
    	at org.springframework.web.filter.OncePerRequestFilter.doFilter(OncePerRequestFilter.java:116) ~[spring-web-6.1.4.jar:6.1.4]
    	at org.springframework.security.web.FilterChainProxy$VirtualFilterChain.doFilter(FilterChainProxy.java:374) ~[spring-security-web-6.2.2.jar:6.2.2]
    	at org.springframework.web.filter.CorsFilter.doFilterInternal(CorsFilter.java:91) ~[spring-web-6.1.4.jar:6.1.4]
    	at org.springframework.web.filter.OncePerRequestFilter.doFilter(OncePerRequestFilter.java:116) ~[spring-web-6.1.4.jar:6.1.4]
    	at org.springframework.security.web.FilterChainProxy$VirtualFilterChain.doFilter(FilterChainProxy.java:374) ~[spring-security-web-6.2.2.jar:6.2.2]
    	at org.springframework.security.web.header.HeaderWriterFilter.doHeadersAfter(HeaderWriterFilter.java:90) ~[spring-security-web-6.2.2.jar:6.2.2]
    	at org.springframework.security.web.header.HeaderWriterFilter.doFilterInternal(HeaderWriterFilter.java:75) ~[spring-security-web-6.2.2.jar:6.2.2]
    	at org.springframework.web.filter.OncePerRequestFilter.doFilter(OncePerRequestFilter.java:116) ~[spring-web-6.1.4.jar:6.1.4]
    	at org.springframework.security.web.FilterChainProxy$VirtualFilterChain.doFilter(FilterChainProxy.java:374) ~[spring-security-web-6.2.2.jar:6.2.2]
    	at org.springframework.security.web.context.SecurityContextHolderFilter.doFilter(SecurityContextHolderFilter.java:82) ~[spring-security-web-6.2.2.jar:6.2.2]
    	at org.springframework.security.web.context.SecurityContextHolderFilter.doFilter(SecurityContextHolderFilter.java:69) ~[spring-security-web-6.2.2.jar:6.2.2]
    	at org.springframework.security.web.FilterChainProxy$VirtualFilterChain.doFilter(FilterChainProxy.java:374) ~[spring-security-web-6.2.2.jar:6.2.2]
    	at org.springframework.security.web.context.request.async.WebAsyncManagerIntegrationFilter.doFilterInternal(WebAsyncManagerIntegrationFilter.java:62) ~[spring-security-web-6.2.2.jar:6.2.2]
    	at org.springframework.web.filter.OncePerRequestFilter.doFilter(OncePerRequestFilter.java:116) ~[spring-web-6.1.4.jar:6.1.4]
    	at org.springframework.security.web.FilterChainProxy$VirtualFilterChain.doFilter(FilterChainProxy.java:374) ~[spring-security-web-6.2.2.jar:6.2.2]
    	at org.springframework.security.web.session.DisableEncodeUrlFilter.doFilterInternal(DisableEncodeUrlFilter.java:42) ~[spring-security-web-6.2.2.jar:6.2.2]
    	at org.springframework.web.filter.OncePerRequestFilter.doFilter(OncePerRequestFilter.java:116) ~[spring-web-6.1.4.jar:6.1.4]
    	at org.springframework.security.web.FilterChainProxy$VirtualFilterChain.doFilter(FilterChainProxy.java:374) ~[spring-security-web-6.2.2.jar:6.2.2]
    	at org.springframework.security.web.FilterChainProxy.doFilterInternal(FilterChainProxy.java:233) ~[spring-security-web-6.2.2.jar:6.2.2]
    	at org.springframework.security.web.FilterChainProxy.doFilter(FilterChainProxy.java:191) ~[spring-security-web-6.2.2.jar:6.2.2]
    	at org.springframework.web.filter.CompositeFilter$VirtualFilterChain.doFilter(CompositeFilter.java:113) ~[spring-web-6.1.4.jar:6.1.4]
    	at org.springframework.web.servlet.handler.HandlerMappingIntrospector.lambda$createCacheFilter$3(HandlerMappingIntrospector.java:195) ~[spring-webmvc-6.1.4.jar:6.1.4]
    	at org.springframework.web.filter.CompositeFilter$VirtualFilterChain.doFilter(CompositeFilter.java:113) ~[spring-web-6.1.4.jar:6.1.4]
    	at org.springframework.web.filter.CompositeFilter.doFilter(CompositeFilter.java:74) ~[spring-web-6.1.4.jar:6.1.4]
    	at org.springframework.security.config.annotation.web.configuration.WebMvcSecurityConfiguration$CompositeFilterChainProxy.doFilter(WebMvcSecurityConfiguration.java:230) ~[spring-security-config-6.2.2.jar:6.2.2]
    	at org.springframework.web.filter.DelegatingFilterProxy.invokeDelegate(DelegatingFilterProxy.java:352) ~[spring-web-6.1.4.jar:6.1.4]
    	at org.springframework.web.filter.DelegatingFilterProxy.doFilter(DelegatingFilterProxy.java:268) ~[spring-web-6.1.4.jar:6.1.4]
    	at org.springframework.test.web.servlet.setup.MockMvcFilterDecorator.doFilter(MockMvcFilterDecorator.java:151) ~[spring-test-6.1.4.jar:6.1.4]
    	at org.springframework.mock.web.MockFilterChain.doFilter(MockFilterChain.java:132) ~[spring-test-6.1.4.jar:6.1.4]
    	at org.springframework.web.filter.RequestContextFilter.doFilterInternal(RequestContextFilter.java:100) ~[spring-web-6.1.4.jar:6.1.4]
    	at org.springframework.web.filter.OncePerRequestFilter.doFilter(OncePerRequestFilter.java:116) ~[spring-web-6.1.4.jar:6.1.4]
    	at org.springframework.test.web.servlet.setup.MockMvcFilterDecorator.doFilter(MockMvcFilterDecorator.java:151) ~[spring-test-6.1.4.jar:6.1.4]
    	at org.springframework.mock.web.MockFilterChain.doFilter(MockFilterChain.java:132) ~[spring-test-6.1.4.jar:6.1.4]
    	at org.springframework.web.filter.FormContentFilter.doFilterInternal(FormContentFilter.java:93) ~[spring-web-6.1.4.jar:6.1.4]
    	at org.springframework.web.filter.OncePerRequestFilter.doFilter(OncePerRequestFilter.java:116) ~[spring-web-6.1.4.jar:6.1.4]
    	at org.springframework.test.web.servlet.setup.MockMvcFilterDecorator.doFilter(MockMvcFilterDecorator.java:151) ~[spring-test-6.1.4.jar:6.1.4]
    	at org.springframework.mock.web.MockFilterChain.doFilter(MockFilterChain.java:132) ~[spring-test-6.1.4.jar:6.1.4]
    	at org.springframework.session.web.http.SessionRepositoryFilter.doFilterInternal(SessionRepositoryFilter.java:142) ~[spring-session-core-3.2.1.jar:3.2.1]
    	at org.springframework.session.web.http.OncePerRequestFilter.doFilter(OncePerRequestFilter.java:82) ~[spring-session-core-3.2.1.jar:3.2.1]
    	at org.springframework.web.filter.DelegatingFilterProxy.invokeDelegate(DelegatingFilterProxy.java:352) ~[spring-web-6.1.4.jar:6.1.4]
    	at org.springframework.web.filter.DelegatingFilterProxy.doFilter(DelegatingFilterProxy.java:268) ~[spring-web-6.1.4.jar:6.1.4]
    	at org.springframework.test.web.servlet.setup.MockMvcFilterDecorator.doFilter(MockMvcFilterDecorator.java:151) ~[spring-test-6.1.4.jar:6.1.4]
    	at org.springframework.mock.web.MockFilterChain.doFilter(MockFilterChain.java:132) ~[spring-test-6.1.4.jar:6.1.4]
    	at org.springframework.web.filter.CharacterEncodingFilter.doFilterInternal(CharacterEncodingFilter.java:201) ~[spring-web-6.1.4.jar:6.1.4]
    	at org.springframework.web.filter.OncePerRequestFilter.doFilter(OncePerRequestFilter.java:116) ~[spring-web-6.1.4.jar:6.1.4]
    	at org.springframework.test.web.servlet.setup.MockMvcFilterDecorator.doFilter(MockMvcFilterDecorator.java:151) ~[spring-test-6.1.4.jar:6.1.4]
    	at org.springframework.mock.web.MockFilterChain.doFilter(MockFilterChain.java:132) ~[spring-test-6.1.4.jar:6.1.4]
    	at org.springframework.test.web.servlet.MockMvc.perform(MockMvc.java:201) ~[spring-test-6.1.4.jar:6.1.4]
    	at com.heartrate.controller.v1.UserProfileControllerTest.changePassword_WithIncorrectCurrentPassword_ShouldReturn400(UserProfileControllerTest.java:215) ~[test/:na]
    	at java.base/jdk.internal.reflect.DirectMethodHandleAccessor.invoke(DirectMethodHandleAccessor.java:103) ~[na:na]
    	at java.base/java.lang.reflect.Method.invoke(Method.java:580) ~[na:na]
    	at org.junit.platform.commons.util.ReflectionUtils.invokeMethod(ReflectionUtils.java:728) ~[junit-platform-commons-1.10.2.jar:1.10.2]
    	at org.junit.jupiter.engine.execution.MethodInvocation.proceed(MethodInvocation.java:60) ~[junit-jupiter-engine-5.10.2.jar:5.10.2]
    	at org.junit.jupiter.engine.execution.InvocationInterceptorChain$ValidatingInvocation.proceed(InvocationInterceptorChain.java:131) ~[junit-jupiter-engine-5.10.2.jar:5.10.2]
    	at org.junit.jupiter.engine.extension.TimeoutExtension.intercept(TimeoutExtension.java:156) ~[junit-jupiter-engine-5.10.2.jar:5.10.2]
    	at org.junit.jupiter.engine.extension.TimeoutExtension.interceptTestableMethod(TimeoutExtension.java:147) ~[junit-jupiter-engine-5.10.2.jar:5.10.2]
    	at org.junit.jupiter.engine.extension.TimeoutExtension.interceptTestMethod(TimeoutExtension.java:86) ~[junit-jupiter-engine-5.10.2.jar:5.10.2]
    	at org.junit.jupiter.engine.execution.InterceptingExecutableInvoker$ReflectiveInterceptorCall.lambda$ofVoidMethod$0(InterceptingExecutableInvoker.java:103) ~[junit-jupiter-engine-5.10.2.jar:5.10.2]
    	at org.junit.jupiter.engine.execution.InterceptingExecutableInvoker.lambda$invoke$0(InterceptingExecutableInvoker.java:93) ~[junit-jupiter-engine-5.10.2.jar:5.10.2]
    	at org.junit.jupiter.engine.execution.InvocationInterceptorChain$InterceptedInvocation.proceed(InvocationInterceptorChain.java:106) ~[junit-jupiter-engine-5.10.2.jar:5.10.2]
    	at org.junit.jupiter.engine.execution.InvocationInterceptorChain.proceed(InvocationInterceptorChain.java:64) ~[junit-jupiter-engine-5.10.2.jar:5.10.2]
    	at org.junit.jupiter.engine.execution.InvocationInterceptorChain.chainAndInvoke(InvocationInterceptorChain.java:45) ~[junit-jupiter-engine-5.10.2.jar:5.10.2]
    	at org.junit.jupiter.engine.execution.InvocationInterceptorChain.invoke(InvocationInterceptorChain.java:37) ~[junit-jupiter-engine-5.10.2.jar:5.10.2]
    	at org.junit.jupiter.engine.execution.InterceptingExecutableInvoker.invoke(InterceptingExecutableInvoker.java:92) ~[junit-jupiter-engine-5.10.2.jar:5.10.2]
    	at org.junit.jupiter.engine.execution.InterceptingExecutableInvoker.invoke(InterceptingExecutableInvoker.java:86) ~[junit-jupiter-engine-5.10.2.jar:5.10.2]
    	at org.junit.jupiter.engine.descriptor.TestMethodTestDescriptor.lambda$invokeTestMethod$7(TestMethodTestDescriptor.java:218) ~[junit-jupiter-engine-5.10.2.jar:5.10.2]
    	at org.junit.platform.engine.support.hierarchical.ThrowableCollector.execute(ThrowableCollector.java:73) ~[junit-platform-engine-1.10.2.jar:1.10.2]
    	at org.junit.jupiter.engine.descriptor.TestMethodTestDescriptor.invokeTestMethod(TestMethodTestDescriptor.java:214) ~[junit-jupiter-engine-5.10.2.jar:5.10.2]
    	at org.junit.jupiter.engine.descriptor.TestMethodTestDescriptor.execute(TestMethodTestDescriptor.java:139) ~[junit-jupiter-engine-5.10.2.jar:5.10.2]
    	at org.junit.jupiter.engine.descriptor.TestMethodTestDescriptor.execute(TestMethodTestDescriptor.java:69) ~[junit-jupiter-engine-5.10.2.jar:5.10.2]
    	at org.junit.platform.engine.support.hierarchical.NodeTestTask.lambda$executeRecursively$6(NodeTestTask.java:151) ~[junit-platform-engine-1.10.2.jar:1.10.2]
    	at org.junit.platform.engine.support.hierarchical.ThrowableCollector.execute(ThrowableCollector.java:73) ~[junit-platform-engine-1.10.2.jar:1.10.2]
    	at org.junit.platform.engine.support.hierarchical.NodeTestTask.lambda$executeRecursively$8(NodeTestTask.java:141) ~[junit-platform-engine-1.10.2.jar:1.10.2]
    	at org.junit.platform.engine.support.hierarchical.Node.around(Node.java:137) ~[junit-platform-engine-1.10.2.jar:1.10.2]
    	at org.junit.platform.engine.support.hierarchical.NodeTestTask.lambda$executeRecursively$9(NodeTestTask.java:139) ~[junit-platform-engine-1.10.2.jar:1.10.2]
    	at org.junit.platform.engine.support.hierarchical.ThrowableCollector.execute(ThrowableCollector.java:73) ~[junit-platform-engine-1.10.2.jar:1.10.2]
    	at org.junit.platform.engine.support.hierarchical.NodeTestTask.executeRecursively(NodeTestTask.java:138) ~[junit-platform-engine-1.10.2.jar:1.10.2]
    	at org.junit.platform.engine.support.hierarchical.NodeTestTask.execute(NodeTestTask.java:95) ~[junit-platform-engine-1.10.2.jar:1.10.2]
    	at java.base/java.util.ArrayList.forEach(ArrayList.java:1596) ~[na:na]
    	at org.junit.platform.engine.support.hierarchical.SameThreadHierarchicalTestExecutorService.invokeAll(SameThreadHierarchicalTestExecutorService.java:41) ~[junit-platform-engine-1.10.2.jar:1.10.2]
    	at org.junit.platform.engine.support.hierarchical.NodeTestTask.lambda$executeRecursively$6(NodeTestTask.java:155) ~[junit-platform-engine-1.10.2.jar:1.10.2]
    	at org.junit.platform.engine.support.hierarchical.ThrowableCollector.execute(ThrowableCollector.java:73) ~[junit-platform-engine-1.10.2.jar:1.10.2]
    	at org.junit.platform.engine.support.hierarchical.NodeTestTask.lambda$executeRecursively$8(NodeTestTask.java:141) ~[junit-platform-engine-1.10.2.jar:1.10.2]
    	at org.junit.platform.engine.support.hierarchical.Node.around(Node.java:137) ~[junit-platform-engine-1.10.2.jar:1.10.2]
    	at org.junit.platform.engine.support.hierarchical.NodeTestTask.lambda$executeRecursively$9(NodeTestTask.java:139) ~[junit-platform-engine-1.10.2.jar:1.10.2]
    	at org.junit.platform.engine.support.hierarchical.ThrowableCollector.execute(ThrowableCollector.java:73) ~[junit-platform-engine-1.10.2.jar:1.10.2]
    	at org.junit.platform.engine.support.hierarchical.NodeTestTask.executeRecursively(NodeTestTask.java:138) ~[junit-platform-engine-1.10.2.jar:1.10.2]
    	at org.junit.platform.engine.support.hierarchical.NodeTestTask.execute(NodeTestTask.java:95) ~[junit-platform-engine-1.10.2.jar:1.10.2]
    	at java.base/java.util.ArrayList.forEach(ArrayList.java:1596) ~[na:na]
    	at org.junit.platform.engine.support.hierarchical.SameThreadHierarchicalTestExecutorService.invokeAll(SameThreadHierarchicalTestExecutorService.java:41) ~[junit-platform-engine-1.10.2.jar:1.10.2]
    	at org.junit.platform.engine.support.hierarchical.NodeTestTask.lambda$executeRecursively$6(NodeTestTask.java:155) ~[junit-platform-engine-1.10.2.jar:1.10.2]
    	at org.junit.platform.engine.support.hierarchical.ThrowableCollector.execute(ThrowableCollector.java:73) ~[junit-platform-engine-1.10.2.jar:1.10.2]
    	at org.junit.platform.engine.support.hierarchical.NodeTestTask.lambda$executeRecursively$8(NodeTestTask.java:141) ~[junit-platform-engine-1.10.2.jar:1.10.2]
    	at org.junit.platform.engine.support.hierarchical.Node.around(Node.java:137) ~[junit-platform-engine-1.10.2.jar:1.10.2]
    	at org.junit.platform.engine.support.hierarchical.NodeTestTask.lambda$executeRecursively$9(NodeTestTask.java:139) ~[junit-platform-engine-1.10.2.jar:1.10.2]
    	at org.junit.platform.engine.support.hierarchical.ThrowableCollector.execute(ThrowableCollector.java:73) ~[junit-platform-engine-1.10.2.jar:1.10.2]
    	at org.junit.platform.engine.support.hierarchical.NodeTestTask.executeRecursively(NodeTestTask.java:138) ~[junit-platform-engine-1.10.2.jar:1.10.2]
    	at org.junit.platform.engine.support.hierarchical.NodeTestTask.execute(NodeTestTask.java:95) ~[junit-platform-engine-1.10.2.jar:1.10.2]
    	at org.junit.platform.engine.support.hierarchical.SameThreadHierarchicalTestExecutorService.submit(SameThreadHierarchicalTestExecutorService.java:35) ~[junit-platform-engine-1.10.2.jar:1.10.2]
    	at org.junit.platform.engine.support.hierarchical.HierarchicalTestExecutor.execute(HierarchicalTestExecutor.java:57) ~[junit-platform-engine-1.10.2.jar:1.10.2]
    	at org.junit.platform.engine.support.hierarchical.HierarchicalTestEngine.execute(HierarchicalTestEngine.java:54) ~[junit-platform-engine-1.10.2.jar:1.10.2]
    	at org.junit.platform.launcher.core.EngineExecutionOrchestrator.execute(EngineExecutionOrchestrator.java:107) ~[junit-platform-launcher-1.8.2.jar:1.8.2]
    	at org.junit.platform.launcher.core.EngineExecutionOrchestrator.execute(EngineExecutionOrchestrator.java:88) ~[junit-platform-launcher-1.8.2.jar:1.8.2]
    	at org.junit.platform.launcher.core.EngineExecutionOrchestrator.lambda$execute$0(EngineExecutionOrchestrator.java:54) ~[junit-platform-launcher-1.8.2.jar:1.8.2]
    	at org.junit.platform.launcher.core.EngineExecutionOrchestrator.withInterceptedStreams(EngineExecutionOrchestrator.java:67) ~[junit-platform-launcher-1.8.2.jar:1.8.2]
    	at org.junit.platform.launcher.core.EngineExecutionOrchestrator.execute(EngineExecutionOrchestrator.java:52) ~[junit-platform-launcher-1.8.2.jar:1.8.2]
    	at org.junit.platform.launcher.core.DefaultLauncher.execute(DefaultLauncher.java:114) ~[junit-platform-launcher-1.8.2.jar:1.8.2]
    	at org.junit.platform.launcher.core.DefaultLauncher.execute(DefaultLauncher.java:86) ~[junit-platform-launcher-1.8.2.jar:1.8.2]
    	at org.junit.platform.launcher.core.DefaultLauncherSession$DelegatingLauncher.execute(DefaultLauncherSession.java:86) ~[junit-platform-launcher-1.8.2.jar:1.8.2]
    	at org.gradle.api.internal.tasks.testing.junitplatform.JUnitPlatformTestClassProcessor$CollectAllTestClassesExecutor.processAllTestClasses(JUnitPlatformTestClassProcessor.java:124) ~[na:na]
    	at org.gradle.api.internal.tasks.testing.junitplatform.JUnitPlatformTestClassProcessor$CollectAllTestClassesExecutor.access$000(JUnitPlatformTestClassProcessor.java:99) ~[na:na]
    	at org.gradle.api.internal.tasks.testing.junitplatform.JUnitPlatformTestClassProcessor.stop(JUnitPlatformTestClassProcessor.java:94) ~[na:na]
    	at org.gradle.api.internal.tasks.testing.SuiteTestClassProcessor.stop(SuiteTestClassProcessor.java:63) ~[na:na]
    	at java.base/jdk.internal.reflect.DirectMethodHandleAccessor.invoke(DirectMethodHandleAccessor.java:103) ~[na:na]
    	at java.base/java.lang.reflect.Method.invoke(Method.java:580) ~[na:na]
    	at org.gradle.internal.dispatch.ReflectionDispatch.dispatch(ReflectionDispatch.java:36) ~[na:na]
    	at org.gradle.internal.dispatch.ReflectionDispatch.dispatch(ReflectionDispatch.java:24) ~[na:na]
    	at org.gradle.internal.dispatch.ContextClassLoaderDispatch.dispatch(ContextClassLoaderDispatch.java:33) ~[na:na]
    	at org.gradle.internal.dispatch.ProxyDispatchAdapter$DispatchingInvocationHandler.invoke(ProxyDispatchAdapter.java:92) ~[na:na]
    	at jdk.proxy1/jdk.proxy1.$Proxy4.stop(Unknown Source) ~[na:na]
    	at org.gradle.api.internal.tasks.testing.worker.TestWorker$3.run(TestWorker.java:200) ~[na:na]
    	at org.gradle.api.internal.tasks.testing.worker.TestWorker.executeAndMaintainThreadName(TestWorker.java:132) ~[na:na]
    	at org.gradle.api.internal.tasks.testing.worker.TestWorker.execute(TestWorker.java:103) ~[na:na]
    	at org.gradle.api.internal.tasks.testing.worker.TestWorker.execute(TestWorker.java:63) ~[na:na]
    	at org.gradle.process.internal.worker.child.ActionExecutionWorker.execute(ActionExecutionWorker.java:56) ~[na:na]
    	at org.gradle.process.internal.worker.child.SystemApplicationClassLoaderWorker.call(SystemApplicationClassLoaderWorker.java:121) ~[na:na]
    	at org.gradle.process.internal.worker.child.SystemApplicationClassLoaderWorker.call(SystemApplicationClassLoaderWorker.java:71) ~[na:na]
    	at worker.org.gradle.process.internal.worker.GradleWorkerMain.run(GradleWorkerMain.java:69) ~[gradle-worker.jar:na]
    	at worker.org.gradle.process.internal.worker.GradleWorkerMain.main(GradleWorkerMain.java:74) ~[gradle-worker.jar:na]


UserProfileControllerTest > changePassword_WithIncorrectCurrentPassword_ShouldReturn400() FAILED
    org.springframework.jdbc.BadSqlGrammarException: PreparedStatementCallback; bad SQL grammar [INSERT INTO SPRING_SESSION (PRIMARY_ID, SESSION_ID, CREATION_TIME, LAST_ACCESS_TIME, MAX_INACTIVE_INTERVAL, EXPIRY_TIME, PRINCIPAL_NAME)
    VALUES (?, ?, ?, ?, ?, ?, ?)
    ]
        at app//org.springframework.jdbc.support.SQLErrorCodeSQLExceptionTranslator.doTranslate(SQLErrorCodeSQLExceptionTranslator.java:246)
        at app//org.springframework.jdbc.support.AbstractFallbackSQLExceptionTranslator.translate(AbstractFallbackSQLExceptionTranslator.java:107)
        at app//org.springframework.jdbc.core.JdbcTemplate.translateException(JdbcTemplate.java:1548)
        at app//org.springframework.jdbc.core.JdbcTemplate.execute(JdbcTemplate.java:677)
        at app//org.springframework.jdbc.core.JdbcTemplate.update(JdbcTemplate.java:970)
        at app//org.springframework.jdbc.core.JdbcTemplate.update(JdbcTemplate.java:1014)
        at app//org.springframework.session.jdbc.JdbcIndexedSessionRepository$JdbcSession.lambda$save$6(JdbcIndexedSessionRepository.java:894)
        at app//org.springframework.transaction.support.TransactionOperations.lambda$executeWithoutResult$0(TransactionOperations.java:68)
        at app//org.springframework.transaction.support.TransactionTemplate.execute(TransactionTemplate.java:140)
        at app//org.springframework.transaction.support.TransactionOperations.executeWithoutResult(TransactionOperations.java:67)
        at app//org.springframework.session.jdbc.JdbcIndexedSessionRepository$JdbcSession.save(JdbcIndexedSessionRepository.java:890)
        at app//org.springframework.session.jdbc.JdbcIndexedSessionRepository.save(JdbcIndexedSessionRepository.java:477)
        at app//org.springframework.session.jdbc.JdbcIndexedSessionRepository.save(JdbcIndexedSessionRepository.java:141)
        at app//org.springframework.session.web.http.SessionRepositoryFilter$SessionRepositoryRequestWrapper.commitSession(SessionRepositoryFilter.java:229)
        at app//org.springframework.session.web.http.SessionRepositoryFilter.doFilterInternal(SessionRepositoryFilter.java:145)
        at app//org.springframework.session.web.http.OncePerRequestFilter.doFilter(OncePerRequestFilter.java:82)
        at app//org.springframework.web.filter.DelegatingFilterProxy.invokeDelegate(DelegatingFilterProxy.java:352)
        at app//org.springframework.web.filter.DelegatingFilterProxy.doFilter(DelegatingFilterProxy.java:268)
        at app//org.springframework.test.web.servlet.setup.MockMvcFilterDecorator.doFilter(MockMvcFilterDecorator.java:151)
        at app//org.springframework.mock.web.MockFilterChain.doFilter(MockFilterChain.java:132)
        at app//org.springframework.web.filter.CharacterEncodingFilter.doFilterInternal(CharacterEncodingFilter.java:201)
        at app//org.springframework.web.filter.OncePerRequestFilter.doFilter(OncePerRequestFilter.java:116)
        at app//org.springframework.test.web.servlet.setup.MockMvcFilterDecorator.doFilter(MockMvcFilterDecorator.java:151)
        at app//org.springframework.mock.web.MockFilterChain.doFilter(MockFilterChain.java:132)
        at app//org.springframework.test.web.servlet.MockMvc.perform(MockMvc.java:201)
        at app//com.heartrate.controller.v1.UserProfileControllerTest.changePassword_WithIncorrectCurrentPassword_ShouldReturn400(UserProfileControllerTest.java:215)

        Caused by:
        org.h2.jdbc.JdbcSQLSyntaxErrorException: Table "SPRING_SESSION" not found; SQL statement:
        INSERT INTO SPRING_SESSION (PRIMARY_ID, SESSION_ID, CREATION_TIME, LAST_ACCESS_TIME, MAX_INACTIVE_INTERVAL, EXPIRY_TIME, PRINCIPAL_NAME)
        VALUES (?, ?, ?, ?, ?, ?, ?)
         [42102-224]
            at app//org.h2.message.DbException.getJdbcSQLException(DbException.java:514)
            at app//org.h2.message.DbException.getJdbcSQLException(DbException.java:489)
            at app//org.h2.message.DbException.get(DbException.java:223)
            at app//org.h2.message.DbException.get(DbException.java:199)
            at app//org.h2.command.Parser.getTableOrViewNotFoundDbException(Parser.java:8064)
            at app//org.h2.command.Parser.getTableOrViewNotFoundDbException(Parser.java:8035)
            at app//org.h2.command.Parser.readTableOrView(Parser.java:8024)
            at app//org.h2.command.Parser.readTableOrView(Parser.java:7990)
            at app//org.h2.command.Parser.parseInsert(Parser.java:1540)
            at app//org.h2.command.Parser.parsePrepared(Parser.java:719)
            at app//org.h2.command.Parser.parse(Parser.java:592)
            at app//org.h2.command.Parser.parse(Parser.java:564)
            at app//org.h2.command.Parser.prepareCommand(Parser.java:483)
            at app//org.h2.engine.SessionLocal.prepareLocal(SessionLocal.java:639)
            at app//org.h2.engine.SessionLocal.prepareCommand(SessionLocal.java:559)
            at app//org.h2.jdbc.JdbcConnection.prepareCommand(JdbcConnection.java:1166)
            at app//org.h2.jdbc.JdbcPreparedStatement.<init>(JdbcPreparedStatement.java:93)
            at app//org.h2.jdbc.JdbcConnection.prepareStatement(JdbcConnection.java:316)
            at app//com.zaxxer.hikari.pool.ProxyConnection.prepareStatement(ProxyConnection.java:327)
            at app//com.zaxxer.hikari.pool.HikariProxyConnection.prepareStatement(HikariProxyConnection.java)
            at app//org.springframework.jdbc.core.JdbcTemplate$SimplePreparedStatementCreator.createPreparedStatement(JdbcTemplate.java:1711)
            at app//org.springframework.jdbc.core.JdbcTemplate.execute(JdbcTemplate.java:656)
            ... 22 more

UserProfileControllerTest > getProfile_WithInvalidId_ShouldReturn404() STANDARD_OUT
    2025-04-06T08:34:46.108-07:00 DEBUG 44469 --- [    Test worker] org.hibernate.SQL                        : 
        select
            u1_0."id",
            u1_0."created_at",
            u1_0."display_name",
            u1_0."email",
            u1_0."email_verified",
            u1_0."first_name",
            u1_0."mobile_number",
            u1_0."password_hash",
            u1_0."remember_me_token",
            u1_0."updated_at",
            u1_0."user_address",
            u1_0."year_of_birth" 
        from
            "users" u1_0 
        where
            u1_0."id"=?
    Hibernate: 
        select
            u1_0."id",
            u1_0."created_at",
            u1_0."display_name",
            u1_0."email",
            u1_0."email_verified",
            u1_0."first_name",
            u1_0."mobile_number",
            u1_0."password_hash",
            u1_0."remember_me_token",
            u1_0."updated_at",
            u1_0."user_address",
            u1_0."year_of_birth" 
        from
            "users" u1_0 
        where
            u1_0."id"=?
    2025-04-06T08:34:46.123-07:00 DEBUG 44469 --- [    Test worker] o.s.s.w.h.S.SESSION_LOGGER               : No session found by id: Caching result for getSession(false) for this HttpServletRequest.
    2025-04-06T08:34:46.124-07:00 DEBUG 44469 --- [    Test worker] o.s.s.w.h.S.SESSION_LOGGER               : No session found by id: Caching result for getSession(false) for this HttpServletRequest.
    2025-04-06T08:34:46.124-07:00 DEBUG 44469 --- [    Test worker] o.s.s.w.h.S.SESSION_LOGGER               : No session found by id: Caching result for getSession(false) for this HttpServletRequest.
    2025-04-06T08:34:46.124-07:00 DEBUG 44469 --- [    Test worker] o.s.s.w.h.S.SESSION_LOGGER               : No session found by id: Caching result for getSession(false) for this HttpServletRequest.
    2025-04-06T08:34:46.126-07:00 DEBUG 44469 --- [    Test worker] o.s.s.w.h.S.SESSION_LOGGER               : No session found by id: Caching result for getSession(false) for this HttpServletRequest.
    2025-04-06T08:34:46.126-07:00 DEBUG 44469 --- [    Test worker] o.s.s.w.h.S.SESSION_LOGGER               : A new session was created. To help you troubleshoot where the session was created we provided a StackTrace (this is not an error). You can prevent this from appearing by disabling DEBUG logging for org.springframework.session.web.http.SessionRepositoryFilter.SESSION_LOGGER

    java.lang.RuntimeException: For debugging purposes only (not an error)
    	at org.springframework.session.web.http.SessionRepositoryFilter$SessionRepositoryRequestWrapper.getSession(SessionRepositoryFilter.java:314) ~[spring-session-core-3.2.1.jar:3.2.1]
    	at org.springframework.session.web.http.SessionRepositoryFilter$SessionRepositoryRequestWrapper.getSession(SessionRepositoryFilter.java:328) ~[spring-session-core-3.2.1.jar:3.2.1]
    	at org.springframework.session.web.http.SessionRepositoryFilter$SessionRepositoryRequestWrapper.getSession(SessionRepositoryFilter.java:193) ~[spring-session-core-3.2.1.jar:3.2.1]
    	at jakarta.servlet.http.HttpServletRequestWrapper.getSession(HttpServletRequestWrapper.java:229) ~[tomcat-embed-core-10.1.19.jar:6.0]
    	at jakarta.servlet.http.HttpServletRequestWrapper.getSession(HttpServletRequestWrapper.java:229) ~[tomcat-embed-core-10.1.19.jar:6.0]
    	at jakarta.servlet.http.HttpServletRequestWrapper.getSession(HttpServletRequestWrapper.java:229) ~[tomcat-embed-core-10.1.19.jar:6.0]
    	at org.springframework.security.web.savedrequest.HttpSessionRequestCache.saveRequest(HttpSessionRequestCache.java:78) ~[spring-security-web-6.2.2.jar:6.2.2]
    	at org.springframework.security.web.access.ExceptionTranslationFilter.sendStartAuthentication(ExceptionTranslationFilter.java:218) ~[spring-security-web-6.2.2.jar:6.2.2]
    	at org.springframework.security.web.access.ExceptionTranslationFilter.handleAccessDeniedException(ExceptionTranslationFilter.java:197) ~[spring-security-web-6.2.2.jar:6.2.2]
    	at org.springframework.security.web.access.ExceptionTranslationFilter.handleSpringSecurityException(ExceptionTranslationFilter.java:178) ~[spring-security-web-6.2.2.jar:6.2.2]
    	at org.springframework.security.web.access.ExceptionTranslationFilter.doFilter(ExceptionTranslationFilter.java:147) ~[spring-security-web-6.2.2.jar:6.2.2]
    	at org.springframework.security.web.access.ExceptionTranslationFilter.doFilter(ExceptionTranslationFilter.java:120) ~[spring-security-web-6.2.2.jar:6.2.2]
    	at org.springframework.security.web.FilterChainProxy$VirtualFilterChain.doFilter(FilterChainProxy.java:374) ~[spring-security-web-6.2.2.jar:6.2.2]
    	at org.springframework.security.web.session.SessionManagementFilter.doFilter(SessionManagementFilter.java:131) ~[spring-security-web-6.2.2.jar:6.2.2]
    	at org.springframework.security.web.session.SessionManagementFilter.doFilter(SessionManagementFilter.java:85) ~[spring-security-web-6.2.2.jar:6.2.2]
    	at org.springframework.security.web.FilterChainProxy$VirtualFilterChain.doFilter(FilterChainProxy.java:374) ~[spring-security-web-6.2.2.jar:6.2.2]
    	at org.springframework.security.web.authentication.AnonymousAuthenticationFilter.doFilter(AnonymousAuthenticationFilter.java:100) ~[spring-security-web-6.2.2.jar:6.2.2]
    	at org.springframework.security.web.FilterChainProxy$VirtualFilterChain.doFilter(FilterChainProxy.java:374) ~[spring-security-web-6.2.2.jar:6.2.2]
    	at org.springframework.security.web.servletapi.SecurityContextHolderAwareRequestFilter.doFilter(SecurityContextHolderAwareRequestFilter.java:179) ~[spring-security-web-6.2.2.jar:6.2.2]
    	at org.springframework.security.web.FilterChainProxy$VirtualFilterChain.doFilter(FilterChainProxy.java:374) ~[spring-security-web-6.2.2.jar:6.2.2]
    	at org.springframework.security.web.savedrequest.RequestCacheAwareFilter.doFilter(RequestCacheAwareFilter.java:63) ~[spring-security-web-6.2.2.jar:6.2.2]
    	at org.springframework.security.web.FilterChainProxy$VirtualFilterChain.doFilter(FilterChainProxy.java:374) ~[spring-security-web-6.2.2.jar:6.2.2]
    	at org.springframework.security.web.session.ConcurrentSessionFilter.doFilter(ConcurrentSessionFilter.java:151) ~[spring-security-web-6.2.2.jar:6.2.2]
    	at org.springframework.security.web.session.ConcurrentSessionFilter.doFilter(ConcurrentSessionFilter.java:129) ~[spring-security-web-6.2.2.jar:6.2.2]
    	at org.springframework.security.web.FilterChainProxy$VirtualFilterChain.doFilter(FilterChainProxy.java:374) ~[spring-security-web-6.2.2.jar:6.2.2]
    	at org.springframework.security.web.authentication.logout.LogoutFilter.doFilter(LogoutFilter.java:107) ~[spring-security-web-6.2.2.jar:6.2.2]
    	at org.springframework.security.web.authentication.logout.LogoutFilter.doFilter(LogoutFilter.java:93) ~[spring-security-web-6.2.2.jar:6.2.2]
    	at org.springframework.security.web.FilterChainProxy$VirtualFilterChain.doFilter(FilterChainProxy.java:374) ~[spring-security-web-6.2.2.jar:6.2.2]
    	at org.springframework.security.web.csrf.CsrfFilter.doFilterInternal(CsrfFilter.java:117) ~[spring-security-web-6.2.2.jar:6.2.2]
    	at org.springframework.web.filter.OncePerRequestFilter.doFilter(OncePerRequestFilter.java:116) ~[spring-web-6.1.4.jar:6.1.4]
    	at org.springframework.security.web.FilterChainProxy$VirtualFilterChain.doFilter(FilterChainProxy.java:374) ~[spring-security-web-6.2.2.jar:6.2.2]
    	at org.springframework.web.filter.CorsFilter.doFilterInternal(CorsFilter.java:91) ~[spring-web-6.1.4.jar:6.1.4]
    	at org.springframework.web.filter.OncePerRequestFilter.doFilter(OncePerRequestFilter.java:116) ~[spring-web-6.1.4.jar:6.1.4]
    	at org.springframework.security.web.FilterChainProxy$VirtualFilterChain.doFilter(FilterChainProxy.java:374) ~[spring-security-web-6.2.2.jar:6.2.2]
    	at org.springframework.security.web.header.HeaderWriterFilter.doHeadersAfter(HeaderWriterFilter.java:90) ~[spring-security-web-6.2.2.jar:6.2.2]
    	at org.springframework.security.web.header.HeaderWriterFilter.doFilterInternal(HeaderWriterFilter.java:75) ~[spring-security-web-6.2.2.jar:6.2.2]
    	at org.springframework.web.filter.OncePerRequestFilter.doFilter(OncePerRequestFilter.java:116) ~[spring-web-6.1.4.jar:6.1.4]
    	at org.springframework.security.web.FilterChainProxy$VirtualFilterChain.doFilter(FilterChainProxy.java:374) ~[spring-security-web-6.2.2.jar:6.2.2]
    	at org.springframework.security.web.context.SecurityContextHolderFilter.doFilter(SecurityContextHolderFilter.java:82) ~[spring-security-web-6.2.2.jar:6.2.2]
    	at org.springframework.security.web.context.SecurityContextHolderFilter.doFilter(SecurityContextHolderFilter.java:69) ~[spring-security-web-6.2.2.jar:6.2.2]
    	at org.springframework.security.web.FilterChainProxy$VirtualFilterChain.doFilter(FilterChainProxy.java:374) ~[spring-security-web-6.2.2.jar:6.2.2]
    	at org.springframework.security.web.context.request.async.WebAsyncManagerIntegrationFilter.doFilterInternal(WebAsyncManagerIntegrationFilter.java:62) ~[spring-security-web-6.2.2.jar:6.2.2]
    	at org.springframework.web.filter.OncePerRequestFilter.doFilter(OncePerRequestFilter.java:116) ~[spring-web-6.1.4.jar:6.1.4]
    	at org.springframework.security.web.FilterChainProxy$VirtualFilterChain.doFilter(FilterChainProxy.java:374) ~[spring-security-web-6.2.2.jar:6.2.2]
    	at org.springframework.security.web.session.DisableEncodeUrlFilter.doFilterInternal(DisableEncodeUrlFilter.java:42) ~[spring-security-web-6.2.2.jar:6.2.2]
    	at org.springframework.web.filter.OncePerRequestFilter.doFilter(OncePerRequestFilter.java:116) ~[spring-web-6.1.4.jar:6.1.4]
    	at org.springframework.security.web.FilterChainProxy$VirtualFilterChain.doFilter(FilterChainProxy.java:374) ~[spring-security-web-6.2.2.jar:6.2.2]
    	at org.springframework.security.web.FilterChainProxy.doFilterInternal(FilterChainProxy.java:233) ~[spring-security-web-6.2.2.jar:6.2.2]
    	at org.springframework.security.web.FilterChainProxy.doFilter(FilterChainProxy.java:191) ~[spring-security-web-6.2.2.jar:6.2.2]
    	at org.springframework.web.filter.CompositeFilter$VirtualFilterChain.doFilter(CompositeFilter.java:113) ~[spring-web-6.1.4.jar:6.1.4]
    	at org.springframework.web.servlet.handler.HandlerMappingIntrospector.lambda$createCacheFilter$3(HandlerMappingIntrospector.java:195) ~[spring-webmvc-6.1.4.jar:6.1.4]
    	at org.springframework.web.filter.CompositeFilter$VirtualFilterChain.doFilter(CompositeFilter.java:113) ~[spring-web-6.1.4.jar:6.1.4]
    	at org.springframework.web.filter.CompositeFilter.doFilter(CompositeFilter.java:74) ~[spring-web-6.1.4.jar:6.1.4]
    	at org.springframework.security.config.annotation.web.configuration.WebMvcSecurityConfiguration$CompositeFilterChainProxy.doFilter(WebMvcSecurityConfiguration.java:230) ~[spring-security-config-6.2.2.jar:6.2.2]
    	at org.springframework.web.filter.DelegatingFilterProxy.invokeDelegate(DelegatingFilterProxy.java:352) ~[spring-web-6.1.4.jar:6.1.4]
    	at org.springframework.web.filter.DelegatingFilterProxy.doFilter(DelegatingFilterProxy.java:268) ~[spring-web-6.1.4.jar:6.1.4]
    	at org.springframework.test.web.servlet.setup.MockMvcFilterDecorator.doFilter(MockMvcFilterDecorator.java:151) ~[spring-test-6.1.4.jar:6.1.4]
    	at org.springframework.mock.web.MockFilterChain.doFilter(MockFilterChain.java:132) ~[spring-test-6.1.4.jar:6.1.4]
    	at org.springframework.web.filter.RequestContextFilter.doFilterInternal(RequestContextFilter.java:100) ~[spring-web-6.1.4.jar:6.1.4]
    	at org.springframework.web.filter.OncePerRequestFilter.doFilter(OncePerRequestFilter.java:116) ~[spring-web-6.1.4.jar:6.1.4]
    	at org.springframework.test.web.servlet.setup.MockMvcFilterDecorator.doFilter(MockMvcFilterDecorator.java:151) ~[spring-test-6.1.4.jar:6.1.4]
    	at org.springframework.mock.web.MockFilterChain.doFilter(MockFilterChain.java:132) ~[spring-test-6.1.4.jar:6.1.4]
    	at org.springframework.web.filter.FormContentFilter.doFilterInternal(FormContentFilter.java:93) ~[spring-web-6.1.4.jar:6.1.4]
    	at org.springframework.web.filter.OncePerRequestFilter.doFilter(OncePerRequestFilter.java:116) ~[spring-web-6.1.4.jar:6.1.4]
    	at org.springframework.test.web.servlet.setup.MockMvcFilterDecorator.doFilter(MockMvcFilterDecorator.java:151) ~[spring-test-6.1.4.jar:6.1.4]
    	at org.springframework.mock.web.MockFilterChain.doFilter(MockFilterChain.java:132) ~[spring-test-6.1.4.jar:6.1.4]
    	at org.springframework.session.web.http.SessionRepositoryFilter.doFilterInternal(SessionRepositoryFilter.java:142) ~[spring-session-core-3.2.1.jar:3.2.1]
    	at org.springframework.session.web.http.OncePerRequestFilter.doFilter(OncePerRequestFilter.java:82) ~[spring-session-core-3.2.1.jar:3.2.1]
    	at org.springframework.web.filter.DelegatingFilterProxy.invokeDelegate(DelegatingFilterProxy.java:352) ~[spring-web-6.1.4.jar:6.1.4]
    	at org.springframework.web.filter.DelegatingFilterProxy.doFilter(DelegatingFilterProxy.java:268) ~[spring-web-6.1.4.jar:6.1.4]
    	at org.springframework.test.web.servlet.setup.MockMvcFilterDecorator.doFilter(MockMvcFilterDecorator.java:151) ~[spring-test-6.1.4.jar:6.1.4]
    	at org.springframework.mock.web.MockFilterChain.doFilter(MockFilterChain.java:132) ~[spring-test-6.1.4.jar:6.1.4]
    	at org.springframework.web.filter.CharacterEncodingFilter.doFilterInternal(CharacterEncodingFilter.java:201) ~[spring-web-6.1.4.jar:6.1.4]
    	at org.springframework.web.filter.OncePerRequestFilter.doFilter(OncePerRequestFilter.java:116) ~[spring-web-6.1.4.jar:6.1.4]
    	at org.springframework.test.web.servlet.setup.MockMvcFilterDecorator.doFilter(MockMvcFilterDecorator.java:151) ~[spring-test-6.1.4.jar:6.1.4]
    	at org.springframework.mock.web.MockFilterChain.doFilter(MockFilterChain.java:132) ~[spring-test-6.1.4.jar:6.1.4]
    	at org.springframework.test.web.servlet.MockMvc.perform(MockMvc.java:201) ~[spring-test-6.1.4.jar:6.1.4]
    	at com.heartrate.controller.v1.UserProfileControllerTest.getProfile_WithInvalidId_ShouldReturn404(UserProfileControllerTest.java:110) ~[test/:na]
    	at java.base/jdk.internal.reflect.DirectMethodHandleAccessor.invoke(DirectMethodHandleAccessor.java:103) ~[na:na]
    	at java.base/java.lang.reflect.Method.invoke(Method.java:580) ~[na:na]
    	at org.junit.platform.commons.util.ReflectionUtils.invokeMethod(ReflectionUtils.java:728) ~[junit-platform-commons-1.10.2.jar:1.10.2]
    	at org.junit.jupiter.engine.execution.MethodInvocation.proceed(MethodInvocation.java:60) ~[junit-jupiter-engine-5.10.2.jar:5.10.2]
    	at org.junit.jupiter.engine.execution.InvocationInterceptorChain$ValidatingInvocation.proceed(InvocationInterceptorChain.java:131) ~[junit-jupiter-engine-5.10.2.jar:5.10.2]
    	at org.junit.jupiter.engine.extension.TimeoutExtension.intercept(TimeoutExtension.java:156) ~[junit-jupiter-engine-5.10.2.jar:5.10.2]
    	at org.junit.jupiter.engine.extension.TimeoutExtension.interceptTestableMethod(TimeoutExtension.java:147) ~[junit-jupiter-engine-5.10.2.jar:5.10.2]
    	at org.junit.jupiter.engine.extension.TimeoutExtension.interceptTestMethod(TimeoutExtension.java:86) ~[junit-jupiter-engine-5.10.2.jar:5.10.2]
    	at org.junit.jupiter.engine.execution.InterceptingExecutableInvoker$ReflectiveInterceptorCall.lambda$ofVoidMethod$0(InterceptingExecutableInvoker.java:103) ~[junit-jupiter-engine-5.10.2.jar:5.10.2]
    	at org.junit.jupiter.engine.execution.InterceptingExecutableInvoker.lambda$invoke$0(InterceptingExecutableInvoker.java:93) ~[junit-jupiter-engine-5.10.2.jar:5.10.2]
    	at org.junit.jupiter.engine.execution.InvocationInterceptorChain$InterceptedInvocation.proceed(InvocationInterceptorChain.java:106) ~[junit-jupiter-engine-5.10.2.jar:5.10.2]
    	at org.junit.jupiter.engine.execution.InvocationInterceptorChain.proceed(InvocationInterceptorChain.java:64) ~[junit-jupiter-engine-5.10.2.jar:5.10.2]
    	at org.junit.jupiter.engine.execution.InvocationInterceptorChain.chainAndInvoke(InvocationInterceptorChain.java:45) ~[junit-jupiter-engine-5.10.2.jar:5.10.2]
    	at org.junit.jupiter.engine.execution.InvocationInterceptorChain.invoke(InvocationInterceptorChain.java:37) ~[junit-jupiter-engine-5.10.2.jar:5.10.2]
    	at org.junit.jupiter.engine.execution.InterceptingExecutableInvoker.invoke(InterceptingExecutableInvoker.java:92) ~[junit-jupiter-engine-5.10.2.jar:5.10.2]
    	at org.junit.jupiter.engine.execution.InterceptingExecutableInvoker.invoke(InterceptingExecutableInvoker.java:86) ~[junit-jupiter-engine-5.10.2.jar:5.10.2]
    	at org.junit.jupiter.engine.descriptor.TestMethodTestDescriptor.lambda$invokeTestMethod$7(TestMethodTestDescriptor.java:218) ~[junit-jupiter-engine-5.10.2.jar:5.10.2]
    	at org.junit.platform.engine.support.hierarchical.ThrowableCollector.execute(ThrowableCollector.java:73) ~[junit-platform-engine-1.10.2.jar:1.10.2]
    	at org.junit.jupiter.engine.descriptor.TestMethodTestDescriptor.invokeTestMethod(TestMethodTestDescriptor.java:214) ~[junit-jupiter-engine-5.10.2.jar:5.10.2]
    	at org.junit.jupiter.engine.descriptor.TestMethodTestDescriptor.execute(TestMethodTestDescriptor.java:139) ~[junit-jupiter-engine-5.10.2.jar:5.10.2]
    	at org.junit.jupiter.engine.descriptor.TestMethodTestDescriptor.execute(TestMethodTestDescriptor.java:69) ~[junit-jupiter-engine-5.10.2.jar:5.10.2]
    	at org.junit.platform.engine.support.hierarchical.NodeTestTask.lambda$executeRecursively$6(NodeTestTask.java:151) ~[junit-platform-engine-1.10.2.jar:1.10.2]
    	at org.junit.platform.engine.support.hierarchical.ThrowableCollector.execute(ThrowableCollector.java:73) ~[junit-platform-engine-1.10.2.jar:1.10.2]
    	at org.junit.platform.engine.support.hierarchical.NodeTestTask.lambda$executeRecursively$8(NodeTestTask.java:141) ~[junit-platform-engine-1.10.2.jar:1.10.2]
    	at org.junit.platform.engine.support.hierarchical.Node.around(Node.java:137) ~[junit-platform-engine-1.10.2.jar:1.10.2]
    	at org.junit.platform.engine.support.hierarchical.NodeTestTask.lambda$executeRecursively$9(NodeTestTask.java:139) ~[junit-platform-engine-1.10.2.jar:1.10.2]
    	at org.junit.platform.engine.support.hierarchical.ThrowableCollector.execute(ThrowableCollector.java:73) ~[junit-platform-engine-1.10.2.jar:1.10.2]
    	at org.junit.platform.engine.support.hierarchical.NodeTestTask.executeRecursively(NodeTestTask.java:138) ~[junit-platform-engine-1.10.2.jar:1.10.2]
    	at org.junit.platform.engine.support.hierarchical.NodeTestTask.execute(NodeTestTask.java:95) ~[junit-platform-engine-1.10.2.jar:1.10.2]
    	at java.base/java.util.ArrayList.forEach(ArrayList.java:1596) ~[na:na]
    	at org.junit.platform.engine.support.hierarchical.SameThreadHierarchicalTestExecutorService.invokeAll(SameThreadHierarchicalTestExecutorService.java:41) ~[junit-platform-engine-1.10.2.jar:1.10.2]
    	at org.junit.platform.engine.support.hierarchical.NodeTestTask.lambda$executeRecursively$6(NodeTestTask.java:155) ~[junit-platform-engine-1.10.2.jar:1.10.2]
    	at org.junit.platform.engine.support.hierarchical.ThrowableCollector.execute(ThrowableCollector.java:73) ~[junit-platform-engine-1.10.2.jar:1.10.2]
    	at org.junit.platform.engine.support.hierarchical.NodeTestTask.lambda$executeRecursively$8(NodeTestTask.java:141) ~[junit-platform-engine-1.10.2.jar:1.10.2]
    	at org.junit.platform.engine.support.hierarchical.Node.around(Node.java:137) ~[junit-platform-engine-1.10.2.jar:1.10.2]
    	at org.junit.platform.engine.support.hierarchical.NodeTestTask.lambda$executeRecursively$9(NodeTestTask.java:139) ~[junit-platform-engine-1.10.2.jar:1.10.2]
    	at org.junit.platform.engine.support.hierarchical.ThrowableCollector.execute(ThrowableCollector.java:73) ~[junit-platform-engine-1.10.2.jar:1.10.2]
    	at org.junit.platform.engine.support.hierarchical.NodeTestTask.executeRecursively(NodeTestTask.java:138) ~[junit-platform-engine-1.10.2.jar:1.10.2]
    	at org.junit.platform.engine.support.hierarchical.NodeTestTask.execute(NodeTestTask.java:95) ~[junit-platform-engine-1.10.2.jar:1.10.2]
    	at java.base/java.util.ArrayList.forEach(ArrayList.java:1596) ~[na:na]
    	at org.junit.platform.engine.support.hierarchical.SameThreadHierarchicalTestExecutorService.invokeAll(SameThreadHierarchicalTestExecutorService.java:41) ~[junit-platform-engine-1.10.2.jar:1.10.2]
    	at org.junit.platform.engine.support.hierarchical.NodeTestTask.lambda$executeRecursively$6(NodeTestTask.java:155) ~[junit-platform-engine-1.10.2.jar:1.10.2]
    	at org.junit.platform.engine.support.hierarchical.ThrowableCollector.execute(ThrowableCollector.java:73) ~[junit-platform-engine-1.10.2.jar:1.10.2]
    	at org.junit.platform.engine.support.hierarchical.NodeTestTask.lambda$executeRecursively$8(NodeTestTask.java:141) ~[junit-platform-engine-1.10.2.jar:1.10.2]
    	at org.junit.platform.engine.support.hierarchical.Node.around(Node.java:137) ~[junit-platform-engine-1.10.2.jar:1.10.2]
    	at org.junit.platform.engine.support.hierarchical.NodeTestTask.lambda$executeRecursively$9(NodeTestTask.java:139) ~[junit-platform-engine-1.10.2.jar:1.10.2]
    	at org.junit.platform.engine.support.hierarchical.ThrowableCollector.execute(ThrowableCollector.java:73) ~[junit-platform-engine-1.10.2.jar:1.10.2]
    	at org.junit.platform.engine.support.hierarchical.NodeTestTask.executeRecursively(NodeTestTask.java:138) ~[junit-platform-engine-1.10.2.jar:1.10.2]
    	at org.junit.platform.engine.support.hierarchical.NodeTestTask.execute(NodeTestTask.java:95) ~[junit-platform-engine-1.10.2.jar:1.10.2]
    	at org.junit.platform.engine.support.hierarchical.SameThreadHierarchicalTestExecutorService.submit(SameThreadHierarchicalTestExecutorService.java:35) ~[junit-platform-engine-1.10.2.jar:1.10.2]
    	at org.junit.platform.engine.support.hierarchical.HierarchicalTestExecutor.execute(HierarchicalTestExecutor.java:57) ~[junit-platform-engine-1.10.2.jar:1.10.2]
    	at org.junit.platform.engine.support.hierarchical.HierarchicalTestEngine.execute(HierarchicalTestEngine.java:54) ~[junit-platform-engine-1.10.2.jar:1.10.2]
    	at org.junit.platform.launcher.core.EngineExecutionOrchestrator.execute(EngineExecutionOrchestrator.java:107) ~[junit-platform-launcher-1.8.2.jar:1.8.2]
    	at org.junit.platform.launcher.core.EngineExecutionOrchestrator.execute(EngineExecutionOrchestrator.java:88) ~[junit-platform-launcher-1.8.2.jar:1.8.2]
    	at org.junit.platform.launcher.core.EngineExecutionOrchestrator.lambda$execute$0(EngineExecutionOrchestrator.java:54) ~[junit-platform-launcher-1.8.2.jar:1.8.2]
    	at org.junit.platform.launcher.core.EngineExecutionOrchestrator.withInterceptedStreams(EngineExecutionOrchestrator.java:67) ~[junit-platform-launcher-1.8.2.jar:1.8.2]
    	at org.junit.platform.launcher.core.EngineExecutionOrchestrator.execute(EngineExecutionOrchestrator.java:52) ~[junit-platform-launcher-1.8.2.jar:1.8.2]
    	at org.junit.platform.launcher.core.DefaultLauncher.execute(DefaultLauncher.java:114) ~[junit-platform-launcher-1.8.2.jar:1.8.2]
    	at org.junit.platform.launcher.core.DefaultLauncher.execute(DefaultLauncher.java:86) ~[junit-platform-launcher-1.8.2.jar:1.8.2]
    	at org.junit.platform.launcher.core.DefaultLauncherSession$DelegatingLauncher.execute(DefaultLauncherSession.java:86) ~[junit-platform-launcher-1.8.2.jar:1.8.2]
    	at org.gradle.api.internal.tasks.testing.junitplatform.JUnitPlatformTestClassProcessor$CollectAllTestClassesExecutor.processAllTestClasses(JUnitPlatformTestClassProcessor.java:124) ~[na:na]
    	at org.gradle.api.internal.tasks.testing.junitplatform.JUnitPlatformTestClassProcessor$CollectAllTestClassesExecutor.access$000(JUnitPlatformTestClassProcessor.java:99) ~[na:na]
    	at org.gradle.api.internal.tasks.testing.junitplatform.JUnitPlatformTestClassProcessor.stop(JUnitPlatformTestClassProcessor.java:94) ~[na:na]
    	at org.gradle.api.internal.tasks.testing.SuiteTestClassProcessor.stop(SuiteTestClassProcessor.java:63) ~[na:na]
    	at java.base/jdk.internal.reflect.DirectMethodHandleAccessor.invoke(DirectMethodHandleAccessor.java:103) ~[na:na]
    	at java.base/java.lang.reflect.Method.invoke(Method.java:580) ~[na:na]
    	at org.gradle.internal.dispatch.ReflectionDispatch.dispatch(ReflectionDispatch.java:36) ~[na:na]
    	at org.gradle.internal.dispatch.ReflectionDispatch.dispatch(ReflectionDispatch.java:24) ~[na:na]
    	at org.gradle.internal.dispatch.ContextClassLoaderDispatch.dispatch(ContextClassLoaderDispatch.java:33) ~[na:na]
    	at org.gradle.internal.dispatch.ProxyDispatchAdapter$DispatchingInvocationHandler.invoke(ProxyDispatchAdapter.java:92) ~[na:na]
    	at jdk.proxy1/jdk.proxy1.$Proxy4.stop(Unknown Source) ~[na:na]
    	at org.gradle.api.internal.tasks.testing.worker.TestWorker$3.run(TestWorker.java:200) ~[na:na]
    	at org.gradle.api.internal.tasks.testing.worker.TestWorker.executeAndMaintainThreadName(TestWorker.java:132) ~[na:na]
    	at org.gradle.api.internal.tasks.testing.worker.TestWorker.execute(TestWorker.java:103) ~[na:na]
    	at org.gradle.api.internal.tasks.testing.worker.TestWorker.execute(TestWorker.java:63) ~[na:na]
    	at org.gradle.process.internal.worker.child.ActionExecutionWorker.execute(ActionExecutionWorker.java:56) ~[na:na]
    	at org.gradle.process.internal.worker.child.SystemApplicationClassLoaderWorker.call(SystemApplicationClassLoaderWorker.java:121) ~[na:na]
    	at org.gradle.process.internal.worker.child.SystemApplicationClassLoaderWorker.call(SystemApplicationClassLoaderWorker.java:71) ~[na:na]
    	at worker.org.gradle.process.internal.worker.GradleWorkerMain.run(GradleWorkerMain.java:69) ~[gradle-worker.jar:na]
    	at worker.org.gradle.process.internal.worker.GradleWorkerMain.main(GradleWorkerMain.java:74) ~[gradle-worker.jar:na]


UserProfileControllerTest > getProfile_WithInvalidId_ShouldReturn404() FAILED
    org.springframework.jdbc.BadSqlGrammarException: PreparedStatementCallback; bad SQL grammar [INSERT INTO SPRING_SESSION (PRIMARY_ID, SESSION_ID, CREATION_TIME, LAST_ACCESS_TIME, MAX_INACTIVE_INTERVAL, EXPIRY_TIME, PRINCIPAL_NAME)
    VALUES (?, ?, ?, ?, ?, ?, ?)
    ]
        at app//org.springframework.jdbc.support.SQLErrorCodeSQLExceptionTranslator.doTranslate(SQLErrorCodeSQLExceptionTranslator.java:246)
        at app//org.springframework.jdbc.support.AbstractFallbackSQLExceptionTranslator.translate(AbstractFallbackSQLExceptionTranslator.java:107)
        at app//org.springframework.jdbc.core.JdbcTemplate.translateException(JdbcTemplate.java:1548)
        at app//org.springframework.jdbc.core.JdbcTemplate.execute(JdbcTemplate.java:677)
        at app//org.springframework.jdbc.core.JdbcTemplate.update(JdbcTemplate.java:970)
        at app//org.springframework.jdbc.core.JdbcTemplate.update(JdbcTemplate.java:1014)
        at app//org.springframework.session.jdbc.JdbcIndexedSessionRepository$JdbcSession.lambda$save$6(JdbcIndexedSessionRepository.java:894)
        at app//org.springframework.transaction.support.TransactionOperations.lambda$executeWithoutResult$0(TransactionOperations.java:68)
        at app//org.springframework.transaction.support.TransactionTemplate.execute(TransactionTemplate.java:140)
        at app//org.springframework.transaction.support.TransactionOperations.executeWithoutResult(TransactionOperations.java:67)
        at app//org.springframework.session.jdbc.JdbcIndexedSessionRepository$JdbcSession.save(JdbcIndexedSessionRepository.java:890)
        at app//org.springframework.session.jdbc.JdbcIndexedSessionRepository.save(JdbcIndexedSessionRepository.java:477)
        at app//org.springframework.session.jdbc.JdbcIndexedSessionRepository.save(JdbcIndexedSessionRepository.java:141)
        at app//org.springframework.session.web.http.SessionRepositoryFilter$SessionRepositoryRequestWrapper.commitSession(SessionRepositoryFilter.java:229)
        at app//org.springframework.session.web.http.SessionRepositoryFilter.doFilterInternal(SessionRepositoryFilter.java:145)
        at app//org.springframework.session.web.http.OncePerRequestFilter.doFilter(OncePerRequestFilter.java:82)
        at app//org.springframework.web.filter.DelegatingFilterProxy.invokeDelegate(DelegatingFilterProxy.java:352)
        at app//org.springframework.web.filter.DelegatingFilterProxy.doFilter(DelegatingFilterProxy.java:268)
        at app//org.springframework.test.web.servlet.setup.MockMvcFilterDecorator.doFilter(MockMvcFilterDecorator.java:151)
        at app//org.springframework.mock.web.MockFilterChain.doFilter(MockFilterChain.java:132)
        at app//org.springframework.web.filter.CharacterEncodingFilter.doFilterInternal(CharacterEncodingFilter.java:201)
        at app//org.springframework.web.filter.OncePerRequestFilter.doFilter(OncePerRequestFilter.java:116)
        at app//org.springframework.test.web.servlet.setup.MockMvcFilterDecorator.doFilter(MockMvcFilterDecorator.java:151)
        at app//org.springframework.mock.web.MockFilterChain.doFilter(MockFilterChain.java:132)
        at app//org.springframework.test.web.servlet.MockMvc.perform(MockMvc.java:201)
        at app//com.heartrate.controller.v1.UserProfileControllerTest.getProfile_WithInvalidId_ShouldReturn404(UserProfileControllerTest.java:110)

        Caused by:
        org.h2.jdbc.JdbcSQLSyntaxErrorException: Table "SPRING_SESSION" not found; SQL statement:
        INSERT INTO SPRING_SESSION (PRIMARY_ID, SESSION_ID, CREATION_TIME, LAST_ACCESS_TIME, MAX_INACTIVE_INTERVAL, EXPIRY_TIME, PRINCIPAL_NAME)
        VALUES (?, ?, ?, ?, ?, ?, ?)
         [42102-224]
            at app//org.h2.message.DbException.getJdbcSQLException(DbException.java:514)
            at app//org.h2.message.DbException.getJdbcSQLException(DbException.java:489)
            at app//org.h2.message.DbException.get(DbException.java:223)
            at app//org.h2.message.DbException.get(DbException.java:199)
            at app//org.h2.command.Parser.getTableOrViewNotFoundDbException(Parser.java:8064)
            at app//org.h2.command.Parser.getTableOrViewNotFoundDbException(Parser.java:8035)
            at app//org.h2.command.Parser.readTableOrView(Parser.java:8024)
            at app//org.h2.command.Parser.readTableOrView(Parser.java:7990)
            at app//org.h2.command.Parser.parseInsert(Parser.java:1540)
            at app//org.h2.command.Parser.parsePrepared(Parser.java:719)
            at app//org.h2.command.Parser.parse(Parser.java:592)
            at app//org.h2.command.Parser.parse(Parser.java:564)
            at app//org.h2.command.Parser.prepareCommand(Parser.java:483)
            at app//org.h2.engine.SessionLocal.prepareLocal(SessionLocal.java:639)
            at app//org.h2.engine.SessionLocal.prepareCommand(SessionLocal.java:559)
            at app//org.h2.jdbc.JdbcConnection.prepareCommand(JdbcConnection.java:1166)
            at app//org.h2.jdbc.JdbcPreparedStatement.<init>(JdbcPreparedStatement.java:93)
            at app//org.h2.jdbc.JdbcConnection.prepareStatement(JdbcConnection.java:316)
            at app//com.zaxxer.hikari.pool.ProxyConnection.prepareStatement(ProxyConnection.java:327)
            at app//com.zaxxer.hikari.pool.HikariProxyConnection.prepareStatement(HikariProxyConnection.java)
            at app//org.springframework.jdbc.core.JdbcTemplate$SimplePreparedStatementCreator.createPreparedStatement(JdbcTemplate.java:1711)
            at app//org.springframework.jdbc.core.JdbcTemplate.execute(JdbcTemplate.java:656)
            ... 22 more

UserProfileControllerTest > updateProfile_WithEmailChange_ShouldCreateVerificationToken() STANDARD_OUT
    2025-04-06T08:34:46.211-07:00 DEBUG 44469 --- [    Test worker] org.hibernate.SQL                        : 
        select
            u1_0."id",
            u1_0."created_at",
            u1_0."display_name",
            u1_0."email",
            u1_0."email_verified",
            u1_0."first_name",
            u1_0."mobile_number",
            u1_0."password_hash",
            u1_0."remember_me_token",
            u1_0."updated_at",
            u1_0."user_address",
            u1_0."year_of_birth" 
        from
            "users" u1_0 
        where
            u1_0."id"=?
    Hibernate: 
        select
            u1_0."id",
            u1_0."created_at",
            u1_0."display_name",
            u1_0."email",
            u1_0."email_verified",
            u1_0."first_name",
            u1_0."mobile_number",
            u1_0."password_hash",
            u1_0."remember_me_token",
            u1_0."updated_at",
            u1_0."user_address",
            u1_0."year_of_birth" 
        from
            "users" u1_0 
        where
            u1_0."id"=?
    2025-04-06T08:34:46.240-07:00 DEBUG 44469 --- [    Test worker] o.s.s.w.h.S.SESSION_LOGGER               : No session found by id: Caching result for getSession(false) for this HttpServletRequest.
    2025-04-06T08:34:46.240-07:00 DEBUG 44469 --- [    Test worker] o.s.s.w.h.S.SESSION_LOGGER               : No session found by id: Caching result for getSession(false) for this HttpServletRequest.
    2025-04-06T08:34:46.240-07:00 DEBUG 44469 --- [    Test worker] o.s.s.w.h.S.SESSION_LOGGER               : A new session was created. To help you troubleshoot where the session was created we provided a StackTrace (this is not an error). You can prevent this from appearing by disabling DEBUG logging for org.springframework.session.web.http.SessionRepositoryFilter.SESSION_LOGGER

    java.lang.RuntimeException: For debugging purposes only (not an error)
    	at org.springframework.session.web.http.SessionRepositoryFilter$SessionRepositoryRequestWrapper.getSession(SessionRepositoryFilter.java:314) ~[spring-session-core-3.2.1.jar:3.2.1]
    	at org.springframework.session.web.http.SessionRepositoryFilter$SessionRepositoryRequestWrapper.getSession(SessionRepositoryFilter.java:328) ~[spring-session-core-3.2.1.jar:3.2.1]
    	at org.springframework.session.web.http.SessionRepositoryFilter$SessionRepositoryRequestWrapper.getSession(SessionRepositoryFilter.java:193) ~[spring-session-core-3.2.1.jar:3.2.1]
    	at jakarta.servlet.http.HttpServletRequestWrapper.getSession(HttpServletRequestWrapper.java:229) ~[tomcat-embed-core-10.1.19.jar:6.0]
    	at jakarta.servlet.http.HttpServletRequestWrapper.getSession(HttpServletRequestWrapper.java:229) ~[tomcat-embed-core-10.1.19.jar:6.0]
    	at org.springframework.security.web.csrf.HttpSessionCsrfTokenRepository.saveToken(HttpSessionCsrfTokenRepository.java:58) ~[spring-security-web-6.2.2.jar:6.2.2]
    	at org.springframework.security.web.csrf.RepositoryDeferredCsrfToken.init(RepositoryDeferredCsrfToken.java:67) ~[spring-security-web-6.2.2.jar:6.2.2]
    	at org.springframework.security.web.csrf.RepositoryDeferredCsrfToken.get(RepositoryDeferredCsrfToken.java:48) ~[spring-security-web-6.2.2.jar:6.2.2]
    	at org.springframework.security.web.csrf.CsrfFilter.doFilterInternal(CsrfFilter.java:120) ~[spring-security-web-6.2.2.jar:6.2.2]
    	at org.springframework.web.filter.OncePerRequestFilter.doFilter(OncePerRequestFilter.java:116) ~[spring-web-6.1.4.jar:6.1.4]
    	at org.springframework.security.web.FilterChainProxy$VirtualFilterChain.doFilter(FilterChainProxy.java:374) ~[spring-security-web-6.2.2.jar:6.2.2]
    	at org.springframework.web.filter.CorsFilter.doFilterInternal(CorsFilter.java:91) ~[spring-web-6.1.4.jar:6.1.4]
    	at org.springframework.web.filter.OncePerRequestFilter.doFilter(OncePerRequestFilter.java:116) ~[spring-web-6.1.4.jar:6.1.4]
    	at org.springframework.security.web.FilterChainProxy$VirtualFilterChain.doFilter(FilterChainProxy.java:374) ~[spring-security-web-6.2.2.jar:6.2.2]
    	at org.springframework.security.web.header.HeaderWriterFilter.doHeadersAfter(HeaderWriterFilter.java:90) ~[spring-security-web-6.2.2.jar:6.2.2]
    	at org.springframework.security.web.header.HeaderWriterFilter.doFilterInternal(HeaderWriterFilter.java:75) ~[spring-security-web-6.2.2.jar:6.2.2]
    	at org.springframework.web.filter.OncePerRequestFilter.doFilter(OncePerRequestFilter.java:116) ~[spring-web-6.1.4.jar:6.1.4]
    	at org.springframework.security.web.FilterChainProxy$VirtualFilterChain.doFilter(FilterChainProxy.java:374) ~[spring-security-web-6.2.2.jar:6.2.2]
    	at org.springframework.security.web.context.SecurityContextHolderFilter.doFilter(SecurityContextHolderFilter.java:82) ~[spring-security-web-6.2.2.jar:6.2.2]
    	at org.springframework.security.web.context.SecurityContextHolderFilter.doFilter(SecurityContextHolderFilter.java:69) ~[spring-security-web-6.2.2.jar:6.2.2]
    	at org.springframework.security.web.FilterChainProxy$VirtualFilterChain.doFilter(FilterChainProxy.java:374) ~[spring-security-web-6.2.2.jar:6.2.2]
    	at org.springframework.security.web.context.request.async.WebAsyncManagerIntegrationFilter.doFilterInternal(WebAsyncManagerIntegrationFilter.java:62) ~[spring-security-web-6.2.2.jar:6.2.2]
    	at org.springframework.web.filter.OncePerRequestFilter.doFilter(OncePerRequestFilter.java:116) ~[spring-web-6.1.4.jar:6.1.4]
    	at org.springframework.security.web.FilterChainProxy$VirtualFilterChain.doFilter(FilterChainProxy.java:374) ~[spring-security-web-6.2.2.jar:6.2.2]
    	at org.springframework.security.web.session.DisableEncodeUrlFilter.doFilterInternal(DisableEncodeUrlFilter.java:42) ~[spring-security-web-6.2.2.jar:6.2.2]
    	at org.springframework.web.filter.OncePerRequestFilter.doFilter(OncePerRequestFilter.java:116) ~[spring-web-6.1.4.jar:6.1.4]
    	at org.springframework.security.web.FilterChainProxy$VirtualFilterChain.doFilter(FilterChainProxy.java:374) ~[spring-security-web-6.2.2.jar:6.2.2]
    	at org.springframework.security.web.FilterChainProxy.doFilterInternal(FilterChainProxy.java:233) ~[spring-security-web-6.2.2.jar:6.2.2]
    	at org.springframework.security.web.FilterChainProxy.doFilter(FilterChainProxy.java:191) ~[spring-security-web-6.2.2.jar:6.2.2]
    	at org.springframework.web.filter.CompositeFilter$VirtualFilterChain.doFilter(CompositeFilter.java:113) ~[spring-web-6.1.4.jar:6.1.4]
    	at org.springframework.web.servlet.handler.HandlerMappingIntrospector.lambda$createCacheFilter$3(HandlerMappingIntrospector.java:195) ~[spring-webmvc-6.1.4.jar:6.1.4]
    	at org.springframework.web.filter.CompositeFilter$VirtualFilterChain.doFilter(CompositeFilter.java:113) ~[spring-web-6.1.4.jar:6.1.4]
    	at org.springframework.web.filter.CompositeFilter.doFilter(CompositeFilter.java:74) ~[spring-web-6.1.4.jar:6.1.4]
    	at org.springframework.security.config.annotation.web.configuration.WebMvcSecurityConfiguration$CompositeFilterChainProxy.doFilter(WebMvcSecurityConfiguration.java:230) ~[spring-security-config-6.2.2.jar:6.2.2]
    	at org.springframework.web.filter.DelegatingFilterProxy.invokeDelegate(DelegatingFilterProxy.java:352) ~[spring-web-6.1.4.jar:6.1.4]
    	at org.springframework.web.filter.DelegatingFilterProxy.doFilter(DelegatingFilterProxy.java:268) ~[spring-web-6.1.4.jar:6.1.4]
    	at org.springframework.test.web.servlet.setup.MockMvcFilterDecorator.doFilter(MockMvcFilterDecorator.java:151) ~[spring-test-6.1.4.jar:6.1.4]
    	at org.springframework.mock.web.MockFilterChain.doFilter(MockFilterChain.java:132) ~[spring-test-6.1.4.jar:6.1.4]
    	at org.springframework.web.filter.RequestContextFilter.doFilterInternal(RequestContextFilter.java:100) ~[spring-web-6.1.4.jar:6.1.4]
    	at org.springframework.web.filter.OncePerRequestFilter.doFilter(OncePerRequestFilter.java:116) ~[spring-web-6.1.4.jar:6.1.4]
    	at org.springframework.test.web.servlet.setup.MockMvcFilterDecorator.doFilter(MockMvcFilterDecorator.java:151) ~[spring-test-6.1.4.jar:6.1.4]
    	at org.springframework.mock.web.MockFilterChain.doFilter(MockFilterChain.java:132) ~[spring-test-6.1.4.jar:6.1.4]
    	at org.springframework.web.filter.FormContentFilter.doFilterInternal(FormContentFilter.java:93) ~[spring-web-6.1.4.jar:6.1.4]
    	at org.springframework.web.filter.OncePerRequestFilter.doFilter(OncePerRequestFilter.java:116) ~[spring-web-6.1.4.jar:6.1.4]
    	at org.springframework.test.web.servlet.setup.MockMvcFilterDecorator.doFilter(MockMvcFilterDecorator.java:151) ~[spring-test-6.1.4.jar:6.1.4]
    	at org.springframework.mock.web.MockFilterChain.doFilter(MockFilterChain.java:132) ~[spring-test-6.1.4.jar:6.1.4]
    	at org.springframework.session.web.http.SessionRepositoryFilter.doFilterInternal(SessionRepositoryFilter.java:142) ~[spring-session-core-3.2.1.jar:3.2.1]
    	at org.springframework.session.web.http.OncePerRequestFilter.doFilter(OncePerRequestFilter.java:82) ~[spring-session-core-3.2.1.jar:3.2.1]
    	at org.springframework.web.filter.DelegatingFilterProxy.invokeDelegate(DelegatingFilterProxy.java:352) ~[spring-web-6.1.4.jar:6.1.4]
    	at org.springframework.web.filter.DelegatingFilterProxy.doFilter(DelegatingFilterProxy.java:268) ~[spring-web-6.1.4.jar:6.1.4]
    	at org.springframework.test.web.servlet.setup.MockMvcFilterDecorator.doFilter(MockMvcFilterDecorator.java:151) ~[spring-test-6.1.4.jar:6.1.4]
    	at org.springframework.mock.web.MockFilterChain.doFilter(MockFilterChain.java:132) ~[spring-test-6.1.4.jar:6.1.4]
    	at org.springframework.web.filter.CharacterEncodingFilter.doFilterInternal(CharacterEncodingFilter.java:201) ~[spring-web-6.1.4.jar:6.1.4]
    	at org.springframework.web.filter.OncePerRequestFilter.doFilter(OncePerRequestFilter.java:116) ~[spring-web-6.1.4.jar:6.1.4]
    	at org.springframework.test.web.servlet.setup.MockMvcFilterDecorator.doFilter(MockMvcFilterDecorator.java:151) ~[spring-test-6.1.4.jar:6.1.4]
    	at org.springframework.mock.web.MockFilterChain.doFilter(MockFilterChain.java:132) ~[spring-test-6.1.4.jar:6.1.4]
    	at org.springframework.test.web.servlet.MockMvc.perform(MockMvc.java:201) ~[spring-test-6.1.4.jar:6.1.4]
    	at com.heartrate.controller.v1.UserProfileControllerTest.updateProfile_WithEmailChange_ShouldCreateVerificationToken(UserProfileControllerTest.java:166) ~[test/:na]
    	at java.base/jdk.internal.reflect.DirectMethodHandleAccessor.invoke(DirectMethodHandleAccessor.java:103) ~[na:na]
    	at java.base/java.lang.reflect.Method.invoke(Method.java:580) ~[na:na]
    	at org.junit.platform.commons.util.ReflectionUtils.invokeMethod(ReflectionUtils.java:728) ~[junit-platform-commons-1.10.2.jar:1.10.2]
    	at org.junit.jupiter.engine.execution.MethodInvocation.proceed(MethodInvocation.java:60) ~[junit-jupiter-engine-5.10.2.jar:5.10.2]
    	at org.junit.jupiter.engine.execution.InvocationInterceptorChain$ValidatingInvocation.proceed(InvocationInterceptorChain.java:131) ~[junit-jupiter-engine-5.10.2.jar:5.10.2]
    	at org.junit.jupiter.engine.extension.TimeoutExtension.intercept(TimeoutExtension.java:156) ~[junit-jupiter-engine-5.10.2.jar:5.10.2]
    	at org.junit.jupiter.engine.extension.TimeoutExtension.interceptTestableMethod(TimeoutExtension.java:147) ~[junit-jupiter-engine-5.10.2.jar:5.10.2]
    	at org.junit.jupiter.engine.extension.TimeoutExtension.interceptTestMethod(TimeoutExtension.java:86) ~[junit-jupiter-engine-5.10.2.jar:5.10.2]
    	at org.junit.jupiter.engine.execution.InterceptingExecutableInvoker$ReflectiveInterceptorCall.lambda$ofVoidMethod$0(InterceptingExecutableInvoker.java:103) ~[junit-jupiter-engine-5.10.2.jar:5.10.2]
    	at org.junit.jupiter.engine.execution.InterceptingExecutableInvoker.lambda$invoke$0(InterceptingExecutableInvoker.java:93) ~[junit-jupiter-engine-5.10.2.jar:5.10.2]
    	at org.junit.jupiter.engine.execution.InvocationInterceptorChain$InterceptedInvocation.proceed(InvocationInterceptorChain.java:106) ~[junit-jupiter-engine-5.10.2.jar:5.10.2]
    	at org.junit.jupiter.engine.execution.InvocationInterceptorChain.proceed(InvocationInterceptorChain.java:64) ~[junit-jupiter-engine-5.10.2.jar:5.10.2]
    	at org.junit.jupiter.engine.execution.InvocationInterceptorChain.chainAndInvoke(InvocationInterceptorChain.java:45) ~[junit-jupiter-engine-5.10.2.jar:5.10.2]
    	at org.junit.jupiter.engine.execution.InvocationInterceptorChain.invoke(InvocationInterceptorChain.java:37) ~[junit-jupiter-engine-5.10.2.jar:5.10.2]
    	at org.junit.jupiter.engine.execution.InterceptingExecutableInvoker.invoke(InterceptingExecutableInvoker.java:92) ~[junit-jupiter-engine-5.10.2.jar:5.10.2]
    	at org.junit.jupiter.engine.execution.InterceptingExecutableInvoker.invoke(InterceptingExecutableInvoker.java:86) ~[junit-jupiter-engine-5.10.2.jar:5.10.2]
    	at org.junit.jupiter.engine.descriptor.TestMethodTestDescriptor.lambda$invokeTestMethod$7(TestMethodTestDescriptor.java:218) ~[junit-jupiter-engine-5.10.2.jar:5.10.2]
    	at org.junit.platform.engine.support.hierarchical.ThrowableCollector.execute(ThrowableCollector.java:73) ~[junit-platform-engine-1.10.2.jar:1.10.2]
    	at org.junit.jupiter.engine.descriptor.TestMethodTestDescriptor.invokeTestMethod(TestMethodTestDescriptor.java:214) ~[junit-jupiter-engine-5.10.2.jar:5.10.2]
    	at org.junit.jupiter.engine.descriptor.TestMethodTestDescriptor.execute(TestMethodTestDescriptor.java:139) ~[junit-jupiter-engine-5.10.2.jar:5.10.2]
    	at org.junit.jupiter.engine.descriptor.TestMethodTestDescriptor.execute(TestMethodTestDescriptor.java:69) ~[junit-jupiter-engine-5.10.2.jar:5.10.2]
    	at org.junit.platform.engine.support.hierarchical.NodeTestTask.lambda$executeRecursively$6(NodeTestTask.java:151) ~[junit-platform-engine-1.10.2.jar:1.10.2]
    	at org.junit.platform.engine.support.hierarchical.ThrowableCollector.execute(ThrowableCollector.java:73) ~[junit-platform-engine-1.10.2.jar:1.10.2]
    	at org.junit.platform.engine.support.hierarchical.NodeTestTask.lambda$executeRecursively$8(NodeTestTask.java:141) ~[junit-platform-engine-1.10.2.jar:1.10.2]
    	at org.junit.platform.engine.support.hierarchical.Node.around(Node.java:137) ~[junit-platform-engine-1.10.2.jar:1.10.2]
    	at org.junit.platform.engine.support.hierarchical.NodeTestTask.lambda$executeRecursively$9(NodeTestTask.java:139) ~[junit-platform-engine-1.10.2.jar:1.10.2]
    	at org.junit.platform.engine.support.hierarchical.ThrowableCollector.execute(ThrowableCollector.java:73) ~[junit-platform-engine-1.10.2.jar:1.10.2]
    	at org.junit.platform.engine.support.hierarchical.NodeTestTask.executeRecursively(NodeTestTask.java:138) ~[junit-platform-engine-1.10.2.jar:1.10.2]
    	at org.junit.platform.engine.support.hierarchical.NodeTestTask.execute(NodeTestTask.java:95) ~[junit-platform-engine-1.10.2.jar:1.10.2]
    	at java.base/java.util.ArrayList.forEach(ArrayList.java:1596) ~[na:na]
    	at org.junit.platform.engine.support.hierarchical.SameThreadHierarchicalTestExecutorService.invokeAll(SameThreadHierarchicalTestExecutorService.java:41) ~[junit-platform-engine-1.10.2.jar:1.10.2]
    	at org.junit.platform.engine.support.hierarchical.NodeTestTask.lambda$executeRecursively$6(NodeTestTask.java:155) ~[junit-platform-engine-1.10.2.jar:1.10.2]
    	at org.junit.platform.engine.support.hierarchical.ThrowableCollector.execute(ThrowableCollector.java:73) ~[junit-platform-engine-1.10.2.jar:1.10.2]
    	at org.junit.platform.engine.support.hierarchical.NodeTestTask.lambda$executeRecursively$8(NodeTestTask.java:141) ~[junit-platform-engine-1.10.2.jar:1.10.2]
    	at org.junit.platform.engine.support.hierarchical.Node.around(Node.java:137) ~[junit-platform-engine-1.10.2.jar:1.10.2]
    	at org.junit.platform.engine.support.hierarchical.NodeTestTask.lambda$executeRecursively$9(NodeTestTask.java:139) ~[junit-platform-engine-1.10.2.jar:1.10.2]
    	at org.junit.platform.engine.support.hierarchical.ThrowableCollector.execute(ThrowableCollector.java:73) ~[junit-platform-engine-1.10.2.jar:1.10.2]
    	at org.junit.platform.engine.support.hierarchical.NodeTestTask.executeRecursively(NodeTestTask.java:138) ~[junit-platform-engine-1.10.2.jar:1.10.2]
    	at org.junit.platform.engine.support.hierarchical.NodeTestTask.execute(NodeTestTask.java:95) ~[junit-platform-engine-1.10.2.jar:1.10.2]
    	at java.base/java.util.ArrayList.forEach(ArrayList.java:1596) ~[na:na]
    	at org.junit.platform.engine.support.hierarchical.SameThreadHierarchicalTestExecutorService.invokeAll(SameThreadHierarchicalTestExecutorService.java:41) ~[junit-platform-engine-1.10.2.jar:1.10.2]
    	at org.junit.platform.engine.support.hierarchical.NodeTestTask.lambda$executeRecursively$6(NodeTestTask.java:155) ~[junit-platform-engine-1.10.2.jar:1.10.2]
    	at org.junit.platform.engine.support.hierarchical.ThrowableCollector.execute(ThrowableCollector.java:73) ~[junit-platform-engine-1.10.2.jar:1.10.2]
    	at org.junit.platform.engine.support.hierarchical.NodeTestTask.lambda$executeRecursively$8(NodeTestTask.java:141) ~[junit-platform-engine-1.10.2.jar:1.10.2]
    	at org.junit.platform.engine.support.hierarchical.Node.around(Node.java:137) ~[junit-platform-engine-1.10.2.jar:1.10.2]
    	at org.junit.platform.engine.support.hierarchical.NodeTestTask.lambda$executeRecursively$9(NodeTestTask.java:139) ~[junit-platform-engine-1.10.2.jar:1.10.2]
    	at org.junit.platform.engine.support.hierarchical.ThrowableCollector.execute(ThrowableCollector.java:73) ~[junit-platform-engine-1.10.2.jar:1.10.2]
    	at org.junit.platform.engine.support.hierarchical.NodeTestTask.executeRecursively(NodeTestTask.java:138) ~[junit-platform-engine-1.10.2.jar:1.10.2]
    	at org.junit.platform.engine.support.hierarchical.NodeTestTask.execute(NodeTestTask.java:95) ~[junit-platform-engine-1.10.2.jar:1.10.2]
    	at org.junit.platform.engine.support.hierarchical.SameThreadHierarchicalTestExecutorService.submit(SameThreadHierarchicalTestExecutorService.java:35) ~[junit-platform-engine-1.10.2.jar:1.10.2]
    	at org.junit.platform.engine.support.hierarchical.HierarchicalTestExecutor.execute(HierarchicalTestExecutor.java:57) ~[junit-platform-engine-1.10.2.jar:1.10.2]
    	at org.junit.platform.engine.support.hierarchical.HierarchicalTestEngine.execute(HierarchicalTestEngine.java:54) ~[junit-platform-engine-1.10.2.jar:1.10.2]
    	at org.junit.platform.launcher.core.EngineExecutionOrchestrator.execute(EngineExecutionOrchestrator.java:107) ~[junit-platform-launcher-1.8.2.jar:1.8.2]
    	at org.junit.platform.launcher.core.EngineExecutionOrchestrator.execute(EngineExecutionOrchestrator.java:88) ~[junit-platform-launcher-1.8.2.jar:1.8.2]
    	at org.junit.platform.launcher.core.EngineExecutionOrchestrator.lambda$execute$0(EngineExecutionOrchestrator.java:54) ~[junit-platform-launcher-1.8.2.jar:1.8.2]
    	at org.junit.platform.launcher.core.EngineExecutionOrchestrator.withInterceptedStreams(EngineExecutionOrchestrator.java:67) ~[junit-platform-launcher-1.8.2.jar:1.8.2]
    	at org.junit.platform.launcher.core.EngineExecutionOrchestrator.execute(EngineExecutionOrchestrator.java:52) ~[junit-platform-launcher-1.8.2.jar:1.8.2]
    	at org.junit.platform.launcher.core.DefaultLauncher.execute(DefaultLauncher.java:114) ~[junit-platform-launcher-1.8.2.jar:1.8.2]
    	at org.junit.platform.launcher.core.DefaultLauncher.execute(DefaultLauncher.java:86) ~[junit-platform-launcher-1.8.2.jar:1.8.2]
    	at org.junit.platform.launcher.core.DefaultLauncherSession$DelegatingLauncher.execute(DefaultLauncherSession.java:86) ~[junit-platform-launcher-1.8.2.jar:1.8.2]
    	at org.gradle.api.internal.tasks.testing.junitplatform.JUnitPlatformTestClassProcessor$CollectAllTestClassesExecutor.processAllTestClasses(JUnitPlatformTestClassProcessor.java:124) ~[na:na]
    	at org.gradle.api.internal.tasks.testing.junitplatform.JUnitPlatformTestClassProcessor$CollectAllTestClassesExecutor.access$000(JUnitPlatformTestClassProcessor.java:99) ~[na:na]
    	at org.gradle.api.internal.tasks.testing.junitplatform.JUnitPlatformTestClassProcessor.stop(JUnitPlatformTestClassProcessor.java:94) ~[na:na]
    	at org.gradle.api.internal.tasks.testing.SuiteTestClassProcessor.stop(SuiteTestClassProcessor.java:63) ~[na:na]
    	at java.base/jdk.internal.reflect.DirectMethodHandleAccessor.invoke(DirectMethodHandleAccessor.java:103) ~[na:na]
    	at java.base/java.lang.reflect.Method.invoke(Method.java:580) ~[na:na]
    	at org.gradle.internal.dispatch.ReflectionDispatch.dispatch(ReflectionDispatch.java:36) ~[na:na]
    	at org.gradle.internal.dispatch.ReflectionDispatch.dispatch(ReflectionDispatch.java:24) ~[na:na]
    	at org.gradle.internal.dispatch.ContextClassLoaderDispatch.dispatch(ContextClassLoaderDispatch.java:33) ~[na:na]
    	at org.gradle.internal.dispatch.ProxyDispatchAdapter$DispatchingInvocationHandler.invoke(ProxyDispatchAdapter.java:92) ~[na:na]
    	at jdk.proxy1/jdk.proxy1.$Proxy4.stop(Unknown Source) ~[na:na]
    	at org.gradle.api.internal.tasks.testing.worker.TestWorker$3.run(TestWorker.java:200) ~[na:na]
    	at org.gradle.api.internal.tasks.testing.worker.TestWorker.executeAndMaintainThreadName(TestWorker.java:132) ~[na:na]
    	at org.gradle.api.internal.tasks.testing.worker.TestWorker.execute(TestWorker.java:103) ~[na:na]
    	at org.gradle.api.internal.tasks.testing.worker.TestWorker.execute(TestWorker.java:63) ~[na:na]
    	at org.gradle.process.internal.worker.child.ActionExecutionWorker.execute(ActionExecutionWorker.java:56) ~[na:na]
    	at org.gradle.process.internal.worker.child.SystemApplicationClassLoaderWorker.call(SystemApplicationClassLoaderWorker.java:121) ~[na:na]
    	at org.gradle.process.internal.worker.child.SystemApplicationClassLoaderWorker.call(SystemApplicationClassLoaderWorker.java:71) ~[na:na]
    	at worker.org.gradle.process.internal.worker.GradleWorkerMain.run(GradleWorkerMain.java:69) ~[gradle-worker.jar:na]
    	at worker.org.gradle.process.internal.worker.GradleWorkerMain.main(GradleWorkerMain.java:74) ~[gradle-worker.jar:na]


UserProfileControllerTest > updateProfile_WithEmailChange_ShouldCreateVerificationToken() FAILED
    org.springframework.jdbc.BadSqlGrammarException: PreparedStatementCallback; bad SQL grammar [INSERT INTO SPRING_SESSION (PRIMARY_ID, SESSION_ID, CREATION_TIME, LAST_ACCESS_TIME, MAX_INACTIVE_INTERVAL, EXPIRY_TIME, PRINCIPAL_NAME)
    VALUES (?, ?, ?, ?, ?, ?, ?)
    ]
        at app//org.springframework.jdbc.support.SQLErrorCodeSQLExceptionTranslator.doTranslate(SQLErrorCodeSQLExceptionTranslator.java:246)
        at app//org.springframework.jdbc.support.AbstractFallbackSQLExceptionTranslator.translate(AbstractFallbackSQLExceptionTranslator.java:107)
        at app//org.springframework.jdbc.core.JdbcTemplate.translateException(JdbcTemplate.java:1548)
        at app//org.springframework.jdbc.core.JdbcTemplate.execute(JdbcTemplate.java:677)
        at app//org.springframework.jdbc.core.JdbcTemplate.update(JdbcTemplate.java:970)
        at app//org.springframework.jdbc.core.JdbcTemplate.update(JdbcTemplate.java:1014)
        at app//org.springframework.session.jdbc.JdbcIndexedSessionRepository$JdbcSession.lambda$save$6(JdbcIndexedSessionRepository.java:894)
        at app//org.springframework.transaction.support.TransactionOperations.lambda$executeWithoutResult$0(TransactionOperations.java:68)
        at app//org.springframework.transaction.support.TransactionTemplate.execute(TransactionTemplate.java:140)
        at app//org.springframework.transaction.support.TransactionOperations.executeWithoutResult(TransactionOperations.java:67)
        at app//org.springframework.session.jdbc.JdbcIndexedSessionRepository$JdbcSession.save(JdbcIndexedSessionRepository.java:890)
        at app//org.springframework.session.jdbc.JdbcIndexedSessionRepository.save(JdbcIndexedSessionRepository.java:477)
        at app//org.springframework.session.jdbc.JdbcIndexedSessionRepository.save(JdbcIndexedSessionRepository.java:141)
        at app//org.springframework.session.web.http.SessionRepositoryFilter$SessionRepositoryRequestWrapper.commitSession(SessionRepositoryFilter.java:229)
        at app//org.springframework.session.web.http.SessionRepositoryFilter.doFilterInternal(SessionRepositoryFilter.java:145)
        at app//org.springframework.session.web.http.OncePerRequestFilter.doFilter(OncePerRequestFilter.java:82)
        at app//org.springframework.web.filter.DelegatingFilterProxy.invokeDelegate(DelegatingFilterProxy.java:352)
        at app//org.springframework.web.filter.DelegatingFilterProxy.doFilter(DelegatingFilterProxy.java:268)
        at app//org.springframework.test.web.servlet.setup.MockMvcFilterDecorator.doFilter(MockMvcFilterDecorator.java:151)
        at app//org.springframework.mock.web.MockFilterChain.doFilter(MockFilterChain.java:132)
        at app//org.springframework.web.filter.CharacterEncodingFilter.doFilterInternal(CharacterEncodingFilter.java:201)
        at app//org.springframework.web.filter.OncePerRequestFilter.doFilter(OncePerRequestFilter.java:116)
        at app//org.springframework.test.web.servlet.setup.MockMvcFilterDecorator.doFilter(MockMvcFilterDecorator.java:151)
        at app//org.springframework.mock.web.MockFilterChain.doFilter(MockFilterChain.java:132)
        at app//org.springframework.test.web.servlet.MockMvc.perform(MockMvc.java:201)
        at app//com.heartrate.controller.v1.UserProfileControllerTest.updateProfile_WithEmailChange_ShouldCreateVerificationToken(UserProfileControllerTest.java:166)

        Caused by:
        org.h2.jdbc.JdbcSQLSyntaxErrorException: Table "SPRING_SESSION" not found; SQL statement:
        INSERT INTO SPRING_SESSION (PRIMARY_ID, SESSION_ID, CREATION_TIME, LAST_ACCESS_TIME, MAX_INACTIVE_INTERVAL, EXPIRY_TIME, PRINCIPAL_NAME)
        VALUES (?, ?, ?, ?, ?, ?, ?)
         [42102-224]
            at app//org.h2.message.DbException.getJdbcSQLException(DbException.java:514)
            at app//org.h2.message.DbException.getJdbcSQLException(DbException.java:489)
            at app//org.h2.message.DbException.get(DbException.java:223)
            at app//org.h2.message.DbException.get(DbException.java:199)
            at app//org.h2.command.Parser.getTableOrViewNotFoundDbException(Parser.java:8064)
            at app//org.h2.command.Parser.getTableOrViewNotFoundDbException(Parser.java:8035)
            at app//org.h2.command.Parser.readTableOrView(Parser.java:8024)
            at app//org.h2.command.Parser.readTableOrView(Parser.java:7990)
            at app//org.h2.command.Parser.parseInsert(Parser.java:1540)
            at app//org.h2.command.Parser.parsePrepared(Parser.java:719)
            at app//org.h2.command.Parser.parse(Parser.java:592)
            at app//org.h2.command.Parser.parse(Parser.java:564)
            at app//org.h2.command.Parser.prepareCommand(Parser.java:483)
            at app//org.h2.engine.SessionLocal.prepareLocal(SessionLocal.java:639)
            at app//org.h2.engine.SessionLocal.prepareCommand(SessionLocal.java:559)
            at app//org.h2.jdbc.JdbcConnection.prepareCommand(JdbcConnection.java:1166)
            at app//org.h2.jdbc.JdbcPreparedStatement.<init>(JdbcPreparedStatement.java:93)
            at app//org.h2.jdbc.JdbcConnection.prepareStatement(JdbcConnection.java:316)
            at app//com.zaxxer.hikari.pool.ProxyConnection.prepareStatement(ProxyConnection.java:327)
            at app//com.zaxxer.hikari.pool.HikariProxyConnection.prepareStatement(HikariProxyConnection.java)
            at app//org.springframework.jdbc.core.JdbcTemplate$SimplePreparedStatementCreator.createPreparedStatement(JdbcTemplate.java:1711)
            at app//org.springframework.jdbc.core.JdbcTemplate.execute(JdbcTemplate.java:656)
            ... 22 more

UserProfileControllerTest > changePassword_WithoutSession_ShouldReturn401() STANDARD_OUT
    2025-04-06T08:34:46.322-07:00 DEBUG 44469 --- [    Test worker] org.hibernate.SQL                        : 
        select
            u1_0."id",
            u1_0."created_at",
            u1_0."display_name",
            u1_0."email",
            u1_0."email_verified",
            u1_0."first_name",
            u1_0."mobile_number",
            u1_0."password_hash",
            u1_0."remember_me_token",
            u1_0."updated_at",
            u1_0."user_address",
            u1_0."year_of_birth" 
        from
            "users" u1_0 
        where
            u1_0."id"=?
    Hibernate: 
        select
            u1_0."id",
            u1_0."created_at",
            u1_0."display_name",
            u1_0."email",
            u1_0."email_verified",
            u1_0."first_name",
            u1_0."mobile_number",
            u1_0."password_hash",
            u1_0."remember_me_token",
            u1_0."updated_at",
            u1_0."user_address",
            u1_0."year_of_birth" 
        from
            "users" u1_0 
        where
            u1_0."id"=?
    2025-04-06T08:34:46.336-07:00 DEBUG 44469 --- [    Test worker] o.s.s.w.h.S.SESSION_LOGGER               : No session found by id: Caching result for getSession(false) for this HttpServletRequest.
    2025-04-06T08:34:46.337-07:00 DEBUG 44469 --- [    Test worker] o.s.s.w.h.S.SESSION_LOGGER               : No session found by id: Caching result for getSession(false) for this HttpServletRequest.
    2025-04-06T08:34:46.337-07:00 DEBUG 44469 --- [    Test worker] o.s.s.w.h.S.SESSION_LOGGER               : A new session was created. To help you troubleshoot where the session was created we provided a StackTrace (this is not an error). You can prevent this from appearing by disabling DEBUG logging for org.springframework.session.web.http.SessionRepositoryFilter.SESSION_LOGGER

    java.lang.RuntimeException: For debugging purposes only (not an error)
    	at org.springframework.session.web.http.SessionRepositoryFilter$SessionRepositoryRequestWrapper.getSession(SessionRepositoryFilter.java:314) ~[spring-session-core-3.2.1.jar:3.2.1]
    	at org.springframework.session.web.http.SessionRepositoryFilter$SessionRepositoryRequestWrapper.getSession(SessionRepositoryFilter.java:328) ~[spring-session-core-3.2.1.jar:3.2.1]
    	at org.springframework.session.web.http.SessionRepositoryFilter$SessionRepositoryRequestWrapper.getSession(SessionRepositoryFilter.java:193) ~[spring-session-core-3.2.1.jar:3.2.1]
    	at jakarta.servlet.http.HttpServletRequestWrapper.getSession(HttpServletRequestWrapper.java:229) ~[tomcat-embed-core-10.1.19.jar:6.0]
    	at jakarta.servlet.http.HttpServletRequestWrapper.getSession(HttpServletRequestWrapper.java:229) ~[tomcat-embed-core-10.1.19.jar:6.0]
    	at org.springframework.security.web.csrf.HttpSessionCsrfTokenRepository.saveToken(HttpSessionCsrfTokenRepository.java:58) ~[spring-security-web-6.2.2.jar:6.2.2]
    	at org.springframework.security.web.csrf.RepositoryDeferredCsrfToken.init(RepositoryDeferredCsrfToken.java:67) ~[spring-security-web-6.2.2.jar:6.2.2]
    	at org.springframework.security.web.csrf.RepositoryDeferredCsrfToken.get(RepositoryDeferredCsrfToken.java:48) ~[spring-security-web-6.2.2.jar:6.2.2]
    	at org.springframework.security.web.csrf.CsrfFilter.doFilterInternal(CsrfFilter.java:120) ~[spring-security-web-6.2.2.jar:6.2.2]
    	at org.springframework.web.filter.OncePerRequestFilter.doFilter(OncePerRequestFilter.java:116) ~[spring-web-6.1.4.jar:6.1.4]
    	at org.springframework.security.web.FilterChainProxy$VirtualFilterChain.doFilter(FilterChainProxy.java:374) ~[spring-security-web-6.2.2.jar:6.2.2]
    	at org.springframework.web.filter.CorsFilter.doFilterInternal(CorsFilter.java:91) ~[spring-web-6.1.4.jar:6.1.4]
    	at org.springframework.web.filter.OncePerRequestFilter.doFilter(OncePerRequestFilter.java:116) ~[spring-web-6.1.4.jar:6.1.4]
    	at org.springframework.security.web.FilterChainProxy$VirtualFilterChain.doFilter(FilterChainProxy.java:374) ~[spring-security-web-6.2.2.jar:6.2.2]
    	at org.springframework.security.web.header.HeaderWriterFilter.doHeadersAfter(HeaderWriterFilter.java:90) ~[spring-security-web-6.2.2.jar:6.2.2]
    	at org.springframework.security.web.header.HeaderWriterFilter.doFilterInternal(HeaderWriterFilter.java:75) ~[spring-security-web-6.2.2.jar:6.2.2]
    	at org.springframework.web.filter.OncePerRequestFilter.doFilter(OncePerRequestFilter.java:116) ~[spring-web-6.1.4.jar:6.1.4]
    	at org.springframework.security.web.FilterChainProxy$VirtualFilterChain.doFilter(FilterChainProxy.java:374) ~[spring-security-web-6.2.2.jar:6.2.2]
    	at org.springframework.security.web.context.SecurityContextHolderFilter.doFilter(SecurityContextHolderFilter.java:82) ~[spring-security-web-6.2.2.jar:6.2.2]
    	at org.springframework.security.web.context.SecurityContextHolderFilter.doFilter(SecurityContextHolderFilter.java:69) ~[spring-security-web-6.2.2.jar:6.2.2]
    	at org.springframework.security.web.FilterChainProxy$VirtualFilterChain.doFilter(FilterChainProxy.java:374) ~[spring-security-web-6.2.2.jar:6.2.2]
    	at org.springframework.security.web.context.request.async.WebAsyncManagerIntegrationFilter.doFilterInternal(WebAsyncManagerIntegrationFilter.java:62) ~[spring-security-web-6.2.2.jar:6.2.2]
    	at org.springframework.web.filter.OncePerRequestFilter.doFilter(OncePerRequestFilter.java:116) ~[spring-web-6.1.4.jar:6.1.4]
    	at org.springframework.security.web.FilterChainProxy$VirtualFilterChain.doFilter(FilterChainProxy.java:374) ~[spring-security-web-6.2.2.jar:6.2.2]
    	at org.springframework.security.web.session.DisableEncodeUrlFilter.doFilterInternal(DisableEncodeUrlFilter.java:42) ~[spring-security-web-6.2.2.jar:6.2.2]
    	at org.springframework.web.filter.OncePerRequestFilter.doFilter(OncePerRequestFilter.java:116) ~[spring-web-6.1.4.jar:6.1.4]
    	at org.springframework.security.web.FilterChainProxy$VirtualFilterChain.doFilter(FilterChainProxy.java:374) ~[spring-security-web-6.2.2.jar:6.2.2]
    	at org.springframework.security.web.FilterChainProxy.doFilterInternal(FilterChainProxy.java:233) ~[spring-security-web-6.2.2.jar:6.2.2]
    	at org.springframework.security.web.FilterChainProxy.doFilter(FilterChainProxy.java:191) ~[spring-security-web-6.2.2.jar:6.2.2]
    	at org.springframework.web.filter.CompositeFilter$VirtualFilterChain.doFilter(CompositeFilter.java:113) ~[spring-web-6.1.4.jar:6.1.4]
    	at org.springframework.web.servlet.handler.HandlerMappingIntrospector.lambda$createCacheFilter$3(HandlerMappingIntrospector.java:195) ~[spring-webmvc-6.1.4.jar:6.1.4]
    	at org.springframework.web.filter.CompositeFilter$VirtualFilterChain.doFilter(CompositeFilter.java:113) ~[spring-web-6.1.4.jar:6.1.4]
    	at org.springframework.web.filter.CompositeFilter.doFilter(CompositeFilter.java:74) ~[spring-web-6.1.4.jar:6.1.4]
    	at org.springframework.security.config.annotation.web.configuration.WebMvcSecurityConfiguration$CompositeFilterChainProxy.doFilter(WebMvcSecurityConfiguration.java:230) ~[spring-security-config-6.2.2.jar:6.2.2]
    	at org.springframework.web.filter.DelegatingFilterProxy.invokeDelegate(DelegatingFilterProxy.java:352) ~[spring-web-6.1.4.jar:6.1.4]
    	at org.springframework.web.filter.DelegatingFilterProxy.doFilter(DelegatingFilterProxy.java:268) ~[spring-web-6.1.4.jar:6.1.4]
    	at org.springframework.test.web.servlet.setup.MockMvcFilterDecorator.doFilter(MockMvcFilterDecorator.java:151) ~[spring-test-6.1.4.jar:6.1.4]
    	at org.springframework.mock.web.MockFilterChain.doFilter(MockFilterChain.java:132) ~[spring-test-6.1.4.jar:6.1.4]
    	at org.springframework.web.filter.RequestContextFilter.doFilterInternal(RequestContextFilter.java:100) ~[spring-web-6.1.4.jar:6.1.4]
    	at org.springframework.web.filter.OncePerRequestFilter.doFilter(OncePerRequestFilter.java:116) ~[spring-web-6.1.4.jar:6.1.4]
    	at org.springframework.test.web.servlet.setup.MockMvcFilterDecorator.doFilter(MockMvcFilterDecorator.java:151) ~[spring-test-6.1.4.jar:6.1.4]
    	at org.springframework.mock.web.MockFilterChain.doFilter(MockFilterChain.java:132) ~[spring-test-6.1.4.jar:6.1.4]
    	at org.springframework.web.filter.FormContentFilter.doFilterInternal(FormContentFilter.java:93) ~[spring-web-6.1.4.jar:6.1.4]
    	at org.springframework.web.filter.OncePerRequestFilter.doFilter(OncePerRequestFilter.java:116) ~[spring-web-6.1.4.jar:6.1.4]
    	at org.springframework.test.web.servlet.setup.MockMvcFilterDecorator.doFilter(MockMvcFilterDecorator.java:151) ~[spring-test-6.1.4.jar:6.1.4]
    	at org.springframework.mock.web.MockFilterChain.doFilter(MockFilterChain.java:132) ~[spring-test-6.1.4.jar:6.1.4]
    	at org.springframework.session.web.http.SessionRepositoryFilter.doFilterInternal(SessionRepositoryFilter.java:142) ~[spring-session-core-3.2.1.jar:3.2.1]
    	at org.springframework.session.web.http.OncePerRequestFilter.doFilter(OncePerRequestFilter.java:82) ~[spring-session-core-3.2.1.jar:3.2.1]
    	at org.springframework.web.filter.DelegatingFilterProxy.invokeDelegate(DelegatingFilterProxy.java:352) ~[spring-web-6.1.4.jar:6.1.4]
    	at org.springframework.web.filter.DelegatingFilterProxy.doFilter(DelegatingFilterProxy.java:268) ~[spring-web-6.1.4.jar:6.1.4]
    	at org.springframework.test.web.servlet.setup.MockMvcFilterDecorator.doFilter(MockMvcFilterDecorator.java:151) ~[spring-test-6.1.4.jar:6.1.4]
    	at org.springframework.mock.web.MockFilterChain.doFilter(MockFilterChain.java:132) ~[spring-test-6.1.4.jar:6.1.4]
    	at org.springframework.web.filter.CharacterEncodingFilter.doFilterInternal(CharacterEncodingFilter.java:201) ~[spring-web-6.1.4.jar:6.1.4]
    	at org.springframework.web.filter.OncePerRequestFilter.doFilter(OncePerRequestFilter.java:116) ~[spring-web-6.1.4.jar:6.1.4]
    	at org.springframework.test.web.servlet.setup.MockMvcFilterDecorator.doFilter(MockMvcFilterDecorator.java:151) ~[spring-test-6.1.4.jar:6.1.4]
    	at org.springframework.mock.web.MockFilterChain.doFilter(MockFilterChain.java:132) ~[spring-test-6.1.4.jar:6.1.4]
    	at org.springframework.test.web.servlet.MockMvc.perform(MockMvc.java:201) ~[spring-test-6.1.4.jar:6.1.4]
    	at com.heartrate.controller.v1.UserProfileControllerTest.changePassword_WithoutSession_ShouldReturn401(UserProfileControllerTest.java:233) ~[test/:na]
    	at java.base/jdk.internal.reflect.DirectMethodHandleAccessor.invoke(DirectMethodHandleAccessor.java:103) ~[na:na]
    	at java.base/java.lang.reflect.Method.invoke(Method.java:580) ~[na:na]
    	at org.junit.platform.commons.util.ReflectionUtils.invokeMethod(ReflectionUtils.java:728) ~[junit-platform-commons-1.10.2.jar:1.10.2]
    	at org.junit.jupiter.engine.execution.MethodInvocation.proceed(MethodInvocation.java:60) ~[junit-jupiter-engine-5.10.2.jar:5.10.2]
    	at org.junit.jupiter.engine.execution.InvocationInterceptorChain$ValidatingInvocation.proceed(InvocationInterceptorChain.java:131) ~[junit-jupiter-engine-5.10.2.jar:5.10.2]
    	at org.junit.jupiter.engine.extension.TimeoutExtension.intercept(TimeoutExtension.java:156) ~[junit-jupiter-engine-5.10.2.jar:5.10.2]
    	at org.junit.jupiter.engine.extension.TimeoutExtension.interceptTestableMethod(TimeoutExtension.java:147) ~[junit-jupiter-engine-5.10.2.jar:5.10.2]
    	at org.junit.jupiter.engine.extension.TimeoutExtension.interceptTestMethod(TimeoutExtension.java:86) ~[junit-jupiter-engine-5.10.2.jar:5.10.2]
    	at org.junit.jupiter.engine.execution.InterceptingExecutableInvoker$ReflectiveInterceptorCall.lambda$ofVoidMethod$0(InterceptingExecutableInvoker.java:103) ~[junit-jupiter-engine-5.10.2.jar:5.10.2]
    	at org.junit.jupiter.engine.execution.InterceptingExecutableInvoker.lambda$invoke$0(InterceptingExecutableInvoker.java:93) ~[junit-jupiter-engine-5.10.2.jar:5.10.2]
    	at org.junit.jupiter.engine.execution.InvocationInterceptorChain$InterceptedInvocation.proceed(InvocationInterceptorChain.java:106) ~[junit-jupiter-engine-5.10.2.jar:5.10.2]
    	at org.junit.jupiter.engine.execution.InvocationInterceptorChain.proceed(InvocationInterceptorChain.java:64) ~[junit-jupiter-engine-5.10.2.jar:5.10.2]
    	at org.junit.jupiter.engine.execution.InvocationInterceptorChain.chainAndInvoke(InvocationInterceptorChain.java:45) ~[junit-jupiter-engine-5.10.2.jar:5.10.2]
    	at org.junit.jupiter.engine.execution.InvocationInterceptorChain.invoke(InvocationInterceptorChain.java:37) ~[junit-jupiter-engine-5.10.2.jar:5.10.2]
    	at org.junit.jupiter.engine.execution.InterceptingExecutableInvoker.invoke(InterceptingExecutableInvoker.java:92) ~[junit-jupiter-engine-5.10.2.jar:5.10.2]
    	at org.junit.jupiter.engine.execution.InterceptingExecutableInvoker.invoke(InterceptingExecutableInvoker.java:86) ~[junit-jupiter-engine-5.10.2.jar:5.10.2]
    	at org.junit.jupiter.engine.descriptor.TestMethodTestDescriptor.lambda$invokeTestMethod$7(TestMethodTestDescriptor.java:218) ~[junit-jupiter-engine-5.10.2.jar:5.10.2]
    	at org.junit.platform.engine.support.hierarchical.ThrowableCollector.execute(ThrowableCollector.java:73) ~[junit-platform-engine-1.10.2.jar:1.10.2]
    	at org.junit.jupiter.engine.descriptor.TestMethodTestDescriptor.invokeTestMethod(TestMethodTestDescriptor.java:214) ~[junit-jupiter-engine-5.10.2.jar:5.10.2]
    	at org.junit.jupiter.engine.descriptor.TestMethodTestDescriptor.execute(TestMethodTestDescriptor.java:139) ~[junit-jupiter-engine-5.10.2.jar:5.10.2]
    	at org.junit.jupiter.engine.descriptor.TestMethodTestDescriptor.execute(TestMethodTestDescriptor.java:69) ~[junit-jupiter-engine-5.10.2.jar:5.10.2]
    	at org.junit.platform.engine.support.hierarchical.NodeTestTask.lambda$executeRecursively$6(NodeTestTask.java:151) ~[junit-platform-engine-1.10.2.jar:1.10.2]
    	at org.junit.platform.engine.support.hierarchical.ThrowableCollector.execute(ThrowableCollector.java:73) ~[junit-platform-engine-1.10.2.jar:1.10.2]
    	at org.junit.platform.engine.support.hierarchical.NodeTestTask.lambda$executeRecursively$8(NodeTestTask.java:141) ~[junit-platform-engine-1.10.2.jar:1.10.2]
    	at org.junit.platform.engine.support.hierarchical.Node.around(Node.java:137) ~[junit-platform-engine-1.10.2.jar:1.10.2]
    	at org.junit.platform.engine.support.hierarchical.NodeTestTask.lambda$executeRecursively$9(NodeTestTask.java:139) ~[junit-platform-engine-1.10.2.jar:1.10.2]
    	at org.junit.platform.engine.support.hierarchical.ThrowableCollector.execute(ThrowableCollector.java:73) ~[junit-platform-engine-1.10.2.jar:1.10.2]
    	at org.junit.platform.engine.support.hierarchical.NodeTestTask.executeRecursively(NodeTestTask.java:138) ~[junit-platform-engine-1.10.2.jar:1.10.2]
    	at org.junit.platform.engine.support.hierarchical.NodeTestTask.execute(NodeTestTask.java:95) ~[junit-platform-engine-1.10.2.jar:1.10.2]
    	at java.base/java.util.ArrayList.forEach(ArrayList.java:1596) ~[na:na]
    	at org.junit.platform.engine.support.hierarchical.SameThreadHierarchicalTestExecutorService.invokeAll(SameThreadHierarchicalTestExecutorService.java:41) ~[junit-platform-engine-1.10.2.jar:1.10.2]
    	at org.junit.platform.engine.support.hierarchical.NodeTestTask.lambda$executeRecursively$6(NodeTestTask.java:155) ~[junit-platform-engine-1.10.2.jar:1.10.2]
    	at org.junit.platform.engine.support.hierarchical.ThrowableCollector.execute(ThrowableCollector.java:73) ~[junit-platform-engine-1.10.2.jar:1.10.2]
    	at org.junit.platform.engine.support.hierarchical.NodeTestTask.lambda$executeRecursively$8(NodeTestTask.java:141) ~[junit-platform-engine-1.10.2.jar:1.10.2]
    	at org.junit.platform.engine.support.hierarchical.Node.around(Node.java:137) ~[junit-platform-engine-1.10.2.jar:1.10.2]
    	at org.junit.platform.engine.support.hierarchical.NodeTestTask.lambda$executeRecursively$9(NodeTestTask.java:139) ~[junit-platform-engine-1.10.2.jar:1.10.2]
    	at org.junit.platform.engine.support.hierarchical.ThrowableCollector.execute(ThrowableCollector.java:73) ~[junit-platform-engine-1.10.2.jar:1.10.2]
    	at org.junit.platform.engine.support.hierarchical.NodeTestTask.executeRecursively(NodeTestTask.java:138) ~[junit-platform-engine-1.10.2.jar:1.10.2]
    	at org.junit.platform.engine.support.hierarchical.NodeTestTask.execute(NodeTestTask.java:95) ~[junit-platform-engine-1.10.2.jar:1.10.2]
    	at java.base/java.util.ArrayList.forEach(ArrayList.java:1596) ~[na:na]
    	at org.junit.platform.engine.support.hierarchical.SameThreadHierarchicalTestExecutorService.invokeAll(SameThreadHierarchicalTestExecutorService.java:41) ~[junit-platform-engine-1.10.2.jar:1.10.2]
    	at org.junit.platform.engine.support.hierarchical.NodeTestTask.lambda$executeRecursively$6(NodeTestTask.java:155) ~[junit-platform-engine-1.10.2.jar:1.10.2]
    	at org.junit.platform.engine.support.hierarchical.ThrowableCollector.execute(ThrowableCollector.java:73) ~[junit-platform-engine-1.10.2.jar:1.10.2]
    	at org.junit.platform.engine.support.hierarchical.NodeTestTask.lambda$executeRecursively$8(NodeTestTask.java:141) ~[junit-platform-engine-1.10.2.jar:1.10.2]
    	at org.junit.platform.engine.support.hierarchical.Node.around(Node.java:137) ~[junit-platform-engine-1.10.2.jar:1.10.2]
    	at org.junit.platform.engine.support.hierarchical.NodeTestTask.lambda$executeRecursively$9(NodeTestTask.java:139) ~[junit-platform-engine-1.10.2.jar:1.10.2]
    	at org.junit.platform.engine.support.hierarchical.ThrowableCollector.execute(ThrowableCollector.java:73) ~[junit-platform-engine-1.10.2.jar:1.10.2]
    	at org.junit.platform.engine.support.hierarchical.NodeTestTask.executeRecursively(NodeTestTask.java:138) ~[junit-platform-engine-1.10.2.jar:1.10.2]
    	at org.junit.platform.engine.support.hierarchical.NodeTestTask.execute(NodeTestTask.java:95) ~[junit-platform-engine-1.10.2.jar:1.10.2]
    	at org.junit.platform.engine.support.hierarchical.SameThreadHierarchicalTestExecutorService.submit(SameThreadHierarchicalTestExecutorService.java:35) ~[junit-platform-engine-1.10.2.jar:1.10.2]
    	at org.junit.platform.engine.support.hierarchical.HierarchicalTestExecutor.execute(HierarchicalTestExecutor.java:57) ~[junit-platform-engine-1.10.2.jar:1.10.2]
    	at org.junit.platform.engine.support.hierarchical.HierarchicalTestEngine.execute(HierarchicalTestEngine.java:54) ~[junit-platform-engine-1.10.2.jar:1.10.2]
    	at org.junit.platform.launcher.core.EngineExecutionOrchestrator.execute(EngineExecutionOrchestrator.java:107) ~[junit-platform-launcher-1.8.2.jar:1.8.2]
    	at org.junit.platform.launcher.core.EngineExecutionOrchestrator.execute(EngineExecutionOrchestrator.java:88) ~[junit-platform-launcher-1.8.2.jar:1.8.2]
    	at org.junit.platform.launcher.core.EngineExecutionOrchestrator.lambda$execute$0(EngineExecutionOrchestrator.java:54) ~[junit-platform-launcher-1.8.2.jar:1.8.2]
    	at org.junit.platform.launcher.core.EngineExecutionOrchestrator.withInterceptedStreams(EngineExecutionOrchestrator.java:67) ~[junit-platform-launcher-1.8.2.jar:1.8.2]
    	at org.junit.platform.launcher.core.EngineExecutionOrchestrator.execute(EngineExecutionOrchestrator.java:52) ~[junit-platform-launcher-1.8.2.jar:1.8.2]
    	at org.junit.platform.launcher.core.DefaultLauncher.execute(DefaultLauncher.java:114) ~[junit-platform-launcher-1.8.2.jar:1.8.2]
    	at org.junit.platform.launcher.core.DefaultLauncher.execute(DefaultLauncher.java:86) ~[junit-platform-launcher-1.8.2.jar:1.8.2]
    	at org.junit.platform.launcher.core.DefaultLauncherSession$DelegatingLauncher.execute(DefaultLauncherSession.java:86) ~[junit-platform-launcher-1.8.2.jar:1.8.2]
    	at org.gradle.api.internal.tasks.testing.junitplatform.JUnitPlatformTestClassProcessor$CollectAllTestClassesExecutor.processAllTestClasses(JUnitPlatformTestClassProcessor.java:124) ~[na:na]
    	at org.gradle.api.internal.tasks.testing.junitplatform.JUnitPlatformTestClassProcessor$CollectAllTestClassesExecutor.access$000(JUnitPlatformTestClassProcessor.java:99) ~[na:na]
    	at org.gradle.api.internal.tasks.testing.junitplatform.JUnitPlatformTestClassProcessor.stop(JUnitPlatformTestClassProcessor.java:94) ~[na:na]
    	at org.gradle.api.internal.tasks.testing.SuiteTestClassProcessor.stop(SuiteTestClassProcessor.java:63) ~[na:na]
    	at java.base/jdk.internal.reflect.DirectMethodHandleAccessor.invoke(DirectMethodHandleAccessor.java:103) ~[na:na]
    	at java.base/java.lang.reflect.Method.invoke(Method.java:580) ~[na:na]
    	at org.gradle.internal.dispatch.ReflectionDispatch.dispatch(ReflectionDispatch.java:36) ~[na:na]
    	at org.gradle.internal.dispatch.ReflectionDispatch.dispatch(ReflectionDispatch.java:24) ~[na:na]
    	at org.gradle.internal.dispatch.ContextClassLoaderDispatch.dispatch(ContextClassLoaderDispatch.java:33) ~[na:na]
    	at org.gradle.internal.dispatch.ProxyDispatchAdapter$DispatchingInvocationHandler.invoke(ProxyDispatchAdapter.java:92) ~[na:na]
    	at jdk.proxy1/jdk.proxy1.$Proxy4.stop(Unknown Source) ~[na:na]
    	at org.gradle.api.internal.tasks.testing.worker.TestWorker$3.run(TestWorker.java:200) ~[na:na]
    	at org.gradle.api.internal.tasks.testing.worker.TestWorker.executeAndMaintainThreadName(TestWorker.java:132) ~[na:na]
    	at org.gradle.api.internal.tasks.testing.worker.TestWorker.execute(TestWorker.java:103) ~[na:na]
    	at org.gradle.api.internal.tasks.testing.worker.TestWorker.execute(TestWorker.java:63) ~[na:na]
    	at org.gradle.process.internal.worker.child.ActionExecutionWorker.execute(ActionExecutionWorker.java:56) ~[na:na]
    	at org.gradle.process.internal.worker.child.SystemApplicationClassLoaderWorker.call(SystemApplicationClassLoaderWorker.java:121) ~[na:na]
    	at org.gradle.process.internal.worker.child.SystemApplicationClassLoaderWorker.call(SystemApplicationClassLoaderWorker.java:71) ~[na:na]
    	at worker.org.gradle.process.internal.worker.GradleWorkerMain.run(GradleWorkerMain.java:69) ~[gradle-worker.jar:na]
    	at worker.org.gradle.process.internal.worker.GradleWorkerMain.main(GradleWorkerMain.java:74) ~[gradle-worker.jar:na]


UserProfileControllerTest > changePassword_WithoutSession_ShouldReturn401() FAILED
    org.springframework.jdbc.BadSqlGrammarException: PreparedStatementCallback; bad SQL grammar [INSERT INTO SPRING_SESSION (PRIMARY_ID, SESSION_ID, CREATION_TIME, LAST_ACCESS_TIME, MAX_INACTIVE_INTERVAL, EXPIRY_TIME, PRINCIPAL_NAME)
    VALUES (?, ?, ?, ?, ?, ?, ?)
    ]
        at app//org.springframework.jdbc.support.SQLErrorCodeSQLExceptionTranslator.doTranslate(SQLErrorCodeSQLExceptionTranslator.java:246)
        at app//org.springframework.jdbc.support.AbstractFallbackSQLExceptionTranslator.translate(AbstractFallbackSQLExceptionTranslator.java:107)
        at app//org.springframework.jdbc.core.JdbcTemplate.translateException(JdbcTemplate.java:1548)
        at app//org.springframework.jdbc.core.JdbcTemplate.execute(JdbcTemplate.java:677)
        at app//org.springframework.jdbc.core.JdbcTemplate.update(JdbcTemplate.java:970)
        at app//org.springframework.jdbc.core.JdbcTemplate.update(JdbcTemplate.java:1014)
        at app//org.springframework.session.jdbc.JdbcIndexedSessionRepository$JdbcSession.lambda$save$6(JdbcIndexedSessionRepository.java:894)
        at app//org.springframework.transaction.support.TransactionOperations.lambda$executeWithoutResult$0(TransactionOperations.java:68)
        at app//org.springframework.transaction.support.TransactionTemplate.execute(TransactionTemplate.java:140)
        at app//org.springframework.transaction.support.TransactionOperations.executeWithoutResult(TransactionOperations.java:67)
        at app//org.springframework.session.jdbc.JdbcIndexedSessionRepository$JdbcSession.save(JdbcIndexedSessionRepository.java:890)
        at app//org.springframework.session.jdbc.JdbcIndexedSessionRepository.save(JdbcIndexedSessionRepository.java:477)
        at app//org.springframework.session.jdbc.JdbcIndexedSessionRepository.save(JdbcIndexedSessionRepository.java:141)
        at app//org.springframework.session.web.http.SessionRepositoryFilter$SessionRepositoryRequestWrapper.commitSession(SessionRepositoryFilter.java:229)
        at app//org.springframework.session.web.http.SessionRepositoryFilter.doFilterInternal(SessionRepositoryFilter.java:145)
        at app//org.springframework.session.web.http.OncePerRequestFilter.doFilter(OncePerRequestFilter.java:82)
        at app//org.springframework.web.filter.DelegatingFilterProxy.invokeDelegate(DelegatingFilterProxy.java:352)
        at app//org.springframework.web.filter.DelegatingFilterProxy.doFilter(DelegatingFilterProxy.java:268)
        at app//org.springframework.test.web.servlet.setup.MockMvcFilterDecorator.doFilter(MockMvcFilterDecorator.java:151)
        at app//org.springframework.mock.web.MockFilterChain.doFilter(MockFilterChain.java:132)
        at app//org.springframework.web.filter.CharacterEncodingFilter.doFilterInternal(CharacterEncodingFilter.java:201)
        at app//org.springframework.web.filter.OncePerRequestFilter.doFilter(OncePerRequestFilter.java:116)
        at app//org.springframework.test.web.servlet.setup.MockMvcFilterDecorator.doFilter(MockMvcFilterDecorator.java:151)
        at app//org.springframework.mock.web.MockFilterChain.doFilter(MockFilterChain.java:132)
        at app//org.springframework.test.web.servlet.MockMvc.perform(MockMvc.java:201)
        at app//com.heartrate.controller.v1.UserProfileControllerTest.changePassword_WithoutSession_ShouldReturn401(UserProfileControllerTest.java:233)

        Caused by:
        org.h2.jdbc.JdbcSQLSyntaxErrorException: Table "SPRING_SESSION" not found; SQL statement:
        INSERT INTO SPRING_SESSION (PRIMARY_ID, SESSION_ID, CREATION_TIME, LAST_ACCESS_TIME, MAX_INACTIVE_INTERVAL, EXPIRY_TIME, PRINCIPAL_NAME)
        VALUES (?, ?, ?, ?, ?, ?, ?)
         [42102-224]
            at app//org.h2.message.DbException.getJdbcSQLException(DbException.java:514)
            at app//org.h2.message.DbException.getJdbcSQLException(DbException.java:489)
            at app//org.h2.message.DbException.get(DbException.java:223)
            at app//org.h2.message.DbException.get(DbException.java:199)
            at app//org.h2.command.Parser.getTableOrViewNotFoundDbException(Parser.java:8064)
            at app//org.h2.command.Parser.getTableOrViewNotFoundDbException(Parser.java:8035)
            at app//org.h2.command.Parser.readTableOrView(Parser.java:8024)
            at app//org.h2.command.Parser.readTableOrView(Parser.java:7990)
            at app//org.h2.command.Parser.parseInsert(Parser.java:1540)
            at app//org.h2.command.Parser.parsePrepared(Parser.java:719)
            at app//org.h2.command.Parser.parse(Parser.java:592)
            at app//org.h2.command.Parser.parse(Parser.java:564)
            at app//org.h2.command.Parser.prepareCommand(Parser.java:483)
            at app//org.h2.engine.SessionLocal.prepareLocal(SessionLocal.java:639)
            at app//org.h2.engine.SessionLocal.prepareCommand(SessionLocal.java:559)
            at app//org.h2.jdbc.JdbcConnection.prepareCommand(JdbcConnection.java:1166)
            at app//org.h2.jdbc.JdbcPreparedStatement.<init>(JdbcPreparedStatement.java:93)
            at app//org.h2.jdbc.JdbcConnection.prepareStatement(JdbcConnection.java:316)
            at app//com.zaxxer.hikari.pool.ProxyConnection.prepareStatement(ProxyConnection.java:327)
            at app//com.zaxxer.hikari.pool.HikariProxyConnection.prepareStatement(HikariProxyConnection.java)
            at app//org.springframework.jdbc.core.JdbcTemplate$SimplePreparedStatementCreator.createPreparedStatement(JdbcTemplate.java:1711)
            at app//org.springframework.jdbc.core.JdbcTemplate.execute(JdbcTemplate.java:656)
            ... 22 more

UserProfileControllerTest > updateProfile_WithValidData_ShouldUpdateUser() STANDARD_OUT
    2025-04-06T08:34:46.418-07:00 DEBUG 44469 --- [    Test worker] org.hibernate.SQL                        : 
        select
            u1_0."id",
            u1_0."created_at",
            u1_0."display_name",
            u1_0."email",
            u1_0."email_verified",
            u1_0."first_name",
            u1_0."mobile_number",
            u1_0."password_hash",
            u1_0."remember_me_token",
            u1_0."updated_at",
            u1_0."user_address",
            u1_0."year_of_birth" 
        from
            "users" u1_0 
        where
            u1_0."id"=?
    Hibernate: 
        select
            u1_0."id",
            u1_0."created_at",
            u1_0."display_name",
            u1_0."email",
            u1_0."email_verified",
            u1_0."first_name",
            u1_0."mobile_number",
            u1_0."password_hash",
            u1_0."remember_me_token",
            u1_0."updated_at",
            u1_0."user_address",
            u1_0."year_of_birth" 
        from
            "users" u1_0 
        where
            u1_0."id"=?
    2025-04-06T08:34:46.433-07:00 DEBUG 44469 --- [    Test worker] o.s.s.w.h.S.SESSION_LOGGER               : No session found by id: Caching result for getSession(false) for this HttpServletRequest.
    2025-04-06T08:34:46.433-07:00 DEBUG 44469 --- [    Test worker] o.s.s.w.h.S.SESSION_LOGGER               : No session found by id: Caching result for getSession(false) for this HttpServletRequest.
    2025-04-06T08:34:46.433-07:00 DEBUG 44469 --- [    Test worker] o.s.s.w.h.S.SESSION_LOGGER               : A new session was created. To help you troubleshoot where the session was created we provided a StackTrace (this is not an error). You can prevent this from appearing by disabling DEBUG logging for org.springframework.session.web.http.SessionRepositoryFilter.SESSION_LOGGER

    java.lang.RuntimeException: For debugging purposes only (not an error)
    	at org.springframework.session.web.http.SessionRepositoryFilter$SessionRepositoryRequestWrapper.getSession(SessionRepositoryFilter.java:314) ~[spring-session-core-3.2.1.jar:3.2.1]
    	at org.springframework.session.web.http.SessionRepositoryFilter$SessionRepositoryRequestWrapper.getSession(SessionRepositoryFilter.java:328) ~[spring-session-core-3.2.1.jar:3.2.1]
    	at org.springframework.session.web.http.SessionRepositoryFilter$SessionRepositoryRequestWrapper.getSession(SessionRepositoryFilter.java:193) ~[spring-session-core-3.2.1.jar:3.2.1]
    	at jakarta.servlet.http.HttpServletRequestWrapper.getSession(HttpServletRequestWrapper.java:229) ~[tomcat-embed-core-10.1.19.jar:6.0]
    	at jakarta.servlet.http.HttpServletRequestWrapper.getSession(HttpServletRequestWrapper.java:229) ~[tomcat-embed-core-10.1.19.jar:6.0]
    	at org.springframework.security.web.csrf.HttpSessionCsrfTokenRepository.saveToken(HttpSessionCsrfTokenRepository.java:58) ~[spring-security-web-6.2.2.jar:6.2.2]
    	at org.springframework.security.web.csrf.RepositoryDeferredCsrfToken.init(RepositoryDeferredCsrfToken.java:67) ~[spring-security-web-6.2.2.jar:6.2.2]
    	at org.springframework.security.web.csrf.RepositoryDeferredCsrfToken.get(RepositoryDeferredCsrfToken.java:48) ~[spring-security-web-6.2.2.jar:6.2.2]
    	at org.springframework.security.web.csrf.CsrfFilter.doFilterInternal(CsrfFilter.java:120) ~[spring-security-web-6.2.2.jar:6.2.2]
    	at org.springframework.web.filter.OncePerRequestFilter.doFilter(OncePerRequestFilter.java:116) ~[spring-web-6.1.4.jar:6.1.4]
    	at org.springframework.security.web.FilterChainProxy$VirtualFilterChain.doFilter(FilterChainProxy.java:374) ~[spring-security-web-6.2.2.jar:6.2.2]
    	at org.springframework.web.filter.CorsFilter.doFilterInternal(CorsFilter.java:91) ~[spring-web-6.1.4.jar:6.1.4]
    	at org.springframework.web.filter.OncePerRequestFilter.doFilter(OncePerRequestFilter.java:116) ~[spring-web-6.1.4.jar:6.1.4]
    	at org.springframework.security.web.FilterChainProxy$VirtualFilterChain.doFilter(FilterChainProxy.java:374) ~[spring-security-web-6.2.2.jar:6.2.2]
    	at org.springframework.security.web.header.HeaderWriterFilter.doHeadersAfter(HeaderWriterFilter.java:90) ~[spring-security-web-6.2.2.jar:6.2.2]
    	at org.springframework.security.web.header.HeaderWriterFilter.doFilterInternal(HeaderWriterFilter.java:75) ~[spring-security-web-6.2.2.jar:6.2.2]
    	at org.springframework.web.filter.OncePerRequestFilter.doFilter(OncePerRequestFilter.java:116) ~[spring-web-6.1.4.jar:6.1.4]
    	at org.springframework.security.web.FilterChainProxy$VirtualFilterChain.doFilter(FilterChainProxy.java:374) ~[spring-security-web-6.2.2.jar:6.2.2]
    	at org.springframework.security.web.context.SecurityContextHolderFilter.doFilter(SecurityContextHolderFilter.java:82) ~[spring-security-web-6.2.2.jar:6.2.2]
    	at org.springframework.security.web.context.SecurityContextHolderFilter.doFilter(SecurityContextHolderFilter.java:69) ~[spring-security-web-6.2.2.jar:6.2.2]
    	at org.springframework.security.web.FilterChainProxy$VirtualFilterChain.doFilter(FilterChainProxy.java:374) ~[spring-security-web-6.2.2.jar:6.2.2]
    	at org.springframework.security.web.context.request.async.WebAsyncManagerIntegrationFilter.doFilterInternal(WebAsyncManagerIntegrationFilter.java:62) ~[spring-security-web-6.2.2.jar:6.2.2]
    	at org.springframework.web.filter.OncePerRequestFilter.doFilter(OncePerRequestFilter.java:116) ~[spring-web-6.1.4.jar:6.1.4]
    	at org.springframework.security.web.FilterChainProxy$VirtualFilterChain.doFilter(FilterChainProxy.java:374) ~[spring-security-web-6.2.2.jar:6.2.2]
    	at org.springframework.security.web.session.DisableEncodeUrlFilter.doFilterInternal(DisableEncodeUrlFilter.java:42) ~[spring-security-web-6.2.2.jar:6.2.2]
    	at org.springframework.web.filter.OncePerRequestFilter.doFilter(OncePerRequestFilter.java:116) ~[spring-web-6.1.4.jar:6.1.4]
    	at org.springframework.security.web.FilterChainProxy$VirtualFilterChain.doFilter(FilterChainProxy.java:374) ~[spring-security-web-6.2.2.jar:6.2.2]
    	at org.springframework.security.web.FilterChainProxy.doFilterInternal(FilterChainProxy.java:233) ~[spring-security-web-6.2.2.jar:6.2.2]
    	at org.springframework.security.web.FilterChainProxy.doFilter(FilterChainProxy.java:191) ~[spring-security-web-6.2.2.jar:6.2.2]
    	at org.springframework.web.filter.CompositeFilter$VirtualFilterChain.doFilter(CompositeFilter.java:113) ~[spring-web-6.1.4.jar:6.1.4]
    	at org.springframework.web.servlet.handler.HandlerMappingIntrospector.lambda$createCacheFilter$3(HandlerMappingIntrospector.java:195) ~[spring-webmvc-6.1.4.jar:6.1.4]
    	at org.springframework.web.filter.CompositeFilter$VirtualFilterChain.doFilter(CompositeFilter.java:113) ~[spring-web-6.1.4.jar:6.1.4]
    	at org.springframework.web.filter.CompositeFilter.doFilter(CompositeFilter.java:74) ~[spring-web-6.1.4.jar:6.1.4]
    	at org.springframework.security.config.annotation.web.configuration.WebMvcSecurityConfiguration$CompositeFilterChainProxy.doFilter(WebMvcSecurityConfiguration.java:230) ~[spring-security-config-6.2.2.jar:6.2.2]
    	at org.springframework.web.filter.DelegatingFilterProxy.invokeDelegate(DelegatingFilterProxy.java:352) ~[spring-web-6.1.4.jar:6.1.4]
    	at org.springframework.web.filter.DelegatingFilterProxy.doFilter(DelegatingFilterProxy.java:268) ~[spring-web-6.1.4.jar:6.1.4]
    	at org.springframework.test.web.servlet.setup.MockMvcFilterDecorator.doFilter(MockMvcFilterDecorator.java:151) ~[spring-test-6.1.4.jar:6.1.4]
    	at org.springframework.mock.web.MockFilterChain.doFilter(MockFilterChain.java:132) ~[spring-test-6.1.4.jar:6.1.4]
    	at org.springframework.web.filter.RequestContextFilter.doFilterInternal(RequestContextFilter.java:100) ~[spring-web-6.1.4.jar:6.1.4]
    	at org.springframework.web.filter.OncePerRequestFilter.doFilter(OncePerRequestFilter.java:116) ~[spring-web-6.1.4.jar:6.1.4]
    	at org.springframework.test.web.servlet.setup.MockMvcFilterDecorator.doFilter(MockMvcFilterDecorator.java:151) ~[spring-test-6.1.4.jar:6.1.4]
    	at org.springframework.mock.web.MockFilterChain.doFilter(MockFilterChain.java:132) ~[spring-test-6.1.4.jar:6.1.4]
    	at org.springframework.web.filter.FormContentFilter.doFilterInternal(FormContentFilter.java:93) ~[spring-web-6.1.4.jar:6.1.4]
    	at org.springframework.web.filter.OncePerRequestFilter.doFilter(OncePerRequestFilter.java:116) ~[spring-web-6.1.4.jar:6.1.4]
    	at org.springframework.test.web.servlet.setup.MockMvcFilterDecorator.doFilter(MockMvcFilterDecorator.java:151) ~[spring-test-6.1.4.jar:6.1.4]
    	at org.springframework.mock.web.MockFilterChain.doFilter(MockFilterChain.java:132) ~[spring-test-6.1.4.jar:6.1.4]
    	at org.springframework.session.web.http.SessionRepositoryFilter.doFilterInternal(SessionRepositoryFilter.java:142) ~[spring-session-core-3.2.1.jar:3.2.1]
    	at org.springframework.session.web.http.OncePerRequestFilter.doFilter(OncePerRequestFilter.java:82) ~[spring-session-core-3.2.1.jar:3.2.1]
    	at org.springframework.web.filter.DelegatingFilterProxy.invokeDelegate(DelegatingFilterProxy.java:352) ~[spring-web-6.1.4.jar:6.1.4]
    	at org.springframework.web.filter.DelegatingFilterProxy.doFilter(DelegatingFilterProxy.java:268) ~[spring-web-6.1.4.jar:6.1.4]
    	at org.springframework.test.web.servlet.setup.MockMvcFilterDecorator.doFilter(MockMvcFilterDecorator.java:151) ~[spring-test-6.1.4.jar:6.1.4]
    	at org.springframework.mock.web.MockFilterChain.doFilter(MockFilterChain.java:132) ~[spring-test-6.1.4.jar:6.1.4]
    	at org.springframework.web.filter.CharacterEncodingFilter.doFilterInternal(CharacterEncodingFilter.java:201) ~[spring-web-6.1.4.jar:6.1.4]
    	at org.springframework.web.filter.OncePerRequestFilter.doFilter(OncePerRequestFilter.java:116) ~[spring-web-6.1.4.jar:6.1.4]
    	at org.springframework.test.web.servlet.setup.MockMvcFilterDecorator.doFilter(MockMvcFilterDecorator.java:151) ~[spring-test-6.1.4.jar:6.1.4]
    	at org.springframework.mock.web.MockFilterChain.doFilter(MockFilterChain.java:132) ~[spring-test-6.1.4.jar:6.1.4]
    	at org.springframework.test.web.servlet.MockMvc.perform(MockMvc.java:201) ~[spring-test-6.1.4.jar:6.1.4]
    	at com.heartrate.controller.v1.UserProfileControllerTest.updateProfile_WithValidData_ShouldUpdateUser(UserProfileControllerTest.java:139) ~[test/:na]
    	at java.base/jdk.internal.reflect.DirectMethodHandleAccessor.invoke(DirectMethodHandleAccessor.java:103) ~[na:na]
    	at java.base/java.lang.reflect.Method.invoke(Method.java:580) ~[na:na]
    	at org.junit.platform.commons.util.ReflectionUtils.invokeMethod(ReflectionUtils.java:728) ~[junit-platform-commons-1.10.2.jar:1.10.2]
    	at org.junit.jupiter.engine.execution.MethodInvocation.proceed(MethodInvocation.java:60) ~[junit-jupiter-engine-5.10.2.jar:5.10.2]
    	at org.junit.jupiter.engine.execution.InvocationInterceptorChain$ValidatingInvocation.proceed(InvocationInterceptorChain.java:131) ~[junit-jupiter-engine-5.10.2.jar:5.10.2]
    	at org.junit.jupiter.engine.extension.TimeoutExtension.intercept(TimeoutExtension.java:156) ~[junit-jupiter-engine-5.10.2.jar:5.10.2]
    	at org.junit.jupiter.engine.extension.TimeoutExtension.interceptTestableMethod(TimeoutExtension.java:147) ~[junit-jupiter-engine-5.10.2.jar:5.10.2]
    	at org.junit.jupiter.engine.extension.TimeoutExtension.interceptTestMethod(TimeoutExtension.java:86) ~[junit-jupiter-engine-5.10.2.jar:5.10.2]
    	at org.junit.jupiter.engine.execution.InterceptingExecutableInvoker$ReflectiveInterceptorCall.lambda$ofVoidMethod$0(InterceptingExecutableInvoker.java:103) ~[junit-jupiter-engine-5.10.2.jar:5.10.2]
    	at org.junit.jupiter.engine.execution.InterceptingExecutableInvoker.lambda$invoke$0(InterceptingExecutableInvoker.java:93) ~[junit-jupiter-engine-5.10.2.jar:5.10.2]
    	at org.junit.jupiter.engine.execution.InvocationInterceptorChain$InterceptedInvocation.proceed(InvocationInterceptorChain.java:106) ~[junit-jupiter-engine-5.10.2.jar:5.10.2]
    	at org.junit.jupiter.engine.execution.InvocationInterceptorChain.proceed(InvocationInterceptorChain.java:64) ~[junit-jupiter-engine-5.10.2.jar:5.10.2]
    	at org.junit.jupiter.engine.execution.InvocationInterceptorChain.chainAndInvoke(InvocationInterceptorChain.java:45) ~[junit-jupiter-engine-5.10.2.jar:5.10.2]
    	at org.junit.jupiter.engine.execution.InvocationInterceptorChain.invoke(InvocationInterceptorChain.java:37) ~[junit-jupiter-engine-5.10.2.jar:5.10.2]
    	at org.junit.jupiter.engine.execution.InterceptingExecutableInvoker.invoke(InterceptingExecutableInvoker.java:92) ~[junit-jupiter-engine-5.10.2.jar:5.10.2]
    	at org.junit.jupiter.engine.execution.InterceptingExecutableInvoker.invoke(InterceptingExecutableInvoker.java:86) ~[junit-jupiter-engine-5.10.2.jar:5.10.2]
    	at org.junit.jupiter.engine.descriptor.TestMethodTestDescriptor.lambda$invokeTestMethod$7(TestMethodTestDescriptor.java:218) ~[junit-jupiter-engine-5.10.2.jar:5.10.2]
    	at org.junit.platform.engine.support.hierarchical.ThrowableCollector.execute(ThrowableCollector.java:73) ~[junit-platform-engine-1.10.2.jar:1.10.2]
    	at org.junit.jupiter.engine.descriptor.TestMethodTestDescriptor.invokeTestMethod(TestMethodTestDescriptor.java:214) ~[junit-jupiter-engine-5.10.2.jar:5.10.2]
    	at org.junit.jupiter.engine.descriptor.TestMethodTestDescriptor.execute(TestMethodTestDescriptor.java:139) ~[junit-jupiter-engine-5.10.2.jar:5.10.2]
    	at org.junit.jupiter.engine.descriptor.TestMethodTestDescriptor.execute(TestMethodTestDescriptor.java:69) ~[junit-jupiter-engine-5.10.2.jar:5.10.2]
    	at org.junit.platform.engine.support.hierarchical.NodeTestTask.lambda$executeRecursively$6(NodeTestTask.java:151) ~[junit-platform-engine-1.10.2.jar:1.10.2]
    	at org.junit.platform.engine.support.hierarchical.ThrowableCollector.execute(ThrowableCollector.java:73) ~[junit-platform-engine-1.10.2.jar:1.10.2]
    	at org.junit.platform.engine.support.hierarchical.NodeTestTask.lambda$executeRecursively$8(NodeTestTask.java:141) ~[junit-platform-engine-1.10.2.jar:1.10.2]
    	at org.junit.platform.engine.support.hierarchical.Node.around(Node.java:137) ~[junit-platform-engine-1.10.2.jar:1.10.2]
    	at org.junit.platform.engine.support.hierarchical.NodeTestTask.lambda$executeRecursively$9(NodeTestTask.java:139) ~[junit-platform-engine-1.10.2.jar:1.10.2]
    	at org.junit.platform.engine.support.hierarchical.ThrowableCollector.execute(ThrowableCollector.java:73) ~[junit-platform-engine-1.10.2.jar:1.10.2]
    	at org.junit.platform.engine.support.hierarchical.NodeTestTask.executeRecursively(NodeTestTask.java:138) ~[junit-platform-engine-1.10.2.jar:1.10.2]
    	at org.junit.platform.engine.support.hierarchical.NodeTestTask.execute(NodeTestTask.java:95) ~[junit-platform-engine-1.10.2.jar:1.10.2]
    	at java.base/java.util.ArrayList.forEach(ArrayList.java:1596) ~[na:na]
    	at org.junit.platform.engine.support.hierarchical.SameThreadHierarchicalTestExecutorService.invokeAll(SameThreadHierarchicalTestExecutorService.java:41) ~[junit-platform-engine-1.10.2.jar:1.10.2]
    	at org.junit.platform.engine.support.hierarchical.NodeTestTask.lambda$executeRecursively$6(NodeTestTask.java:155) ~[junit-platform-engine-1.10.2.jar:1.10.2]
    	at org.junit.platform.engine.support.hierarchical.ThrowableCollector.execute(ThrowableCollector.java:73) ~[junit-platform-engine-1.10.2.jar:1.10.2]
    	at org.junit.platform.engine.support.hierarchical.NodeTestTask.lambda$executeRecursively$8(NodeTestTask.java:141) ~[junit-platform-engine-1.10.2.jar:1.10.2]
    	at org.junit.platform.engine.support.hierarchical.Node.around(Node.java:137) ~[junit-platform-engine-1.10.2.jar:1.10.2]
    	at org.junit.platform.engine.support.hierarchical.NodeTestTask.lambda$executeRecursively$9(NodeTestTask.java:139) ~[junit-platform-engine-1.10.2.jar:1.10.2]
    	at org.junit.platform.engine.support.hierarchical.ThrowableCollector.execute(ThrowableCollector.java:73) ~[junit-platform-engine-1.10.2.jar:1.10.2]
    	at org.junit.platform.engine.support.hierarchical.NodeTestTask.executeRecursively(NodeTestTask.java:138) ~[junit-platform-engine-1.10.2.jar:1.10.2]
    	at org.junit.platform.engine.support.hierarchical.NodeTestTask.execute(NodeTestTask.java:95) ~[junit-platform-engine-1.10.2.jar:1.10.2]
    	at java.base/java.util.ArrayList.forEach(ArrayList.java:1596) ~[na:na]
    	at org.junit.platform.engine.support.hierarchical.SameThreadHierarchicalTestExecutorService.invokeAll(SameThreadHierarchicalTestExecutorService.java:41) ~[junit-platform-engine-1.10.2.jar:1.10.2]
    	at org.junit.platform.engine.support.hierarchical.NodeTestTask.lambda$executeRecursively$6(NodeTestTask.java:155) ~[junit-platform-engine-1.10.2.jar:1.10.2]
    	at org.junit.platform.engine.support.hierarchical.ThrowableCollector.execute(ThrowableCollector.java:73) ~[junit-platform-engine-1.10.2.jar:1.10.2]
    	at org.junit.platform.engine.support.hierarchical.NodeTestTask.lambda$executeRecursively$8(NodeTestTask.java:141) ~[junit-platform-engine-1.10.2.jar:1.10.2]
    	at org.junit.platform.engine.support.hierarchical.Node.around(Node.java:137) ~[junit-platform-engine-1.10.2.jar:1.10.2]
    	at org.junit.platform.engine.support.hierarchical.NodeTestTask.lambda$executeRecursively$9(NodeTestTask.java:139) ~[junit-platform-engine-1.10.2.jar:1.10.2]
    	at org.junit.platform.engine.support.hierarchical.ThrowableCollector.execute(ThrowableCollector.java:73) ~[junit-platform-engine-1.10.2.jar:1.10.2]
    	at org.junit.platform.engine.support.hierarchical.NodeTestTask.executeRecursively(NodeTestTask.java:138) ~[junit-platform-engine-1.10.2.jar:1.10.2]
    	at org.junit.platform.engine.support.hierarchical.NodeTestTask.execute(NodeTestTask.java:95) ~[junit-platform-engine-1.10.2.jar:1.10.2]
    	at org.junit.platform.engine.support.hierarchical.SameThreadHierarchicalTestExecutorService.submit(SameThreadHierarchicalTestExecutorService.java:35) ~[junit-platform-engine-1.10.2.jar:1.10.2]
    	at org.junit.platform.engine.support.hierarchical.HierarchicalTestExecutor.execute(HierarchicalTestExecutor.java:57) ~[junit-platform-engine-1.10.2.jar:1.10.2]
    	at org.junit.platform.engine.support.hierarchical.HierarchicalTestEngine.execute(HierarchicalTestEngine.java:54) ~[junit-platform-engine-1.10.2.jar:1.10.2]
    	at org.junit.platform.launcher.core.EngineExecutionOrchestrator.execute(EngineExecutionOrchestrator.java:107) ~[junit-platform-launcher-1.8.2.jar:1.8.2]
    	at org.junit.platform.launcher.core.EngineExecutionOrchestrator.execute(EngineExecutionOrchestrator.java:88) ~[junit-platform-launcher-1.8.2.jar:1.8.2]
    	at org.junit.platform.launcher.core.EngineExecutionOrchestrator.lambda$execute$0(EngineExecutionOrchestrator.java:54) ~[junit-platform-launcher-1.8.2.jar:1.8.2]
    	at org.junit.platform.launcher.core.EngineExecutionOrchestrator.withInterceptedStreams(EngineExecutionOrchestrator.java:67) ~[junit-platform-launcher-1.8.2.jar:1.8.2]
    	at org.junit.platform.launcher.core.EngineExecutionOrchestrator.execute(EngineExecutionOrchestrator.java:52) ~[junit-platform-launcher-1.8.2.jar:1.8.2]
    	at org.junit.platform.launcher.core.DefaultLauncher.execute(DefaultLauncher.java:114) ~[junit-platform-launcher-1.8.2.jar:1.8.2]
    	at org.junit.platform.launcher.core.DefaultLauncher.execute(DefaultLauncher.java:86) ~[junit-platform-launcher-1.8.2.jar:1.8.2]
    	at org.junit.platform.launcher.core.DefaultLauncherSession$DelegatingLauncher.execute(DefaultLauncherSession.java:86) ~[junit-platform-launcher-1.8.2.jar:1.8.2]
    	at org.gradle.api.internal.tasks.testing.junitplatform.JUnitPlatformTestClassProcessor$CollectAllTestClassesExecutor.processAllTestClasses(JUnitPlatformTestClassProcessor.java:124) ~[na:na]
    	at org.gradle.api.internal.tasks.testing.junitplatform.JUnitPlatformTestClassProcessor$CollectAllTestClassesExecutor.access$000(JUnitPlatformTestClassProcessor.java:99) ~[na:na]
    	at org.gradle.api.internal.tasks.testing.junitplatform.JUnitPlatformTestClassProcessor.stop(JUnitPlatformTestClassProcessor.java:94) ~[na:na]
    	at org.gradle.api.internal.tasks.testing.SuiteTestClassProcessor.stop(SuiteTestClassProcessor.java:63) ~[na:na]
    	at java.base/jdk.internal.reflect.DirectMethodHandleAccessor.invoke(DirectMethodHandleAccessor.java:103) ~[na:na]
    	at java.base/java.lang.reflect.Method.invoke(Method.java:580) ~[na:na]
    	at org.gradle.internal.dispatch.ReflectionDispatch.dispatch(ReflectionDispatch.java:36) ~[na:na]
    	at org.gradle.internal.dispatch.ReflectionDispatch.dispatch(ReflectionDispatch.java:24) ~[na:na]
    	at org.gradle.internal.dispatch.ContextClassLoaderDispatch.dispatch(ContextClassLoaderDispatch.java:33) ~[na:na]
    	at org.gradle.internal.dispatch.ProxyDispatchAdapter$DispatchingInvocationHandler.invoke(ProxyDispatchAdapter.java:92) ~[na:na]
    	at jdk.proxy1/jdk.proxy1.$Proxy4.stop(Unknown Source) ~[na:na]
    	at org.gradle.api.internal.tasks.testing.worker.TestWorker$3.run(TestWorker.java:200) ~[na:na]
    	at org.gradle.api.internal.tasks.testing.worker.TestWorker.executeAndMaintainThreadName(TestWorker.java:132) ~[na:na]
    	at org.gradle.api.internal.tasks.testing.worker.TestWorker.execute(TestWorker.java:103) ~[na:na]
    	at org.gradle.api.internal.tasks.testing.worker.TestWorker.execute(TestWorker.java:63) ~[na:na]
    	at org.gradle.process.internal.worker.child.ActionExecutionWorker.execute(ActionExecutionWorker.java:56) ~[na:na]
    	at org.gradle.process.internal.worker.child.SystemApplicationClassLoaderWorker.call(SystemApplicationClassLoaderWorker.java:121) ~[na:na]
    	at org.gradle.process.internal.worker.child.SystemApplicationClassLoaderWorker.call(SystemApplicationClassLoaderWorker.java:71) ~[na:na]
    	at worker.org.gradle.process.internal.worker.GradleWorkerMain.run(GradleWorkerMain.java:69) ~[gradle-worker.jar:na]
    	at worker.org.gradle.process.internal.worker.GradleWorkerMain.main(GradleWorkerMain.java:74) ~[gradle-worker.jar:na]


UserProfileControllerTest > updateProfile_WithValidData_ShouldUpdateUser() FAILED
    org.springframework.jdbc.BadSqlGrammarException: PreparedStatementCallback; bad SQL grammar [INSERT INTO SPRING_SESSION (PRIMARY_ID, SESSION_ID, CREATION_TIME, LAST_ACCESS_TIME, MAX_INACTIVE_INTERVAL, EXPIRY_TIME, PRINCIPAL_NAME)
    VALUES (?, ?, ?, ?, ?, ?, ?)
    ]
        at app//org.springframework.jdbc.support.SQLErrorCodeSQLExceptionTranslator.doTranslate(SQLErrorCodeSQLExceptionTranslator.java:246)
        at app//org.springframework.jdbc.support.AbstractFallbackSQLExceptionTranslator.translate(AbstractFallbackSQLExceptionTranslator.java:107)
        at app//org.springframework.jdbc.core.JdbcTemplate.translateException(JdbcTemplate.java:1548)
        at app//org.springframework.jdbc.core.JdbcTemplate.execute(JdbcTemplate.java:677)
        at app//org.springframework.jdbc.core.JdbcTemplate.update(JdbcTemplate.java:970)
        at app//org.springframework.jdbc.core.JdbcTemplate.update(JdbcTemplate.java:1014)
        at app//org.springframework.session.jdbc.JdbcIndexedSessionRepository$JdbcSession.lambda$save$6(JdbcIndexedSessionRepository.java:894)
        at app//org.springframework.transaction.support.TransactionOperations.lambda$executeWithoutResult$0(TransactionOperations.java:68)
        at app//org.springframework.transaction.support.TransactionTemplate.execute(TransactionTemplate.java:140)
        at app//org.springframework.transaction.support.TransactionOperations.executeWithoutResult(TransactionOperations.java:67)
        at app//org.springframework.session.jdbc.JdbcIndexedSessionRepository$JdbcSession.save(JdbcIndexedSessionRepository.java:890)
        at app//org.springframework.session.jdbc.JdbcIndexedSessionRepository.save(JdbcIndexedSessionRepository.java:477)
        at app//org.springframework.session.jdbc.JdbcIndexedSessionRepository.save(JdbcIndexedSessionRepository.java:141)
        at app//org.springframework.session.web.http.SessionRepositoryFilter$SessionRepositoryRequestWrapper.commitSession(SessionRepositoryFilter.java:229)
        at app//org.springframework.session.web.http.SessionRepositoryFilter.doFilterInternal(SessionRepositoryFilter.java:145)
        at app//org.springframework.session.web.http.OncePerRequestFilter.doFilter(OncePerRequestFilter.java:82)
        at app//org.springframework.web.filter.DelegatingFilterProxy.invokeDelegate(DelegatingFilterProxy.java:352)
        at app//org.springframework.web.filter.DelegatingFilterProxy.doFilter(DelegatingFilterProxy.java:268)
        at app//org.springframework.test.web.servlet.setup.MockMvcFilterDecorator.doFilter(MockMvcFilterDecorator.java:151)
        at app//org.springframework.mock.web.MockFilterChain.doFilter(MockFilterChain.java:132)
        at app//org.springframework.web.filter.CharacterEncodingFilter.doFilterInternal(CharacterEncodingFilter.java:201)
        at app//org.springframework.web.filter.OncePerRequestFilter.doFilter(OncePerRequestFilter.java:116)
        at app//org.springframework.test.web.servlet.setup.MockMvcFilterDecorator.doFilter(MockMvcFilterDecorator.java:151)
        at app//org.springframework.mock.web.MockFilterChain.doFilter(MockFilterChain.java:132)
        at app//org.springframework.test.web.servlet.MockMvc.perform(MockMvc.java:201)
        at app//com.heartrate.controller.v1.UserProfileControllerTest.updateProfile_WithValidData_ShouldUpdateUser(UserProfileControllerTest.java:139)

        Caused by:
        org.h2.jdbc.JdbcSQLSyntaxErrorException: Table "SPRING_SESSION" not found; SQL statement:
        INSERT INTO SPRING_SESSION (PRIMARY_ID, SESSION_ID, CREATION_TIME, LAST_ACCESS_TIME, MAX_INACTIVE_INTERVAL, EXPIRY_TIME, PRINCIPAL_NAME)
        VALUES (?, ?, ?, ?, ?, ?, ?)
         [42102-224]
            at app//org.h2.message.DbException.getJdbcSQLException(DbException.java:514)
            at app//org.h2.message.DbException.getJdbcSQLException(DbException.java:489)
            at app//org.h2.message.DbException.get(DbException.java:223)
            at app//org.h2.message.DbException.get(DbException.java:199)
            at app//org.h2.command.Parser.getTableOrViewNotFoundDbException(Parser.java:8064)
            at app//org.h2.command.Parser.getTableOrViewNotFoundDbException(Parser.java:8035)
            at app//org.h2.command.Parser.readTableOrView(Parser.java:8024)
            at app//org.h2.command.Parser.readTableOrView(Parser.java:7990)
            at app//org.h2.command.Parser.parseInsert(Parser.java:1540)
            at app//org.h2.command.Parser.parsePrepared(Parser.java:719)
            at app//org.h2.command.Parser.parse(Parser.java:592)
            at app//org.h2.command.Parser.parse(Parser.java:564)
            at app//org.h2.command.Parser.prepareCommand(Parser.java:483)
            at app//org.h2.engine.SessionLocal.prepareLocal(SessionLocal.java:639)
            at app//org.h2.engine.SessionLocal.prepareCommand(SessionLocal.java:559)
            at app//org.h2.jdbc.JdbcConnection.prepareCommand(JdbcConnection.java:1166)
            at app//org.h2.jdbc.JdbcPreparedStatement.<init>(JdbcPreparedStatement.java:93)
            at app//org.h2.jdbc.JdbcConnection.prepareStatement(JdbcConnection.java:316)
            at app//com.zaxxer.hikari.pool.ProxyConnection.prepareStatement(ProxyConnection.java:327)
            at app//com.zaxxer.hikari.pool.HikariProxyConnection.prepareStatement(HikariProxyConnection.java)
            at app//org.springframework.jdbc.core.JdbcTemplate$SimplePreparedStatementCreator.createPreparedStatement(JdbcTemplate.java:1711)
            at app//org.springframework.jdbc.core.JdbcTemplate.execute(JdbcTemplate.java:656)
            ... 22 more

UserProfileControllerTest > getProfile_WithoutSession_ShouldReturn401() STANDARD_OUT
    2025-04-06T08:34:46.514-07:00 DEBUG 44469 --- [    Test worker] org.hibernate.SQL                        : 
        select
            u1_0."id",
            u1_0."created_at",
            u1_0."display_name",
            u1_0."email",
            u1_0."email_verified",
            u1_0."first_name",
            u1_0."mobile_number",
            u1_0."password_hash",
            u1_0."remember_me_token",
            u1_0."updated_at",
            u1_0."user_address",
            u1_0."year_of_birth" 
        from
            "users" u1_0 
        where
            u1_0."id"=?
    Hibernate: 
        select
            u1_0."id",
            u1_0."created_at",
            u1_0."display_name",
            u1_0."email",
            u1_0."email_verified",
            u1_0."first_name",
            u1_0."mobile_number",
            u1_0."password_hash",
            u1_0."remember_me_token",
            u1_0."updated_at",
            u1_0."user_address",
            u1_0."year_of_birth" 
        from
            "users" u1_0 
        where
            u1_0."id"=?
    2025-04-06T08:34:46.529-07:00 DEBUG 44469 --- [    Test worker] o.s.s.w.h.S.SESSION_LOGGER               : No session found by id: Caching result for getSession(false) for this HttpServletRequest.
    2025-04-06T08:34:46.529-07:00 DEBUG 44469 --- [    Test worker] o.s.s.w.h.S.SESSION_LOGGER               : No session found by id: Caching result for getSession(false) for this HttpServletRequest.
    2025-04-06T08:34:46.529-07:00 DEBUG 44469 --- [    Test worker] o.s.s.w.h.S.SESSION_LOGGER               : No session found by id: Caching result for getSession(false) for this HttpServletRequest.
    2025-04-06T08:34:46.529-07:00 DEBUG 44469 --- [    Test worker] o.s.s.w.h.S.SESSION_LOGGER               : No session found by id: Caching result for getSession(false) for this HttpServletRequest.
    2025-04-06T08:34:46.529-07:00 DEBUG 44469 --- [    Test worker] o.s.s.w.h.S.SESSION_LOGGER               : No session found by id: Caching result for getSession(false) for this HttpServletRequest.
    2025-04-06T08:34:46.529-07:00 DEBUG 44469 --- [    Test worker] o.s.s.w.h.S.SESSION_LOGGER               : A new session was created. To help you troubleshoot where the session was created we provided a StackTrace (this is not an error). You can prevent this from appearing by disabling DEBUG logging for org.springframework.session.web.http.SessionRepositoryFilter.SESSION_LOGGER

    java.lang.RuntimeException: For debugging purposes only (not an error)
    	at org.springframework.session.web.http.SessionRepositoryFilter$SessionRepositoryRequestWrapper.getSession(SessionRepositoryFilter.java:314) ~[spring-session-core-3.2.1.jar:3.2.1]
    	at org.springframework.session.web.http.SessionRepositoryFilter$SessionRepositoryRequestWrapper.getSession(SessionRepositoryFilter.java:328) ~[spring-session-core-3.2.1.jar:3.2.1]
    	at org.springframework.session.web.http.SessionRepositoryFilter$SessionRepositoryRequestWrapper.getSession(SessionRepositoryFilter.java:193) ~[spring-session-core-3.2.1.jar:3.2.1]
    	at jakarta.servlet.http.HttpServletRequestWrapper.getSession(HttpServletRequestWrapper.java:229) ~[tomcat-embed-core-10.1.19.jar:6.0]
    	at jakarta.servlet.http.HttpServletRequestWrapper.getSession(HttpServletRequestWrapper.java:229) ~[tomcat-embed-core-10.1.19.jar:6.0]
    	at jakarta.servlet.http.HttpServletRequestWrapper.getSession(HttpServletRequestWrapper.java:229) ~[tomcat-embed-core-10.1.19.jar:6.0]
    	at org.springframework.security.web.savedrequest.HttpSessionRequestCache.saveRequest(HttpSessionRequestCache.java:78) ~[spring-security-web-6.2.2.jar:6.2.2]
    	at org.springframework.security.web.access.ExceptionTranslationFilter.sendStartAuthentication(ExceptionTranslationFilter.java:218) ~[spring-security-web-6.2.2.jar:6.2.2]
    	at org.springframework.security.web.access.ExceptionTranslationFilter.handleAccessDeniedException(ExceptionTranslationFilter.java:197) ~[spring-security-web-6.2.2.jar:6.2.2]
    	at org.springframework.security.web.access.ExceptionTranslationFilter.handleSpringSecurityException(ExceptionTranslationFilter.java:178) ~[spring-security-web-6.2.2.jar:6.2.2]
    	at org.springframework.security.web.access.ExceptionTranslationFilter.doFilter(ExceptionTranslationFilter.java:147) ~[spring-security-web-6.2.2.jar:6.2.2]
    	at org.springframework.security.web.access.ExceptionTranslationFilter.doFilter(ExceptionTranslationFilter.java:120) ~[spring-security-web-6.2.2.jar:6.2.2]
    	at org.springframework.security.web.FilterChainProxy$VirtualFilterChain.doFilter(FilterChainProxy.java:374) ~[spring-security-web-6.2.2.jar:6.2.2]
    	at org.springframework.security.web.session.SessionManagementFilter.doFilter(SessionManagementFilter.java:131) ~[spring-security-web-6.2.2.jar:6.2.2]
    	at org.springframework.security.web.session.SessionManagementFilter.doFilter(SessionManagementFilter.java:85) ~[spring-security-web-6.2.2.jar:6.2.2]
    	at org.springframework.security.web.FilterChainProxy$VirtualFilterChain.doFilter(FilterChainProxy.java:374) ~[spring-security-web-6.2.2.jar:6.2.2]
    	at org.springframework.security.web.authentication.AnonymousAuthenticationFilter.doFilter(AnonymousAuthenticationFilter.java:100) ~[spring-security-web-6.2.2.jar:6.2.2]
    	at org.springframework.security.web.FilterChainProxy$VirtualFilterChain.doFilter(FilterChainProxy.java:374) ~[spring-security-web-6.2.2.jar:6.2.2]
    	at org.springframework.security.web.servletapi.SecurityContextHolderAwareRequestFilter.doFilter(SecurityContextHolderAwareRequestFilter.java:179) ~[spring-security-web-6.2.2.jar:6.2.2]
    	at org.springframework.security.web.FilterChainProxy$VirtualFilterChain.doFilter(FilterChainProxy.java:374) ~[spring-security-web-6.2.2.jar:6.2.2]
    	at org.springframework.security.web.savedrequest.RequestCacheAwareFilter.doFilter(RequestCacheAwareFilter.java:63) ~[spring-security-web-6.2.2.jar:6.2.2]
    	at org.springframework.security.web.FilterChainProxy$VirtualFilterChain.doFilter(FilterChainProxy.java:374) ~[spring-security-web-6.2.2.jar:6.2.2]
    	at org.springframework.security.web.session.ConcurrentSessionFilter.doFilter(ConcurrentSessionFilter.java:151) ~[spring-security-web-6.2.2.jar:6.2.2]
    	at org.springframework.security.web.session.ConcurrentSessionFilter.doFilter(ConcurrentSessionFilter.java:129) ~[spring-security-web-6.2.2.jar:6.2.2]
    	at org.springframework.security.web.FilterChainProxy$VirtualFilterChain.doFilter(FilterChainProxy.java:374) ~[spring-security-web-6.2.2.jar:6.2.2]
    	at org.springframework.security.web.authentication.logout.LogoutFilter.doFilter(LogoutFilter.java:107) ~[spring-security-web-6.2.2.jar:6.2.2]
    	at org.springframework.security.web.authentication.logout.LogoutFilter.doFilter(LogoutFilter.java:93) ~[spring-security-web-6.2.2.jar:6.2.2]
    	at org.springframework.security.web.FilterChainProxy$VirtualFilterChain.doFilter(FilterChainProxy.java:374) ~[spring-security-web-6.2.2.jar:6.2.2]
    	at org.springframework.security.web.csrf.CsrfFilter.doFilterInternal(CsrfFilter.java:117) ~[spring-security-web-6.2.2.jar:6.2.2]
    	at org.springframework.web.filter.OncePerRequestFilter.doFilter(OncePerRequestFilter.java:116) ~[spring-web-6.1.4.jar:6.1.4]
    	at org.springframework.security.web.FilterChainProxy$VirtualFilterChain.doFilter(FilterChainProxy.java:374) ~[spring-security-web-6.2.2.jar:6.2.2]
    	at org.springframework.web.filter.CorsFilter.doFilterInternal(CorsFilter.java:91) ~[spring-web-6.1.4.jar:6.1.4]
    	at org.springframework.web.filter.OncePerRequestFilter.doFilter(OncePerRequestFilter.java:116) ~[spring-web-6.1.4.jar:6.1.4]
    	at org.springframework.security.web.FilterChainProxy$VirtualFilterChain.doFilter(FilterChainProxy.java:374) ~[spring-security-web-6.2.2.jar:6.2.2]
    	at org.springframework.security.web.header.HeaderWriterFilter.doHeadersAfter(HeaderWriterFilter.java:90) ~[spring-security-web-6.2.2.jar:6.2.2]
    	at org.springframework.security.web.header.HeaderWriterFilter.doFilterInternal(HeaderWriterFilter.java:75) ~[spring-security-web-6.2.2.jar:6.2.2]
    	at org.springframework.web.filter.OncePerRequestFilter.doFilter(OncePerRequestFilter.java:116) ~[spring-web-6.1.4.jar:6.1.4]
    	at org.springframework.security.web.FilterChainProxy$VirtualFilterChain.doFilter(FilterChainProxy.java:374) ~[spring-security-web-6.2.2.jar:6.2.2]
    	at org.springframework.security.web.context.SecurityContextHolderFilter.doFilter(SecurityContextHolderFilter.java:82) ~[spring-security-web-6.2.2.jar:6.2.2]
    	at org.springframework.security.web.context.SecurityContextHolderFilter.doFilter(SecurityContextHolderFilter.java:69) ~[spring-security-web-6.2.2.jar:6.2.2]
    	at org.springframework.security.web.FilterChainProxy$VirtualFilterChain.doFilter(FilterChainProxy.java:374) ~[spring-security-web-6.2.2.jar:6.2.2]
    	at org.springframework.security.web.context.request.async.WebAsyncManagerIntegrationFilter.doFilterInternal(WebAsyncManagerIntegrationFilter.java:62) ~[spring-security-web-6.2.2.jar:6.2.2]
    	at org.springframework.web.filter.OncePerRequestFilter.doFilter(OncePerRequestFilter.java:116) ~[spring-web-6.1.4.jar:6.1.4]
    	at org.springframework.security.web.FilterChainProxy$VirtualFilterChain.doFilter(FilterChainProxy.java:374) ~[spring-security-web-6.2.2.jar:6.2.2]
    	at org.springframework.security.web.session.DisableEncodeUrlFilter.doFilterInternal(DisableEncodeUrlFilter.java:42) ~[spring-security-web-6.2.2.jar:6.2.2]
    	at org.springframework.web.filter.OncePerRequestFilter.doFilter(OncePerRequestFilter.java:116) ~[spring-web-6.1.4.jar:6.1.4]
    	at org.springframework.security.web.FilterChainProxy$VirtualFilterChain.doFilter(FilterChainProxy.java:374) ~[spring-security-web-6.2.2.jar:6.2.2]
    	at org.springframework.security.web.FilterChainProxy.doFilterInternal(FilterChainProxy.java:233) ~[spring-security-web-6.2.2.jar:6.2.2]
    	at org.springframework.security.web.FilterChainProxy.doFilter(FilterChainProxy.java:191) ~[spring-security-web-6.2.2.jar:6.2.2]
    	at org.springframework.web.filter.CompositeFilter$VirtualFilterChain.doFilter(CompositeFilter.java:113) ~[spring-web-6.1.4.jar:6.1.4]
    	at org.springframework.web.servlet.handler.HandlerMappingIntrospector.lambda$createCacheFilter$3(HandlerMappingIntrospector.java:195) ~[spring-webmvc-6.1.4.jar:6.1.4]
    	at org.springframework.web.filter.CompositeFilter$VirtualFilterChain.doFilter(CompositeFilter.java:113) ~[spring-web-6.1.4.jar:6.1.4]
    	at org.springframework.web.filter.CompositeFilter.doFilter(CompositeFilter.java:74) ~[spring-web-6.1.4.jar:6.1.4]
    	at org.springframework.security.config.annotation.web.configuration.WebMvcSecurityConfiguration$CompositeFilterChainProxy.doFilter(WebMvcSecurityConfiguration.java:230) ~[spring-security-config-6.2.2.jar:6.2.2]
    	at org.springframework.web.filter.DelegatingFilterProxy.invokeDelegate(DelegatingFilterProxy.java:352) ~[spring-web-6.1.4.jar:6.1.4]
    	at org.springframework.web.filter.DelegatingFilterProxy.doFilter(DelegatingFilterProxy.java:268) ~[spring-web-6.1.4.jar:6.1.4]
    	at org.springframework.test.web.servlet.setup.MockMvcFilterDecorator.doFilter(MockMvcFilterDecorator.java:151) ~[spring-test-6.1.4.jar:6.1.4]
    	at org.springframework.mock.web.MockFilterChain.doFilter(MockFilterChain.java:132) ~[spring-test-6.1.4.jar:6.1.4]
    	at org.springframework.web.filter.RequestContextFilter.doFilterInternal(RequestContextFilter.java:100) ~[spring-web-6.1.4.jar:6.1.4]
    	at org.springframework.web.filter.OncePerRequestFilter.doFilter(OncePerRequestFilter.java:116) ~[spring-web-6.1.4.jar:6.1.4]
    	at org.springframework.test.web.servlet.setup.MockMvcFilterDecorator.doFilter(MockMvcFilterDecorator.java:151) ~[spring-test-6.1.4.jar:6.1.4]
    	at org.springframework.mock.web.MockFilterChain.doFilter(MockFilterChain.java:132) ~[spring-test-6.1.4.jar:6.1.4]
    	at org.springframework.web.filter.FormContentFilter.doFilterInternal(FormContentFilter.java:93) ~[spring-web-6.1.4.jar:6.1.4]
    	at org.springframework.web.filter.OncePerRequestFilter.doFilter(OncePerRequestFilter.java:116) ~[spring-web-6.1.4.jar:6.1.4]
    	at org.springframework.test.web.servlet.setup.MockMvcFilterDecorator.doFilter(MockMvcFilterDecorator.java:151) ~[spring-test-6.1.4.jar:6.1.4]
    	at org.springframework.mock.web.MockFilterChain.doFilter(MockFilterChain.java:132) ~[spring-test-6.1.4.jar:6.1.4]
    	at org.springframework.session.web.http.SessionRepositoryFilter.doFilterInternal(SessionRepositoryFilter.java:142) ~[spring-session-core-3.2.1.jar:3.2.1]
    	at org.springframework.session.web.http.OncePerRequestFilter.doFilter(OncePerRequestFilter.java:82) ~[spring-session-core-3.2.1.jar:3.2.1]
    	at org.springframework.web.filter.DelegatingFilterProxy.invokeDelegate(DelegatingFilterProxy.java:352) ~[spring-web-6.1.4.jar:6.1.4]
    	at org.springframework.web.filter.DelegatingFilterProxy.doFilter(DelegatingFilterProxy.java:268) ~[spring-web-6.1.4.jar:6.1.4]
    	at org.springframework.test.web.servlet.setup.MockMvcFilterDecorator.doFilter(MockMvcFilterDecorator.java:151) ~[spring-test-6.1.4.jar:6.1.4]
    	at org.springframework.mock.web.MockFilterChain.doFilter(MockFilterChain.java:132) ~[spring-test-6.1.4.jar:6.1.4]
    	at org.springframework.web.filter.CharacterEncodingFilter.doFilterInternal(CharacterEncodingFilter.java:201) ~[spring-web-6.1.4.jar:6.1.4]
    	at org.springframework.web.filter.OncePerRequestFilter.doFilter(OncePerRequestFilter.java:116) ~[spring-web-6.1.4.jar:6.1.4]
    	at org.springframework.test.web.servlet.setup.MockMvcFilterDecorator.doFilter(MockMvcFilterDecorator.java:151) ~[spring-test-6.1.4.jar:6.1.4]
    	at org.springframework.mock.web.MockFilterChain.doFilter(MockFilterChain.java:132) ~[spring-test-6.1.4.jar:6.1.4]
    	at org.springframework.test.web.servlet.MockMvc.perform(MockMvc.java:201) ~[spring-test-6.1.4.jar:6.1.4]
    	at com.heartrate.controller.v1.UserProfileControllerTest.getProfile_WithoutSession_ShouldReturn401(UserProfileControllerTest.java:121) ~[test/:na]
    	at java.base/jdk.internal.reflect.DirectMethodHandleAccessor.invoke(DirectMethodHandleAccessor.java:103) ~[na:na]
    	at java.base/java.lang.reflect.Method.invoke(Method.java:580) ~[na:na]
    	at org.junit.platform.commons.util.ReflectionUtils.invokeMethod(ReflectionUtils.java:728) ~[junit-platform-commons-1.10.2.jar:1.10.2]
    	at org.junit.jupiter.engine.execution.MethodInvocation.proceed(MethodInvocation.java:60) ~[junit-jupiter-engine-5.10.2.jar:5.10.2]
    	at org.junit.jupiter.engine.execution.InvocationInterceptorChain$ValidatingInvocation.proceed(InvocationInterceptorChain.java:131) ~[junit-jupiter-engine-5.10.2.jar:5.10.2]
    	at org.junit.jupiter.engine.extension.TimeoutExtension.intercept(TimeoutExtension.java:156) ~[junit-jupiter-engine-5.10.2.jar:5.10.2]
    	at org.junit.jupiter.engine.extension.TimeoutExtension.interceptTestableMethod(TimeoutExtension.java:147) ~[junit-jupiter-engine-5.10.2.jar:5.10.2]
    	at org.junit.jupiter.engine.extension.TimeoutExtension.interceptTestMethod(TimeoutExtension.java:86) ~[junit-jupiter-engine-5.10.2.jar:5.10.2]
    	at org.junit.jupiter.engine.execution.InterceptingExecutableInvoker$ReflectiveInterceptorCall.lambda$ofVoidMethod$0(InterceptingExecutableInvoker.java:103) ~[junit-jupiter-engine-5.10.2.jar:5.10.2]
    	at org.junit.jupiter.engine.execution.InterceptingExecutableInvoker.lambda$invoke$0(InterceptingExecutableInvoker.java:93) ~[junit-jupiter-engine-5.10.2.jar:5.10.2]
    	at org.junit.jupiter.engine.execution.InvocationInterceptorChain$InterceptedInvocation.proceed(InvocationInterceptorChain.java:106) ~[junit-jupiter-engine-5.10.2.jar:5.10.2]
    	at org.junit.jupiter.engine.execution.InvocationInterceptorChain.proceed(InvocationInterceptorChain.java:64) ~[junit-jupiter-engine-5.10.2.jar:5.10.2]
    	at org.junit.jupiter.engine.execution.InvocationInterceptorChain.chainAndInvoke(InvocationInterceptorChain.java:45) ~[junit-jupiter-engine-5.10.2.jar:5.10.2]
    	at org.junit.jupiter.engine.execution.InvocationInterceptorChain.invoke(InvocationInterceptorChain.java:37) ~[junit-jupiter-engine-5.10.2.jar:5.10.2]
    	at org.junit.jupiter.engine.execution.InterceptingExecutableInvoker.invoke(InterceptingExecutableInvoker.java:92) ~[junit-jupiter-engine-5.10.2.jar:5.10.2]
    	at org.junit.jupiter.engine.execution.InterceptingExecutableInvoker.invoke(InterceptingExecutableInvoker.java:86) ~[junit-jupiter-engine-5.10.2.jar:5.10.2]
    	at org.junit.jupiter.engine.descriptor.TestMethodTestDescriptor.lambda$invokeTestMethod$7(TestMethodTestDescriptor.java:218) ~[junit-jupiter-engine-5.10.2.jar:5.10.2]
    	at org.junit.platform.engine.support.hierarchical.ThrowableCollector.execute(ThrowableCollector.java:73) ~[junit-platform-engine-1.10.2.jar:1.10.2]
    	at org.junit.jupiter.engine.descriptor.TestMethodTestDescriptor.invokeTestMethod(TestMethodTestDescriptor.java:214) ~[junit-jupiter-engine-5.10.2.jar:5.10.2]
    	at org.junit.jupiter.engine.descriptor.TestMethodTestDescriptor.execute(TestMethodTestDescriptor.java:139) ~[junit-jupiter-engine-5.10.2.jar:5.10.2]
    	at org.junit.jupiter.engine.descriptor.TestMethodTestDescriptor.execute(TestMethodTestDescriptor.java:69) ~[junit-jupiter-engine-5.10.2.jar:5.10.2]
    	at org.junit.platform.engine.support.hierarchical.NodeTestTask.lambda$executeRecursively$6(NodeTestTask.java:151) ~[junit-platform-engine-1.10.2.jar:1.10.2]
    	at org.junit.platform.engine.support.hierarchical.ThrowableCollector.execute(ThrowableCollector.java:73) ~[junit-platform-engine-1.10.2.jar:1.10.2]
    	at org.junit.platform.engine.support.hierarchical.NodeTestTask.lambda$executeRecursively$8(NodeTestTask.java:141) ~[junit-platform-engine-1.10.2.jar:1.10.2]
    	at org.junit.platform.engine.support.hierarchical.Node.around(Node.java:137) ~[junit-platform-engine-1.10.2.jar:1.10.2]
    	at org.junit.platform.engine.support.hierarchical.NodeTestTask.lambda$executeRecursively$9(NodeTestTask.java:139) ~[junit-platform-engine-1.10.2.jar:1.10.2]
    	at org.junit.platform.engine.support.hierarchical.ThrowableCollector.execute(ThrowableCollector.java:73) ~[junit-platform-engine-1.10.2.jar:1.10.2]
    	at org.junit.platform.engine.support.hierarchical.NodeTestTask.executeRecursively(NodeTestTask.java:138) ~[junit-platform-engine-1.10.2.jar:1.10.2]
    	at org.junit.platform.engine.support.hierarchical.NodeTestTask.execute(NodeTestTask.java:95) ~[junit-platform-engine-1.10.2.jar:1.10.2]
    	at java.base/java.util.ArrayList.forEach(ArrayList.java:1596) ~[na:na]
    	at org.junit.platform.engine.support.hierarchical.SameThreadHierarchicalTestExecutorService.invokeAll(SameThreadHierarchicalTestExecutorService.java:41) ~[junit-platform-engine-1.10.2.jar:1.10.2]
    	at org.junit.platform.engine.support.hierarchical.NodeTestTask.lambda$executeRecursively$6(NodeTestTask.java:155) ~[junit-platform-engine-1.10.2.jar:1.10.2]
    	at org.junit.platform.engine.support.hierarchical.ThrowableCollector.execute(ThrowableCollector.java:73) ~[junit-platform-engine-1.10.2.jar:1.10.2]
    	at org.junit.platform.engine.support.hierarchical.NodeTestTask.lambda$executeRecursively$8(NodeTestTask.java:141) ~[junit-platform-engine-1.10.2.jar:1.10.2]
    	at org.junit.platform.engine.support.hierarchical.Node.around(Node.java:137) ~[junit-platform-engine-1.10.2.jar:1.10.2]
    	at org.junit.platform.engine.support.hierarchical.NodeTestTask.lambda$executeRecursively$9(NodeTestTask.java:139) ~[junit-platform-engine-1.10.2.jar:1.10.2]
    	at org.junit.platform.engine.support.hierarchical.ThrowableCollector.execute(ThrowableCollector.java:73) ~[junit-platform-engine-1.10.2.jar:1.10.2]
    	at org.junit.platform.engine.support.hierarchical.NodeTestTask.executeRecursively(NodeTestTask.java:138) ~[junit-platform-engine-1.10.2.jar:1.10.2]
    	at org.junit.platform.engine.support.hierarchical.NodeTestTask.execute(NodeTestTask.java:95) ~[junit-platform-engine-1.10.2.jar:1.10.2]
    	at java.base/java.util.ArrayList.forEach(ArrayList.java:1596) ~[na:na]
    	at org.junit.platform.engine.support.hierarchical.SameThreadHierarchicalTestExecutorService.invokeAll(SameThreadHierarchicalTestExecutorService.java:41) ~[junit-platform-engine-1.10.2.jar:1.10.2]
    	at org.junit.platform.engine.support.hierarchical.NodeTestTask.lambda$executeRecursively$6(NodeTestTask.java:155) ~[junit-platform-engine-1.10.2.jar:1.10.2]
    	at org.junit.platform.engine.support.hierarchical.ThrowableCollector.execute(ThrowableCollector.java:73) ~[junit-platform-engine-1.10.2.jar:1.10.2]
    	at org.junit.platform.engine.support.hierarchical.NodeTestTask.lambda$executeRecursively$8(NodeTestTask.java:141) ~[junit-platform-engine-1.10.2.jar:1.10.2]
    	at org.junit.platform.engine.support.hierarchical.Node.around(Node.java:137) ~[junit-platform-engine-1.10.2.jar:1.10.2]
    	at org.junit.platform.engine.support.hierarchical.NodeTestTask.lambda$executeRecursively$9(NodeTestTask.java:139) ~[junit-platform-engine-1.10.2.jar:1.10.2]
    	at org.junit.platform.engine.support.hierarchical.ThrowableCollector.execute(ThrowableCollector.java:73) ~[junit-platform-engine-1.10.2.jar:1.10.2]
    	at org.junit.platform.engine.support.hierarchical.NodeTestTask.executeRecursively(NodeTestTask.java:138) ~[junit-platform-engine-1.10.2.jar:1.10.2]
    	at org.junit.platform.engine.support.hierarchical.NodeTestTask.execute(NodeTestTask.java:95) ~[junit-platform-engine-1.10.2.jar:1.10.2]
    	at org.junit.platform.engine.support.hierarchical.SameThreadHierarchicalTestExecutorService.submit(SameThreadHierarchicalTestExecutorService.java:35) ~[junit-platform-engine-1.10.2.jar:1.10.2]
    	at org.junit.platform.engine.support.hierarchical.HierarchicalTestExecutor.execute(HierarchicalTestExecutor.java:57) ~[junit-platform-engine-1.10.2.jar:1.10.2]
    	at org.junit.platform.engine.support.hierarchical.HierarchicalTestEngine.execute(HierarchicalTestEngine.java:54) ~[junit-platform-engine-1.10.2.jar:1.10.2]
    	at org.junit.platform.launcher.core.EngineExecutionOrchestrator.execute(EngineExecutionOrchestrator.java:107) ~[junit-platform-launcher-1.8.2.jar:1.8.2]
    	at org.junit.platform.launcher.core.EngineExecutionOrchestrator.execute(EngineExecutionOrchestrator.java:88) ~[junit-platform-launcher-1.8.2.jar:1.8.2]
    	at org.junit.platform.launcher.core.EngineExecutionOrchestrator.lambda$execute$0(EngineExecutionOrchestrator.java:54) ~[junit-platform-launcher-1.8.2.jar:1.8.2]
    	at org.junit.platform.launcher.core.EngineExecutionOrchestrator.withInterceptedStreams(EngineExecutionOrchestrator.java:67) ~[junit-platform-launcher-1.8.2.jar:1.8.2]
    	at org.junit.platform.launcher.core.EngineExecutionOrchestrator.execute(EngineExecutionOrchestrator.java:52) ~[junit-platform-launcher-1.8.2.jar:1.8.2]
    	at org.junit.platform.launcher.core.DefaultLauncher.execute(DefaultLauncher.java:114) ~[junit-platform-launcher-1.8.2.jar:1.8.2]
    	at org.junit.platform.launcher.core.DefaultLauncher.execute(DefaultLauncher.java:86) ~[junit-platform-launcher-1.8.2.jar:1.8.2]
    	at org.junit.platform.launcher.core.DefaultLauncherSession$DelegatingLauncher.execute(DefaultLauncherSession.java:86) ~[junit-platform-launcher-1.8.2.jar:1.8.2]
    	at org.gradle.api.internal.tasks.testing.junitplatform.JUnitPlatformTestClassProcessor$CollectAllTestClassesExecutor.processAllTestClasses(JUnitPlatformTestClassProcessor.java:124) ~[na:na]
    	at org.gradle.api.internal.tasks.testing.junitplatform.JUnitPlatformTestClassProcessor$CollectAllTestClassesExecutor.access$000(JUnitPlatformTestClassProcessor.java:99) ~[na:na]
    	at org.gradle.api.internal.tasks.testing.junitplatform.JUnitPlatformTestClassProcessor.stop(JUnitPlatformTestClassProcessor.java:94) ~[na:na]
    	at org.gradle.api.internal.tasks.testing.SuiteTestClassProcessor.stop(SuiteTestClassProcessor.java:63) ~[na:na]
    	at java.base/jdk.internal.reflect.DirectMethodHandleAccessor.invoke(DirectMethodHandleAccessor.java:103) ~[na:na]
    	at java.base/java.lang.reflect.Method.invoke(Method.java:580) ~[na:na]
    	at org.gradle.internal.dispatch.ReflectionDispatch.dispatch(ReflectionDispatch.java:36) ~[na:na]
    	at org.gradle.internal.dispatch.ReflectionDispatch.dispatch(ReflectionDispatch.java:24) ~[na:na]
    	at org.gradle.internal.dispatch.ContextClassLoaderDispatch.dispatch(ContextClassLoaderDispatch.java:33) ~[na:na]
    	at org.gradle.internal.dispatch.ProxyDispatchAdapter$DispatchingInvocationHandler.invoke(ProxyDispatchAdapter.java:92) ~[na:na]
    	at jdk.proxy1/jdk.proxy1.$Proxy4.stop(Unknown Source) ~[na:na]
    	at org.gradle.api.internal.tasks.testing.worker.TestWorker$3.run(TestWorker.java:200) ~[na:na]
    	at org.gradle.api.internal.tasks.testing.worker.TestWorker.executeAndMaintainThreadName(TestWorker.java:132) ~[na:na]
    	at org.gradle.api.internal.tasks.testing.worker.TestWorker.execute(TestWorker.java:103) ~[na:na]
    	at org.gradle.api.internal.tasks.testing.worker.TestWorker.execute(TestWorker.java:63) ~[na:na]
    	at org.gradle.process.internal.worker.child.ActionExecutionWorker.execute(ActionExecutionWorker.java:56) ~[na:na]
    	at org.gradle.process.internal.worker.child.SystemApplicationClassLoaderWorker.call(SystemApplicationClassLoaderWorker.java:121) ~[na:na]
    	at org.gradle.process.internal.worker.child.SystemApplicationClassLoaderWorker.call(SystemApplicationClassLoaderWorker.java:71) ~[na:na]
    	at worker.org.gradle.process.internal.worker.GradleWorkerMain.run(GradleWorkerMain.java:69) ~[gradle-worker.jar:na]
    	at worker.org.gradle.process.internal.worker.GradleWorkerMain.main(GradleWorkerMain.java:74) ~[gradle-worker.jar:na]


UserProfileControllerTest > getProfile_WithoutSession_ShouldReturn401() FAILED
    org.springframework.jdbc.BadSqlGrammarException: PreparedStatementCallback; bad SQL grammar [INSERT INTO SPRING_SESSION (PRIMARY_ID, SESSION_ID, CREATION_TIME, LAST_ACCESS_TIME, MAX_INACTIVE_INTERVAL, EXPIRY_TIME, PRINCIPAL_NAME)
    VALUES (?, ?, ?, ?, ?, ?, ?)
    ]
        at app//org.springframework.jdbc.support.SQLErrorCodeSQLExceptionTranslator.doTranslate(SQLErrorCodeSQLExceptionTranslator.java:246)
        at app//org.springframework.jdbc.support.AbstractFallbackSQLExceptionTranslator.translate(AbstractFallbackSQLExceptionTranslator.java:107)
        at app//org.springframework.jdbc.core.JdbcTemplate.translateException(JdbcTemplate.java:1548)
        at app//org.springframework.jdbc.core.JdbcTemplate.execute(JdbcTemplate.java:677)
        at app//org.springframework.jdbc.core.JdbcTemplate.update(JdbcTemplate.java:970)
        at app//org.springframework.jdbc.core.JdbcTemplate.update(JdbcTemplate.java:1014)
        at app//org.springframework.session.jdbc.JdbcIndexedSessionRepository$JdbcSession.lambda$save$6(JdbcIndexedSessionRepository.java:894)
        at app//org.springframework.transaction.support.TransactionOperations.lambda$executeWithoutResult$0(TransactionOperations.java:68)
        at app//org.springframework.transaction.support.TransactionTemplate.execute(TransactionTemplate.java:140)
        at app//org.springframework.transaction.support.TransactionOperations.executeWithoutResult(TransactionOperations.java:67)
        at app//org.springframework.session.jdbc.JdbcIndexedSessionRepository$JdbcSession.save(JdbcIndexedSessionRepository.java:890)
        at app//org.springframework.session.jdbc.JdbcIndexedSessionRepository.save(JdbcIndexedSessionRepository.java:477)
        at app//org.springframework.session.jdbc.JdbcIndexedSessionRepository.save(JdbcIndexedSessionRepository.java:141)
        at app//org.springframework.session.web.http.SessionRepositoryFilter$SessionRepositoryRequestWrapper.commitSession(SessionRepositoryFilter.java:229)
        at app//org.springframework.session.web.http.SessionRepositoryFilter.doFilterInternal(SessionRepositoryFilter.java:145)
        at app//org.springframework.session.web.http.OncePerRequestFilter.doFilter(OncePerRequestFilter.java:82)
        at app//org.springframework.web.filter.DelegatingFilterProxy.invokeDelegate(DelegatingFilterProxy.java:352)
        at app//org.springframework.web.filter.DelegatingFilterProxy.doFilter(DelegatingFilterProxy.java:268)
        at app//org.springframework.test.web.servlet.setup.MockMvcFilterDecorator.doFilter(MockMvcFilterDecorator.java:151)
        at app//org.springframework.mock.web.MockFilterChain.doFilter(MockFilterChain.java:132)
        at app//org.springframework.web.filter.CharacterEncodingFilter.doFilterInternal(CharacterEncodingFilter.java:201)
        at app//org.springframework.web.filter.OncePerRequestFilter.doFilter(OncePerRequestFilter.java:116)
        at app//org.springframework.test.web.servlet.setup.MockMvcFilterDecorator.doFilter(MockMvcFilterDecorator.java:151)
        at app//org.springframework.mock.web.MockFilterChain.doFilter(MockFilterChain.java:132)
        at app//org.springframework.test.web.servlet.MockMvc.perform(MockMvc.java:201)
        at app//com.heartrate.controller.v1.UserProfileControllerTest.getProfile_WithoutSession_ShouldReturn401(UserProfileControllerTest.java:121)

        Caused by:
        org.h2.jdbc.JdbcSQLSyntaxErrorException: Table "SPRING_SESSION" not found; SQL statement:
        INSERT INTO SPRING_SESSION (PRIMARY_ID, SESSION_ID, CREATION_TIME, LAST_ACCESS_TIME, MAX_INACTIVE_INTERVAL, EXPIRY_TIME, PRINCIPAL_NAME)
        VALUES (?, ?, ?, ?, ?, ?, ?)
         [42102-224]
            at app//org.h2.message.DbException.getJdbcSQLException(DbException.java:514)
            at app//org.h2.message.DbException.getJdbcSQLException(DbException.java:489)
            at app//org.h2.message.DbException.get(DbException.java:223)
            at app//org.h2.message.DbException.get(DbException.java:199)
            at app//org.h2.command.Parser.getTableOrViewNotFoundDbException(Parser.java:8064)
            at app//org.h2.command.Parser.getTableOrViewNotFoundDbException(Parser.java:8035)
            at app//org.h2.command.Parser.readTableOrView(Parser.java:8024)
            at app//org.h2.command.Parser.readTableOrView(Parser.java:7990)
            at app//org.h2.command.Parser.parseInsert(Parser.java:1540)
            at app//org.h2.command.Parser.parsePrepared(Parser.java:719)
            at app//org.h2.command.Parser.parse(Parser.java:592)
            at app//org.h2.command.Parser.parse(Parser.java:564)
            at app//org.h2.command.Parser.prepareCommand(Parser.java:483)
            at app//org.h2.engine.SessionLocal.prepareLocal(SessionLocal.java:639)
            at app//org.h2.engine.SessionLocal.prepareCommand(SessionLocal.java:559)
            at app//org.h2.jdbc.JdbcConnection.prepareCommand(JdbcConnection.java:1166)
            at app//org.h2.jdbc.JdbcPreparedStatement.<init>(JdbcPreparedStatement.java:93)
            at app//org.h2.jdbc.JdbcConnection.prepareStatement(JdbcConnection.java:316)
            at app//com.zaxxer.hikari.pool.ProxyConnection.prepareStatement(ProxyConnection.java:327)
            at app//com.zaxxer.hikari.pool.HikariProxyConnection.prepareStatement(HikariProxyConnection.java)
            at app//org.springframework.jdbc.core.JdbcTemplate$SimplePreparedStatementCreator.createPreparedStatement(JdbcTemplate.java:1711)
            at app//org.springframework.jdbc.core.JdbcTemplate.execute(JdbcTemplate.java:656)
            ... 22 more

UserProfileControllerTest > changePassword_WithValidPassword_ShouldUpdatePassword() STANDARD_OUT
    2025-04-06T08:34:46.610-07:00 DEBUG 44469 --- [    Test worker] org.hibernate.SQL                        : 
        select
            u1_0."id",
            u1_0."created_at",
            u1_0."display_name",
            u1_0."email",
            u1_0."email_verified",
            u1_0."first_name",
            u1_0."mobile_number",
            u1_0."password_hash",
            u1_0."remember_me_token",
            u1_0."updated_at",
            u1_0."user_address",
            u1_0."year_of_birth" 
        from
            "users" u1_0 
        where
            u1_0."id"=?
    Hibernate: 
        select
            u1_0."id",
            u1_0."created_at",
            u1_0."display_name",
            u1_0."email",
            u1_0."email_verified",
            u1_0."first_name",
            u1_0."mobile_number",
            u1_0."password_hash",
            u1_0."remember_me_token",
            u1_0."updated_at",
            u1_0."user_address",
            u1_0."year_of_birth" 
        from
            "users" u1_0 
        where
            u1_0."id"=?
    2025-04-06T08:34:46.624-07:00 DEBUG 44469 --- [    Test worker] o.s.s.w.h.S.SESSION_LOGGER               : No session found by id: Caching result for getSession(false) for this HttpServletRequest.
    2025-04-06T08:34:46.625-07:00 DEBUG 44469 --- [    Test worker] o.s.s.w.h.S.SESSION_LOGGER               : No session found by id: Caching result for getSession(false) for this HttpServletRequest.
    2025-04-06T08:34:46.625-07:00 DEBUG 44469 --- [    Test worker] o.s.s.w.h.S.SESSION_LOGGER               : A new session was created. To help you troubleshoot where the session was created we provided a StackTrace (this is not an error). You can prevent this from appearing by disabling DEBUG logging for org.springframework.session.web.http.SessionRepositoryFilter.SESSION_LOGGER

    java.lang.RuntimeException: For debugging purposes only (not an error)
    	at org.springframework.session.web.http.SessionRepositoryFilter$SessionRepositoryRequestWrapper.getSession(SessionRepositoryFilter.java:314) ~[spring-session-core-3.2.1.jar:3.2.1]
    	at org.springframework.session.web.http.SessionRepositoryFilter$SessionRepositoryRequestWrapper.getSession(SessionRepositoryFilter.java:328) ~[spring-session-core-3.2.1.jar:3.2.1]
    	at org.springframework.session.web.http.SessionRepositoryFilter$SessionRepositoryRequestWrapper.getSession(SessionRepositoryFilter.java:193) ~[spring-session-core-3.2.1.jar:3.2.1]
    	at jakarta.servlet.http.HttpServletRequestWrapper.getSession(HttpServletRequestWrapper.java:229) ~[tomcat-embed-core-10.1.19.jar:6.0]
    	at jakarta.servlet.http.HttpServletRequestWrapper.getSession(HttpServletRequestWrapper.java:229) ~[tomcat-embed-core-10.1.19.jar:6.0]
    	at org.springframework.security.web.csrf.HttpSessionCsrfTokenRepository.saveToken(HttpSessionCsrfTokenRepository.java:58) ~[spring-security-web-6.2.2.jar:6.2.2]
    	at org.springframework.security.web.csrf.RepositoryDeferredCsrfToken.init(RepositoryDeferredCsrfToken.java:67) ~[spring-security-web-6.2.2.jar:6.2.2]
    	at org.springframework.security.web.csrf.RepositoryDeferredCsrfToken.get(RepositoryDeferredCsrfToken.java:48) ~[spring-security-web-6.2.2.jar:6.2.2]
    	at org.springframework.security.web.csrf.CsrfFilter.doFilterInternal(CsrfFilter.java:120) ~[spring-security-web-6.2.2.jar:6.2.2]
    	at org.springframework.web.filter.OncePerRequestFilter.doFilter(OncePerRequestFilter.java:116) ~[spring-web-6.1.4.jar:6.1.4]
    	at org.springframework.security.web.FilterChainProxy$VirtualFilterChain.doFilter(FilterChainProxy.java:374) ~[spring-security-web-6.2.2.jar:6.2.2]
    	at org.springframework.web.filter.CorsFilter.doFilterInternal(CorsFilter.java:91) ~[spring-web-6.1.4.jar:6.1.4]
    	at org.springframework.web.filter.OncePerRequestFilter.doFilter(OncePerRequestFilter.java:116) ~[spring-web-6.1.4.jar:6.1.4]
    	at org.springframework.security.web.FilterChainProxy$VirtualFilterChain.doFilter(FilterChainProxy.java:374) ~[spring-security-web-6.2.2.jar:6.2.2]
    	at org.springframework.security.web.header.HeaderWriterFilter.doHeadersAfter(HeaderWriterFilter.java:90) ~[spring-security-web-6.2.2.jar:6.2.2]
    	at org.springframework.security.web.header.HeaderWriterFilter.doFilterInternal(HeaderWriterFilter.java:75) ~[spring-security-web-6.2.2.jar:6.2.2]
    	at org.springframework.web.filter.OncePerRequestFilter.doFilter(OncePerRequestFilter.java:116) ~[spring-web-6.1.4.jar:6.1.4]
    	at org.springframework.security.web.FilterChainProxy$VirtualFilterChain.doFilter(FilterChainProxy.java:374) ~[spring-security-web-6.2.2.jar:6.2.2]
    	at org.springframework.security.web.context.SecurityContextHolderFilter.doFilter(SecurityContextHolderFilter.java:82) ~[spring-security-web-6.2.2.jar:6.2.2]
    	at org.springframework.security.web.context.SecurityContextHolderFilter.doFilter(SecurityContextHolderFilter.java:69) ~[spring-security-web-6.2.2.jar:6.2.2]
    	at org.springframework.security.web.FilterChainProxy$VirtualFilterChain.doFilter(FilterChainProxy.java:374) ~[spring-security-web-6.2.2.jar:6.2.2]
    	at org.springframework.security.web.context.request.async.WebAsyncManagerIntegrationFilter.doFilterInternal(WebAsyncManagerIntegrationFilter.java:62) ~[spring-security-web-6.2.2.jar:6.2.2]
    	at org.springframework.web.filter.OncePerRequestFilter.doFilter(OncePerRequestFilter.java:116) ~[spring-web-6.1.4.jar:6.1.4]
    	at org.springframework.security.web.FilterChainProxy$VirtualFilterChain.doFilter(FilterChainProxy.java:374) ~[spring-security-web-6.2.2.jar:6.2.2]
    	at org.springframework.security.web.session.DisableEncodeUrlFilter.doFilterInternal(DisableEncodeUrlFilter.java:42) ~[spring-security-web-6.2.2.jar:6.2.2]
    	at org.springframework.web.filter.OncePerRequestFilter.doFilter(OncePerRequestFilter.java:116) ~[spring-web-6.1.4.jar:6.1.4]
    	at org.springframework.security.web.FilterChainProxy$VirtualFilterChain.doFilter(FilterChainProxy.java:374) ~[spring-security-web-6.2.2.jar:6.2.2]
    	at org.springframework.security.web.FilterChainProxy.doFilterInternal(FilterChainProxy.java:233) ~[spring-security-web-6.2.2.jar:6.2.2]
    	at org.springframework.security.web.FilterChainProxy.doFilter(FilterChainProxy.java:191) ~[spring-security-web-6.2.2.jar:6.2.2]
    	at org.springframework.web.filter.CompositeFilter$VirtualFilterChain.doFilter(CompositeFilter.java:113) ~[spring-web-6.1.4.jar:6.1.4]
    	at org.springframework.web.servlet.handler.HandlerMappingIntrospector.lambda$createCacheFilter$3(HandlerMappingIntrospector.java:195) ~[spring-webmvc-6.1.4.jar:6.1.4]
    	at org.springframework.web.filter.CompositeFilter$VirtualFilterChain.doFilter(CompositeFilter.java:113) ~[spring-web-6.1.4.jar:6.1.4]
    	at org.springframework.web.filter.CompositeFilter.doFilter(CompositeFilter.java:74) ~[spring-web-6.1.4.jar:6.1.4]
    	at org.springframework.security.config.annotation.web.configuration.WebMvcSecurityConfiguration$CompositeFilterChainProxy.doFilter(WebMvcSecurityConfiguration.java:230) ~[spring-security-config-6.2.2.jar:6.2.2]
    	at org.springframework.web.filter.DelegatingFilterProxy.invokeDelegate(DelegatingFilterProxy.java:352) ~[spring-web-6.1.4.jar:6.1.4]
    	at org.springframework.web.filter.DelegatingFilterProxy.doFilter(DelegatingFilterProxy.java:268) ~[spring-web-6.1.4.jar:6.1.4]
    	at org.springframework.test.web.servlet.setup.MockMvcFilterDecorator.doFilter(MockMvcFilterDecorator.java:151) ~[spring-test-6.1.4.jar:6.1.4]
    	at org.springframework.mock.web.MockFilterChain.doFilter(MockFilterChain.java:132) ~[spring-test-6.1.4.jar:6.1.4]
    	at org.springframework.web.filter.RequestContextFilter.doFilterInternal(RequestContextFilter.java:100) ~[spring-web-6.1.4.jar:6.1.4]
    	at org.springframework.web.filter.OncePerRequestFilter.doFilter(OncePerRequestFilter.java:116) ~[spring-web-6.1.4.jar:6.1.4]
    	at org.springframework.test.web.servlet.setup.MockMvcFilterDecorator.doFilter(MockMvcFilterDecorator.java:151) ~[spring-test-6.1.4.jar:6.1.4]
    	at org.springframework.mock.web.MockFilterChain.doFilter(MockFilterChain.java:132) ~[spring-test-6.1.4.jar:6.1.4]
    	at org.springframework.web.filter.FormContentFilter.doFilterInternal(FormContentFilter.java:93) ~[spring-web-6.1.4.jar:6.1.4]
    	at org.springframework.web.filter.OncePerRequestFilter.doFilter(OncePerRequestFilter.java:116) ~[spring-web-6.1.4.jar:6.1.4]
    	at org.springframework.test.web.servlet.setup.MockMvcFilterDecorator.doFilter(MockMvcFilterDecorator.java:151) ~[spring-test-6.1.4.jar:6.1.4]
    	at org.springframework.mock.web.MockFilterChain.doFilter(MockFilterChain.java:132) ~[spring-test-6.1.4.jar:6.1.4]
    	at org.springframework.session.web.http.SessionRepositoryFilter.doFilterInternal(SessionRepositoryFilter.java:142) ~[spring-session-core-3.2.1.jar:3.2.1]
    	at org.springframework.session.web.http.OncePerRequestFilter.doFilter(OncePerRequestFilter.java:82) ~[spring-session-core-3.2.1.jar:3.2.1]
    	at org.springframework.web.filter.DelegatingFilterProxy.invokeDelegate(DelegatingFilterProxy.java:352) ~[spring-web-6.1.4.jar:6.1.4]
    	at org.springframework.web.filter.DelegatingFilterProxy.doFilter(DelegatingFilterProxy.java:268) ~[spring-web-6.1.4.jar:6.1.4]
    	at org.springframework.test.web.servlet.setup.MockMvcFilterDecorator.doFilter(MockMvcFilterDecorator.java:151) ~[spring-test-6.1.4.jar:6.1.4]
    	at org.springframework.mock.web.MockFilterChain.doFilter(MockFilterChain.java:132) ~[spring-test-6.1.4.jar:6.1.4]
    	at org.springframework.web.filter.CharacterEncodingFilter.doFilterInternal(CharacterEncodingFilter.java:201) ~[spring-web-6.1.4.jar:6.1.4]
    	at org.springframework.web.filter.OncePerRequestFilter.doFilter(OncePerRequestFilter.java:116) ~[spring-web-6.1.4.jar:6.1.4]
    	at org.springframework.test.web.servlet.setup.MockMvcFilterDecorator.doFilter(MockMvcFilterDecorator.java:151) ~[spring-test-6.1.4.jar:6.1.4]
    	at org.springframework.mock.web.MockFilterChain.doFilter(MockFilterChain.java:132) ~[spring-test-6.1.4.jar:6.1.4]
    	at org.springframework.test.web.servlet.MockMvc.perform(MockMvc.java:201) ~[spring-test-6.1.4.jar:6.1.4]
    	at com.heartrate.controller.v1.UserProfileControllerTest.changePassword_WithValidPassword_ShouldUpdatePassword(UserProfileControllerTest.java:193) ~[test/:na]
    	at java.base/jdk.internal.reflect.DirectMethodHandleAccessor.invoke(DirectMethodHandleAccessor.java:103) ~[na:na]
    	at java.base/java.lang.reflect.Method.invoke(Method.java:580) ~[na:na]
    	at org.junit.platform.commons.util.ReflectionUtils.invokeMethod(ReflectionUtils.java:728) ~[junit-platform-commons-1.10.2.jar:1.10.2]
    	at org.junit.jupiter.engine.execution.MethodInvocation.proceed(MethodInvocation.java:60) ~[junit-jupiter-engine-5.10.2.jar:5.10.2]
    	at org.junit.jupiter.engine.execution.InvocationInterceptorChain$ValidatingInvocation.proceed(InvocationInterceptorChain.java:131) ~[junit-jupiter-engine-5.10.2.jar:5.10.2]
    	at org.junit.jupiter.engine.extension.TimeoutExtension.intercept(TimeoutExtension.java:156) ~[junit-jupiter-engine-5.10.2.jar:5.10.2]
    	at org.junit.jupiter.engine.extension.TimeoutExtension.interceptTestableMethod(TimeoutExtension.java:147) ~[junit-jupiter-engine-5.10.2.jar:5.10.2]
    	at org.junit.jupiter.engine.extension.TimeoutExtension.interceptTestMethod(TimeoutExtension.java:86) ~[junit-jupiter-engine-5.10.2.jar:5.10.2]
    	at org.junit.jupiter.engine.execution.InterceptingExecutableInvoker$ReflectiveInterceptorCall.lambda$ofVoidMethod$0(InterceptingExecutableInvoker.java:103) ~[junit-jupiter-engine-5.10.2.jar:5.10.2]
    	at org.junit.jupiter.engine.execution.InterceptingExecutableInvoker.lambda$invoke$0(InterceptingExecutableInvoker.java:93) ~[junit-jupiter-engine-5.10.2.jar:5.10.2]
    	at org.junit.jupiter.engine.execution.InvocationInterceptorChain$InterceptedInvocation.proceed(InvocationInterceptorChain.java:106) ~[junit-jupiter-engine-5.10.2.jar:5.10.2]
    	at org.junit.jupiter.engine.execution.InvocationInterceptorChain.proceed(InvocationInterceptorChain.java:64) ~[junit-jupiter-engine-5.10.2.jar:5.10.2]
    	at org.junit.jupiter.engine.execution.InvocationInterceptorChain.chainAndInvoke(InvocationInterceptorChain.java:45) ~[junit-jupiter-engine-5.10.2.jar:5.10.2]
    	at org.junit.jupiter.engine.execution.InvocationInterceptorChain.invoke(InvocationInterceptorChain.java:37) ~[junit-jupiter-engine-5.10.2.jar:5.10.2]
    	at org.junit.jupiter.engine.execution.InterceptingExecutableInvoker.invoke(InterceptingExecutableInvoker.java:92) ~[junit-jupiter-engine-5.10.2.jar:5.10.2]
    	at org.junit.jupiter.engine.execution.InterceptingExecutableInvoker.invoke(InterceptingExecutableInvoker.java:86) ~[junit-jupiter-engine-5.10.2.jar:5.10.2]
    	at org.junit.jupiter.engine.descriptor.TestMethodTestDescriptor.lambda$invokeTestMethod$7(TestMethodTestDescriptor.java:218) ~[junit-jupiter-engine-5.10.2.jar:5.10.2]
    	at org.junit.platform.engine.support.hierarchical.ThrowableCollector.execute(ThrowableCollector.java:73) ~[junit-platform-engine-1.10.2.jar:1.10.2]
    	at org.junit.jupiter.engine.descriptor.TestMethodTestDescriptor.invokeTestMethod(TestMethodTestDescriptor.java:214) ~[junit-jupiter-engine-5.10.2.jar:5.10.2]
    	at org.junit.jupiter.engine.descriptor.TestMethodTestDescriptor.execute(TestMethodTestDescriptor.java:139) ~[junit-jupiter-engine-5.10.2.jar:5.10.2]
    	at org.junit.jupiter.engine.descriptor.TestMethodTestDescriptor.execute(TestMethodTestDescriptor.java:69) ~[junit-jupiter-engine-5.10.2.jar:5.10.2]
    	at org.junit.platform.engine.support.hierarchical.NodeTestTask.lambda$executeRecursively$6(NodeTestTask.java:151) ~[junit-platform-engine-1.10.2.jar:1.10.2]
    	at org.junit.platform.engine.support.hierarchical.ThrowableCollector.execute(ThrowableCollector.java:73) ~[junit-platform-engine-1.10.2.jar:1.10.2]
    	at org.junit.platform.engine.support.hierarchical.NodeTestTask.lambda$executeRecursively$8(NodeTestTask.java:141) ~[junit-platform-engine-1.10.2.jar:1.10.2]
    	at org.junit.platform.engine.support.hierarchical.Node.around(Node.java:137) ~[junit-platform-engine-1.10.2.jar:1.10.2]
    	at org.junit.platform.engine.support.hierarchical.NodeTestTask.lambda$executeRecursively$9(NodeTestTask.java:139) ~[junit-platform-engine-1.10.2.jar:1.10.2]
    	at org.junit.platform.engine.support.hierarchical.ThrowableCollector.execute(ThrowableCollector.java:73) ~[junit-platform-engine-1.10.2.jar:1.10.2]
    	at org.junit.platform.engine.support.hierarchical.NodeTestTask.executeRecursively(NodeTestTask.java:138) ~[junit-platform-engine-1.10.2.jar:1.10.2]
    	at org.junit.platform.engine.support.hierarchical.NodeTestTask.execute(NodeTestTask.java:95) ~[junit-platform-engine-1.10.2.jar:1.10.2]
    	at java.base/java.util.ArrayList.forEach(ArrayList.java:1596) ~[na:na]
    	at org.junit.platform.engine.support.hierarchical.SameThreadHierarchicalTestExecutorService.invokeAll(SameThreadHierarchicalTestExecutorService.java:41) ~[junit-platform-engine-1.10.2.jar:1.10.2]
    	at org.junit.platform.engine.support.hierarchical.NodeTestTask.lambda$executeRecursively$6(NodeTestTask.java:155) ~[junit-platform-engine-1.10.2.jar:1.10.2]
    	at org.junit.platform.engine.support.hierarchical.ThrowableCollector.execute(ThrowableCollector.java:73) ~[junit-platform-engine-1.10.2.jar:1.10.2]
    	at org.junit.platform.engine.support.hierarchical.NodeTestTask.lambda$executeRecursively$8(NodeTestTask.java:141) ~[junit-platform-engine-1.10.2.jar:1.10.2]
    	at org.junit.platform.engine.support.hierarchical.Node.around(Node.java:137) ~[junit-platform-engine-1.10.2.jar:1.10.2]
    	at org.junit.platform.engine.support.hierarchical.NodeTestTask.lambda$executeRecursively$9(NodeTestTask.java:139) ~[junit-platform-engine-1.10.2.jar:1.10.2]
    	at org.junit.platform.engine.support.hierarchical.ThrowableCollector.execute(ThrowableCollector.java:73) ~[junit-platform-engine-1.10.2.jar:1.10.2]
    	at org.junit.platform.engine.support.hierarchical.NodeTestTask.executeRecursively(NodeTestTask.java:138) ~[junit-platform-engine-1.10.2.jar:1.10.2]
    	at org.junit.platform.engine.support.hierarchical.NodeTestTask.execute(NodeTestTask.java:95) ~[junit-platform-engine-1.10.2.jar:1.10.2]
    	at java.base/java.util.ArrayList.forEach(ArrayList.java:1596) ~[na:na]
    	at org.junit.platform.engine.support.hierarchical.SameThreadHierarchicalTestExecutorService.invokeAll(SameThreadHierarchicalTestExecutorService.java:41) ~[junit-platform-engine-1.10.2.jar:1.10.2]
    	at org.junit.platform.engine.support.hierarchical.NodeTestTask.lambda$executeRecursively$6(NodeTestTask.java:155) ~[junit-platform-engine-1.10.2.jar:1.10.2]
    	at org.junit.platform.engine.support.hierarchical.ThrowableCollector.execute(ThrowableCollector.java:73) ~[junit-platform-engine-1.10.2.jar:1.10.2]
    	at org.junit.platform.engine.support.hierarchical.NodeTestTask.lambda$executeRecursively$8(NodeTestTask.java:141) ~[junit-platform-engine-1.10.2.jar:1.10.2]
    	at org.junit.platform.engine.support.hierarchical.Node.around(Node.java:137) ~[junit-platform-engine-1.10.2.jar:1.10.2]
    	at org.junit.platform.engine.support.hierarchical.NodeTestTask.lambda$executeRecursively$9(NodeTestTask.java:139) ~[junit-platform-engine-1.10.2.jar:1.10.2]
    	at org.junit.platform.engine.support.hierarchical.ThrowableCollector.execute(ThrowableCollector.java:73) ~[junit-platform-engine-1.10.2.jar:1.10.2]
    	at org.junit.platform.engine.support.hierarchical.NodeTestTask.executeRecursively(NodeTestTask.java:138) ~[junit-platform-engine-1.10.2.jar:1.10.2]
    	at org.junit.platform.engine.support.hierarchical.NodeTestTask.execute(NodeTestTask.java:95) ~[junit-platform-engine-1.10.2.jar:1.10.2]
    	at org.junit.platform.engine.support.hierarchical.SameThreadHierarchicalTestExecutorService.submit(SameThreadHierarchicalTestExecutorService.java:35) ~[junit-platform-engine-1.10.2.jar:1.10.2]
    	at org.junit.platform.engine.support.hierarchical.HierarchicalTestExecutor.execute(HierarchicalTestExecutor.java:57) ~[junit-platform-engine-1.10.2.jar:1.10.2]
    	at org.junit.platform.engine.support.hierarchical.HierarchicalTestEngine.execute(HierarchicalTestEngine.java:54) ~[junit-platform-engine-1.10.2.jar:1.10.2]
    	at org.junit.platform.launcher.core.EngineExecutionOrchestrator.execute(EngineExecutionOrchestrator.java:107) ~[junit-platform-launcher-1.8.2.jar:1.8.2]
    	at org.junit.platform.launcher.core.EngineExecutionOrchestrator.execute(EngineExecutionOrchestrator.java:88) ~[junit-platform-launcher-1.8.2.jar:1.8.2]
    	at org.junit.platform.launcher.core.EngineExecutionOrchestrator.lambda$execute$0(EngineExecutionOrchestrator.java:54) ~[junit-platform-launcher-1.8.2.jar:1.8.2]
    	at org.junit.platform.launcher.core.EngineExecutionOrchestrator.withInterceptedStreams(EngineExecutionOrchestrator.java:67) ~[junit-platform-launcher-1.8.2.jar:1.8.2]
    	at org.junit.platform.launcher.core.EngineExecutionOrchestrator.execute(EngineExecutionOrchestrator.java:52) ~[junit-platform-launcher-1.8.2.jar:1.8.2]
    	at org.junit.platform.launcher.core.DefaultLauncher.execute(DefaultLauncher.java:114) ~[junit-platform-launcher-1.8.2.jar:1.8.2]
    	at org.junit.platform.launcher.core.DefaultLauncher.execute(DefaultLauncher.java:86) ~[junit-platform-launcher-1.8.2.jar:1.8.2]
    	at org.junit.platform.launcher.core.DefaultLauncherSession$DelegatingLauncher.execute(DefaultLauncherSession.java:86) ~[junit-platform-launcher-1.8.2.jar:1.8.2]
    	at org.gradle.api.internal.tasks.testing.junitplatform.JUnitPlatformTestClassProcessor$CollectAllTestClassesExecutor.processAllTestClasses(JUnitPlatformTestClassProcessor.java:124) ~[na:na]
    	at org.gradle.api.internal.tasks.testing.junitplatform.JUnitPlatformTestClassProcessor$CollectAllTestClassesExecutor.access$000(JUnitPlatformTestClassProcessor.java:99) ~[na:na]
    	at org.gradle.api.internal.tasks.testing.junitplatform.JUnitPlatformTestClassProcessor.stop(JUnitPlatformTestClassProcessor.java:94) ~[na:na]
    	at org.gradle.api.internal.tasks.testing.SuiteTestClassProcessor.stop(SuiteTestClassProcessor.java:63) ~[na:na]
    	at java.base/jdk.internal.reflect.DirectMethodHandleAccessor.invoke(DirectMethodHandleAccessor.java:103) ~[na:na]
    	at java.base/java.lang.reflect.Method.invoke(Method.java:580) ~[na:na]
    	at org.gradle.internal.dispatch.ReflectionDispatch.dispatch(ReflectionDispatch.java:36) ~[na:na]
    	at org.gradle.internal.dispatch.ReflectionDispatch.dispatch(ReflectionDispatch.java:24) ~[na:na]
    	at org.gradle.internal.dispatch.ContextClassLoaderDispatch.dispatch(ContextClassLoaderDispatch.java:33) ~[na:na]
    	at org.gradle.internal.dispatch.ProxyDispatchAdapter$DispatchingInvocationHandler.invoke(ProxyDispatchAdapter.java:92) ~[na:na]
    	at jdk.proxy1/jdk.proxy1.$Proxy4.stop(Unknown Source) ~[na:na]
    	at org.gradle.api.internal.tasks.testing.worker.TestWorker$3.run(TestWorker.java:200) ~[na:na]
    	at org.gradle.api.internal.tasks.testing.worker.TestWorker.executeAndMaintainThreadName(TestWorker.java:132) ~[na:na]
    	at org.gradle.api.internal.tasks.testing.worker.TestWorker.execute(TestWorker.java:103) ~[na:na]
    	at org.gradle.api.internal.tasks.testing.worker.TestWorker.execute(TestWorker.java:63) ~[na:na]
    	at org.gradle.process.internal.worker.child.ActionExecutionWorker.execute(ActionExecutionWorker.java:56) ~[na:na]
    	at org.gradle.process.internal.worker.child.SystemApplicationClassLoaderWorker.call(SystemApplicationClassLoaderWorker.java:121) ~[na:na]
    	at org.gradle.process.internal.worker.child.SystemApplicationClassLoaderWorker.call(SystemApplicationClassLoaderWorker.java:71) ~[na:na]
    	at worker.org.gradle.process.internal.worker.GradleWorkerMain.run(GradleWorkerMain.java:69) ~[gradle-worker.jar:na]
    	at worker.org.gradle.process.internal.worker.GradleWorkerMain.main(GradleWorkerMain.java:74) ~[gradle-worker.jar:na]


UserProfileControllerTest > changePassword_WithValidPassword_ShouldUpdatePassword() FAILED
    org.springframework.jdbc.BadSqlGrammarException: PreparedStatementCallback; bad SQL grammar [INSERT INTO SPRING_SESSION (PRIMARY_ID, SESSION_ID, CREATION_TIME, LAST_ACCESS_TIME, MAX_INACTIVE_INTERVAL, EXPIRY_TIME, PRINCIPAL_NAME)
    VALUES (?, ?, ?, ?, ?, ?, ?)
    ]
        at app//org.springframework.jdbc.support.SQLErrorCodeSQLExceptionTranslator.doTranslate(SQLErrorCodeSQLExceptionTranslator.java:246)
        at app//org.springframework.jdbc.support.AbstractFallbackSQLExceptionTranslator.translate(AbstractFallbackSQLExceptionTranslator.java:107)
        at app//org.springframework.jdbc.core.JdbcTemplate.translateException(JdbcTemplate.java:1548)
        at app//org.springframework.jdbc.core.JdbcTemplate.execute(JdbcTemplate.java:677)
        at app//org.springframework.jdbc.core.JdbcTemplate.update(JdbcTemplate.java:970)
        at app//org.springframework.jdbc.core.JdbcTemplate.update(JdbcTemplate.java:1014)
        at app//org.springframework.session.jdbc.JdbcIndexedSessionRepository$JdbcSession.lambda$save$6(JdbcIndexedSessionRepository.java:894)
        at app//org.springframework.transaction.support.TransactionOperations.lambda$executeWithoutResult$0(TransactionOperations.java:68)
        at app//org.springframework.transaction.support.TransactionTemplate.execute(TransactionTemplate.java:140)
        at app//org.springframework.transaction.support.TransactionOperations.executeWithoutResult(TransactionOperations.java:67)
        at app//org.springframework.session.jdbc.JdbcIndexedSessionRepository$JdbcSession.save(JdbcIndexedSessionRepository.java:890)
        at app//org.springframework.session.jdbc.JdbcIndexedSessionRepository.save(JdbcIndexedSessionRepository.java:477)
        at app//org.springframework.session.jdbc.JdbcIndexedSessionRepository.save(JdbcIndexedSessionRepository.java:141)
        at app//org.springframework.session.web.http.SessionRepositoryFilter$SessionRepositoryRequestWrapper.commitSession(SessionRepositoryFilter.java:229)
        at app//org.springframework.session.web.http.SessionRepositoryFilter.doFilterInternal(SessionRepositoryFilter.java:145)
        at app//org.springframework.session.web.http.OncePerRequestFilter.doFilter(OncePerRequestFilter.java:82)
        at app//org.springframework.web.filter.DelegatingFilterProxy.invokeDelegate(DelegatingFilterProxy.java:352)
        at app//org.springframework.web.filter.DelegatingFilterProxy.doFilter(DelegatingFilterProxy.java:268)
        at app//org.springframework.test.web.servlet.setup.MockMvcFilterDecorator.doFilter(MockMvcFilterDecorator.java:151)
        at app//org.springframework.mock.web.MockFilterChain.doFilter(MockFilterChain.java:132)
        at app//org.springframework.web.filter.CharacterEncodingFilter.doFilterInternal(CharacterEncodingFilter.java:201)
        at app//org.springframework.web.filter.OncePerRequestFilter.doFilter(OncePerRequestFilter.java:116)
        at app//org.springframework.test.web.servlet.setup.MockMvcFilterDecorator.doFilter(MockMvcFilterDecorator.java:151)
        at app//org.springframework.mock.web.MockFilterChain.doFilter(MockFilterChain.java:132)
        at app//org.springframework.test.web.servlet.MockMvc.perform(MockMvc.java:201)
        at app//com.heartrate.controller.v1.UserProfileControllerTest.changePassword_WithValidPassword_ShouldUpdatePassword(UserProfileControllerTest.java:193)

        Caused by:
        org.h2.jdbc.JdbcSQLSyntaxErrorException: Table "SPRING_SESSION" not found; SQL statement:
        INSERT INTO SPRING_SESSION (PRIMARY_ID, SESSION_ID, CREATION_TIME, LAST_ACCESS_TIME, MAX_INACTIVE_INTERVAL, EXPIRY_TIME, PRINCIPAL_NAME)
        VALUES (?, ?, ?, ?, ?, ?, ?)
         [42102-224]
            at app//org.h2.message.DbException.getJdbcSQLException(DbException.java:514)
            at app//org.h2.message.DbException.getJdbcSQLException(DbException.java:489)
            at app//org.h2.message.DbException.get(DbException.java:223)
            at app//org.h2.message.DbException.get(DbException.java:199)
            at app//org.h2.command.Parser.getTableOrViewNotFoundDbException(Parser.java:8064)
            at app//org.h2.command.Parser.getTableOrViewNotFoundDbException(Parser.java:8035)
            at app//org.h2.command.Parser.readTableOrView(Parser.java:8024)
            at app//org.h2.command.Parser.readTableOrView(Parser.java:7990)
            at app//org.h2.command.Parser.parseInsert(Parser.java:1540)
            at app//org.h2.command.Parser.parsePrepared(Parser.java:719)
            at app//org.h2.command.Parser.parse(Parser.java:592)
            at app//org.h2.command.Parser.parse(Parser.java:564)
            at app//org.h2.command.Parser.prepareCommand(Parser.java:483)
            at app//org.h2.engine.SessionLocal.prepareLocal(SessionLocal.java:639)
            at app//org.h2.engine.SessionLocal.prepareCommand(SessionLocal.java:559)
            at app//org.h2.jdbc.JdbcConnection.prepareCommand(JdbcConnection.java:1166)
            at app//org.h2.jdbc.JdbcPreparedStatement.<init>(JdbcPreparedStatement.java:93)
            at app//org.h2.jdbc.JdbcConnection.prepareStatement(JdbcConnection.java:316)
            at app//com.zaxxer.hikari.pool.ProxyConnection.prepareStatement(ProxyConnection.java:327)
            at app//com.zaxxer.hikari.pool.HikariProxyConnection.prepareStatement(HikariProxyConnection.java)
            at app//org.springframework.jdbc.core.JdbcTemplate$SimplePreparedStatementCreator.createPreparedStatement(JdbcTemplate.java:1711)
            at app//org.springframework.jdbc.core.JdbcTemplate.execute(JdbcTemplate.java:656)
            ... 22 more

UserProfileControllerTest > getProfile_WithValidId_ShouldReturnUser() STANDARD_OUT
    2025-04-06T08:34:46.705-07:00 DEBUG 44469 --- [    Test worker] org.hibernate.SQL                        : 
        select
            u1_0."id",
            u1_0."created_at",
            u1_0."display_name",
            u1_0."email",
            u1_0."email_verified",
            u1_0."first_name",
            u1_0."mobile_number",
            u1_0."password_hash",
            u1_0."remember_me_token",
            u1_0."updated_at",
            u1_0."user_address",
            u1_0."year_of_birth" 
        from
            "users" u1_0 
        where
            u1_0."id"=?
    Hibernate: 
        select
            u1_0."id",
            u1_0."created_at",
            u1_0."display_name",
            u1_0."email",
            u1_0."email_verified",
            u1_0."first_name",
            u1_0."mobile_number",
            u1_0."password_hash",
            u1_0."remember_me_token",
            u1_0."updated_at",
            u1_0."user_address",
            u1_0."year_of_birth" 
        from
            "users" u1_0 
        where
            u1_0."id"=?
    2025-04-06T08:34:46.720-07:00 DEBUG 44469 --- [    Test worker] o.s.s.w.h.S.SESSION_LOGGER               : No session found by id: Caching result for getSession(false) for this HttpServletRequest.
    2025-04-06T08:34:46.720-07:00 DEBUG 44469 --- [    Test worker] o.s.s.w.h.S.SESSION_LOGGER               : No session found by id: Caching result for getSession(false) for this HttpServletRequest.
    2025-04-06T08:34:46.720-07:00 DEBUG 44469 --- [    Test worker] o.s.s.w.h.S.SESSION_LOGGER               : No session found by id: Caching result for getSession(false) for this HttpServletRequest.
    2025-04-06T08:34:46.720-07:00 DEBUG 44469 --- [    Test worker] o.s.s.w.h.S.SESSION_LOGGER               : No session found by id: Caching result for getSession(false) for this HttpServletRequest.
    2025-04-06T08:34:46.720-07:00 DEBUG 44469 --- [    Test worker] o.s.s.w.h.S.SESSION_LOGGER               : No session found by id: Caching result for getSession(false) for this HttpServletRequest.
    2025-04-06T08:34:46.720-07:00 DEBUG 44469 --- [    Test worker] o.s.s.w.h.S.SESSION_LOGGER               : A new session was created. To help you troubleshoot where the session was created we provided a StackTrace (this is not an error). You can prevent this from appearing by disabling DEBUG logging for org.springframework.session.web.http.SessionRepositoryFilter.SESSION_LOGGER

    java.lang.RuntimeException: For debugging purposes only (not an error)
    	at org.springframework.session.web.http.SessionRepositoryFilter$SessionRepositoryRequestWrapper.getSession(SessionRepositoryFilter.java:314) ~[spring-session-core-3.2.1.jar:3.2.1]
    	at org.springframework.session.web.http.SessionRepositoryFilter$SessionRepositoryRequestWrapper.getSession(SessionRepositoryFilter.java:328) ~[spring-session-core-3.2.1.jar:3.2.1]
    	at org.springframework.session.web.http.SessionRepositoryFilter$SessionRepositoryRequestWrapper.getSession(SessionRepositoryFilter.java:193) ~[spring-session-core-3.2.1.jar:3.2.1]
    	at jakarta.servlet.http.HttpServletRequestWrapper.getSession(HttpServletRequestWrapper.java:229) ~[tomcat-embed-core-10.1.19.jar:6.0]
    	at jakarta.servlet.http.HttpServletRequestWrapper.getSession(HttpServletRequestWrapper.java:229) ~[tomcat-embed-core-10.1.19.jar:6.0]
    	at jakarta.servlet.http.HttpServletRequestWrapper.getSession(HttpServletRequestWrapper.java:229) ~[tomcat-embed-core-10.1.19.jar:6.0]
    	at org.springframework.security.web.savedrequest.HttpSessionRequestCache.saveRequest(HttpSessionRequestCache.java:78) ~[spring-security-web-6.2.2.jar:6.2.2]
    	at org.springframework.security.web.access.ExceptionTranslationFilter.sendStartAuthentication(ExceptionTranslationFilter.java:218) ~[spring-security-web-6.2.2.jar:6.2.2]
    	at org.springframework.security.web.access.ExceptionTranslationFilter.handleAccessDeniedException(ExceptionTranslationFilter.java:197) ~[spring-security-web-6.2.2.jar:6.2.2]
    	at org.springframework.security.web.access.ExceptionTranslationFilter.handleSpringSecurityException(ExceptionTranslationFilter.java:178) ~[spring-security-web-6.2.2.jar:6.2.2]
    	at org.springframework.security.web.access.ExceptionTranslationFilter.doFilter(ExceptionTranslationFilter.java:147) ~[spring-security-web-6.2.2.jar:6.2.2]
    	at org.springframework.security.web.access.ExceptionTranslationFilter.doFilter(ExceptionTranslationFilter.java:120) ~[spring-security-web-6.2.2.jar:6.2.2]
    	at org.springframework.security.web.FilterChainProxy$VirtualFilterChain.doFilter(FilterChainProxy.java:374) ~[spring-security-web-6.2.2.jar:6.2.2]
    	at org.springframework.security.web.session.SessionManagementFilter.doFilter(SessionManagementFilter.java:131) ~[spring-security-web-6.2.2.jar:6.2.2]
    	at org.springframework.security.web.session.SessionManagementFilter.doFilter(SessionManagementFilter.java:85) ~[spring-security-web-6.2.2.jar:6.2.2]
    	at org.springframework.security.web.FilterChainProxy$VirtualFilterChain.doFilter(FilterChainProxy.java:374) ~[spring-security-web-6.2.2.jar:6.2.2]
    	at org.springframework.security.web.authentication.AnonymousAuthenticationFilter.doFilter(AnonymousAuthenticationFilter.java:100) ~[spring-security-web-6.2.2.jar:6.2.2]
    	at org.springframework.security.web.FilterChainProxy$VirtualFilterChain.doFilter(FilterChainProxy.java:374) ~[spring-security-web-6.2.2.jar:6.2.2]
    	at org.springframework.security.web.servletapi.SecurityContextHolderAwareRequestFilter.doFilter(SecurityContextHolderAwareRequestFilter.java:179) ~[spring-security-web-6.2.2.jar:6.2.2]
    	at org.springframework.security.web.FilterChainProxy$VirtualFilterChain.doFilter(FilterChainProxy.java:374) ~[spring-security-web-6.2.2.jar:6.2.2]
    	at org.springframework.security.web.savedrequest.RequestCacheAwareFilter.doFilter(RequestCacheAwareFilter.java:63) ~[spring-security-web-6.2.2.jar:6.2.2]
    	at org.springframework.security.web.FilterChainProxy$VirtualFilterChain.doFilter(FilterChainProxy.java:374) ~[spring-security-web-6.2.2.jar:6.2.2]
    	at org.springframework.security.web.session.ConcurrentSessionFilter.doFilter(ConcurrentSessionFilter.java:151) ~[spring-security-web-6.2.2.jar:6.2.2]
    	at org.springframework.security.web.session.ConcurrentSessionFilter.doFilter(ConcurrentSessionFilter.java:129) ~[spring-security-web-6.2.2.jar:6.2.2]
    	at org.springframework.security.web.FilterChainProxy$VirtualFilterChain.doFilter(FilterChainProxy.java:374) ~[spring-security-web-6.2.2.jar:6.2.2]
    	at org.springframework.security.web.authentication.logout.LogoutFilter.doFilter(LogoutFilter.java:107) ~[spring-security-web-6.2.2.jar:6.2.2]
    	at org.springframework.security.web.authentication.logout.LogoutFilter.doFilter(LogoutFilter.java:93) ~[spring-security-web-6.2.2.jar:6.2.2]
    	at org.springframework.security.web.FilterChainProxy$VirtualFilterChain.doFilter(FilterChainProxy.java:374) ~[spring-security-web-6.2.2.jar:6.2.2]
    	at org.springframework.security.web.csrf.CsrfFilter.doFilterInternal(CsrfFilter.java:117) ~[spring-security-web-6.2.2.jar:6.2.2]
    	at org.springframework.web.filter.OncePerRequestFilter.doFilter(OncePerRequestFilter.java:116) ~[spring-web-6.1.4.jar:6.1.4]
    	at org.springframework.security.web.FilterChainProxy$VirtualFilterChain.doFilter(FilterChainProxy.java:374) ~[spring-security-web-6.2.2.jar:6.2.2]
    	at org.springframework.web.filter.CorsFilter.doFilterInternal(CorsFilter.java:91) ~[spring-web-6.1.4.jar:6.1.4]
    	at org.springframework.web.filter.OncePerRequestFilter.doFilter(OncePerRequestFilter.java:116) ~[spring-web-6.1.4.jar:6.1.4]
    	at org.springframework.security.web.FilterChainProxy$VirtualFilterChain.doFilter(FilterChainProxy.java:374) ~[spring-security-web-6.2.2.jar:6.2.2]
    	at org.springframework.security.web.header.HeaderWriterFilter.doHeadersAfter(HeaderWriterFilter.java:90) ~[spring-security-web-6.2.2.jar:6.2.2]
    	at org.springframework.security.web.header.HeaderWriterFilter.doFilterInternal(HeaderWriterFilter.java:75) ~[spring-security-web-6.2.2.jar:6.2.2]
    	at org.springframework.web.filter.OncePerRequestFilter.doFilter(OncePerRequestFilter.java:116) ~[spring-web-6.1.4.jar:6.1.4]
    	at org.springframework.security.web.FilterChainProxy$VirtualFilterChain.doFilter(FilterChainProxy.java:374) ~[spring-security-web-6.2.2.jar:6.2.2]
    	at org.springframework.security.web.context.SecurityContextHolderFilter.doFilter(SecurityContextHolderFilter.java:82) ~[spring-security-web-6.2.2.jar:6.2.2]
    	at org.springframework.security.web.context.SecurityContextHolderFilter.doFilter(SecurityContextHolderFilter.java:69) ~[spring-security-web-6.2.2.jar:6.2.2]
    	at org.springframework.security.web.FilterChainProxy$VirtualFilterChain.doFilter(FilterChainProxy.java:374) ~[spring-security-web-6.2.2.jar:6.2.2]
    	at org.springframework.security.web.context.request.async.WebAsyncManagerIntegrationFilter.doFilterInternal(WebAsyncManagerIntegrationFilter.java:62) ~[spring-security-web-6.2.2.jar:6.2.2]
    	at org.springframework.web.filter.OncePerRequestFilter.doFilter(OncePerRequestFilter.java:116) ~[spring-web-6.1.4.jar:6.1.4]
    	at org.springframework.security.web.FilterChainProxy$VirtualFilterChain.doFilter(FilterChainProxy.java:374) ~[spring-security-web-6.2.2.jar:6.2.2]
    	at org.springframework.security.web.session.DisableEncodeUrlFilter.doFilterInternal(DisableEncodeUrlFilter.java:42) ~[spring-security-web-6.2.2.jar:6.2.2]
    	at org.springframework.web.filter.OncePerRequestFilter.doFilter(OncePerRequestFilter.java:116) ~[spring-web-6.1.4.jar:6.1.4]
    	at org.springframework.security.web.FilterChainProxy$VirtualFilterChain.doFilter(FilterChainProxy.java:374) ~[spring-security-web-6.2.2.jar:6.2.2]
    	at org.springframework.security.web.FilterChainProxy.doFilterInternal(FilterChainProxy.java:233) ~[spring-security-web-6.2.2.jar:6.2.2]
    	at org.springframework.security.web.FilterChainProxy.doFilter(FilterChainProxy.java:191) ~[spring-security-web-6.2.2.jar:6.2.2]
    	at org.springframework.web.filter.CompositeFilter$VirtualFilterChain.doFilter(CompositeFilter.java:113) ~[spring-web-6.1.4.jar:6.1.4]
    	at org.springframework.web.servlet.handler.HandlerMappingIntrospector.lambda$createCacheFilter$3(HandlerMappingIntrospector.java:195) ~[spring-webmvc-6.1.4.jar:6.1.4]
    	at org.springframework.web.filter.CompositeFilter$VirtualFilterChain.doFilter(CompositeFilter.java:113) ~[spring-web-6.1.4.jar:6.1.4]
    	at org.springframework.web.filter.CompositeFilter.doFilter(CompositeFilter.java:74) ~[spring-web-6.1.4.jar:6.1.4]
    	at org.springframework.security.config.annotation.web.configuration.WebMvcSecurityConfiguration$CompositeFilterChainProxy.doFilter(WebMvcSecurityConfiguration.java:230) ~[spring-security-config-6.2.2.jar:6.2.2]
    	at org.springframework.web.filter.DelegatingFilterProxy.invokeDelegate(DelegatingFilterProxy.java:352) ~[spring-web-6.1.4.jar:6.1.4]
    	at org.springframework.web.filter.DelegatingFilterProxy.doFilter(DelegatingFilterProxy.java:268) ~[spring-web-6.1.4.jar:6.1.4]
    	at org.springframework.test.web.servlet.setup.MockMvcFilterDecorator.doFilter(MockMvcFilterDecorator.java:151) ~[spring-test-6.1.4.jar:6.1.4]
    	at org.springframework.mock.web.MockFilterChain.doFilter(MockFilterChain.java:132) ~[spring-test-6.1.4.jar:6.1.4]
    	at org.springframework.web.filter.RequestContextFilter.doFilterInternal(RequestContextFilter.java:100) ~[spring-web-6.1.4.jar:6.1.4]
    	at org.springframework.web.filter.OncePerRequestFilter.doFilter(OncePerRequestFilter.java:116) ~[spring-web-6.1.4.jar:6.1.4]
    	at org.springframework.test.web.servlet.setup.MockMvcFilterDecorator.doFilter(MockMvcFilterDecorator.java:151) ~[spring-test-6.1.4.jar:6.1.4]
    	at org.springframework.mock.web.MockFilterChain.doFilter(MockFilterChain.java:132) ~[spring-test-6.1.4.jar:6.1.4]
    	at org.springframework.web.filter.FormContentFilter.doFilterInternal(FormContentFilter.java:93) ~[spring-web-6.1.4.jar:6.1.4]
    	at org.springframework.web.filter.OncePerRequestFilter.doFilter(OncePerRequestFilter.java:116) ~[spring-web-6.1.4.jar:6.1.4]
    	at org.springframework.test.web.servlet.setup.MockMvcFilterDecorator.doFilter(MockMvcFilterDecorator.java:151) ~[spring-test-6.1.4.jar:6.1.4]
    	at org.springframework.mock.web.MockFilterChain.doFilter(MockFilterChain.java:132) ~[spring-test-6.1.4.jar:6.1.4]
    	at org.springframework.session.web.http.SessionRepositoryFilter.doFilterInternal(SessionRepositoryFilter.java:142) ~[spring-session-core-3.2.1.jar:3.2.1]
    	at org.springframework.session.web.http.OncePerRequestFilter.doFilter(OncePerRequestFilter.java:82) ~[spring-session-core-3.2.1.jar:3.2.1]
    	at org.springframework.web.filter.DelegatingFilterProxy.invokeDelegate(DelegatingFilterProxy.java:352) ~[spring-web-6.1.4.jar:6.1.4]
    	at org.springframework.web.filter.DelegatingFilterProxy.doFilter(DelegatingFilterProxy.java:268) ~[spring-web-6.1.4.jar:6.1.4]
    	at org.springframework.test.web.servlet.setup.MockMvcFilterDecorator.doFilter(MockMvcFilterDecorator.java:151) ~[spring-test-6.1.4.jar:6.1.4]
    	at org.springframework.mock.web.MockFilterChain.doFilter(MockFilterChain.java:132) ~[spring-test-6.1.4.jar:6.1.4]
    	at org.springframework.web.filter.CharacterEncodingFilter.doFilterInternal(CharacterEncodingFilter.java:201) ~[spring-web-6.1.4.jar:6.1.4]
    	at org.springframework.web.filter.OncePerRequestFilter.doFilter(OncePerRequestFilter.java:116) ~[spring-web-6.1.4.jar:6.1.4]
    	at org.springframework.test.web.servlet.setup.MockMvcFilterDecorator.doFilter(MockMvcFilterDecorator.java:151) ~[spring-test-6.1.4.jar:6.1.4]
    	at org.springframework.mock.web.MockFilterChain.doFilter(MockFilterChain.java:132) ~[spring-test-6.1.4.jar:6.1.4]
    	at org.springframework.test.web.servlet.MockMvc.perform(MockMvc.java:201) ~[spring-test-6.1.4.jar:6.1.4]
    	at com.heartrate.controller.v1.UserProfileControllerTest.getProfile_WithValidId_ShouldReturnUser(UserProfileControllerTest.java:92) ~[test/:na]
    	at java.base/jdk.internal.reflect.DirectMethodHandleAccessor.invoke(DirectMethodHandleAccessor.java:103) ~[na:na]
    	at java.base/java.lang.reflect.Method.invoke(Method.java:580) ~[na:na]
    	at org.junit.platform.commons.util.ReflectionUtils.invokeMethod(ReflectionUtils.java:728) ~[junit-platform-commons-1.10.2.jar:1.10.2]
    	at org.junit.jupiter.engine.execution.MethodInvocation.proceed(MethodInvocation.java:60) ~[junit-jupiter-engine-5.10.2.jar:5.10.2]
    	at org.junit.jupiter.engine.execution.InvocationInterceptorChain$ValidatingInvocation.proceed(InvocationInterceptorChain.java:131) ~[junit-jupiter-engine-5.10.2.jar:5.10.2]
    	at org.junit.jupiter.engine.extension.TimeoutExtension.intercept(TimeoutExtension.java:156) ~[junit-jupiter-engine-5.10.2.jar:5.10.2]
    	at org.junit.jupiter.engine.extension.TimeoutExtension.interceptTestableMethod(TimeoutExtension.java:147) ~[junit-jupiter-engine-5.10.2.jar:5.10.2]
    	at org.junit.jupiter.engine.extension.TimeoutExtension.interceptTestMethod(TimeoutExtension.java:86) ~[junit-jupiter-engine-5.10.2.jar:5.10.2]
    	at org.junit.jupiter.engine.execution.InterceptingExecutableInvoker$ReflectiveInterceptorCall.lambda$ofVoidMethod$0(InterceptingExecutableInvoker.java:103) ~[junit-jupiter-engine-5.10.2.jar:5.10.2]
    	at org.junit.jupiter.engine.execution.InterceptingExecutableInvoker.lambda$invoke$0(InterceptingExecutableInvoker.java:93) ~[junit-jupiter-engine-5.10.2.jar:5.10.2]
    	at org.junit.jupiter.engine.execution.InvocationInterceptorChain$InterceptedInvocation.proceed(InvocationInterceptorChain.java:106) ~[junit-jupiter-engine-5.10.2.jar:5.10.2]
    	at org.junit.jupiter.engine.execution.InvocationInterceptorChain.proceed(InvocationInterceptorChain.java:64) ~[junit-jupiter-engine-5.10.2.jar:5.10.2]
    	at org.junit.jupiter.engine.execution.InvocationInterceptorChain.chainAndInvoke(InvocationInterceptorChain.java:45) ~[junit-jupiter-engine-5.10.2.jar:5.10.2]
    	at org.junit.jupiter.engine.execution.InvocationInterceptorChain.invoke(InvocationInterceptorChain.java:37) ~[junit-jupiter-engine-5.10.2.jar:5.10.2]
    	at org.junit.jupiter.engine.execution.InterceptingExecutableInvoker.invoke(InterceptingExecutableInvoker.java:92) ~[junit-jupiter-engine-5.10.2.jar:5.10.2]
    	at org.junit.jupiter.engine.execution.InterceptingExecutableInvoker.invoke(InterceptingExecutableInvoker.java:86) ~[junit-jupiter-engine-5.10.2.jar:5.10.2]
    	at org.junit.jupiter.engine.descriptor.TestMethodTestDescriptor.lambda$invokeTestMethod$7(TestMethodTestDescriptor.java:218) ~[junit-jupiter-engine-5.10.2.jar:5.10.2]
    	at org.junit.platform.engine.support.hierarchical.ThrowableCollector.execute(ThrowableCollector.java:73) ~[junit-platform-engine-1.10.2.jar:1.10.2]
    	at org.junit.jupiter.engine.descriptor.TestMethodTestDescriptor.invokeTestMethod(TestMethodTestDescriptor.java:214) ~[junit-jupiter-engine-5.10.2.jar:5.10.2]
    	at org.junit.jupiter.engine.descriptor.TestMethodTestDescriptor.execute(TestMethodTestDescriptor.java:139) ~[junit-jupiter-engine-5.10.2.jar:5.10.2]
    	at org.junit.jupiter.engine.descriptor.TestMethodTestDescriptor.execute(TestMethodTestDescriptor.java:69) ~[junit-jupiter-engine-5.10.2.jar:5.10.2]
    	at org.junit.platform.engine.support.hierarchical.NodeTestTask.lambda$executeRecursively$6(NodeTestTask.java:151) ~[junit-platform-engine-1.10.2.jar:1.10.2]
    	at org.junit.platform.engine.support.hierarchical.ThrowableCollector.execute(ThrowableCollector.java:73) ~[junit-platform-engine-1.10.2.jar:1.10.2]
    	at org.junit.platform.engine.support.hierarchical.NodeTestTask.lambda$executeRecursively$8(NodeTestTask.java:141) ~[junit-platform-engine-1.10.2.jar:1.10.2]
    	at org.junit.platform.engine.support.hierarchical.Node.around(Node.java:137) ~[junit-platform-engine-1.10.2.jar:1.10.2]
    	at org.junit.platform.engine.support.hierarchical.NodeTestTask.lambda$executeRecursively$9(NodeTestTask.java:139) ~[junit-platform-engine-1.10.2.jar:1.10.2]
    	at org.junit.platform.engine.support.hierarchical.ThrowableCollector.execute(ThrowableCollector.java:73) ~[junit-platform-engine-1.10.2.jar:1.10.2]
    	at org.junit.platform.engine.support.hierarchical.NodeTestTask.executeRecursively(NodeTestTask.java:138) ~[junit-platform-engine-1.10.2.jar:1.10.2]
    	at org.junit.platform.engine.support.hierarchical.NodeTestTask.execute(NodeTestTask.java:95) ~[junit-platform-engine-1.10.2.jar:1.10.2]
    	at java.base/java.util.ArrayList.forEach(ArrayList.java:1596) ~[na:na]
    	at org.junit.platform.engine.support.hierarchical.SameThreadHierarchicalTestExecutorService.invokeAll(SameThreadHierarchicalTestExecutorService.java:41) ~[junit-platform-engine-1.10.2.jar:1.10.2]
    	at org.junit.platform.engine.support.hierarchical.NodeTestTask.lambda$executeRecursively$6(NodeTestTask.java:155) ~[junit-platform-engine-1.10.2.jar:1.10.2]
    	at org.junit.platform.engine.support.hierarchical.ThrowableCollector.execute(ThrowableCollector.java:73) ~[junit-platform-engine-1.10.2.jar:1.10.2]
    	at org.junit.platform.engine.support.hierarchical.NodeTestTask.lambda$executeRecursively$8(NodeTestTask.java:141) ~[junit-platform-engine-1.10.2.jar:1.10.2]
    	at org.junit.platform.engine.support.hierarchical.Node.around(Node.java:137) ~[junit-platform-engine-1.10.2.jar:1.10.2]
    	at org.junit.platform.engine.support.hierarchical.NodeTestTask.lambda$executeRecursively$9(NodeTestTask.java:139) ~[junit-platform-engine-1.10.2.jar:1.10.2]
    	at org.junit.platform.engine.support.hierarchical.ThrowableCollector.execute(ThrowableCollector.java:73) ~[junit-platform-engine-1.10.2.jar:1.10.2]
    	at org.junit.platform.engine.support.hierarchical.NodeTestTask.executeRecursively(NodeTestTask.java:138) ~[junit-platform-engine-1.10.2.jar:1.10.2]
    	at org.junit.platform.engine.support.hierarchical.NodeTestTask.execute(NodeTestTask.java:95) ~[junit-platform-engine-1.10.2.jar:1.10.2]
    	at java.base/java.util.ArrayList.forEach(ArrayList.java:1596) ~[na:na]
    	at org.junit.platform.engine.support.hierarchical.SameThreadHierarchicalTestExecutorService.invokeAll(SameThreadHierarchicalTestExecutorService.java:41) ~[junit-platform-engine-1.10.2.jar:1.10.2]
    	at org.junit.platform.engine.support.hierarchical.NodeTestTask.lambda$executeRecursively$6(NodeTestTask.java:155) ~[junit-platform-engine-1.10.2.jar:1.10.2]
    	at org.junit.platform.engine.support.hierarchical.ThrowableCollector.execute(ThrowableCollector.java:73) ~[junit-platform-engine-1.10.2.jar:1.10.2]
    	at org.junit.platform.engine.support.hierarchical.NodeTestTask.lambda$executeRecursively$8(NodeTestTask.java:141) ~[junit-platform-engine-1.10.2.jar:1.10.2]
    	at org.junit.platform.engine.support.hierarchical.Node.around(Node.java:137) ~[junit-platform-engine-1.10.2.jar:1.10.2]
    	at org.junit.platform.engine.support.hierarchical.NodeTestTask.lambda$executeRecursively$9(NodeTestTask.java:139) ~[junit-platform-engine-1.10.2.jar:1.10.2]
    	at org.junit.platform.engine.support.hierarchical.ThrowableCollector.execute(ThrowableCollector.java:73) ~[junit-platform-engine-1.10.2.jar:1.10.2]
    	at org.junit.platform.engine.support.hierarchical.NodeTestTask.executeRecursively(NodeTestTask.java:138) ~[junit-platform-engine-1.10.2.jar:1.10.2]
    	at org.junit.platform.engine.support.hierarchical.NodeTestTask.execute(NodeTestTask.java:95) ~[junit-platform-engine-1.10.2.jar:1.10.2]
    	at org.junit.platform.engine.support.hierarchical.SameThreadHierarchicalTestExecutorService.submit(SameThreadHierarchicalTestExecutorService.java:35) ~[junit-platform-engine-1.10.2.jar:1.10.2]
    	at org.junit.platform.engine.support.hierarchical.HierarchicalTestExecutor.execute(HierarchicalTestExecutor.java:57) ~[junit-platform-engine-1.10.2.jar:1.10.2]
    	at org.junit.platform.engine.support.hierarchical.HierarchicalTestEngine.execute(HierarchicalTestEngine.java:54) ~[junit-platform-engine-1.10.2.jar:1.10.2]
    	at org.junit.platform.launcher.core.EngineExecutionOrchestrator.execute(EngineExecutionOrchestrator.java:107) ~[junit-platform-launcher-1.8.2.jar:1.8.2]
    	at org.junit.platform.launcher.core.EngineExecutionOrchestrator.execute(EngineExecutionOrchestrator.java:88) ~[junit-platform-launcher-1.8.2.jar:1.8.2]
    	at org.junit.platform.launcher.core.EngineExecutionOrchestrator.lambda$execute$0(EngineExecutionOrchestrator.java:54) ~[junit-platform-launcher-1.8.2.jar:1.8.2]
    	at org.junit.platform.launcher.core.EngineExecutionOrchestrator.withInterceptedStreams(EngineExecutionOrchestrator.java:67) ~[junit-platform-launcher-1.8.2.jar:1.8.2]
    	at org.junit.platform.launcher.core.EngineExecutionOrchestrator.execute(EngineExecutionOrchestrator.java:52) ~[junit-platform-launcher-1.8.2.jar:1.8.2]
    	at org.junit.platform.launcher.core.DefaultLauncher.execute(DefaultLauncher.java:114) ~[junit-platform-launcher-1.8.2.jar:1.8.2]
    	at org.junit.platform.launcher.core.DefaultLauncher.execute(DefaultLauncher.java:86) ~[junit-platform-launcher-1.8.2.jar:1.8.2]
    	at org.junit.platform.launcher.core.DefaultLauncherSession$DelegatingLauncher.execute(DefaultLauncherSession.java:86) ~[junit-platform-launcher-1.8.2.jar:1.8.2]
    	at org.gradle.api.internal.tasks.testing.junitplatform.JUnitPlatformTestClassProcessor$CollectAllTestClassesExecutor.processAllTestClasses(JUnitPlatformTestClassProcessor.java:124) ~[na:na]
    	at org.gradle.api.internal.tasks.testing.junitplatform.JUnitPlatformTestClassProcessor$CollectAllTestClassesExecutor.access$000(JUnitPlatformTestClassProcessor.java:99) ~[na:na]
    	at org.gradle.api.internal.tasks.testing.junitplatform.JUnitPlatformTestClassProcessor.stop(JUnitPlatformTestClassProcessor.java:94) ~[na:na]
    	at org.gradle.api.internal.tasks.testing.SuiteTestClassProcessor.stop(SuiteTestClassProcessor.java:63) ~[na:na]
    	at java.base/jdk.internal.reflect.DirectMethodHandleAccessor.invoke(DirectMethodHandleAccessor.java:103) ~[na:na]
    	at java.base/java.lang.reflect.Method.invoke(Method.java:580) ~[na:na]
    	at org.gradle.internal.dispatch.ReflectionDispatch.dispatch(ReflectionDispatch.java:36) ~[na:na]
    	at org.gradle.internal.dispatch.ReflectionDispatch.dispatch(ReflectionDispatch.java:24) ~[na:na]
    	at org.gradle.internal.dispatch.ContextClassLoaderDispatch.dispatch(ContextClassLoaderDispatch.java:33) ~[na:na]
    	at org.gradle.internal.dispatch.ProxyDispatchAdapter$DispatchingInvocationHandler.invoke(ProxyDispatchAdapter.java:92) ~[na:na]
    	at jdk.proxy1/jdk.proxy1.$Proxy4.stop(Unknown Source) ~[na:na]
    	at org.gradle.api.internal.tasks.testing.worker.TestWorker$3.run(TestWorker.java:200) ~[na:na]
    	at org.gradle.api.internal.tasks.testing.worker.TestWorker.executeAndMaintainThreadName(TestWorker.java:132) ~[na:na]
    	at org.gradle.api.internal.tasks.testing.worker.TestWorker.execute(TestWorker.java:103) ~[na:na]
    	at org.gradle.api.internal.tasks.testing.worker.TestWorker.execute(TestWorker.java:63) ~[na:na]
    	at org.gradle.process.internal.worker.child.ActionExecutionWorker.execute(ActionExecutionWorker.java:56) ~[na:na]
    	at org.gradle.process.internal.worker.child.SystemApplicationClassLoaderWorker.call(SystemApplicationClassLoaderWorker.java:121) ~[na:na]
    	at org.gradle.process.internal.worker.child.SystemApplicationClassLoaderWorker.call(SystemApplicationClassLoaderWorker.java:71) ~[na:na]
    	at worker.org.gradle.process.internal.worker.GradleWorkerMain.run(GradleWorkerMain.java:69) ~[gradle-worker.jar:na]
    	at worker.org.gradle.process.internal.worker.GradleWorkerMain.main(GradleWorkerMain.java:74) ~[gradle-worker.jar:na]


UserProfileControllerTest > getProfile_WithValidId_ShouldReturnUser() FAILED
    org.springframework.jdbc.BadSqlGrammarException: PreparedStatementCallback; bad SQL grammar [INSERT INTO SPRING_SESSION (PRIMARY_ID, SESSION_ID, CREATION_TIME, LAST_ACCESS_TIME, MAX_INACTIVE_INTERVAL, EXPIRY_TIME, PRINCIPAL_NAME)
    VALUES (?, ?, ?, ?, ?, ?, ?)
    ]
        at app//org.springframework.jdbc.support.SQLErrorCodeSQLExceptionTranslator.doTranslate(SQLErrorCodeSQLExceptionTranslator.java:246)
        at app//org.springframework.jdbc.support.AbstractFallbackSQLExceptionTranslator.translate(AbstractFallbackSQLExceptionTranslator.java:107)
        at app//org.springframework.jdbc.core.JdbcTemplate.translateException(JdbcTemplate.java:1548)
        at app//org.springframework.jdbc.core.JdbcTemplate.execute(JdbcTemplate.java:677)
        at app//org.springframework.jdbc.core.JdbcTemplate.update(JdbcTemplate.java:970)
        at app//org.springframework.jdbc.core.JdbcTemplate.update(JdbcTemplate.java:1014)
        at app//org.springframework.session.jdbc.JdbcIndexedSessionRepository$JdbcSession.lambda$save$6(JdbcIndexedSessionRepository.java:894)
        at app//org.springframework.transaction.support.TransactionOperations.lambda$executeWithoutResult$0(TransactionOperations.java:68)
        at app//org.springframework.transaction.support.TransactionTemplate.execute(TransactionTemplate.java:140)
        at app//org.springframework.transaction.support.TransactionOperations.executeWithoutResult(TransactionOperations.java:67)
        at app//org.springframework.session.jdbc.JdbcIndexedSessionRepository$JdbcSession.save(JdbcIndexedSessionRepository.java:890)
        at app//org.springframework.session.jdbc.JdbcIndexedSessionRepository.save(JdbcIndexedSessionRepository.java:477)
        at app//org.springframework.session.jdbc.JdbcIndexedSessionRepository.save(JdbcIndexedSessionRepository.java:141)
        at app//org.springframework.session.web.http.SessionRepositoryFilter$SessionRepositoryRequestWrapper.commitSession(SessionRepositoryFilter.java:229)
        at app//org.springframework.session.web.http.SessionRepositoryFilter.doFilterInternal(SessionRepositoryFilter.java:145)
        at app//org.springframework.session.web.http.OncePerRequestFilter.doFilter(OncePerRequestFilter.java:82)
        at app//org.springframework.web.filter.DelegatingFilterProxy.invokeDelegate(DelegatingFilterProxy.java:352)
        at app//org.springframework.web.filter.DelegatingFilterProxy.doFilter(DelegatingFilterProxy.java:268)
        at app//org.springframework.test.web.servlet.setup.MockMvcFilterDecorator.doFilter(MockMvcFilterDecorator.java:151)
        at app//org.springframework.mock.web.MockFilterChain.doFilter(MockFilterChain.java:132)
        at app//org.springframework.web.filter.CharacterEncodingFilter.doFilterInternal(CharacterEncodingFilter.java:201)
        at app//org.springframework.web.filter.OncePerRequestFilter.doFilter(OncePerRequestFilter.java:116)
        at app//org.springframework.test.web.servlet.setup.MockMvcFilterDecorator.doFilter(MockMvcFilterDecorator.java:151)
        at app//org.springframework.mock.web.MockFilterChain.doFilter(MockFilterChain.java:132)
        at app//org.springframework.test.web.servlet.MockMvc.perform(MockMvc.java:201)
        at app//com.heartrate.controller.v1.UserProfileControllerTest.getProfile_WithValidId_ShouldReturnUser(UserProfileControllerTest.java:92)

        Caused by:
        org.h2.jdbc.JdbcSQLSyntaxErrorException: Table "SPRING_SESSION" not found; SQL statement:
        INSERT INTO SPRING_SESSION (PRIMARY_ID, SESSION_ID, CREATION_TIME, LAST_ACCESS_TIME, MAX_INACTIVE_INTERVAL, EXPIRY_TIME, PRINCIPAL_NAME)
        VALUES (?, ?, ?, ?, ?, ?, ?)
         [42102-224]
            at app//org.h2.message.DbException.getJdbcSQLException(DbException.java:514)
            at app//org.h2.message.DbException.getJdbcSQLException(DbException.java:489)
            at app//org.h2.message.DbException.get(DbException.java:223)
            at app//org.h2.message.DbException.get(DbException.java:199)
            at app//org.h2.command.Parser.getTableOrViewNotFoundDbException(Parser.java:8064)
            at app//org.h2.command.Parser.getTableOrViewNotFoundDbException(Parser.java:8035)
            at app//org.h2.command.Parser.readTableOrView(Parser.java:8024)
            at app//org.h2.command.Parser.readTableOrView(Parser.java:7990)
            at app//org.h2.command.Parser.parseInsert(Parser.java:1540)
            at app//org.h2.command.Parser.parsePrepared(Parser.java:719)
            at app//org.h2.command.Parser.parse(Parser.java:592)
            at app//org.h2.command.Parser.parse(Parser.java:564)
            at app//org.h2.command.Parser.prepareCommand(Parser.java:483)
            at app//org.h2.engine.SessionLocal.prepareLocal(SessionLocal.java:639)
            at app//org.h2.engine.SessionLocal.prepareCommand(SessionLocal.java:559)
            at app//org.h2.jdbc.JdbcConnection.prepareCommand(JdbcConnection.java:1166)
            at app//org.h2.jdbc.JdbcPreparedStatement.<init>(JdbcPreparedStatement.java:93)
            at app//org.h2.jdbc.JdbcConnection.prepareStatement(JdbcConnection.java:316)
            at app//com.zaxxer.hikari.pool.ProxyConnection.prepareStatement(ProxyConnection.java:327)
            at app//com.zaxxer.hikari.pool.HikariProxyConnection.prepareStatement(HikariProxyConnection.java)
            at app//org.springframework.jdbc.core.JdbcTemplate$SimplePreparedStatementCreator.createPreparedStatement(JdbcTemplate.java:1711)
            at app//org.springframework.jdbc.core.JdbcTemplate.execute(JdbcTemplate.java:656)
            ... 22 more

LoginAttemptRepositoryTest STANDARD_OUT
    2025-04-06T08:34:46.726-07:00  INFO 44469 --- [    Test worker] t.c.s.AnnotationConfigContextLoaderUtils : Could not detect default configuration classes for test class [com.heartrate.repository.LoginAttemptRepositoryTest]: LoginAttemptRepositoryTest does not declare any static, non-private, non-final, nested classes annotated with @Configuration.
    2025-04-06T08:34:46.734-07:00  INFO 44469 --- [    Test worker] .b.t.c.SpringBootTestContextBootstrapper : Found @SpringBootConfiguration com.heartrate.BackendApplication for test class com.heartrate.repository.LoginAttemptRepositoryTest

      .   ____          _            __ _ _
     /\\ / ___'_ __ _ _(_)_ __  __ _ \ \ \ \
    ( ( )\___ | '_ | '_| | '_ \/ _` | \ \ \ \
     \\/  ___)| |_)| | | | | || (_| |  ) ) ) )
      '  |____| .__|_| |_|_| |_\__, | / / / /
     =========|_|==============|___/=/_/_/_/
     :: Spring Boot ::                (v3.2.3)

    2025-04-06T08:34:46.754-07:00  INFO 44469 --- [    Test worker] c.h.r.LoginAttemptRepositoryTest         : Starting LoginAttemptRepositoryTest using Java 21.0.2 with PID 44469 (started by alexworden in /Users/alexworden/dev/heart-rate/backend)
    2025-04-06T08:34:46.754-07:00 DEBUG 44469 --- [    Test worker] c.h.r.LoginAttemptRepositoryTest         : Running with Spring Boot v3.2.3, Spring v6.1.4
    2025-04-06T08:34:46.754-07:00  INFO 44469 --- [    Test worker] c.h.r.LoginAttemptRepositoryTest         : The following 1 profile is active: "test"
    2025-04-06T08:34:46.791-07:00  INFO 44469 --- [    Test worker] .s.d.r.c.RepositoryConfigurationDelegate : Bootstrapping Spring Data JPA repositories in DEFAULT mode.
    2025-04-06T08:34:46.797-07:00  INFO 44469 --- [    Test worker] .s.d.r.c.RepositoryConfigurationDelegate : Finished Spring Data repository scanning in 5 ms. Found 3 JPA repository interfaces.
    2025-04-06T08:34:46.820-07:00  INFO 44469 --- [    Test worker] o.hibernate.jpa.internal.util.LogHelper  : HHH000204: Processing PersistenceUnitInfo [name: default]
    2025-04-06T08:34:46.821-07:00  INFO 44469 --- [    Test worker] o.h.c.internal.RegionFactoryInitiator    : HHH000026: Second-level cache disabled
    2025-04-06T08:34:46.823-07:00  INFO 44469 --- [    Test worker] o.s.o.j.p.SpringPersistenceUnitInfo      : No LoadTimeWeaver setup: ignoring JPA class transformer
    2025-04-06T08:34:46.824-07:00  INFO 44469 --- [    Test worker] com.zaxxer.hikari.HikariDataSource       : HikariPool-2 - Starting...
    2025-04-06T08:34:46.825-07:00  INFO 44469 --- [    Test worker] com.zaxxer.hikari.pool.HikariPool        : HikariPool-2 - Added connection conn10: url=jdbc:h2:mem:testdb user=SA
    2025-04-06T08:34:46.825-07:00  INFO 44469 --- [    Test worker] com.zaxxer.hikari.HikariDataSource       : HikariPool-2 - Start completed.
    2025-04-06T08:34:46.825-07:00  WARN 44469 --- [    Test worker] org.hibernate.orm.deprecation            : HHH90000025: H2Dialect does not need to be specified explicitly using 'hibernate.dialect' (remove the property setting and it will be selected by default)
    2025-04-06T08:34:46.862-07:00  INFO 44469 --- [    Test worker] o.h.e.t.j.p.i.JtaPlatformInitiator       : HHH000489: No JTA platform available (set 'hibernate.transaction.jta.platform' to enable JTA platform integration)
    2025-04-06T08:34:46.862-07:00 DEBUG 44469 --- [    Test worker] org.hibernate.SQL                        : 
        drop table if exists "login_attempts" cascade 
    Hibernate: 
        drop table if exists "login_attempts" cascade 
    2025-04-06T08:34:46.862-07:00 DEBUG 44469 --- [    Test worker] org.hibernate.SQL                        : 
        drop table if exists "users" cascade 
    Hibernate: 
        drop table if exists "users" cascade 
    2025-04-06T08:34:46.862-07:00 DEBUG 44469 --- [    Test worker] org.hibernate.SQL                        : 
        drop table if exists "verification_tokens" cascade 
    Hibernate: 
        drop table if exists "verification_tokens" cascade 
    2025-04-06T08:34:46.863-07:00 DEBUG 44469 --- [    Test worker] org.hibernate.SQL                        : 
        create table "login_attempts" (
            "attempt_time" timestamp(6),
            "id" "uuid" not null,
            "ip_address" varchar(45),
            "email" varchar(255),
            primary key ("id")
        )
    Hibernate: 
        create table "login_attempts" (
            "attempt_time" timestamp(6),
            "id" "uuid" not null,
            "ip_address" varchar(45),
            "email" varchar(255),
            primary key ("id")
        )
    2025-04-06T08:34:46.863-07:00  WARN 44469 --- [    Test worker] o.h.t.s.i.ExceptionHandlerLoggedImpl     : GenerationTarget encountered exception accepting command : Error executing DDL "
        create table "login_attempts" (
            "attempt_time" timestamp(6),
            "id" "uuid" not null,
            "ip_address" varchar(45),
            "email" varchar(255),
            primary key ("id")
        )" via JDBC [Domain "uuid" not found;]

    org.hibernate.tool.schema.spi.CommandAcceptanceException: Error executing DDL "
        create table "login_attempts" (
            "attempt_time" timestamp(6),
            "id" "uuid" not null,
            "ip_address" varchar(45),
            "email" varchar(255),
            primary key ("id")
        )" via JDBC [Domain "uuid" not found;]
    	at org.hibernate.tool.schema.internal.exec.GenerationTargetToDatabase.accept(GenerationTargetToDatabase.java:94) ~[hibernate-core-6.4.4.Final.jar:6.4.4.Final]
    	at org.hibernate.tool.schema.internal.Helper.applySqlString(Helper.java:233) ~[hibernate-core-6.4.4.Final.jar:6.4.4.Final]
    	at org.hibernate.tool.schema.internal.Helper.applySqlStrings(Helper.java:217) ~[hibernate-core-6.4.4.Final.jar:6.4.4.Final]
    	at org.hibernate.tool.schema.internal.SchemaCreatorImpl.createTables(SchemaCreatorImpl.java:420) ~[hibernate-core-6.4.4.Final.jar:6.4.4.Final]
    	at org.hibernate.tool.schema.internal.SchemaCreatorImpl.createSequencesTablesConstraints(SchemaCreatorImpl.java:340) ~[hibernate-core-6.4.4.Final.jar:6.4.4.Final]
    	at org.hibernate.tool.schema.internal.SchemaCreatorImpl.createFromMetadata(SchemaCreatorImpl.java:239) ~[hibernate-core-6.4.4.Final.jar:6.4.4.Final]
    	at org.hibernate.tool.schema.internal.SchemaCreatorImpl.performCreation(SchemaCreatorImpl.java:172) ~[hibernate-core-6.4.4.Final.jar:6.4.4.Final]
    	at org.hibernate.tool.schema.internal.SchemaCreatorImpl.doCreation(SchemaCreatorImpl.java:142) ~[hibernate-core-6.4.4.Final.jar:6.4.4.Final]
    	at org.hibernate.tool.schema.internal.SchemaCreatorImpl.doCreation(SchemaCreatorImpl.java:118) ~[hibernate-core-6.4.4.Final.jar:6.4.4.Final]
    	at org.hibernate.tool.schema.spi.SchemaManagementToolCoordinator.performDatabaseAction(SchemaManagementToolCoordinator.java:256) ~[hibernate-core-6.4.4.Final.jar:6.4.4.Final]
    	at org.hibernate.tool.schema.spi.SchemaManagementToolCoordinator.lambda$process$5(SchemaManagementToolCoordinator.java:145) ~[hibernate-core-6.4.4.Final.jar:6.4.4.Final]
    	at java.base/java.util.HashMap.forEach(HashMap.java:1429) ~[na:na]
    	at org.hibernate.tool.schema.spi.SchemaManagementToolCoordinator.process(SchemaManagementToolCoordinator.java:142) ~[hibernate-core-6.4.4.Final.jar:6.4.4.Final]
    	at org.hibernate.boot.internal.SessionFactoryObserverForSchemaExport.sessionFactoryCreated(SessionFactoryObserverForSchemaExport.java:37) ~[hibernate-core-6.4.4.Final.jar:6.4.4.Final]
    	at org.hibernate.internal.SessionFactoryObserverChain.sessionFactoryCreated(SessionFactoryObserverChain.java:35) ~[hibernate-core-6.4.4.Final.jar:6.4.4.Final]
    	at org.hibernate.internal.SessionFactoryImpl.<init>(SessionFactoryImpl.java:315) ~[hibernate-core-6.4.4.Final.jar:6.4.4.Final]
    	at org.hibernate.boot.internal.SessionFactoryBuilderImpl.build(SessionFactoryBuilderImpl.java:450) ~[hibernate-core-6.4.4.Final.jar:6.4.4.Final]
    	at org.hibernate.jpa.boot.internal.EntityManagerFactoryBuilderImpl.build(EntityManagerFactoryBuilderImpl.java:1507) ~[hibernate-core-6.4.4.Final.jar:6.4.4.Final]
    	at org.springframework.orm.jpa.vendor.SpringHibernateJpaPersistenceProvider.createContainerEntityManagerFactory(SpringHibernateJpaPersistenceProvider.java:75) ~[spring-orm-6.1.4.jar:6.1.4]
    	at org.springframework.orm.jpa.LocalContainerEntityManagerFactoryBean.createNativeEntityManagerFactory(LocalContainerEntityManagerFactoryBean.java:388) ~[spring-orm-6.1.4.jar:6.1.4]
    	at org.springframework.orm.jpa.AbstractEntityManagerFactoryBean.buildNativeEntityManagerFactory(AbstractEntityManagerFactoryBean.java:409) ~[spring-orm-6.1.4.jar:6.1.4]
    	at org.springframework.orm.jpa.AbstractEntityManagerFactoryBean.afterPropertiesSet(AbstractEntityManagerFactoryBean.java:396) ~[spring-orm-6.1.4.jar:6.1.4]
    	at org.springframework.orm.jpa.LocalContainerEntityManagerFactoryBean.afterPropertiesSet(LocalContainerEntityManagerFactoryBean.java:364) ~[spring-orm-6.1.4.jar:6.1.4]
    	at org.springframework.beans.factory.support.AbstractAutowireCapableBeanFactory.invokeInitMethods(AbstractAutowireCapableBeanFactory.java:1833) ~[spring-beans-6.1.4.jar:6.1.4]
    	at org.springframework.beans.factory.support.AbstractAutowireCapableBeanFactory.initializeBean(AbstractAutowireCapableBeanFactory.java:1782) ~[spring-beans-6.1.4.jar:6.1.4]
    	at org.springframework.beans.factory.support.AbstractAutowireCapableBeanFactory.doCreateBean(AbstractAutowireCapableBeanFactory.java:600) ~[spring-beans-6.1.4.jar:6.1.4]
    	at org.springframework.beans.factory.support.AbstractAutowireCapableBeanFactory.createBean(AbstractAutowireCapableBeanFactory.java:522) ~[spring-beans-6.1.4.jar:6.1.4]
    	at org.springframework.beans.factory.support.AbstractBeanFactory.lambda$doGetBean$0(AbstractBeanFactory.java:325) ~[spring-beans-6.1.4.jar:6.1.4]
    	at org.springframework.beans.factory.support.DefaultSingletonBeanRegistry.getSingleton(DefaultSingletonBeanRegistry.java:234) ~[spring-beans-6.1.4.jar:6.1.4]
    	at org.springframework.beans.factory.support.AbstractBeanFactory.doGetBean(AbstractBeanFactory.java:323) ~[spring-beans-6.1.4.jar:6.1.4]
    	at org.springframework.beans.factory.support.AbstractBeanFactory.getBean(AbstractBeanFactory.java:199) ~[spring-beans-6.1.4.jar:6.1.4]
    	at org.springframework.context.support.AbstractApplicationContext.getBean(AbstractApplicationContext.java:1231) ~[spring-context-6.1.4.jar:6.1.4]
    	at org.springframework.context.support.AbstractApplicationContext.finishBeanFactoryInitialization(AbstractApplicationContext.java:949) ~[spring-context-6.1.4.jar:6.1.4]
    	at org.springframework.context.support.AbstractApplicationContext.refresh(AbstractApplicationContext.java:624) ~[spring-context-6.1.4.jar:6.1.4]
    	at org.springframework.boot.SpringApplication.refresh(SpringApplication.java:754) ~[spring-boot-3.2.3.jar:3.2.3]
    	at org.springframework.boot.SpringApplication.refreshContext(SpringApplication.java:456) ~[spring-boot-3.2.3.jar:3.2.3]
    	at org.springframework.boot.SpringApplication.run(SpringApplication.java:334) ~[spring-boot-3.2.3.jar:3.2.3]
    	at org.springframework.boot.test.context.SpringBootContextLoader.lambda$loadContext$3(SpringBootContextLoader.java:137) ~[spring-boot-test-3.2.3.jar:3.2.3]
    	at org.springframework.util.function.ThrowingSupplier.get(ThrowingSupplier.java:58) ~[spring-core-6.1.4.jar:6.1.4]
    	at org.springframework.util.function.ThrowingSupplier.get(ThrowingSupplier.java:46) ~[spring-core-6.1.4.jar:6.1.4]
    	at org.springframework.boot.SpringApplication.withHook(SpringApplication.java:1454) ~[spring-boot-3.2.3.jar:3.2.3]
    	at org.springframework.boot.test.context.SpringBootContextLoader$ContextLoaderHook.run(SpringBootContextLoader.java:553) ~[spring-boot-test-3.2.3.jar:3.2.3]
    	at org.springframework.boot.test.context.SpringBootContextLoader.loadContext(SpringBootContextLoader.java:137) ~[spring-boot-test-3.2.3.jar:3.2.3]
    	at org.springframework.boot.test.context.SpringBootContextLoader.loadContext(SpringBootContextLoader.java:108) ~[spring-boot-test-3.2.3.jar:3.2.3]
    	at org.springframework.test.context.cache.DefaultCacheAwareContextLoaderDelegate.loadContextInternal(DefaultCacheAwareContextLoaderDelegate.java:225) ~[spring-test-6.1.4.jar:6.1.4]
    	at org.springframework.test.context.cache.DefaultCacheAwareContextLoaderDelegate.loadContext(DefaultCacheAwareContextLoaderDelegate.java:152) ~[spring-test-6.1.4.jar:6.1.4]
    	at org.springframework.test.context.support.DefaultTestContext.getApplicationContext(DefaultTestContext.java:130) ~[spring-test-6.1.4.jar:6.1.4]
    	at org.springframework.test.context.support.DependencyInjectionTestExecutionListener.injectDependencies(DependencyInjectionTestExecutionListener.java:142) ~[spring-test-6.1.4.jar:6.1.4]
    	at org.springframework.test.context.support.DependencyInjectionTestExecutionListener.prepareTestInstance(DependencyInjectionTestExecutionListener.java:98) ~[spring-test-6.1.4.jar:6.1.4]
    	at org.springframework.test.context.TestContextManager.prepareTestInstance(TestContextManager.java:260) ~[spring-test-6.1.4.jar:6.1.4]
    	at org.springframework.test.context.junit.jupiter.SpringExtension.postProcessTestInstance(SpringExtension.java:163) ~[spring-test-6.1.4.jar:6.1.4]
    	at org.junit.jupiter.engine.descriptor.ClassBasedTestDescriptor.lambda$invokeTestInstancePostProcessors$10(ClassBasedTestDescriptor.java:378) ~[junit-jupiter-engine-5.10.2.jar:5.10.2]
    	at org.junit.jupiter.engine.descriptor.ClassBasedTestDescriptor.executeAndMaskThrowable(ClassBasedTestDescriptor.java:383) ~[junit-jupiter-engine-5.10.2.jar:5.10.2]
    	at org.junit.jupiter.engine.descriptor.ClassBasedTestDescriptor.lambda$invokeTestInstancePostProcessors$11(ClassBasedTestDescriptor.java:378) ~[junit-jupiter-engine-5.10.2.jar:5.10.2]
    	at java.base/java.util.stream.ReferencePipeline$3$1.accept(ReferencePipeline.java:197) ~[na:na]
    	at java.base/java.util.stream.ReferencePipeline$2$1.accept(ReferencePipeline.java:179) ~[na:na]
    	at java.base/java.util.ArrayList$ArrayListSpliterator.forEachRemaining(ArrayList.java:1708) ~[na:na]
    	at java.base/java.util.stream.AbstractPipeline.copyInto(AbstractPipeline.java:509) ~[na:na]
    	at java.base/java.util.stream.AbstractPipeline.wrapAndCopyInto(AbstractPipeline.java:499) ~[na:na]
    	at java.base/java.util.stream.StreamSpliterators$WrappingSpliterator.forEachRemaining(StreamSpliterators.java:310) ~[na:na]
    	at java.base/java.util.stream.Streams$ConcatSpliterator.forEachRemaining(Streams.java:735) ~[na:na]
    	at java.base/java.util.stream.Streams$ConcatSpliterator.forEachRemaining(Streams.java:734) ~[na:na]
    	at java.base/java.util.stream.ReferencePipeline$Head.forEach(ReferencePipeline.java:762) ~[na:na]
    	at org.junit.jupiter.engine.descriptor.ClassBasedTestDescriptor.invokeTestInstancePostProcessors(ClassBasedTestDescriptor.java:377) ~[junit-jupiter-engine-5.10.2.jar:5.10.2]
    	at org.junit.jupiter.engine.descriptor.ClassBasedTestDescriptor.lambda$instantiateAndPostProcessTestInstance$6(ClassBasedTestDescriptor.java:290) ~[junit-jupiter-engine-5.10.2.jar:5.10.2]
    	at org.junit.platform.engine.support.hierarchical.ThrowableCollector.execute(ThrowableCollector.java:73) ~[junit-platform-engine-1.10.2.jar:1.10.2]
    	at org.junit.jupiter.engine.descriptor.ClassBasedTestDescriptor.instantiateAndPostProcessTestInstance(ClassBasedTestDescriptor.java:289) ~[junit-jupiter-engine-5.10.2.jar:5.10.2]
    	at org.junit.jupiter.engine.descriptor.ClassBasedTestDescriptor.lambda$testInstancesProvider$4(ClassBasedTestDescriptor.java:279) ~[junit-jupiter-engine-5.10.2.jar:5.10.2]
    	at java.base/java.util.Optional.orElseGet(Optional.java:364) ~[na:na]
    	at org.junit.jupiter.engine.descriptor.ClassBasedTestDescriptor.lambda$testInstancesProvider$5(ClassBasedTestDescriptor.java:278) ~[junit-jupiter-engine-5.10.2.jar:5.10.2]
    	at org.junit.jupiter.engine.execution.TestInstancesProvider.getTestInstances(TestInstancesProvider.java:31) ~[junit-jupiter-engine-5.10.2.jar:5.10.2]
    	at org.junit.jupiter.engine.descriptor.TestMethodTestDescriptor.lambda$prepare$0(TestMethodTestDescriptor.java:106) ~[junit-jupiter-engine-5.10.2.jar:5.10.2]
    	at org.junit.platform.engine.support.hierarchical.ThrowableCollector.execute(ThrowableCollector.java:73) ~[junit-platform-engine-1.10.2.jar:1.10.2]
    	at org.junit.jupiter.engine.descriptor.TestMethodTestDescriptor.prepare(TestMethodTestDescriptor.java:105) ~[junit-jupiter-engine-5.10.2.jar:5.10.2]
    	at org.junit.jupiter.engine.descriptor.TestMethodTestDescriptor.prepare(TestMethodTestDescriptor.java:69) ~[junit-jupiter-engine-5.10.2.jar:5.10.2]
    	at org.junit.platform.engine.support.hierarchical.NodeTestTask.lambda$prepare$2(NodeTestTask.java:123) ~[junit-platform-engine-1.10.2.jar:1.10.2]
    	at org.junit.platform.engine.support.hierarchical.ThrowableCollector.execute(ThrowableCollector.java:73) ~[junit-platform-engine-1.10.2.jar:1.10.2]
    	at org.junit.platform.engine.support.hierarchical.NodeTestTask.prepare(NodeTestTask.java:123) ~[junit-platform-engine-1.10.2.jar:1.10.2]
    	at org.junit.platform.engine.support.hierarchical.NodeTestTask.execute(NodeTestTask.java:90) ~[junit-platform-engine-1.10.2.jar:1.10.2]
    	at java.base/java.util.ArrayList.forEach(ArrayList.java:1596) ~[na:na]
    	at org.junit.platform.engine.support.hierarchical.SameThreadHierarchicalTestExecutorService.invokeAll(SameThreadHierarchicalTestExecutorService.java:41) ~[junit-platform-engine-1.10.2.jar:1.10.2]
    	at org.junit.platform.engine.support.hierarchical.NodeTestTask.lambda$executeRecursively$6(NodeTestTask.java:155) ~[junit-platform-engine-1.10.2.jar:1.10.2]
    	at org.junit.platform.engine.support.hierarchical.ThrowableCollector.execute(ThrowableCollector.java:73) ~[junit-platform-engine-1.10.2.jar:1.10.2]
    	at org.junit.platform.engine.support.hierarchical.NodeTestTask.lambda$executeRecursively$8(NodeTestTask.java:141) ~[junit-platform-engine-1.10.2.jar:1.10.2]
    	at org.junit.platform.engine.support.hierarchical.Node.around(Node.java:137) ~[junit-platform-engine-1.10.2.jar:1.10.2]
    	at org.junit.platform.engine.support.hierarchical.NodeTestTask.lambda$executeRecursively$9(NodeTestTask.java:139) ~[junit-platform-engine-1.10.2.jar:1.10.2]
    	at org.junit.platform.engine.support.hierarchical.ThrowableCollector.execute(ThrowableCollector.java:73) ~[junit-platform-engine-1.10.2.jar:1.10.2]
    	at org.junit.platform.engine.support.hierarchical.NodeTestTask.executeRecursively(NodeTestTask.java:138) ~[junit-platform-engine-1.10.2.jar:1.10.2]
    	at org.junit.platform.engine.support.hierarchical.NodeTestTask.execute(NodeTestTask.java:95) ~[junit-platform-engine-1.10.2.jar:1.10.2]
    	at java.base/java.util.ArrayList.forEach(ArrayList.java:1596) ~[na:na]
    	at org.junit.platform.engine.support.hierarchical.SameThreadHierarchicalTestExecutorService.invokeAll(SameThreadHierarchicalTestExecutorService.java:41) ~[junit-platform-engine-1.10.2.jar:1.10.2]
    	at org.junit.platform.engine.support.hierarchical.NodeTestTask.lambda$executeRecursively$6(NodeTestTask.java:155) ~[junit-platform-engine-1.10.2.jar:1.10.2]
    	at org.junit.platform.engine.support.hierarchical.ThrowableCollector.execute(ThrowableCollector.java:73) ~[junit-platform-engine-1.10.2.jar:1.10.2]
    	at org.junit.platform.engine.support.hierarchical.NodeTestTask.lambda$executeRecursively$8(NodeTestTask.java:141) ~[junit-platform-engine-1.10.2.jar:1.10.2]
    	at org.junit.platform.engine.support.hierarchical.Node.around(Node.java:137) ~[junit-platform-engine-1.10.2.jar:1.10.2]
    	at org.junit.platform.engine.support.hierarchical.NodeTestTask.lambda$executeRecursively$9(NodeTestTask.java:139) ~[junit-platform-engine-1.10.2.jar:1.10.2]
    	at org.junit.platform.engine.support.hierarchical.ThrowableCollector.execute(ThrowableCollector.java:73) ~[junit-platform-engine-1.10.2.jar:1.10.2]
    	at org.junit.platform.engine.support.hierarchical.NodeTestTask.executeRecursively(NodeTestTask.java:138) ~[junit-platform-engine-1.10.2.jar:1.10.2]
    	at org.junit.platform.engine.support.hierarchical.NodeTestTask.execute(NodeTestTask.java:95) ~[junit-platform-engine-1.10.2.jar:1.10.2]
    	at org.junit.platform.engine.support.hierarchical.SameThreadHierarchicalTestExecutorService.submit(SameThreadHierarchicalTestExecutorService.java:35) ~[junit-platform-engine-1.10.2.jar:1.10.2]
    	at org.junit.platform.engine.support.hierarchical.HierarchicalTestExecutor.execute(HierarchicalTestExecutor.java:57) ~[junit-platform-engine-1.10.2.jar:1.10.2]
    	at org.junit.platform.engine.support.hierarchical.HierarchicalTestEngine.execute(HierarchicalTestEngine.java:54) ~[junit-platform-engine-1.10.2.jar:1.10.2]
    	at org.junit.platform.launcher.core.EngineExecutionOrchestrator.execute(EngineExecutionOrchestrator.java:107) ~[junit-platform-launcher-1.8.2.jar:1.8.2]
    	at org.junit.platform.launcher.core.EngineExecutionOrchestrator.execute(EngineExecutionOrchestrator.java:88) ~[junit-platform-launcher-1.8.2.jar:1.8.2]
    	at org.junit.platform.launcher.core.EngineExecutionOrchestrator.lambda$execute$0(EngineExecutionOrchestrator.java:54) ~[junit-platform-launcher-1.8.2.jar:1.8.2]
    	at org.junit.platform.launcher.core.EngineExecutionOrchestrator.withInterceptedStreams(EngineExecutionOrchestrator.java:67) ~[junit-platform-launcher-1.8.2.jar:1.8.2]
    	at org.junit.platform.launcher.core.EngineExecutionOrchestrator.execute(EngineExecutionOrchestrator.java:52) ~[junit-platform-launcher-1.8.2.jar:1.8.2]
    	at org.junit.platform.launcher.core.DefaultLauncher.execute(DefaultLauncher.java:114) ~[junit-platform-launcher-1.8.2.jar:1.8.2]
    	at org.junit.platform.launcher.core.DefaultLauncher.execute(DefaultLauncher.java:86) ~[junit-platform-launcher-1.8.2.jar:1.8.2]
    	at org.junit.platform.launcher.core.DefaultLauncherSession$DelegatingLauncher.execute(DefaultLauncherSession.java:86) ~[junit-platform-launcher-1.8.2.jar:1.8.2]
    	at org.gradle.api.internal.tasks.testing.junitplatform.JUnitPlatformTestClassProcessor$CollectAllTestClassesExecutor.processAllTestClasses(JUnitPlatformTestClassProcessor.java:124) ~[na:na]
    	at org.gradle.api.internal.tasks.testing.junitplatform.JUnitPlatformTestClassProcessor$CollectAllTestClassesExecutor.access$000(JUnitPlatformTestClassProcessor.java:99) ~[na:na]
    	at org.gradle.api.internal.tasks.testing.junitplatform.JUnitPlatformTestClassProcessor.stop(JUnitPlatformTestClassProcessor.java:94) ~[na:na]
    	at org.gradle.api.internal.tasks.testing.SuiteTestClassProcessor.stop(SuiteTestClassProcessor.java:63) ~[na:na]
    	at java.base/jdk.internal.reflect.DirectMethodHandleAccessor.invoke(DirectMethodHandleAccessor.java:103) ~[na:na]
    	at java.base/java.lang.reflect.Method.invoke(Method.java:580) ~[na:na]
    	at org.gradle.internal.dispatch.ReflectionDispatch.dispatch(ReflectionDispatch.java:36) ~[na:na]
    	at org.gradle.internal.dispatch.ReflectionDispatch.dispatch(ReflectionDispatch.java:24) ~[na:na]
    	at org.gradle.internal.dispatch.ContextClassLoaderDispatch.dispatch(ContextClassLoaderDispatch.java:33) ~[na:na]
    	at org.gradle.internal.dispatch.ProxyDispatchAdapter$DispatchingInvocationHandler.invoke(ProxyDispatchAdapter.java:92) ~[na:na]
    	at jdk.proxy1/jdk.proxy1.$Proxy4.stop(Unknown Source) ~[na:na]
    	at org.gradle.api.internal.tasks.testing.worker.TestWorker$3.run(TestWorker.java:200) ~[na:na]
    	at org.gradle.api.internal.tasks.testing.worker.TestWorker.executeAndMaintainThreadName(TestWorker.java:132) ~[na:na]
    	at org.gradle.api.internal.tasks.testing.worker.TestWorker.execute(TestWorker.java:103) ~[na:na]
    	at org.gradle.api.internal.tasks.testing.worker.TestWorker.execute(TestWorker.java:63) ~[na:na]
    	at org.gradle.process.internal.worker.child.ActionExecutionWorker.execute(ActionExecutionWorker.java:56) ~[na:na]
    	at org.gradle.process.internal.worker.child.SystemApplicationClassLoaderWorker.call(SystemApplicationClassLoaderWorker.java:121) ~[na:na]
    	at org.gradle.process.internal.worker.child.SystemApplicationClassLoaderWorker.call(SystemApplicationClassLoaderWorker.java:71) ~[na:na]
    	at worker.org.gradle.process.internal.worker.GradleWorkerMain.run(GradleWorkerMain.java:69) ~[gradle-worker.jar:na]
    	at worker.org.gradle.process.internal.worker.GradleWorkerMain.main(GradleWorkerMain.java:74) ~[gradle-worker.jar:na]
    Caused by: org.h2.jdbc.JdbcSQLSyntaxErrorException: Domain "uuid" not found; SQL statement:

        create table "login_attempts" (
            "attempt_time" timestamp(6),
            "id" "uuid" not null,
            "ip_address" varchar(45),
            "email" varchar(255),
            primary key ("id")
        ) [90120-224]
    	at org.h2.message.DbException.getJdbcSQLException(DbException.java:644) ~[h2-2.2.224.jar:2.2.224]
    	at org.h2.message.DbException.getJdbcSQLException(DbException.java:489) ~[h2-2.2.224.jar:2.2.224]
    	at org.h2.message.DbException.get(DbException.java:223) ~[h2-2.2.224.jar:2.2.224]
    	at org.h2.message.DbException.get(DbException.java:199) ~[h2-2.2.224.jar:2.2.224]
    	at org.h2.schema.Schema.getDomain(Schema.java:611) ~[h2-2.2.224.jar:2.2.224]
    	at org.h2.command.Parser.parseColumnWithType(Parser.java:5689) ~[h2-2.2.224.jar:2.2.224]
    	at org.h2.command.Parser.parseColumnForTable(Parser.java:5565) ~[h2-2.2.224.jar:2.2.224]
    	at org.h2.command.Parser.parseTableColumnDefinition(Parser.java:8999) ~[h2-2.2.224.jar:2.2.224]
    	at org.h2.command.Parser.parseCreateTable(Parser.java:8939) ~[h2-2.2.224.jar:2.2.224]
    	at org.h2.command.Parser.parseCreate(Parser.java:6404) ~[h2-2.2.224.jar:2.2.224]
    	at org.h2.command.Parser.parsePrepared(Parser.java:666) ~[h2-2.2.224.jar:2.2.224]
    	at org.h2.command.Parser.parse(Parser.java:592) ~[h2-2.2.224.jar:2.2.224]
    	at org.h2.command.Parser.parse(Parser.java:564) ~[h2-2.2.224.jar:2.2.224]
    	at org.h2.command.Parser.prepareCommand(Parser.java:483) ~[h2-2.2.224.jar:2.2.224]
    	at org.h2.engine.SessionLocal.prepareLocal(SessionLocal.java:639) ~[h2-2.2.224.jar:2.2.224]
    	at org.h2.engine.SessionLocal.prepareCommand(SessionLocal.java:559) ~[h2-2.2.224.jar:2.2.224]
    	at org.h2.jdbc.JdbcConnection.prepareCommand(JdbcConnection.java:1166) ~[h2-2.2.224.jar:2.2.224]
    	at org.h2.jdbc.JdbcStatement.executeInternal(JdbcStatement.java:245) ~[h2-2.2.224.jar:2.2.224]
    	at org.h2.jdbc.JdbcStatement.execute(JdbcStatement.java:231) ~[h2-2.2.224.jar:2.2.224]
    	at com.zaxxer.hikari.pool.ProxyStatement.execute(ProxyStatement.java:94) ~[HikariCP-5.0.1.jar:na]
    	at com.zaxxer.hikari.pool.HikariProxyStatement.execute(HikariProxyStatement.java) ~[HikariCP-5.0.1.jar:na]
    	at org.hibernate.tool.schema.internal.exec.GenerationTargetToDatabase.accept(GenerationTargetToDatabase.java:80) ~[hibernate-core-6.4.4.Final.jar:6.4.4.Final]
    	... 129 common frames omitted

    2025-04-06T08:34:46.868-07:00 DEBUG 44469 --- [    Test worker] org.hibernate.SQL                        : 
        create table "users" (
            "email_verified" boolean,
            "year_of_birth" integer,
            "created_at" timestamp(6),
            "updated_at" timestamp(6),
            "id" uuid not null,
            "display_name" varchar(255),
            "email" varchar(255),
            "first_name" varchar(255),
            "mobile_number" varchar(255),
            "password_hash" varchar(255),
            "remember_me_token" varchar(255),
            "user_address" varchar(255),
            primary key ("id")
        )
    Hibernate: 
        create table "users" (
            "email_verified" boolean,
            "year_of_birth" integer,
            "created_at" timestamp(6),
            "updated_at" timestamp(6),
            "id" uuid not null,
            "display_name" varchar(255),
            "email" varchar(255),
            "first_name" varchar(255),
            "mobile_number" varchar(255),
            "password_hash" varchar(255),
            "remember_me_token" varchar(255),
            "user_address" varchar(255),
            primary key ("id")
        )
    2025-04-06T08:34:46.868-07:00 DEBUG 44469 --- [    Test worker] org.hibernate.SQL                        : 
        create table "verification_tokens" (
            "created_at" timestamp(6),
            "expires_at" timestamp(6),
            "id" "uuid" not null,
            "user_id" "uuid",
            "type" varchar(50),
            "token" varchar(255),
            primary key ("id")
        )
    Hibernate: 
        create table "verification_tokens" (
            "created_at" timestamp(6),
            "expires_at" timestamp(6),
            "id" "uuid" not null,
            "user_id" "uuid",
            "type" varchar(50),
            "token" varchar(255),
            primary key ("id")
        )
    2025-04-06T08:34:46.869-07:00  WARN 44469 --- [    Test worker] o.h.t.s.i.ExceptionHandlerLoggedImpl     : GenerationTarget encountered exception accepting command : Error executing DDL "
        create table "verification_tokens" (
            "created_at" timestamp(6),
            "expires_at" timestamp(6),
            "id" "uuid" not null,
            "user_id" "uuid",
            "type" varchar(50),
            "token" varchar(255),
            primary key ("id")
        )" via JDBC [Domain "uuid" not found;]

    org.hibernate.tool.schema.spi.CommandAcceptanceException: Error executing DDL "
        create table "verification_tokens" (
            "created_at" timestamp(6),
            "expires_at" timestamp(6),
            "id" "uuid" not null,
            "user_id" "uuid",
            "type" varchar(50),
            "token" varchar(255),
            primary key ("id")
        )" via JDBC [Domain "uuid" not found;]
    	at org.hibernate.tool.schema.internal.exec.GenerationTargetToDatabase.accept(GenerationTargetToDatabase.java:94) ~[hibernate-core-6.4.4.Final.jar:6.4.4.Final]
    	at org.hibernate.tool.schema.internal.Helper.applySqlString(Helper.java:233) ~[hibernate-core-6.4.4.Final.jar:6.4.4.Final]
    	at org.hibernate.tool.schema.internal.Helper.applySqlStrings(Helper.java:217) ~[hibernate-core-6.4.4.Final.jar:6.4.4.Final]
    	at org.hibernate.tool.schema.internal.SchemaCreatorImpl.createTables(SchemaCreatorImpl.java:420) ~[hibernate-core-6.4.4.Final.jar:6.4.4.Final]
    	at org.hibernate.tool.schema.internal.SchemaCreatorImpl.createSequencesTablesConstraints(SchemaCreatorImpl.java:340) ~[hibernate-core-6.4.4.Final.jar:6.4.4.Final]
    	at org.hibernate.tool.schema.internal.SchemaCreatorImpl.createFromMetadata(SchemaCreatorImpl.java:239) ~[hibernate-core-6.4.4.Final.jar:6.4.4.Final]
    	at org.hibernate.tool.schema.internal.SchemaCreatorImpl.performCreation(SchemaCreatorImpl.java:172) ~[hibernate-core-6.4.4.Final.jar:6.4.4.Final]
    	at org.hibernate.tool.schema.internal.SchemaCreatorImpl.doCreation(SchemaCreatorImpl.java:142) ~[hibernate-core-6.4.4.Final.jar:6.4.4.Final]
    	at org.hibernate.tool.schema.internal.SchemaCreatorImpl.doCreation(SchemaCreatorImpl.java:118) ~[hibernate-core-6.4.4.Final.jar:6.4.4.Final]
    	at org.hibernate.tool.schema.spi.SchemaManagementToolCoordinator.performDatabaseAction(SchemaManagementToolCoordinator.java:256) ~[hibernate-core-6.4.4.Final.jar:6.4.4.Final]
    	at org.hibernate.tool.schema.spi.SchemaManagementToolCoordinator.lambda$process$5(SchemaManagementToolCoordinator.java:145) ~[hibernate-core-6.4.4.Final.jar:6.4.4.Final]
    	at java.base/java.util.HashMap.forEach(HashMap.java:1429) ~[na:na]
    	at org.hibernate.tool.schema.spi.SchemaManagementToolCoordinator.process(SchemaManagementToolCoordinator.java:142) ~[hibernate-core-6.4.4.Final.jar:6.4.4.Final]
    	at org.hibernate.boot.internal.SessionFactoryObserverForSchemaExport.sessionFactoryCreated(SessionFactoryObserverForSchemaExport.java:37) ~[hibernate-core-6.4.4.Final.jar:6.4.4.Final]
    	at org.hibernate.internal.SessionFactoryObserverChain.sessionFactoryCreated(SessionFactoryObserverChain.java:35) ~[hibernate-core-6.4.4.Final.jar:6.4.4.Final]
    	at org.hibernate.internal.SessionFactoryImpl.<init>(SessionFactoryImpl.java:315) ~[hibernate-core-6.4.4.Final.jar:6.4.4.Final]
    	at org.hibernate.boot.internal.SessionFactoryBuilderImpl.build(SessionFactoryBuilderImpl.java:450) ~[hibernate-core-6.4.4.Final.jar:6.4.4.Final]
    	at org.hibernate.jpa.boot.internal.EntityManagerFactoryBuilderImpl.build(EntityManagerFactoryBuilderImpl.java:1507) ~[hibernate-core-6.4.4.Final.jar:6.4.4.Final]
    	at org.springframework.orm.jpa.vendor.SpringHibernateJpaPersistenceProvider.createContainerEntityManagerFactory(SpringHibernateJpaPersistenceProvider.java:75) ~[spring-orm-6.1.4.jar:6.1.4]
    	at org.springframework.orm.jpa.LocalContainerEntityManagerFactoryBean.createNativeEntityManagerFactory(LocalContainerEntityManagerFactoryBean.java:388) ~[spring-orm-6.1.4.jar:6.1.4]
    	at org.springframework.orm.jpa.AbstractEntityManagerFactoryBean.buildNativeEntityManagerFactory(AbstractEntityManagerFactoryBean.java:409) ~[spring-orm-6.1.4.jar:6.1.4]
    	at org.springframework.orm.jpa.AbstractEntityManagerFactoryBean.afterPropertiesSet(AbstractEntityManagerFactoryBean.java:396) ~[spring-orm-6.1.4.jar:6.1.4]
    	at org.springframework.orm.jpa.LocalContainerEntityManagerFactoryBean.afterPropertiesSet(LocalContainerEntityManagerFactoryBean.java:364) ~[spring-orm-6.1.4.jar:6.1.4]
    	at org.springframework.beans.factory.support.AbstractAutowireCapableBeanFactory.invokeInitMethods(AbstractAutowireCapableBeanFactory.java:1833) ~[spring-beans-6.1.4.jar:6.1.4]
    	at org.springframework.beans.factory.support.AbstractAutowireCapableBeanFactory.initializeBean(AbstractAutowireCapableBeanFactory.java:1782) ~[spring-beans-6.1.4.jar:6.1.4]
    	at org.springframework.beans.factory.support.AbstractAutowireCapableBeanFactory.doCreateBean(AbstractAutowireCapableBeanFactory.java:600) ~[spring-beans-6.1.4.jar:6.1.4]
    	at org.springframework.beans.factory.support.AbstractAutowireCapableBeanFactory.createBean(AbstractAutowireCapableBeanFactory.java:522) ~[spring-beans-6.1.4.jar:6.1.4]
    	at org.springframework.beans.factory.support.AbstractBeanFactory.lambda$doGetBean$0(AbstractBeanFactory.java:325) ~[spring-beans-6.1.4.jar:6.1.4]
    	at org.springframework.beans.factory.support.DefaultSingletonBeanRegistry.getSingleton(DefaultSingletonBeanRegistry.java:234) ~[spring-beans-6.1.4.jar:6.1.4]
    	at org.springframework.beans.factory.support.AbstractBeanFactory.doGetBean(AbstractBeanFactory.java:323) ~[spring-beans-6.1.4.jar:6.1.4]
    	at org.springframework.beans.factory.support.AbstractBeanFactory.getBean(AbstractBeanFactory.java:199) ~[spring-beans-6.1.4.jar:6.1.4]
    	at org.springframework.context.support.AbstractApplicationContext.getBean(AbstractApplicationContext.java:1231) ~[spring-context-6.1.4.jar:6.1.4]
    	at org.springframework.context.support.AbstractApplicationContext.finishBeanFactoryInitialization(AbstractApplicationContext.java:949) ~[spring-context-6.1.4.jar:6.1.4]
    	at org.springframework.context.support.AbstractApplicationContext.refresh(AbstractApplicationContext.java:624) ~[spring-context-6.1.4.jar:6.1.4]
    	at org.springframework.boot.SpringApplication.refresh(SpringApplication.java:754) ~[spring-boot-3.2.3.jar:3.2.3]
    	at org.springframework.boot.SpringApplication.refreshContext(SpringApplication.java:456) ~[spring-boot-3.2.3.jar:3.2.3]
    	at org.springframework.boot.SpringApplication.run(SpringApplication.java:334) ~[spring-boot-3.2.3.jar:3.2.3]
    	at org.springframework.boot.test.context.SpringBootContextLoader.lambda$loadContext$3(SpringBootContextLoader.java:137) ~[spring-boot-test-3.2.3.jar:3.2.3]
    	at org.springframework.util.function.ThrowingSupplier.get(ThrowingSupplier.java:58) ~[spring-core-6.1.4.jar:6.1.4]
    	at org.springframework.util.function.ThrowingSupplier.get(ThrowingSupplier.java:46) ~[spring-core-6.1.4.jar:6.1.4]
    	at org.springframework.boot.SpringApplication.withHook(SpringApplication.java:1454) ~[spring-boot-3.2.3.jar:3.2.3]
    	at org.springframework.boot.test.context.SpringBootContextLoader$ContextLoaderHook.run(SpringBootContextLoader.java:553) ~[spring-boot-test-3.2.3.jar:3.2.3]
    	at org.springframework.boot.test.context.SpringBootContextLoader.loadContext(SpringBootContextLoader.java:137) ~[spring-boot-test-3.2.3.jar:3.2.3]
    	at org.springframework.boot.test.context.SpringBootContextLoader.loadContext(SpringBootContextLoader.java:108) ~[spring-boot-test-3.2.3.jar:3.2.3]
    	at org.springframework.test.context.cache.DefaultCacheAwareContextLoaderDelegate.loadContextInternal(DefaultCacheAwareContextLoaderDelegate.java:225) ~[spring-test-6.1.4.jar:6.1.4]
    	at org.springframework.test.context.cache.DefaultCacheAwareContextLoaderDelegate.loadContext(DefaultCacheAwareContextLoaderDelegate.java:152) ~[spring-test-6.1.4.jar:6.1.4]
    	at org.springframework.test.context.support.DefaultTestContext.getApplicationContext(DefaultTestContext.java:130) ~[spring-test-6.1.4.jar:6.1.4]
    	at org.springframework.test.context.support.DependencyInjectionTestExecutionListener.injectDependencies(DependencyInjectionTestExecutionListener.java:142) ~[spring-test-6.1.4.jar:6.1.4]
    	at org.springframework.test.context.support.DependencyInjectionTestExecutionListener.prepareTestInstance(DependencyInjectionTestExecutionListener.java:98) ~[spring-test-6.1.4.jar:6.1.4]
    	at org.springframework.test.context.TestContextManager.prepareTestInstance(TestContextManager.java:260) ~[spring-test-6.1.4.jar:6.1.4]
    	at org.springframework.test.context.junit.jupiter.SpringExtension.postProcessTestInstance(SpringExtension.java:163) ~[spring-test-6.1.4.jar:6.1.4]
    	at org.junit.jupiter.engine.descriptor.ClassBasedTestDescriptor.lambda$invokeTestInstancePostProcessors$10(ClassBasedTestDescriptor.java:378) ~[junit-jupiter-engine-5.10.2.jar:5.10.2]
    	at org.junit.jupiter.engine.descriptor.ClassBasedTestDescriptor.executeAndMaskThrowable(ClassBasedTestDescriptor.java:383) ~[junit-jupiter-engine-5.10.2.jar:5.10.2]
    	at org.junit.jupiter.engine.descriptor.ClassBasedTestDescriptor.lambda$invokeTestInstancePostProcessors$11(ClassBasedTestDescriptor.java:378) ~[junit-jupiter-engine-5.10.2.jar:5.10.2]
    	at java.base/java.util.stream.ReferencePipeline$3$1.accept(ReferencePipeline.java:197) ~[na:na]
    	at java.base/java.util.stream.ReferencePipeline$2$1.accept(ReferencePipeline.java:179) ~[na:na]
    	at java.base/java.util.ArrayList$ArrayListSpliterator.forEachRemaining(ArrayList.java:1708) ~[na:na]
    	at java.base/java.util.stream.AbstractPipeline.copyInto(AbstractPipeline.java:509) ~[na:na]
    	at java.base/java.util.stream.AbstractPipeline.wrapAndCopyInto(AbstractPipeline.java:499) ~[na:na]
    	at java.base/java.util.stream.StreamSpliterators$WrappingSpliterator.forEachRemaining(StreamSpliterators.java:310) ~[na:na]
    	at java.base/java.util.stream.Streams$ConcatSpliterator.forEachRemaining(Streams.java:735) ~[na:na]
    	at java.base/java.util.stream.Streams$ConcatSpliterator.forEachRemaining(Streams.java:734) ~[na:na]
    	at java.base/java.util.stream.ReferencePipeline$Head.forEach(ReferencePipeline.java:762) ~[na:na]
    	at org.junit.jupiter.engine.descriptor.ClassBasedTestDescriptor.invokeTestInstancePostProcessors(ClassBasedTestDescriptor.java:377) ~[junit-jupiter-engine-5.10.2.jar:5.10.2]
    	at org.junit.jupiter.engine.descriptor.ClassBasedTestDescriptor.lambda$instantiateAndPostProcessTestInstance$6(ClassBasedTestDescriptor.java:290) ~[junit-jupiter-engine-5.10.2.jar:5.10.2]
    	at org.junit.platform.engine.support.hierarchical.ThrowableCollector.execute(ThrowableCollector.java:73) ~[junit-platform-engine-1.10.2.jar:1.10.2]
    	at org.junit.jupiter.engine.descriptor.ClassBasedTestDescriptor.instantiateAndPostProcessTestInstance(ClassBasedTestDescriptor.java:289) ~[junit-jupiter-engine-5.10.2.jar:5.10.2]
    	at org.junit.jupiter.engine.descriptor.ClassBasedTestDescriptor.lambda$testInstancesProvider$4(ClassBasedTestDescriptor.java:279) ~[junit-jupiter-engine-5.10.2.jar:5.10.2]
    	at java.base/java.util.Optional.orElseGet(Optional.java:364) ~[na:na]
    	at org.junit.jupiter.engine.descriptor.ClassBasedTestDescriptor.lambda$testInstancesProvider$5(ClassBasedTestDescriptor.java:278) ~[junit-jupiter-engine-5.10.2.jar:5.10.2]
    	at org.junit.jupiter.engine.execution.TestInstancesProvider.getTestInstances(TestInstancesProvider.java:31) ~[junit-jupiter-engine-5.10.2.jar:5.10.2]
    	at org.junit.jupiter.engine.descriptor.TestMethodTestDescriptor.lambda$prepare$0(TestMethodTestDescriptor.java:106) ~[junit-jupiter-engine-5.10.2.jar:5.10.2]
    	at org.junit.platform.engine.support.hierarchical.ThrowableCollector.execute(ThrowableCollector.java:73) ~[junit-platform-engine-1.10.2.jar:1.10.2]
    	at org.junit.jupiter.engine.descriptor.TestMethodTestDescriptor.prepare(TestMethodTestDescriptor.java:105) ~[junit-jupiter-engine-5.10.2.jar:5.10.2]
    	at org.junit.jupiter.engine.descriptor.TestMethodTestDescriptor.prepare(TestMethodTestDescriptor.java:69) ~[junit-jupiter-engine-5.10.2.jar:5.10.2]
    	at org.junit.platform.engine.support.hierarchical.NodeTestTask.lambda$prepare$2(NodeTestTask.java:123) ~[junit-platform-engine-1.10.2.jar:1.10.2]
    	at org.junit.platform.engine.support.hierarchical.ThrowableCollector.execute(ThrowableCollector.java:73) ~[junit-platform-engine-1.10.2.jar:1.10.2]
    	at org.junit.platform.engine.support.hierarchical.NodeTestTask.prepare(NodeTestTask.java:123) ~[junit-platform-engine-1.10.2.jar:1.10.2]
    	at org.junit.platform.engine.support.hierarchical.NodeTestTask.execute(NodeTestTask.java:90) ~[junit-platform-engine-1.10.2.jar:1.10.2]
    	at java.base/java.util.ArrayList.forEach(ArrayList.java:1596) ~[na:na]
    	at org.junit.platform.engine.support.hierarchical.SameThreadHierarchicalTestExecutorService.invokeAll(SameThreadHierarchicalTestExecutorService.java:41) ~[junit-platform-engine-1.10.2.jar:1.10.2]
    	at org.junit.platform.engine.support.hierarchical.NodeTestTask.lambda$executeRecursively$6(NodeTestTask.java:155) ~[junit-platform-engine-1.10.2.jar:1.10.2]
    	at org.junit.platform.engine.support.hierarchical.ThrowableCollector.execute(ThrowableCollector.java:73) ~[junit-platform-engine-1.10.2.jar:1.10.2]
    	at org.junit.platform.engine.support.hierarchical.NodeTestTask.lambda$executeRecursively$8(NodeTestTask.java:141) ~[junit-platform-engine-1.10.2.jar:1.10.2]
    	at org.junit.platform.engine.support.hierarchical.Node.around(Node.java:137) ~[junit-platform-engine-1.10.2.jar:1.10.2]
    	at org.junit.platform.engine.support.hierarchical.NodeTestTask.lambda$executeRecursively$9(NodeTestTask.java:139) ~[junit-platform-engine-1.10.2.jar:1.10.2]
    	at org.junit.platform.engine.support.hierarchical.ThrowableCollector.execute(ThrowableCollector.java:73) ~[junit-platform-engine-1.10.2.jar:1.10.2]
    	at org.junit.platform.engine.support.hierarchical.NodeTestTask.executeRecursively(NodeTestTask.java:138) ~[junit-platform-engine-1.10.2.jar:1.10.2]
    	at org.junit.platform.engine.support.hierarchical.NodeTestTask.execute(NodeTestTask.java:95) ~[junit-platform-engine-1.10.2.jar:1.10.2]
    	at java.base/java.util.ArrayList.forEach(ArrayList.java:1596) ~[na:na]
    	at org.junit.platform.engine.support.hierarchical.SameThreadHierarchicalTestExecutorService.invokeAll(SameThreadHierarchicalTestExecutorService.java:41) ~[junit-platform-engine-1.10.2.jar:1.10.2]
    	at org.junit.platform.engine.support.hierarchical.NodeTestTask.lambda$executeRecursively$6(NodeTestTask.java:155) ~[junit-platform-engine-1.10.2.jar:1.10.2]
    	at org.junit.platform.engine.support.hierarchical.ThrowableCollector.execute(ThrowableCollector.java:73) ~[junit-platform-engine-1.10.2.jar:1.10.2]
    	at org.junit.platform.engine.support.hierarchical.NodeTestTask.lambda$executeRecursively$8(NodeTestTask.java:141) ~[junit-platform-engine-1.10.2.jar:1.10.2]
    	at org.junit.platform.engine.support.hierarchical.Node.around(Node.java:137) ~[junit-platform-engine-1.10.2.jar:1.10.2]
    	at org.junit.platform.engine.support.hierarchical.NodeTestTask.lambda$executeRecursively$9(NodeTestTask.java:139) ~[junit-platform-engine-1.10.2.jar:1.10.2]
    	at org.junit.platform.engine.support.hierarchical.ThrowableCollector.execute(ThrowableCollector.java:73) ~[junit-platform-engine-1.10.2.jar:1.10.2]
    	at org.junit.platform.engine.support.hierarchical.NodeTestTask.executeRecursively(NodeTestTask.java:138) ~[junit-platform-engine-1.10.2.jar:1.10.2]
    	at org.junit.platform.engine.support.hierarchical.NodeTestTask.execute(NodeTestTask.java:95) ~[junit-platform-engine-1.10.2.jar:1.10.2]
    	at org.junit.platform.engine.support.hierarchical.SameThreadHierarchicalTestExecutorService.submit(SameThreadHierarchicalTestExecutorService.java:35) ~[junit-platform-engine-1.10.2.jar:1.10.2]
    	at org.junit.platform.engine.support.hierarchical.HierarchicalTestExecutor.execute(HierarchicalTestExecutor.java:57) ~[junit-platform-engine-1.10.2.jar:1.10.2]
    	at org.junit.platform.engine.support.hierarchical.HierarchicalTestEngine.execute(HierarchicalTestEngine.java:54) ~[junit-platform-engine-1.10.2.jar:1.10.2]
    	at org.junit.platform.launcher.core.EngineExecutionOrchestrator.execute(EngineExecutionOrchestrator.java:107) ~[junit-platform-launcher-1.8.2.jar:1.8.2]
    	at org.junit.platform.launcher.core.EngineExecutionOrchestrator.execute(EngineExecutionOrchestrator.java:88) ~[junit-platform-launcher-1.8.2.jar:1.8.2]
    	at org.junit.platform.launcher.core.EngineExecutionOrchestrator.lambda$execute$0(EngineExecutionOrchestrator.java:54) ~[junit-platform-launcher-1.8.2.jar:1.8.2]
    	at org.junit.platform.launcher.core.EngineExecutionOrchestrator.withInterceptedStreams(EngineExecutionOrchestrator.java:67) ~[junit-platform-launcher-1.8.2.jar:1.8.2]
    	at org.junit.platform.launcher.core.EngineExecutionOrchestrator.execute(EngineExecutionOrchestrator.java:52) ~[junit-platform-launcher-1.8.2.jar:1.8.2]
    	at org.junit.platform.launcher.core.DefaultLauncher.execute(DefaultLauncher.java:114) ~[junit-platform-launcher-1.8.2.jar:1.8.2]
    	at org.junit.platform.launcher.core.DefaultLauncher.execute(DefaultLauncher.java:86) ~[junit-platform-launcher-1.8.2.jar:1.8.2]
    	at org.junit.platform.launcher.core.DefaultLauncherSession$DelegatingLauncher.execute(DefaultLauncherSession.java:86) ~[junit-platform-launcher-1.8.2.jar:1.8.2]
    	at org.gradle.api.internal.tasks.testing.junitplatform.JUnitPlatformTestClassProcessor$CollectAllTestClassesExecutor.processAllTestClasses(JUnitPlatformTestClassProcessor.java:124) ~[na:na]
    	at org.gradle.api.internal.tasks.testing.junitplatform.JUnitPlatformTestClassProcessor$CollectAllTestClassesExecutor.access$000(JUnitPlatformTestClassProcessor.java:99) ~[na:na]
    	at org.gradle.api.internal.tasks.testing.junitplatform.JUnitPlatformTestClassProcessor.stop(JUnitPlatformTestClassProcessor.java:94) ~[na:na]
    	at org.gradle.api.internal.tasks.testing.SuiteTestClassProcessor.stop(SuiteTestClassProcessor.java:63) ~[na:na]
    	at java.base/jdk.internal.reflect.DirectMethodHandleAccessor.invoke(DirectMethodHandleAccessor.java:103) ~[na:na]
    	at java.base/java.lang.reflect.Method.invoke(Method.java:580) ~[na:na]
    	at org.gradle.internal.dispatch.ReflectionDispatch.dispatch(ReflectionDispatch.java:36) ~[na:na]
    	at org.gradle.internal.dispatch.ReflectionDispatch.dispatch(ReflectionDispatch.java:24) ~[na:na]
    	at org.gradle.internal.dispatch.ContextClassLoaderDispatch.dispatch(ContextClassLoaderDispatch.java:33) ~[na:na]
    	at org.gradle.internal.dispatch.ProxyDispatchAdapter$DispatchingInvocationHandler.invoke(ProxyDispatchAdapter.java:92) ~[na:na]
    	at jdk.proxy1/jdk.proxy1.$Proxy4.stop(Unknown Source) ~[na:na]
    	at org.gradle.api.internal.tasks.testing.worker.TestWorker$3.run(TestWorker.java:200) ~[na:na]
    	at org.gradle.api.internal.tasks.testing.worker.TestWorker.executeAndMaintainThreadName(TestWorker.java:132) ~[na:na]
    	at org.gradle.api.internal.tasks.testing.worker.TestWorker.execute(TestWorker.java:103) ~[na:na]
    	at org.gradle.api.internal.tasks.testing.worker.TestWorker.execute(TestWorker.java:63) ~[na:na]
    	at org.gradle.process.internal.worker.child.ActionExecutionWorker.execute(ActionExecutionWorker.java:56) ~[na:na]
    	at org.gradle.process.internal.worker.child.SystemApplicationClassLoaderWorker.call(SystemApplicationClassLoaderWorker.java:121) ~[na:na]
    	at org.gradle.process.internal.worker.child.SystemApplicationClassLoaderWorker.call(SystemApplicationClassLoaderWorker.java:71) ~[na:na]
    	at worker.org.gradle.process.internal.worker.GradleWorkerMain.run(GradleWorkerMain.java:69) ~[gradle-worker.jar:na]
    	at worker.org.gradle.process.internal.worker.GradleWorkerMain.main(GradleWorkerMain.java:74) ~[gradle-worker.jar:na]
    Caused by: org.h2.jdbc.JdbcSQLSyntaxErrorException: Domain "uuid" not found; SQL statement:

        create table "verification_tokens" (
            "created_at" timestamp(6),
            "expires_at" timestamp(6),
            "id" "uuid" not null,
            "user_id" "uuid",
            "type" varchar(50),
            "token" varchar(255),
            primary key ("id")
        ) [90120-224]
    	at org.h2.message.DbException.getJdbcSQLException(DbException.java:644) ~[h2-2.2.224.jar:2.2.224]
    	at org.h2.message.DbException.getJdbcSQLException(DbException.java:489) ~[h2-2.2.224.jar:2.2.224]
    	at org.h2.message.DbException.get(DbException.java:223) ~[h2-2.2.224.jar:2.2.224]
    	at org.h2.message.DbException.get(DbException.java:199) ~[h2-2.2.224.jar:2.2.224]
    	at org.h2.schema.Schema.getDomain(Schema.java:611) ~[h2-2.2.224.jar:2.2.224]
    	at org.h2.command.Parser.parseColumnWithType(Parser.java:5689) ~[h2-2.2.224.jar:2.2.224]
    	at org.h2.command.Parser.parseColumnForTable(Parser.java:5565) ~[h2-2.2.224.jar:2.2.224]
    	at org.h2.command.Parser.parseTableColumnDefinition(Parser.java:8999) ~[h2-2.2.224.jar:2.2.224]
    	at org.h2.command.Parser.parseCreateTable(Parser.java:8939) ~[h2-2.2.224.jar:2.2.224]
    	at org.h2.command.Parser.parseCreate(Parser.java:6404) ~[h2-2.2.224.jar:2.2.224]
    	at org.h2.command.Parser.parsePrepared(Parser.java:666) ~[h2-2.2.224.jar:2.2.224]
    	at org.h2.command.Parser.parse(Parser.java:592) ~[h2-2.2.224.jar:2.2.224]
    	at org.h2.command.Parser.parse(Parser.java:564) ~[h2-2.2.224.jar:2.2.224]
    	at org.h2.command.Parser.prepareCommand(Parser.java:483) ~[h2-2.2.224.jar:2.2.224]
    	at org.h2.engine.SessionLocal.prepareLocal(SessionLocal.java:639) ~[h2-2.2.224.jar:2.2.224]
    	at org.h2.engine.SessionLocal.prepareCommand(SessionLocal.java:559) ~[h2-2.2.224.jar:2.2.224]
    	at org.h2.jdbc.JdbcConnection.prepareCommand(JdbcConnection.java:1166) ~[h2-2.2.224.jar:2.2.224]
    	at org.h2.jdbc.JdbcStatement.executeInternal(JdbcStatement.java:245) ~[h2-2.2.224.jar:2.2.224]
    	at org.h2.jdbc.JdbcStatement.execute(JdbcStatement.java:231) ~[h2-2.2.224.jar:2.2.224]
    	at com.zaxxer.hikari.pool.ProxyStatement.execute(ProxyStatement.java:94) ~[HikariCP-5.0.1.jar:na]
    	at com.zaxxer.hikari.pool.HikariProxyStatement.execute(HikariProxyStatement.java) ~[HikariCP-5.0.1.jar:na]
    	at org.hibernate.tool.schema.internal.exec.GenerationTargetToDatabase.accept(GenerationTargetToDatabase.java:80) ~[hibernate-core-6.4.4.Final.jar:6.4.4.Final]
    	... 129 common frames omitted

    2025-04-06T08:34:46.871-07:00  INFO 44469 --- [    Test worker] j.LocalContainerEntityManagerFactoryBean : Initialized JPA EntityManagerFactory for persistence unit 'default'
    2025-04-06T08:34:46.921-07:00  INFO 44469 --- [    Test worker] c.h.r.LoginAttemptRepositoryTest         : Started LoginAttemptRepositoryTest in 0.185 seconds (process running for 4.764)

LoginAttemptRepositoryTest > countByEmailAndAttemptTimeAfter_WithRecentAttempts_ShouldReturnCount() STANDARD_OUT
    2025-04-06T08:34:46.951-07:00 DEBUG 44469 --- [    Test worker] org.hibernate.SQL                        : 
        insert 
        into
            "login_attempts"
            ("attempt_time", "email", "ip_address", "id") 
        values
            (?, ?, ?, ?)
    Hibernate: 
        insert 
        into
            "login_attempts"
            ("attempt_time", "email", "ip_address", "id") 
        values
            (?, ?, ?, ?)
    2025-04-06T08:34:46.952-07:00  WARN 44469 --- [    Test worker] o.h.engine.jdbc.spi.SqlExceptionHelper   : SQL Error: 42102, SQLState: 42S02
    2025-04-06T08:34:46.952-07:00 ERROR 44469 --- [    Test worker] o.h.engine.jdbc.spi.SqlExceptionHelper   : Table "login_attempts" not found; SQL statement:
    insert into "login_attempts" ("attempt_time","email","ip_address","id") values (?,?,?,?) [42102-224]

LoginAttemptRepositoryTest > countByEmailAndAttemptTimeAfter_WithRecentAttempts_ShouldReturnCount() FAILED
    org.springframework.dao.InvalidDataAccessResourceUsageException: could not prepare statement [Table "login_attempts" not found; SQL statement:
    insert into "login_attempts" ("attempt_time","email","ip_address","id") values (?,?,?,?) [42102-224]] [insert into "login_attempts" ("attempt_time","email","ip_address","id") values (?,?,?,?)]; SQL [insert into "login_attempts" ("attempt_time","email","ip_address","id") values (?,?,?,?)]
        at app//org.springframework.orm.jpa.vendor.HibernateJpaDialect.convertHibernateAccessException(HibernateJpaDialect.java:277)
        at app//org.springframework.orm.jpa.vendor.HibernateJpaDialect.translateExceptionIfPossible(HibernateJpaDialect.java:241)
        at app//org.springframework.orm.jpa.AbstractEntityManagerFactoryBean.translateExceptionIfPossible(AbstractEntityManagerFactoryBean.java:550)
        at app//org.springframework.dao.support.ChainedPersistenceExceptionTranslator.translateExceptionIfPossible(ChainedPersistenceExceptionTranslator.java:61)
        at app//org.springframework.dao.support.DataAccessUtils.translateIfNecessary(DataAccessUtils.java:335)
        at app//org.springframework.dao.support.PersistenceExceptionTranslationInterceptor.invoke(PersistenceExceptionTranslationInterceptor.java:152)
        at app//org.springframework.aop.framework.ReflectiveMethodInvocation.proceed(ReflectiveMethodInvocation.java:184)
        at app//org.springframework.data.jpa.repository.support.CrudMethodMetadataPostProcessor$CrudMethodMetadataPopulatingMethodInterceptor.invoke(CrudMethodMetadataPostProcessor.java:135)
        at app//org.springframework.aop.framework.ReflectiveMethodInvocation.proceed(ReflectiveMethodInvocation.java:184)
        at app//org.springframework.aop.interceptor.ExposeInvocationInterceptor.invoke(ExposeInvocationInterceptor.java:97)
        at app//org.springframework.aop.framework.ReflectiveMethodInvocation.proceed(ReflectiveMethodInvocation.java:184)
        at app//org.springframework.aop.framework.JdkDynamicAopProxy.invoke(JdkDynamicAopProxy.java:220)
        at app/jdk.proxy3/jdk.proxy3.$Proxy140.countByEmailAndAttemptTimeAfter(Unknown Source)
        at app//com.heartrate.repository.LoginAttemptRepositoryTest.countByEmailAndAttemptTimeAfter_WithRecentAttempts_ShouldReturnCount(LoginAttemptRepositoryTest.java:54)

        Caused by:
        org.hibernate.exception.SQLGrammarException: could not prepare statement [Table "login_attempts" not found; SQL statement:
        insert into "login_attempts" ("attempt_time","email","ip_address","id") values (?,?,?,?) [42102-224]] [insert into "login_attempts" ("attempt_time","email","ip_address","id") values (?,?,?,?)]
            at app//org.hibernate.exception.internal.SQLExceptionTypeDelegate.convert(SQLExceptionTypeDelegate.java:66)
            at app//org.hibernate.exception.internal.StandardSQLExceptionConverter.convert(StandardSQLExceptionConverter.java:58)
            at app//org.hibernate.engine.jdbc.spi.SqlExceptionHelper.convert(SqlExceptionHelper.java:108)
            at app//org.hibernate.engine.jdbc.internal.MutationStatementPreparerImpl$StatementPreparationTemplate.prepareStatement(MutationStatementPreparerImpl.java:117)
            at app//org.hibernate.engine.jdbc.internal.MutationStatementPreparerImpl.prepareStatement(MutationStatementPreparerImpl.java:38)
            at app//org.hibernate.engine.jdbc.mutation.internal.ModelMutationHelper.standardStatementPreparation(ModelMutationHelper.java:145)
            at app//org.hibernate.engine.jdbc.mutation.internal.ModelMutationHelper.lambda$standardPreparation$0(ModelMutationHelper.java:118)
            at app//org.hibernate.engine.jdbc.mutation.internal.PreparedStatementDetailsStandard.resolveStatement(PreparedStatementDetailsStandard.java:87)
            at app//org.hibernate.engine.jdbc.mutation.internal.JdbcValueBindingsImpl.lambda$beforeStatement$0(JdbcValueBindingsImpl.java:88)
            at java.base@21.0.2/java.lang.Iterable.forEach(Iterable.java:75)
            at app//org.hibernate.engine.jdbc.mutation.spi.BindingGroup.forEachBinding(BindingGroup.java:51)
            at app//org.hibernate.engine.jdbc.mutation.internal.JdbcValueBindingsImpl.beforeStatement(JdbcValueBindingsImpl.java:85)
            at app//org.hibernate.engine.jdbc.mutation.internal.AbstractMutationExecutor.performNonBatchedMutation(AbstractMutationExecutor.java:104)
            at app//org.hibernate.engine.jdbc.mutation.internal.MutationExecutorSingleNonBatched.performNonBatchedOperations(MutationExecutorSingleNonBatched.java:40)
            at app//org.hibernate.engine.jdbc.mutation.internal.AbstractMutationExecutor.execute(AbstractMutationExecutor.java:52)
            at app//org.hibernate.persister.entity.mutation.InsertCoordinator.doStaticInserts(InsertCoordinator.java:175)
            at app//org.hibernate.persister.entity.mutation.InsertCoordinator.coordinateInsert(InsertCoordinator.java:113)
            at app//org.hibernate.persister.entity.AbstractEntityPersister.insert(AbstractEntityPersister.java:2873)
            at app//org.hibernate.action.internal.EntityInsertAction.execute(EntityInsertAction.java:104)
            at app//org.hibernate.engine.spi.ActionQueue.executeActions(ActionQueue.java:632)
            at app//org.hibernate.engine.spi.ActionQueue.executeActions(ActionQueue.java:499)
            at app//org.hibernate.event.internal.AbstractFlushingEventListener.performExecutions(AbstractFlushingEventListener.java:363)
            at app//org.hibernate.event.internal.DefaultAutoFlushEventListener.onAutoFlush(DefaultAutoFlushEventListener.java:61)
            at app//org.hibernate.event.service.internal.EventListenerGroupImpl.fireEventOnEachListener(EventListenerGroupImpl.java:127)
            at app//org.hibernate.internal.SessionImpl.autoFlushIfRequired(SessionImpl.java:1366)
            at app//org.hibernate.query.sqm.internal.ConcreteSqmSelectQueryPlan.lambda$new$2(ConcreteSqmSelectQueryPlan.java:136)
            at app//org.hibernate.query.sqm.internal.ConcreteSqmSelectQueryPlan.withCacheableSqmInterpretation(ConcreteSqmSelectQueryPlan.java:362)
            at app//org.hibernate.query.sqm.internal.ConcreteSqmSelectQueryPlan.performList(ConcreteSqmSelectQueryPlan.java:303)
            at app//org.hibernate.query.sqm.internal.QuerySqmImpl.doList(QuerySqmImpl.java:509)
            at app//org.hibernate.query.spi.AbstractSelectionQuery.list(AbstractSelectionQuery.java:427)
            at app//org.hibernate.query.spi.AbstractSelectionQuery.getSingleResult(AbstractSelectionQuery.java:564)
            at app//org.springframework.data.jpa.repository.query.JpaQueryExecution$SingleEntityExecution.doExecute(JpaQueryExecution.java:223)
            at app//org.springframework.data.jpa.repository.query.JpaQueryExecution.execute(JpaQueryExecution.java:92)
            at app//org.springframework.data.jpa.repository.query.AbstractJpaQuery.doExecute(AbstractJpaQuery.java:149)
            at app//org.springframework.data.jpa.repository.query.AbstractJpaQuery.execute(AbstractJpaQuery.java:137)
            at app//org.springframework.data.repository.core.support.RepositoryMethodInvoker.doInvoke(RepositoryMethodInvoker.java:170)
            at app//org.springframework.data.repository.core.support.RepositoryMethodInvoker.invoke(RepositoryMethodInvoker.java:158)
            at app//org.springframework.data.repository.core.support.QueryExecutorMethodInterceptor.doInvoke(QueryExecutorMethodInterceptor.java:164)
            at app//org.springframework.data.repository.core.support.QueryExecutorMethodInterceptor.invoke(QueryExecutorMethodInterceptor.java:143)
            at app//org.springframework.aop.framework.ReflectiveMethodInvocation.proceed(ReflectiveMethodInvocation.java:184)
            at app//org.springframework.data.projection.DefaultMethodInvokingMethodInterceptor.invoke(DefaultMethodInvokingMethodInterceptor.java:70)
            at app//org.springframework.aop.framework.ReflectiveMethodInvocation.proceed(ReflectiveMethodInvocation.java:184)
            at app//org.springframework.transaction.interceptor.TransactionInterceptor$1.proceedWithInvocation(TransactionInterceptor.java:123)
            at app//org.springframework.transaction.interceptor.TransactionAspectSupport.invokeWithinTransaction(TransactionAspectSupport.java:385)
            at app//org.springframework.transaction.interceptor.TransactionInterceptor.invoke(TransactionInterceptor.java:119)
            at app//org.springframework.aop.framework.ReflectiveMethodInvocation.proceed(ReflectiveMethodInvocation.java:184)
            at app//org.springframework.dao.support.PersistenceExceptionTranslationInterceptor.invoke(PersistenceExceptionTranslationInterceptor.java:137)
            ... 8 more

            Caused by:
            org.h2.jdbc.JdbcSQLSyntaxErrorException: Table "login_attempts" not found; SQL statement:
            insert into "login_attempts" ("attempt_time","email","ip_address","id") values (?,?,?,?) [42102-224]
                at app//org.h2.message.DbException.getJdbcSQLException(DbException.java:514)
                at app//org.h2.message.DbException.getJdbcSQLException(DbException.java:489)
                at app//org.h2.message.DbException.get(DbException.java:223)
                at app//org.h2.message.DbException.get(DbException.java:199)
                at app//org.h2.command.Parser.getTableOrViewNotFoundDbException(Parser.java:8064)
                at app//org.h2.command.Parser.getTableOrViewNotFoundDbException(Parser.java:8035)
                at app//org.h2.command.Parser.readTableOrView(Parser.java:8024)
                at app//org.h2.command.Parser.readTableOrView(Parser.java:7990)
                at app//org.h2.command.Parser.parseInsert(Parser.java:1540)
                at app//org.h2.command.Parser.parsePrepared(Parser.java:719)
                at app//org.h2.command.Parser.parse(Parser.java:592)
                at app//org.h2.command.Parser.parse(Parser.java:564)
                at app//org.h2.command.Parser.prepareCommand(Parser.java:483)
                at app//org.h2.engine.SessionLocal.prepareLocal(SessionLocal.java:639)
                at app//org.h2.engine.SessionLocal.prepareCommand(SessionLocal.java:559)
                at app//org.h2.jdbc.JdbcConnection.prepareCommand(JdbcConnection.java:1166)
                at app//org.h2.jdbc.JdbcPreparedStatement.<init>(JdbcPreparedStatement.java:93)
                at app//org.h2.jdbc.JdbcConnection.prepareStatement(JdbcConnection.java:316)
                at app//com.zaxxer.hikari.pool.ProxyConnection.prepareStatement(ProxyConnection.java:327)
                at app//com.zaxxer.hikari.pool.HikariProxyConnection.prepareStatement(HikariProxyConnection.java)
                at app//org.hibernate.engine.jdbc.internal.MutationStatementPreparerImpl$1.doPrepare(MutationStatementPreparerImpl.java:48)
                at app//org.hibernate.engine.jdbc.internal.MutationStatementPreparerImpl$StatementPreparationTemplate.prepareStatement(MutationStatementPreparerImpl.java:106)
                ... 51 more

LoginAttemptRepositoryTest > countByIpAddressAndAttemptTimeAfter_WithRecentAttempts_ShouldReturnCount() STANDARD_OUT
    2025-04-06T08:34:46.955-07:00 DEBUG 44469 --- [    Test worker] org.hibernate.SQL                        : 
        insert 
        into
            "login_attempts"
            ("attempt_time", "email", "ip_address", "id") 
        values
            (?, ?, ?, ?)
    Hibernate: 
        insert 
        into
            "login_attempts"
            ("attempt_time", "email", "ip_address", "id") 
        values
            (?, ?, ?, ?)
    2025-04-06T08:34:46.955-07:00  WARN 44469 --- [    Test worker] o.h.engine.jdbc.spi.SqlExceptionHelper   : SQL Error: 42102, SQLState: 42S02
    2025-04-06T08:34:46.956-07:00 ERROR 44469 --- [    Test worker] o.h.engine.jdbc.spi.SqlExceptionHelper   : Table "login_attempts" not found; SQL statement:
    insert into "login_attempts" ("attempt_time","email","ip_address","id") values (?,?,?,?) [42102-224]

LoginAttemptRepositoryTest > countByIpAddressAndAttemptTimeAfter_WithRecentAttempts_ShouldReturnCount() FAILED
    org.springframework.dao.InvalidDataAccessResourceUsageException: could not prepare statement [Table "login_attempts" not found; SQL statement:
    insert into "login_attempts" ("attempt_time","email","ip_address","id") values (?,?,?,?) [42102-224]] [insert into "login_attempts" ("attempt_time","email","ip_address","id") values (?,?,?,?)]; SQL [insert into "login_attempts" ("attempt_time","email","ip_address","id") values (?,?,?,?)]
        at app//org.springframework.orm.jpa.vendor.HibernateJpaDialect.convertHibernateAccessException(HibernateJpaDialect.java:277)
        at app//org.springframework.orm.jpa.vendor.HibernateJpaDialect.translateExceptionIfPossible(HibernateJpaDialect.java:241)
        at app//org.springframework.orm.jpa.AbstractEntityManagerFactoryBean.translateExceptionIfPossible(AbstractEntityManagerFactoryBean.java:550)
        at app//org.springframework.dao.support.ChainedPersistenceExceptionTranslator.translateExceptionIfPossible(ChainedPersistenceExceptionTranslator.java:61)
        at app//org.springframework.dao.support.DataAccessUtils.translateIfNecessary(DataAccessUtils.java:335)
        at app//org.springframework.dao.support.PersistenceExceptionTranslationInterceptor.invoke(PersistenceExceptionTranslationInterceptor.java:152)
        at app//org.springframework.aop.framework.ReflectiveMethodInvocation.proceed(ReflectiveMethodInvocation.java:184)
        at app//org.springframework.data.jpa.repository.support.CrudMethodMetadataPostProcessor$CrudMethodMetadataPopulatingMethodInterceptor.invoke(CrudMethodMetadataPostProcessor.java:135)
        at app//org.springframework.aop.framework.ReflectiveMethodInvocation.proceed(ReflectiveMethodInvocation.java:184)
        at app//org.springframework.aop.interceptor.ExposeInvocationInterceptor.invoke(ExposeInvocationInterceptor.java:97)
        at app//org.springframework.aop.framework.ReflectiveMethodInvocation.proceed(ReflectiveMethodInvocation.java:184)
        at app//org.springframework.aop.framework.JdkDynamicAopProxy.invoke(JdkDynamicAopProxy.java:220)
        at app/jdk.proxy3/jdk.proxy3.$Proxy140.countByIpAddressAndAttemptTimeAfter(Unknown Source)
        at app//com.heartrate.repository.LoginAttemptRepositoryTest.countByIpAddressAndAttemptTimeAfter_WithRecentAttempts_ShouldReturnCount(LoginAttemptRepositoryTest.java:86)

        Caused by:
        org.hibernate.exception.SQLGrammarException: could not prepare statement [Table "login_attempts" not found; SQL statement:
        insert into "login_attempts" ("attempt_time","email","ip_address","id") values (?,?,?,?) [42102-224]] [insert into "login_attempts" ("attempt_time","email","ip_address","id") values (?,?,?,?)]
            at app//org.hibernate.exception.internal.SQLExceptionTypeDelegate.convert(SQLExceptionTypeDelegate.java:66)
            at app//org.hibernate.exception.internal.StandardSQLExceptionConverter.convert(StandardSQLExceptionConverter.java:58)
            at app//org.hibernate.engine.jdbc.spi.SqlExceptionHelper.convert(SqlExceptionHelper.java:108)
            at app//org.hibernate.engine.jdbc.internal.MutationStatementPreparerImpl$StatementPreparationTemplate.prepareStatement(MutationStatementPreparerImpl.java:117)
            at app//org.hibernate.engine.jdbc.internal.MutationStatementPreparerImpl.prepareStatement(MutationStatementPreparerImpl.java:38)
            at app//org.hibernate.engine.jdbc.mutation.internal.ModelMutationHelper.standardStatementPreparation(ModelMutationHelper.java:145)
            at app//org.hibernate.engine.jdbc.mutation.internal.ModelMutationHelper.lambda$standardPreparation$0(ModelMutationHelper.java:118)
            at app//org.hibernate.engine.jdbc.mutation.internal.PreparedStatementDetailsStandard.resolveStatement(PreparedStatementDetailsStandard.java:87)
            at app//org.hibernate.engine.jdbc.mutation.internal.JdbcValueBindingsImpl.lambda$beforeStatement$0(JdbcValueBindingsImpl.java:88)
            at java.base@21.0.2/java.lang.Iterable.forEach(Iterable.java:75)
            at app//org.hibernate.engine.jdbc.mutation.spi.BindingGroup.forEachBinding(BindingGroup.java:51)
            at app//org.hibernate.engine.jdbc.mutation.internal.JdbcValueBindingsImpl.beforeStatement(JdbcValueBindingsImpl.java:85)
            at app//org.hibernate.engine.jdbc.mutation.internal.AbstractMutationExecutor.performNonBatchedMutation(AbstractMutationExecutor.java:104)
            at app//org.hibernate.engine.jdbc.mutation.internal.MutationExecutorSingleNonBatched.performNonBatchedOperations(MutationExecutorSingleNonBatched.java:40)
            at app//org.hibernate.engine.jdbc.mutation.internal.AbstractMutationExecutor.execute(AbstractMutationExecutor.java:52)
            at app//org.hibernate.persister.entity.mutation.InsertCoordinator.doStaticInserts(InsertCoordinator.java:175)
            at app//org.hibernate.persister.entity.mutation.InsertCoordinator.coordinateInsert(InsertCoordinator.java:113)
            at app//org.hibernate.persister.entity.AbstractEntityPersister.insert(AbstractEntityPersister.java:2873)
            at app//org.hibernate.action.internal.EntityInsertAction.execute(EntityInsertAction.java:104)
            at app//org.hibernate.engine.spi.ActionQueue.executeActions(ActionQueue.java:632)
            at app//org.hibernate.engine.spi.ActionQueue.executeActions(ActionQueue.java:499)
            at app//org.hibernate.event.internal.AbstractFlushingEventListener.performExecutions(AbstractFlushingEventListener.java:363)
            at app//org.hibernate.event.internal.DefaultAutoFlushEventListener.onAutoFlush(DefaultAutoFlushEventListener.java:61)
            at app//org.hibernate.event.service.internal.EventListenerGroupImpl.fireEventOnEachListener(EventListenerGroupImpl.java:127)
            at app//org.hibernate.internal.SessionImpl.autoFlushIfRequired(SessionImpl.java:1366)
            at app//org.hibernate.query.sqm.internal.ConcreteSqmSelectQueryPlan.lambda$new$2(ConcreteSqmSelectQueryPlan.java:136)
            at app//org.hibernate.query.sqm.internal.ConcreteSqmSelectQueryPlan.withCacheableSqmInterpretation(ConcreteSqmSelectQueryPlan.java:362)
            at app//org.hibernate.query.sqm.internal.ConcreteSqmSelectQueryPlan.performList(ConcreteSqmSelectQueryPlan.java:303)
            at app//org.hibernate.query.sqm.internal.QuerySqmImpl.doList(QuerySqmImpl.java:509)
            at app//org.hibernate.query.spi.AbstractSelectionQuery.list(AbstractSelectionQuery.java:427)
            at app//org.hibernate.query.spi.AbstractSelectionQuery.getSingleResult(AbstractSelectionQuery.java:564)
            at app//org.springframework.data.jpa.repository.query.JpaQueryExecution$SingleEntityExecution.doExecute(JpaQueryExecution.java:223)
            at app//org.springframework.data.jpa.repository.query.JpaQueryExecution.execute(JpaQueryExecution.java:92)
            at app//org.springframework.data.jpa.repository.query.AbstractJpaQuery.doExecute(AbstractJpaQuery.java:149)
            at app//org.springframework.data.jpa.repository.query.AbstractJpaQuery.execute(AbstractJpaQuery.java:137)
            at app//org.springframework.data.repository.core.support.RepositoryMethodInvoker.doInvoke(RepositoryMethodInvoker.java:170)
            at app//org.springframework.data.repository.core.support.RepositoryMethodInvoker.invoke(RepositoryMethodInvoker.java:158)
            at app//org.springframework.data.repository.core.support.QueryExecutorMethodInterceptor.doInvoke(QueryExecutorMethodInterceptor.java:164)
            at app//org.springframework.data.repository.core.support.QueryExecutorMethodInterceptor.invoke(QueryExecutorMethodInterceptor.java:143)
            at app//org.springframework.aop.framework.ReflectiveMethodInvocation.proceed(ReflectiveMethodInvocation.java:184)
            at app//org.springframework.data.projection.DefaultMethodInvokingMethodInterceptor.invoke(DefaultMethodInvokingMethodInterceptor.java:70)
            at app//org.springframework.aop.framework.ReflectiveMethodInvocation.proceed(ReflectiveMethodInvocation.java:184)
            at app//org.springframework.transaction.interceptor.TransactionInterceptor$1.proceedWithInvocation(TransactionInterceptor.java:123)
            at app//org.springframework.transaction.interceptor.TransactionAspectSupport.invokeWithinTransaction(TransactionAspectSupport.java:385)
            at app//org.springframework.transaction.interceptor.TransactionInterceptor.invoke(TransactionInterceptor.java:119)
            at app//org.springframework.aop.framework.ReflectiveMethodInvocation.proceed(ReflectiveMethodInvocation.java:184)
            at app//org.springframework.dao.support.PersistenceExceptionTranslationInterceptor.invoke(PersistenceExceptionTranslationInterceptor.java:137)
            ... 8 more

            Caused by:
            org.h2.jdbc.JdbcSQLSyntaxErrorException: Table "login_attempts" not found; SQL statement:
            insert into "login_attempts" ("attempt_time","email","ip_address","id") values (?,?,?,?) [42102-224]
                at app//org.h2.message.DbException.getJdbcSQLException(DbException.java:514)
                at app//org.h2.message.DbException.getJdbcSQLException(DbException.java:489)
                at app//org.h2.message.DbException.get(DbException.java:223)
                at app//org.h2.message.DbException.get(DbException.java:199)
                at app//org.h2.command.Parser.getTableOrViewNotFoundDbException(Parser.java:8064)
                at app//org.h2.command.Parser.getTableOrViewNotFoundDbException(Parser.java:8035)
                at app//org.h2.command.Parser.readTableOrView(Parser.java:8024)
                at app//org.h2.command.Parser.readTableOrView(Parser.java:7990)
                at app//org.h2.command.Parser.parseInsert(Parser.java:1540)
                at app//org.h2.command.Parser.parsePrepared(Parser.java:719)
                at app//org.h2.command.Parser.parse(Parser.java:592)
                at app//org.h2.command.Parser.parse(Parser.java:564)
                at app//org.h2.command.Parser.prepareCommand(Parser.java:483)
                at app//org.h2.engine.SessionLocal.prepareLocal(SessionLocal.java:639)
                at app//org.h2.engine.SessionLocal.prepareCommand(SessionLocal.java:559)
                at app//org.h2.jdbc.JdbcConnection.prepareCommand(JdbcConnection.java:1166)
                at app//org.h2.jdbc.JdbcPreparedStatement.<init>(JdbcPreparedStatement.java:93)
                at app//org.h2.jdbc.JdbcConnection.prepareStatement(JdbcConnection.java:316)
                at app//com.zaxxer.hikari.pool.ProxyConnection.prepareStatement(ProxyConnection.java:327)
                at app//com.zaxxer.hikari.pool.HikariProxyConnection.prepareStatement(HikariProxyConnection.java)
                at app//org.hibernate.engine.jdbc.internal.MutationStatementPreparerImpl$1.doPrepare(MutationStatementPreparerImpl.java:48)
                at app//org.hibernate.engine.jdbc.internal.MutationStatementPreparerImpl$StatementPreparationTemplate.prepareStatement(MutationStatementPreparerImpl.java:106)
                ... 51 more

VerificationTokenRepositoryTest STANDARD_OUT
    2025-04-06T08:34:46.962-07:00  INFO 44469 --- [    Test worker] t.c.s.AnnotationConfigContextLoaderUtils : Could not detect default configuration classes for test class [com.heartrate.repository.VerificationTokenRepositoryTest]: VerificationTokenRepositoryTest does not declare any static, non-private, non-final, nested classes annotated with @Configuration.
    2025-04-06T08:34:46.965-07:00  INFO 44469 --- [    Test worker] .b.t.c.SpringBootTestContextBootstrapper : Found @SpringBootConfiguration com.heartrate.BackendApplication for test class com.heartrate.repository.VerificationTokenRepositoryTest

VerificationTokenRepositoryTest > save_WithValidToken_ShouldPersistToken() STANDARD_OUT
    2025-04-06T08:34:46.968-07:00 DEBUG 44469 --- [    Test worker] org.hibernate.SQL                        : 
        select
            u1_0."id",
            u1_0."created_at",
            u1_0."display_name",
            u1_0."email",
            u1_0."email_verified",
            u1_0."first_name",
            u1_0."mobile_number",
            u1_0."password_hash",
            u1_0."remember_me_token",
            u1_0."updated_at",
            u1_0."user_address",
            u1_0."year_of_birth" 
        from
            "users" u1_0 
        where
            u1_0."id"=?
    Hibernate: 
        select
            u1_0."id",
            u1_0."created_at",
            u1_0."display_name",
            u1_0."email",
            u1_0."email_verified",
            u1_0."first_name",
            u1_0."mobile_number",
            u1_0."password_hash",
            u1_0."remember_me_token",
            u1_0."updated_at",
            u1_0."user_address",
            u1_0."year_of_birth" 
        from
            "users" u1_0 
        where
            u1_0."id"=?
    2025-04-06T08:34:46.969-07:00 DEBUG 44469 --- [    Test worker] org.hibernate.SQL                        : 
        select
            vt1_0."id",
            vt1_0."created_at",
            vt1_0."expires_at",
            vt1_0."token",
            vt1_0."type",
            vt1_0."user_id" 
        from
            "verification_tokens" vt1_0 
        where
            vt1_0."id"=?
    Hibernate: 
        select
            vt1_0."id",
            vt1_0."created_at",
            vt1_0."expires_at",
            vt1_0."token",
            vt1_0."type",
            vt1_0."user_id" 
        from
            "verification_tokens" vt1_0 
        where
            vt1_0."id"=?
    2025-04-06T08:34:46.970-07:00  WARN 44469 --- [    Test worker] o.h.engine.jdbc.spi.SqlExceptionHelper   : SQL Error: 42102, SQLState: 42S02
    2025-04-06T08:34:46.970-07:00 ERROR 44469 --- [    Test worker] o.h.engine.jdbc.spi.SqlExceptionHelper   : Table "verification_tokens" not found; SQL statement:
    select vt1_0."id",vt1_0."created_at",vt1_0."expires_at",vt1_0."token",vt1_0."type",vt1_0."user_id" from "verification_tokens" vt1_0 where vt1_0."id"=? [42102-224]
    2025-04-06T08:34:46.970-07:00  INFO 44469 --- [    Test worker] o.h.e.internal.DefaultLoadEventListener  : HHH000327: Error performing load command

    org.hibernate.exception.SQLGrammarException: could not prepare statement [Table "verification_tokens" not found; SQL statement:
    select vt1_0."id",vt1_0."created_at",vt1_0."expires_at",vt1_0."token",vt1_0."type",vt1_0."user_id" from "verification_tokens" vt1_0 where vt1_0."id"=? [42102-224]] [select vt1_0."id",vt1_0."created_at",vt1_0."expires_at",vt1_0."token",vt1_0."type",vt1_0."user_id" from "verification_tokens" vt1_0 where vt1_0."id"=?]
    	at org.hibernate.exception.internal.SQLExceptionTypeDelegate.convert(SQLExceptionTypeDelegate.java:66) ~[hibernate-core-6.4.4.Final.jar:6.4.4.Final]
    	at org.hibernate.exception.internal.StandardSQLExceptionConverter.convert(StandardSQLExceptionConverter.java:58) ~[hibernate-core-6.4.4.Final.jar:6.4.4.Final]
    	at org.hibernate.engine.jdbc.spi.SqlExceptionHelper.convert(SqlExceptionHelper.java:108) ~[hibernate-core-6.4.4.Final.jar:6.4.4.Final]
    	at org.hibernate.engine.jdbc.internal.StatementPreparerImpl$StatementPreparationTemplate.prepareStatement(StatementPreparerImpl.java:194) ~[hibernate-core-6.4.4.Final.jar:6.4.4.Final]
    	at org.hibernate.engine.jdbc.internal.StatementPreparerImpl.prepareQueryStatement(StatementPreparerImpl.java:155) ~[hibernate-core-6.4.4.Final.jar:6.4.4.Final]
    	at org.hibernate.sql.exec.spi.JdbcSelectExecutor.lambda$list$0(JdbcSelectExecutor.java:85) ~[hibernate-core-6.4.4.Final.jar:6.4.4.Final]
    	at org.hibernate.sql.results.jdbc.internal.DeferredResultSetAccess.executeQuery(DeferredResultSetAccess.java:231) ~[hibernate-core-6.4.4.Final.jar:6.4.4.Final]
    	at org.hibernate.sql.results.jdbc.internal.DeferredResultSetAccess.getResultSet(DeferredResultSetAccess.java:167) ~[hibernate-core-6.4.4.Final.jar:6.4.4.Final]
    	at org.hibernate.sql.results.jdbc.internal.JdbcValuesResultSetImpl.advanceNext(JdbcValuesResultSetImpl.java:218) ~[hibernate-core-6.4.4.Final.jar:6.4.4.Final]
    	at org.hibernate.sql.results.jdbc.internal.JdbcValuesResultSetImpl.processNext(JdbcValuesResultSetImpl.java:98) ~[hibernate-core-6.4.4.Final.jar:6.4.4.Final]
    	at org.hibernate.sql.results.jdbc.internal.AbstractJdbcValues.next(AbstractJdbcValues.java:19) ~[hibernate-core-6.4.4.Final.jar:6.4.4.Final]
    	at org.hibernate.sql.results.internal.RowProcessingStateStandardImpl.next(RowProcessingStateStandardImpl.java:66) ~[hibernate-core-6.4.4.Final.jar:6.4.4.Final]
    	at org.hibernate.sql.results.spi.ListResultsConsumer.consume(ListResultsConsumer.java:187) ~[hibernate-core-6.4.4.Final.jar:6.4.4.Final]
    	at org.hibernate.sql.results.spi.ListResultsConsumer.consume(ListResultsConsumer.java:33) ~[hibernate-core-6.4.4.Final.jar:6.4.4.Final]
    	at org.hibernate.sql.exec.internal.JdbcSelectExecutorStandardImpl.doExecuteQuery(JdbcSelectExecutorStandardImpl.java:209) ~[hibernate-core-6.4.4.Final.jar:6.4.4.Final]
    	at org.hibernate.sql.exec.internal.JdbcSelectExecutorStandardImpl.executeQuery(JdbcSelectExecutorStandardImpl.java:83) ~[hibernate-core-6.4.4.Final.jar:6.4.4.Final]
    	at org.hibernate.sql.exec.spi.JdbcSelectExecutor.list(JdbcSelectExecutor.java:76) ~[hibernate-core-6.4.4.Final.jar:6.4.4.Final]
    	at org.hibernate.sql.exec.spi.JdbcSelectExecutor.list(JdbcSelectExecutor.java:65) ~[hibernate-core-6.4.4.Final.jar:6.4.4.Final]
    	at org.hibernate.loader.ast.internal.SingleIdLoadPlan.load(SingleIdLoadPlan.java:145) ~[hibernate-core-6.4.4.Final.jar:6.4.4.Final]
    	at org.hibernate.loader.ast.internal.SingleIdLoadPlan.load(SingleIdLoadPlan.java:117) ~[hibernate-core-6.4.4.Final.jar:6.4.4.Final]
    	at org.hibernate.loader.ast.internal.SingleIdEntityLoaderStandardImpl.load(SingleIdEntityLoaderStandardImpl.java:75) ~[hibernate-core-6.4.4.Final.jar:6.4.4.Final]
    	at org.hibernate.persister.entity.AbstractEntityPersister.doLoad(AbstractEntityPersister.java:3748) ~[hibernate-core-6.4.4.Final.jar:6.4.4.Final]
    	at org.hibernate.persister.entity.AbstractEntityPersister.load(AbstractEntityPersister.java:3737) ~[hibernate-core-6.4.4.Final.jar:6.4.4.Final]
    	at org.hibernate.event.internal.DefaultLoadEventListener.loadFromDatasource(DefaultLoadEventListener.java:604) ~[hibernate-core-6.4.4.Final.jar:6.4.4.Final]
    	at org.hibernate.event.internal.DefaultLoadEventListener.loadFromCacheOrDatasource(DefaultLoadEventListener.java:590) ~[hibernate-core-6.4.4.Final.jar:6.4.4.Final]
    	at org.hibernate.event.internal.DefaultLoadEventListener.load(DefaultLoadEventListener.java:560) ~[hibernate-core-6.4.4.Final.jar:6.4.4.Final]
    	at org.hibernate.event.internal.DefaultLoadEventListener.doLoad(DefaultLoadEventListener.java:544) ~[hibernate-core-6.4.4.Final.jar:6.4.4.Final]
    	at org.hibernate.event.internal.DefaultLoadEventListener.load(DefaultLoadEventListener.java:207) ~[hibernate-core-6.4.4.Final.jar:6.4.4.Final]
    	at org.hibernate.event.internal.DefaultLoadEventListener.loadWithRegularProxy(DefaultLoadEventListener.java:290) ~[hibernate-core-6.4.4.Final.jar:6.4.4.Final]
    	at org.hibernate.event.internal.DefaultLoadEventListener.proxyOrLoad(DefaultLoadEventListener.java:242) ~[hibernate-core-6.4.4.Final.jar:6.4.4.Final]
    	at org.hibernate.event.internal.DefaultLoadEventListener.doOnLoad(DefaultLoadEventListener.java:111) ~[hibernate-core-6.4.4.Final.jar:6.4.4.Final]
    	at org.hibernate.event.internal.DefaultLoadEventListener.onLoad(DefaultLoadEventListener.java:68) ~[hibernate-core-6.4.4.Final.jar:6.4.4.Final]
    	at org.hibernate.event.service.internal.EventListenerGroupImpl.fireEventOnEachListener(EventListenerGroupImpl.java:138) ~[hibernate-core-6.4.4.Final.jar:6.4.4.Final]
    	at org.hibernate.internal.SessionImpl.fireLoadNoChecks(SessionImpl.java:1222) ~[hibernate-core-6.4.4.Final.jar:6.4.4.Final]
    	at org.hibernate.internal.SessionImpl.fireLoad(SessionImpl.java:1210) ~[hibernate-core-6.4.4.Final.jar:6.4.4.Final]
    	at org.hibernate.loader.internal.IdentifierLoadAccessImpl.load(IdentifierLoadAccessImpl.java:209) ~[hibernate-core-6.4.4.Final.jar:6.4.4.Final]
    	at org.hibernate.loader.internal.IdentifierLoadAccessImpl.doLoad(IdentifierLoadAccessImpl.java:160) ~[hibernate-core-6.4.4.Final.jar:6.4.4.Final]
    	at org.hibernate.loader.internal.IdentifierLoadAccessImpl.lambda$load$1(IdentifierLoadAccessImpl.java:149) ~[hibernate-core-6.4.4.Final.jar:6.4.4.Final]
    	at org.hibernate.loader.internal.IdentifierLoadAccessImpl.perform(IdentifierLoadAccessImpl.java:112) ~[hibernate-core-6.4.4.Final.jar:6.4.4.Final]
    	at org.hibernate.loader.internal.IdentifierLoadAccessImpl.load(IdentifierLoadAccessImpl.java:149) ~[hibernate-core-6.4.4.Final.jar:6.4.4.Final]
    	at org.hibernate.internal.SessionImpl.get(SessionImpl.java:1023) ~[hibernate-core-6.4.4.Final.jar:6.4.4.Final]
    	at org.hibernate.event.internal.DefaultMergeEventListener.lambda$entityIsDetached$0(DefaultMergeEventListener.java:407) ~[hibernate-core-6.4.4.Final.jar:6.4.4.Final]
    	at org.hibernate.engine.spi.LoadQueryInfluencers.fromInternalFetchProfile(LoadQueryInfluencers.java:99) ~[hibernate-core-6.4.4.Final.jar:6.4.4.Final]
    	at org.hibernate.event.internal.DefaultMergeEventListener.entityIsDetached(DefaultMergeEventListener.java:405) ~[hibernate-core-6.4.4.Final.jar:6.4.4.Final]
    	at org.hibernate.event.internal.DefaultMergeEventListener.merge(DefaultMergeEventListener.java:208) ~[hibernate-core-6.4.4.Final.jar:6.4.4.Final]
    	at org.hibernate.event.internal.DefaultMergeEventListener.doMerge(DefaultMergeEventListener.java:146) ~[hibernate-core-6.4.4.Final.jar:6.4.4.Final]
    	at org.hibernate.event.internal.DefaultMergeEventListener.onMerge(DefaultMergeEventListener.java:130) ~[hibernate-core-6.4.4.Final.jar:6.4.4.Final]
    	at org.hibernate.event.internal.DefaultMergeEventListener.onMerge(DefaultMergeEventListener.java:84) ~[hibernate-core-6.4.4.Final.jar:6.4.4.Final]
    	at org.hibernate.event.service.internal.EventListenerGroupImpl.fireEventOnEachListener(EventListenerGroupImpl.java:127) ~[hibernate-core-6.4.4.Final.jar:6.4.4.Final]
    	at org.hibernate.internal.SessionImpl.fireMerge(SessionImpl.java:847) ~[hibernate-core-6.4.4.Final.jar:6.4.4.Final]
    	at org.hibernate.internal.SessionImpl.merge(SessionImpl.java:833) ~[hibernate-core-6.4.4.Final.jar:6.4.4.Final]
    	at java.base/jdk.internal.reflect.DirectMethodHandleAccessor.invoke(DirectMethodHandleAccessor.java:103) ~[na:na]
    	at java.base/java.lang.reflect.Method.invoke(Method.java:580) ~[na:na]
    	at org.springframework.orm.jpa.SharedEntityManagerCreator$SharedEntityManagerInvocationHandler.invoke(SharedEntityManagerCreator.java:319) ~[spring-orm-6.1.4.jar:6.1.4]
    	at jdk.proxy3/jdk.proxy3.$Proxy135.merge(Unknown Source) ~[na:na]
    	at org.springframework.data.jpa.repository.support.SimpleJpaRepository.save(SimpleJpaRepository.java:621) ~[spring-data-jpa-3.2.3.jar:3.2.3]
    	at java.base/jdk.internal.reflect.DirectMethodHandleAccessor.invoke(DirectMethodHandleAccessor.java:103) ~[na:na]
    	at java.base/java.lang.reflect.Method.invoke(Method.java:580) ~[na:na]
    	at org.springframework.aop.support.AopUtils.invokeJoinpointUsingReflection(AopUtils.java:351) ~[spring-aop-6.1.4.jar:6.1.4]
    	at org.springframework.data.repository.core.support.RepositoryMethodInvoker$RepositoryFragmentMethodInvoker.lambda$new$0(RepositoryMethodInvoker.java:277) ~[spring-data-commons-3.2.3.jar:3.2.3]
    	at org.springframework.data.repository.core.support.RepositoryMethodInvoker.doInvoke(RepositoryMethodInvoker.java:170) ~[spring-data-commons-3.2.3.jar:3.2.3]
    	at org.springframework.data.repository.core.support.RepositoryMethodInvoker.invoke(RepositoryMethodInvoker.java:158) ~[spring-data-commons-3.2.3.jar:3.2.3]
    	at org.springframework.data.repository.core.support.RepositoryComposition$RepositoryFragments.invoke(RepositoryComposition.java:516) ~[spring-data-commons-3.2.3.jar:3.2.3]
    	at org.springframework.data.repository.core.support.RepositoryComposition.invoke(RepositoryComposition.java:285) ~[spring-data-commons-3.2.3.jar:3.2.3]
    	at org.springframework.data.repository.core.support.RepositoryFactorySupport$ImplementationMethodExecutionInterceptor.invoke(RepositoryFactorySupport.java:628) ~[spring-data-commons-3.2.3.jar:3.2.3]
    	at org.springframework.aop.framework.ReflectiveMethodInvocation.proceed(ReflectiveMethodInvocation.java:184) ~[spring-aop-6.1.4.jar:6.1.4]
    	at org.springframework.data.repository.core.support.QueryExecutorMethodInterceptor.doInvoke(QueryExecutorMethodInterceptor.java:168) ~[spring-data-commons-3.2.3.jar:3.2.3]
    	at org.springframework.data.repository.core.support.QueryExecutorMethodInterceptor.invoke(QueryExecutorMethodInterceptor.java:143) ~[spring-data-commons-3.2.3.jar:3.2.3]
    	at org.springframework.aop.framework.ReflectiveMethodInvocation.proceed(ReflectiveMethodInvocation.java:184) ~[spring-aop-6.1.4.jar:6.1.4]
    	at org.springframework.data.projection.DefaultMethodInvokingMethodInterceptor.invoke(DefaultMethodInvokingMethodInterceptor.java:70) ~[spring-data-commons-3.2.3.jar:3.2.3]
    	at org.springframework.aop.framework.ReflectiveMethodInvocation.proceed(ReflectiveMethodInvocation.java:184) ~[spring-aop-6.1.4.jar:6.1.4]
    	at org.springframework.transaction.interceptor.TransactionInterceptor$1.proceedWithInvocation(TransactionInterceptor.java:123) ~[spring-tx-6.1.4.jar:6.1.4]
    	at org.springframework.transaction.interceptor.TransactionAspectSupport.invokeWithinTransaction(TransactionAspectSupport.java:385) ~[spring-tx-6.1.4.jar:6.1.4]
    	at org.springframework.transaction.interceptor.TransactionInterceptor.invoke(TransactionInterceptor.java:119) ~[spring-tx-6.1.4.jar:6.1.4]
    	at org.springframework.aop.framework.ReflectiveMethodInvocation.proceed(ReflectiveMethodInvocation.java:184) ~[spring-aop-6.1.4.jar:6.1.4]
    	at org.springframework.dao.support.PersistenceExceptionTranslationInterceptor.invoke(PersistenceExceptionTranslationInterceptor.java:137) ~[spring-tx-6.1.4.jar:6.1.4]
    	at org.springframework.aop.framework.ReflectiveMethodInvocation.proceed(ReflectiveMethodInvocation.java:184) ~[spring-aop-6.1.4.jar:6.1.4]
    	at org.springframework.data.jpa.repository.support.CrudMethodMetadataPostProcessor$CrudMethodMetadataPopulatingMethodInterceptor.invoke(CrudMethodMetadataPostProcessor.java:164) ~[spring-data-jpa-3.2.3.jar:3.2.3]
    	at org.springframework.aop.framework.ReflectiveMethodInvocation.proceed(ReflectiveMethodInvocation.java:184) ~[spring-aop-6.1.4.jar:6.1.4]
    	at org.springframework.aop.interceptor.ExposeInvocationInterceptor.invoke(ExposeInvocationInterceptor.java:97) ~[spring-aop-6.1.4.jar:6.1.4]
    	at org.springframework.aop.framework.ReflectiveMethodInvocation.proceed(ReflectiveMethodInvocation.java:184) ~[spring-aop-6.1.4.jar:6.1.4]
    	at org.springframework.aop.framework.JdkDynamicAopProxy.invoke(JdkDynamicAopProxy.java:220) ~[spring-aop-6.1.4.jar:6.1.4]
    	at jdk.proxy3/jdk.proxy3.$Proxy145.save(Unknown Source) ~[na:na]
    	at com.heartrate.repository.VerificationTokenRepositoryTest.save_WithValidToken_ShouldPersistToken(VerificationTokenRepositoryTest.java:121) ~[test/:na]
    	at java.base/jdk.internal.reflect.DirectMethodHandleAccessor.invoke(DirectMethodHandleAccessor.java:103) ~[na:na]
    	at java.base/java.lang.reflect.Method.invoke(Method.java:580) ~[na:na]
    	at org.junit.platform.commons.util.ReflectionUtils.invokeMethod(ReflectionUtils.java:728) ~[junit-platform-commons-1.10.2.jar:1.10.2]
    	at org.junit.jupiter.engine.execution.MethodInvocation.proceed(MethodInvocation.java:60) ~[junit-jupiter-engine-5.10.2.jar:5.10.2]
    	at org.junit.jupiter.engine.execution.InvocationInterceptorChain$ValidatingInvocation.proceed(InvocationInterceptorChain.java:131) ~[junit-jupiter-engine-5.10.2.jar:5.10.2]
    	at org.junit.jupiter.engine.extension.TimeoutExtension.intercept(TimeoutExtension.java:156) ~[junit-jupiter-engine-5.10.2.jar:5.10.2]
    	at org.junit.jupiter.engine.extension.TimeoutExtension.interceptTestableMethod(TimeoutExtension.java:147) ~[junit-jupiter-engine-5.10.2.jar:5.10.2]
    	at org.junit.jupiter.engine.extension.TimeoutExtension.interceptTestMethod(TimeoutExtension.java:86) ~[junit-jupiter-engine-5.10.2.jar:5.10.2]
    	at org.junit.jupiter.engine.execution.InterceptingExecutableInvoker$ReflectiveInterceptorCall.lambda$ofVoidMethod$0(InterceptingExecutableInvoker.java:103) ~[junit-jupiter-engine-5.10.2.jar:5.10.2]
    	at org.junit.jupiter.engine.execution.InterceptingExecutableInvoker.lambda$invoke$0(InterceptingExecutableInvoker.java:93) ~[junit-jupiter-engine-5.10.2.jar:5.10.2]
    	at org.junit.jupiter.engine.execution.InvocationInterceptorChain$InterceptedInvocation.proceed(InvocationInterceptorChain.java:106) ~[junit-jupiter-engine-5.10.2.jar:5.10.2]
    	at org.junit.jupiter.engine.execution.InvocationInterceptorChain.proceed(InvocationInterceptorChain.java:64) ~[junit-jupiter-engine-5.10.2.jar:5.10.2]
    	at org.junit.jupiter.engine.execution.InvocationInterceptorChain.chainAndInvoke(InvocationInterceptorChain.java:45) ~[junit-jupiter-engine-5.10.2.jar:5.10.2]
    	at org.junit.jupiter.engine.execution.InvocationInterceptorChain.invoke(InvocationInterceptorChain.java:37) ~[junit-jupiter-engine-5.10.2.jar:5.10.2]
    	at org.junit.jupiter.engine.execution.InterceptingExecutableInvoker.invoke(InterceptingExecutableInvoker.java:92) ~[junit-jupiter-engine-5.10.2.jar:5.10.2]
    	at org.junit.jupiter.engine.execution.InterceptingExecutableInvoker.invoke(InterceptingExecutableInvoker.java:86) ~[junit-jupiter-engine-5.10.2.jar:5.10.2]
    	at org.junit.jupiter.engine.descriptor.TestMethodTestDescriptor.lambda$invokeTestMethod$7(TestMethodTestDescriptor.java:218) ~[junit-jupiter-engine-5.10.2.jar:5.10.2]
    	at org.junit.platform.engine.support.hierarchical.ThrowableCollector.execute(ThrowableCollector.java:73) ~[junit-platform-engine-1.10.2.jar:1.10.2]
    	at org.junit.jupiter.engine.descriptor.TestMethodTestDescriptor.invokeTestMethod(TestMethodTestDescriptor.java:214) ~[junit-jupiter-engine-5.10.2.jar:5.10.2]
    	at org.junit.jupiter.engine.descriptor.TestMethodTestDescriptor.execute(TestMethodTestDescriptor.java:139) ~[junit-jupiter-engine-5.10.2.jar:5.10.2]
    	at org.junit.jupiter.engine.descriptor.TestMethodTestDescriptor.execute(TestMethodTestDescriptor.java:69) ~[junit-jupiter-engine-5.10.2.jar:5.10.2]
    	at org.junit.platform.engine.support.hierarchical.NodeTestTask.lambda$executeRecursively$6(NodeTestTask.java:151) ~[junit-platform-engine-1.10.2.jar:1.10.2]
    	at org.junit.platform.engine.support.hierarchical.ThrowableCollector.execute(ThrowableCollector.java:73) ~[junit-platform-engine-1.10.2.jar:1.10.2]
    	at org.junit.platform.engine.support.hierarchical.NodeTestTask.lambda$executeRecursively$8(NodeTestTask.java:141) ~[junit-platform-engine-1.10.2.jar:1.10.2]
    	at org.junit.platform.engine.support.hierarchical.Node.around(Node.java:137) ~[junit-platform-engine-1.10.2.jar:1.10.2]
    	at org.junit.platform.engine.support.hierarchical.NodeTestTask.lambda$executeRecursively$9(NodeTestTask.java:139) ~[junit-platform-engine-1.10.2.jar:1.10.2]
    	at org.junit.platform.engine.support.hierarchical.ThrowableCollector.execute(ThrowableCollector.java:73) ~[junit-platform-engine-1.10.2.jar:1.10.2]
    	at org.junit.platform.engine.support.hierarchical.NodeTestTask.executeRecursively(NodeTestTask.java:138) ~[junit-platform-engine-1.10.2.jar:1.10.2]
    	at org.junit.platform.engine.support.hierarchical.NodeTestTask.execute(NodeTestTask.java:95) ~[junit-platform-engine-1.10.2.jar:1.10.2]
    	at java.base/java.util.ArrayList.forEach(ArrayList.java:1596) ~[na:na]
    	at org.junit.platform.engine.support.hierarchical.SameThreadHierarchicalTestExecutorService.invokeAll(SameThreadHierarchicalTestExecutorService.java:41) ~[junit-platform-engine-1.10.2.jar:1.10.2]
    	at org.junit.platform.engine.support.hierarchical.NodeTestTask.lambda$executeRecursively$6(NodeTestTask.java:155) ~[junit-platform-engine-1.10.2.jar:1.10.2]
    	at org.junit.platform.engine.support.hierarchical.ThrowableCollector.execute(ThrowableCollector.java:73) ~[junit-platform-engine-1.10.2.jar:1.10.2]
    	at org.junit.platform.engine.support.hierarchical.NodeTestTask.lambda$executeRecursively$8(NodeTestTask.java:141) ~[junit-platform-engine-1.10.2.jar:1.10.2]
    	at org.junit.platform.engine.support.hierarchical.Node.around(Node.java:137) ~[junit-platform-engine-1.10.2.jar:1.10.2]
    	at org.junit.platform.engine.support.hierarchical.NodeTestTask.lambda$executeRecursively$9(NodeTestTask.java:139) ~[junit-platform-engine-1.10.2.jar:1.10.2]
    	at org.junit.platform.engine.support.hierarchical.ThrowableCollector.execute(ThrowableCollector.java:73) ~[junit-platform-engine-1.10.2.jar:1.10.2]
    	at org.junit.platform.engine.support.hierarchical.NodeTestTask.executeRecursively(NodeTestTask.java:138) ~[junit-platform-engine-1.10.2.jar:1.10.2]
    	at org.junit.platform.engine.support.hierarchical.NodeTestTask.execute(NodeTestTask.java:95) ~[junit-platform-engine-1.10.2.jar:1.10.2]
    	at java.base/java.util.ArrayList.forEach(ArrayList.java:1596) ~[na:na]
    	at org.junit.platform.engine.support.hierarchical.SameThreadHierarchicalTestExecutorService.invokeAll(SameThreadHierarchicalTestExecutorService.java:41) ~[junit-platform-engine-1.10.2.jar:1.10.2]
    	at org.junit.platform.engine.support.hierarchical.NodeTestTask.lambda$executeRecursively$6(NodeTestTask.java:155) ~[junit-platform-engine-1.10.2.jar:1.10.2]
    	at org.junit.platform.engine.support.hierarchical.ThrowableCollector.execute(ThrowableCollector.java:73) ~[junit-platform-engine-1.10.2.jar:1.10.2]
    	at org.junit.platform.engine.support.hierarchical.NodeTestTask.lambda$executeRecursively$8(NodeTestTask.java:141) ~[junit-platform-engine-1.10.2.jar:1.10.2]
    	at org.junit.platform.engine.support.hierarchical.Node.around(Node.java:137) ~[junit-platform-engine-1.10.2.jar:1.10.2]
    	at org.junit.platform.engine.support.hierarchical.NodeTestTask.lambda$executeRecursively$9(NodeTestTask.java:139) ~[junit-platform-engine-1.10.2.jar:1.10.2]
    	at org.junit.platform.engine.support.hierarchical.ThrowableCollector.execute(ThrowableCollector.java:73) ~[junit-platform-engine-1.10.2.jar:1.10.2]
    	at org.junit.platform.engine.support.hierarchical.NodeTestTask.executeRecursively(NodeTestTask.java:138) ~[junit-platform-engine-1.10.2.jar:1.10.2]
    	at org.junit.platform.engine.support.hierarchical.NodeTestTask.execute(NodeTestTask.java:95) ~[junit-platform-engine-1.10.2.jar:1.10.2]
    	at org.junit.platform.engine.support.hierarchical.SameThreadHierarchicalTestExecutorService.submit(SameThreadHierarchicalTestExecutorService.java:35) ~[junit-platform-engine-1.10.2.jar:1.10.2]
    	at org.junit.platform.engine.support.hierarchical.HierarchicalTestExecutor.execute(HierarchicalTestExecutor.java:57) ~[junit-platform-engine-1.10.2.jar:1.10.2]
    	at org.junit.platform.engine.support.hierarchical.HierarchicalTestEngine.execute(HierarchicalTestEngine.java:54) ~[junit-platform-engine-1.10.2.jar:1.10.2]
    	at org.junit.platform.launcher.core.EngineExecutionOrchestrator.execute(EngineExecutionOrchestrator.java:107) ~[junit-platform-launcher-1.8.2.jar:1.8.2]
    	at org.junit.platform.launcher.core.EngineExecutionOrchestrator.execute(EngineExecutionOrchestrator.java:88) ~[junit-platform-launcher-1.8.2.jar:1.8.2]
    	at org.junit.platform.launcher.core.EngineExecutionOrchestrator.lambda$execute$0(EngineExecutionOrchestrator.java:54) ~[junit-platform-launcher-1.8.2.jar:1.8.2]
    	at org.junit.platform.launcher.core.EngineExecutionOrchestrator.withInterceptedStreams(EngineExecutionOrchestrator.java:67) ~[junit-platform-launcher-1.8.2.jar:1.8.2]
    	at org.junit.platform.launcher.core.EngineExecutionOrchestrator.execute(EngineExecutionOrchestrator.java:52) ~[junit-platform-launcher-1.8.2.jar:1.8.2]
    	at org.junit.platform.launcher.core.DefaultLauncher.execute(DefaultLauncher.java:114) ~[junit-platform-launcher-1.8.2.jar:1.8.2]
    	at org.junit.platform.launcher.core.DefaultLauncher.execute(DefaultLauncher.java:86) ~[junit-platform-launcher-1.8.2.jar:1.8.2]
    	at org.junit.platform.launcher.core.DefaultLauncherSession$DelegatingLauncher.execute(DefaultLauncherSession.java:86) ~[junit-platform-launcher-1.8.2.jar:1.8.2]
    	at org.gradle.api.internal.tasks.testing.junitplatform.JUnitPlatformTestClassProcessor$CollectAllTestClassesExecutor.processAllTestClasses(JUnitPlatformTestClassProcessor.java:124) ~[na:na]
    	at org.gradle.api.internal.tasks.testing.junitplatform.JUnitPlatformTestClassProcessor$CollectAllTestClassesExecutor.access$000(JUnitPlatformTestClassProcessor.java:99) ~[na:na]
    	at org.gradle.api.internal.tasks.testing.junitplatform.JUnitPlatformTestClassProcessor.stop(JUnitPlatformTestClassProcessor.java:94) ~[na:na]
    	at org.gradle.api.internal.tasks.testing.SuiteTestClassProcessor.stop(SuiteTestClassProcessor.java:63) ~[na:na]
    	at java.base/jdk.internal.reflect.DirectMethodHandleAccessor.invoke(DirectMethodHandleAccessor.java:103) ~[na:na]
    	at java.base/java.lang.reflect.Method.invoke(Method.java:580) ~[na:na]
    	at org.gradle.internal.dispatch.ReflectionDispatch.dispatch(ReflectionDispatch.java:36) ~[na:na]
    	at org.gradle.internal.dispatch.ReflectionDispatch.dispatch(ReflectionDispatch.java:24) ~[na:na]
    	at org.gradle.internal.dispatch.ContextClassLoaderDispatch.dispatch(ContextClassLoaderDispatch.java:33) ~[na:na]
    	at org.gradle.internal.dispatch.ProxyDispatchAdapter$DispatchingInvocationHandler.invoke(ProxyDispatchAdapter.java:92) ~[na:na]
    	at jdk.proxy1/jdk.proxy1.$Proxy4.stop(Unknown Source) ~[na:na]
    	at org.gradle.api.internal.tasks.testing.worker.TestWorker$3.run(TestWorker.java:200) ~[na:na]
    	at org.gradle.api.internal.tasks.testing.worker.TestWorker.executeAndMaintainThreadName(TestWorker.java:132) ~[na:na]
    	at org.gradle.api.internal.tasks.testing.worker.TestWorker.execute(TestWorker.java:103) ~[na:na]
    	at org.gradle.api.internal.tasks.testing.worker.TestWorker.execute(TestWorker.java:63) ~[na:na]
    	at org.gradle.process.internal.worker.child.ActionExecutionWorker.execute(ActionExecutionWorker.java:56) ~[na:na]
    	at org.gradle.process.internal.worker.child.SystemApplicationClassLoaderWorker.call(SystemApplicationClassLoaderWorker.java:121) ~[na:na]
    	at org.gradle.process.internal.worker.child.SystemApplicationClassLoaderWorker.call(SystemApplicationClassLoaderWorker.java:71) ~[na:na]
    	at worker.org.gradle.process.internal.worker.GradleWorkerMain.run(GradleWorkerMain.java:69) ~[gradle-worker.jar:na]
    	at worker.org.gradle.process.internal.worker.GradleWorkerMain.main(GradleWorkerMain.java:74) ~[gradle-worker.jar:na]
    Caused by: org.h2.jdbc.JdbcSQLSyntaxErrorException: Table "verification_tokens" not found; SQL statement:
    select vt1_0."id",vt1_0."created_at",vt1_0."expires_at",vt1_0."token",vt1_0."type",vt1_0."user_id" from "verification_tokens" vt1_0 where vt1_0."id"=? [42102-224]
    	at org.h2.message.DbException.getJdbcSQLException(DbException.java:514) ~[h2-2.2.224.jar:2.2.224]
    	at org.h2.message.DbException.getJdbcSQLException(DbException.java:489) ~[h2-2.2.224.jar:2.2.224]
    	at org.h2.message.DbException.get(DbException.java:223) ~[h2-2.2.224.jar:2.2.224]
    	at org.h2.message.DbException.get(DbException.java:199) ~[h2-2.2.224.jar:2.2.224]
    	at org.h2.command.Parser.getTableOrViewNotFoundDbException(Parser.java:8064) ~[h2-2.2.224.jar:2.2.224]
    	at org.h2.command.Parser.getTableOrViewNotFoundDbException(Parser.java:8035) ~[h2-2.2.224.jar:2.2.224]
    	at org.h2.command.Parser.readTableOrView(Parser.java:8024) ~[h2-2.2.224.jar:2.2.224]
    	at org.h2.command.Parser.readTablePrimary(Parser.java:1788) ~[h2-2.2.224.jar:2.2.224]
    	at org.h2.command.Parser.readTableReference(Parser.java:2268) ~[h2-2.2.224.jar:2.2.224]
    	at org.h2.command.Parser.parseSelectFromPart(Parser.java:2718) ~[h2-2.2.224.jar:2.2.224]
    	at org.h2.command.Parser.parseSelect(Parser.java:2824) ~[h2-2.2.224.jar:2.2.224]
    	at org.h2.command.Parser.parseQueryPrimary(Parser.java:2708) ~[h2-2.2.224.jar:2.2.224]
    	at org.h2.command.Parser.parseQueryTerm(Parser.java:2564) ~[h2-2.2.224.jar:2.2.224]
    	at org.h2.command.Parser.parseQueryExpressionBody(Parser.java:2543) ~[h2-2.2.224.jar:2.2.224]
    	at org.h2.command.Parser.parseQueryExpressionBodyAndEndOfQuery(Parser.java:2536) ~[h2-2.2.224.jar:2.2.224]
    	at org.h2.command.Parser.parseQueryExpression(Parser.java:2529) ~[h2-2.2.224.jar:2.2.224]
    	at org.h2.command.Parser.parseQuery(Parser.java:2498) ~[h2-2.2.224.jar:2.2.224]
    	at org.h2.command.Parser.parsePrepared(Parser.java:627) ~[h2-2.2.224.jar:2.2.224]
    	at org.h2.command.Parser.parse(Parser.java:592) ~[h2-2.2.224.jar:2.2.224]
    	at org.h2.command.Parser.parse(Parser.java:564) ~[h2-2.2.224.jar:2.2.224]
    	at org.h2.command.Parser.prepareCommand(Parser.java:483) ~[h2-2.2.224.jar:2.2.224]
    	at org.h2.engine.SessionLocal.prepareLocal(SessionLocal.java:639) ~[h2-2.2.224.jar:2.2.224]
    	at org.h2.engine.SessionLocal.prepareCommand(SessionLocal.java:559) ~[h2-2.2.224.jar:2.2.224]
    	at org.h2.jdbc.JdbcConnection.prepareCommand(JdbcConnection.java:1166) ~[h2-2.2.224.jar:2.2.224]
    	at org.h2.jdbc.JdbcPreparedStatement.<init>(JdbcPreparedStatement.java:93) ~[h2-2.2.224.jar:2.2.224]
    	at org.h2.jdbc.JdbcConnection.prepareStatement(JdbcConnection.java:316) ~[h2-2.2.224.jar:2.2.224]
    	at com.zaxxer.hikari.pool.ProxyConnection.prepareStatement(ProxyConnection.java:327) ~[HikariCP-5.0.1.jar:na]
    	at com.zaxxer.hikari.pool.HikariProxyConnection.prepareStatement(HikariProxyConnection.java) ~[HikariCP-5.0.1.jar:na]
    	at org.hibernate.engine.jdbc.internal.StatementPreparerImpl$5.doPrepare(StatementPreparerImpl.java:153) ~[hibernate-core-6.4.4.Final.jar:6.4.4.Final]
    	at org.hibernate.engine.jdbc.internal.StatementPreparerImpl$StatementPreparationTemplate.prepareStatement(StatementPreparerImpl.java:183) ~[hibernate-core-6.4.4.Final.jar:6.4.4.Final]
    	... 160 common frames omitted


VerificationTokenRepositoryTest > save_WithValidToken_ShouldPersistToken() FAILED
    org.springframework.dao.InvalidDataAccessResourceUsageException: could not prepare statement [Table "verification_tokens" not found; SQL statement:
    select vt1_0."id",vt1_0."created_at",vt1_0."expires_at",vt1_0."token",vt1_0."type",vt1_0."user_id" from "verification_tokens" vt1_0 where vt1_0."id"=? [42102-224]] [select vt1_0."id",vt1_0."created_at",vt1_0."expires_at",vt1_0."token",vt1_0."type",vt1_0."user_id" from "verification_tokens" vt1_0 where vt1_0."id"=?]; SQL [select vt1_0."id",vt1_0."created_at",vt1_0."expires_at",vt1_0."token",vt1_0."type",vt1_0."user_id" from "verification_tokens" vt1_0 where vt1_0."id"=?]
        at app//org.springframework.orm.jpa.vendor.HibernateJpaDialect.convertHibernateAccessException(HibernateJpaDialect.java:277)
        at app//org.springframework.orm.jpa.vendor.HibernateJpaDialect.translateExceptionIfPossible(HibernateJpaDialect.java:241)
        at app//org.springframework.orm.jpa.AbstractEntityManagerFactoryBean.translateExceptionIfPossible(AbstractEntityManagerFactoryBean.java:550)
        at app//org.springframework.dao.support.ChainedPersistenceExceptionTranslator.translateExceptionIfPossible(ChainedPersistenceExceptionTranslator.java:61)
        at app//org.springframework.dao.support.DataAccessUtils.translateIfNecessary(DataAccessUtils.java:335)
        at app//org.springframework.dao.support.PersistenceExceptionTranslationInterceptor.invoke(PersistenceExceptionTranslationInterceptor.java:152)
        at app//org.springframework.aop.framework.ReflectiveMethodInvocation.proceed(ReflectiveMethodInvocation.java:184)
        at app//org.springframework.data.jpa.repository.support.CrudMethodMetadataPostProcessor$CrudMethodMetadataPopulatingMethodInterceptor.invoke(CrudMethodMetadataPostProcessor.java:164)
        at app//org.springframework.aop.framework.ReflectiveMethodInvocation.proceed(ReflectiveMethodInvocation.java:184)
        at app//org.springframework.aop.interceptor.ExposeInvocationInterceptor.invoke(ExposeInvocationInterceptor.java:97)
        at app//org.springframework.aop.framework.ReflectiveMethodInvocation.proceed(ReflectiveMethodInvocation.java:184)
        at app//org.springframework.aop.framework.JdkDynamicAopProxy.invoke(JdkDynamicAopProxy.java:220)
        at app/jdk.proxy3/jdk.proxy3.$Proxy145.save(Unknown Source)
        at app//com.heartrate.repository.VerificationTokenRepositoryTest.save_WithValidToken_ShouldPersistToken(VerificationTokenRepositoryTest.java:121)

        Caused by:
        org.hibernate.exception.SQLGrammarException: could not prepare statement [Table "verification_tokens" not found; SQL statement:
        select vt1_0."id",vt1_0."created_at",vt1_0."expires_at",vt1_0."token",vt1_0."type",vt1_0."user_id" from "verification_tokens" vt1_0 where vt1_0."id"=? [42102-224]] [select vt1_0."id",vt1_0."created_at",vt1_0."expires_at",vt1_0."token",vt1_0."type",vt1_0."user_id" from "verification_tokens" vt1_0 where vt1_0."id"=?]
            at app//org.hibernate.exception.internal.SQLExceptionTypeDelegate.convert(SQLExceptionTypeDelegate.java:66)
            at app//org.hibernate.exception.internal.StandardSQLExceptionConverter.convert(StandardSQLExceptionConverter.java:58)
            at app//org.hibernate.engine.jdbc.spi.SqlExceptionHelper.convert(SqlExceptionHelper.java:108)
            at app//org.hibernate.engine.jdbc.internal.StatementPreparerImpl$StatementPreparationTemplate.prepareStatement(StatementPreparerImpl.java:194)
            at app//org.hibernate.engine.jdbc.internal.StatementPreparerImpl.prepareQueryStatement(StatementPreparerImpl.java:155)
            at app//org.hibernate.sql.exec.spi.JdbcSelectExecutor.lambda$list$0(JdbcSelectExecutor.java:85)
            at app//org.hibernate.sql.results.jdbc.internal.DeferredResultSetAccess.executeQuery(DeferredResultSetAccess.java:231)
            at app//org.hibernate.sql.results.jdbc.internal.DeferredResultSetAccess.getResultSet(DeferredResultSetAccess.java:167)
            at app//org.hibernate.sql.results.jdbc.internal.JdbcValuesResultSetImpl.advanceNext(JdbcValuesResultSetImpl.java:218)
            at app//org.hibernate.sql.results.jdbc.internal.JdbcValuesResultSetImpl.processNext(JdbcValuesResultSetImpl.java:98)
            at app//org.hibernate.sql.results.jdbc.internal.AbstractJdbcValues.next(AbstractJdbcValues.java:19)
            at app//org.hibernate.sql.results.internal.RowProcessingStateStandardImpl.next(RowProcessingStateStandardImpl.java:66)
            at app//org.hibernate.sql.results.spi.ListResultsConsumer.consume(ListResultsConsumer.java:187)
            at app//org.hibernate.sql.results.spi.ListResultsConsumer.consume(ListResultsConsumer.java:33)
            at app//org.hibernate.sql.exec.internal.JdbcSelectExecutorStandardImpl.doExecuteQuery(JdbcSelectExecutorStandardImpl.java:209)
            at app//org.hibernate.sql.exec.internal.JdbcSelectExecutorStandardImpl.executeQuery(JdbcSelectExecutorStandardImpl.java:83)
            at app//org.hibernate.sql.exec.spi.JdbcSelectExecutor.list(JdbcSelectExecutor.java:76)
            at app//org.hibernate.sql.exec.spi.JdbcSelectExecutor.list(JdbcSelectExecutor.java:65)
            at app//org.hibernate.loader.ast.internal.SingleIdLoadPlan.load(SingleIdLoadPlan.java:145)
            at app//org.hibernate.loader.ast.internal.SingleIdLoadPlan.load(SingleIdLoadPlan.java:117)
            at app//org.hibernate.loader.ast.internal.SingleIdEntityLoaderStandardImpl.load(SingleIdEntityLoaderStandardImpl.java:75)
            at app//org.hibernate.persister.entity.AbstractEntityPersister.doLoad(AbstractEntityPersister.java:3748)
            at app//org.hibernate.persister.entity.AbstractEntityPersister.load(AbstractEntityPersister.java:3737)
            at app//org.hibernate.event.internal.DefaultLoadEventListener.loadFromDatasource(DefaultLoadEventListener.java:604)
            at app//org.hibernate.event.internal.DefaultLoadEventListener.loadFromCacheOrDatasource(DefaultLoadEventListener.java:590)
            at app//org.hibernate.event.internal.DefaultLoadEventListener.load(DefaultLoadEventListener.java:560)
            at app//org.hibernate.event.internal.DefaultLoadEventListener.doLoad(DefaultLoadEventListener.java:544)
            at app//org.hibernate.event.internal.DefaultLoadEventListener.load(DefaultLoadEventListener.java:207)
            at app//org.hibernate.event.internal.DefaultLoadEventListener.loadWithRegularProxy(DefaultLoadEventListener.java:290)
            at app//org.hibernate.event.internal.DefaultLoadEventListener.proxyOrLoad(DefaultLoadEventListener.java:242)
            at app//org.hibernate.event.internal.DefaultLoadEventListener.doOnLoad(DefaultLoadEventListener.java:111)
            at app//org.hibernate.event.internal.DefaultLoadEventListener.onLoad(DefaultLoadEventListener.java:68)
            at app//org.hibernate.event.service.internal.EventListenerGroupImpl.fireEventOnEachListener(EventListenerGroupImpl.java:138)
            at app//org.hibernate.internal.SessionImpl.fireLoadNoChecks(SessionImpl.java:1222)
            at app//org.hibernate.internal.SessionImpl.fireLoad(SessionImpl.java:1210)
            at app//org.hibernate.loader.internal.IdentifierLoadAccessImpl.load(IdentifierLoadAccessImpl.java:209)
            at app//org.hibernate.loader.internal.IdentifierLoadAccessImpl.doLoad(IdentifierLoadAccessImpl.java:160)
            at app//org.hibernate.loader.internal.IdentifierLoadAccessImpl.lambda$load$1(IdentifierLoadAccessImpl.java:149)
            at app//org.hibernate.loader.internal.IdentifierLoadAccessImpl.perform(IdentifierLoadAccessImpl.java:112)
            at app//org.hibernate.loader.internal.IdentifierLoadAccessImpl.load(IdentifierLoadAccessImpl.java:149)
            at app//org.hibernate.internal.SessionImpl.get(SessionImpl.java:1023)
            at app//org.hibernate.event.internal.DefaultMergeEventListener.lambda$entityIsDetached$0(DefaultMergeEventListener.java:407)
            at app//org.hibernate.engine.spi.LoadQueryInfluencers.fromInternalFetchProfile(LoadQueryInfluencers.java:99)
            at app//org.hibernate.event.internal.DefaultMergeEventListener.entityIsDetached(DefaultMergeEventListener.java:405)
            at app//org.hibernate.event.internal.DefaultMergeEventListener.merge(DefaultMergeEventListener.java:208)
            at app//org.hibernate.event.internal.DefaultMergeEventListener.doMerge(DefaultMergeEventListener.java:146)
            at app//org.hibernate.event.internal.DefaultMergeEventListener.onMerge(DefaultMergeEventListener.java:130)
            at app//org.hibernate.event.internal.DefaultMergeEventListener.onMerge(DefaultMergeEventListener.java:84)
            at app//org.hibernate.event.service.internal.EventListenerGroupImpl.fireEventOnEachListener(EventListenerGroupImpl.java:127)
            at app//org.hibernate.internal.SessionImpl.fireMerge(SessionImpl.java:847)
            at app//org.hibernate.internal.SessionImpl.merge(SessionImpl.java:833)
            at java.base@21.0.2/jdk.internal.reflect.DirectMethodHandleAccessor.invoke(DirectMethodHandleAccessor.java:103)
            at java.base@21.0.2/java.lang.reflect.Method.invoke(Method.java:580)
            at app//org.springframework.orm.jpa.SharedEntityManagerCreator$SharedEntityManagerInvocationHandler.invoke(SharedEntityManagerCreator.java:319)
            at app/jdk.proxy3/jdk.proxy3.$Proxy135.merge(Unknown Source)
            at app//org.springframework.data.jpa.repository.support.SimpleJpaRepository.save(SimpleJpaRepository.java:621)
            at java.base@21.0.2/jdk.internal.reflect.DirectMethodHandleAccessor.invoke(DirectMethodHandleAccessor.java:103)
            at java.base@21.0.2/java.lang.reflect.Method.invoke(Method.java:580)
            at app//org.springframework.aop.support.AopUtils.invokeJoinpointUsingReflection(AopUtils.java:351)
            at app//org.springframework.data.repository.core.support.RepositoryMethodInvoker$RepositoryFragmentMethodInvoker.lambda$new$0(RepositoryMethodInvoker.java:277)
            at app//org.springframework.data.repository.core.support.RepositoryMethodInvoker.doInvoke(RepositoryMethodInvoker.java:170)
            at app//org.springframework.data.repository.core.support.RepositoryMethodInvoker.invoke(RepositoryMethodInvoker.java:158)
            at app//org.springframework.data.repository.core.support.RepositoryComposition$RepositoryFragments.invoke(RepositoryComposition.java:516)
            at app//org.springframework.data.repository.core.support.RepositoryComposition.invoke(RepositoryComposition.java:285)
            at app//org.springframework.data.repository.core.support.RepositoryFactorySupport$ImplementationMethodExecutionInterceptor.invoke(RepositoryFactorySupport.java:628)
            at app//org.springframework.aop.framework.ReflectiveMethodInvocation.proceed(ReflectiveMethodInvocation.java:184)
            at app//org.springframework.data.repository.core.support.QueryExecutorMethodInterceptor.doInvoke(QueryExecutorMethodInterceptor.java:168)
            at app//org.springframework.data.repository.core.support.QueryExecutorMethodInterceptor.invoke(QueryExecutorMethodInterceptor.java:143)
            at app//org.springframework.aop.framework.ReflectiveMethodInvocation.proceed(ReflectiveMethodInvocation.java:184)
            at app//org.springframework.data.projection.DefaultMethodInvokingMethodInterceptor.invoke(DefaultMethodInvokingMethodInterceptor.java:70)
            at app//org.springframework.aop.framework.ReflectiveMethodInvocation.proceed(ReflectiveMethodInvocation.java:184)
            at app//org.springframework.transaction.interceptor.TransactionInterceptor$1.proceedWithInvocation(TransactionInterceptor.java:123)
            at app//org.springframework.transaction.interceptor.TransactionAspectSupport.invokeWithinTransaction(TransactionAspectSupport.java:385)
            at app//org.springframework.transaction.interceptor.TransactionInterceptor.invoke(TransactionInterceptor.java:119)
            at app//org.springframework.aop.framework.ReflectiveMethodInvocation.proceed(ReflectiveMethodInvocation.java:184)
            at app//org.springframework.dao.support.PersistenceExceptionTranslationInterceptor.invoke(PersistenceExceptionTranslationInterceptor.java:137)
            ... 8 more

            Caused by:
            org.h2.jdbc.JdbcSQLSyntaxErrorException: Table "verification_tokens" not found; SQL statement:
            select vt1_0."id",vt1_0."created_at",vt1_0."expires_at",vt1_0."token",vt1_0."type",vt1_0."user_id" from "verification_tokens" vt1_0 where vt1_0."id"=? [42102-224]
                at app//org.h2.message.DbException.getJdbcSQLException(DbException.java:514)
                at app//org.h2.message.DbException.getJdbcSQLException(DbException.java:489)
                at app//org.h2.message.DbException.get(DbException.java:223)
                at app//org.h2.message.DbException.get(DbException.java:199)
                at app//org.h2.command.Parser.getTableOrViewNotFoundDbException(Parser.java:8064)
                at app//org.h2.command.Parser.getTableOrViewNotFoundDbException(Parser.java:8035)
                at app//org.h2.command.Parser.readTableOrView(Parser.java:8024)
                at app//org.h2.command.Parser.readTablePrimary(Parser.java:1788)
                at app//org.h2.command.Parser.readTableReference(Parser.java:2268)
                at app//org.h2.command.Parser.parseSelectFromPart(Parser.java:2718)
                at app//org.h2.command.Parser.parseSelect(Parser.java:2824)
                at app//org.h2.command.Parser.parseQueryPrimary(Parser.java:2708)
                at app//org.h2.command.Parser.parseQueryTerm(Parser.java:2564)
                at app//org.h2.command.Parser.parseQueryExpressionBody(Parser.java:2543)
                at app//org.h2.command.Parser.parseQueryExpressionBodyAndEndOfQuery(Parser.java:2536)
                at app//org.h2.command.Parser.parseQueryExpression(Parser.java:2529)
                at app//org.h2.command.Parser.parseQuery(Parser.java:2498)
                at app//org.h2.command.Parser.parsePrepared(Parser.java:627)
                at app//org.h2.command.Parser.parse(Parser.java:592)
                at app//org.h2.command.Parser.parse(Parser.java:564)
                at app//org.h2.command.Parser.prepareCommand(Parser.java:483)
                at app//org.h2.engine.SessionLocal.prepareLocal(SessionLocal.java:639)
                at app//org.h2.engine.SessionLocal.prepareCommand(SessionLocal.java:559)
                at app//org.h2.jdbc.JdbcConnection.prepareCommand(JdbcConnection.java:1166)
                at app//org.h2.jdbc.JdbcPreparedStatement.<init>(JdbcPreparedStatement.java:93)
                at app//org.h2.jdbc.JdbcConnection.prepareStatement(JdbcConnection.java:316)
                at app//com.zaxxer.hikari.pool.ProxyConnection.prepareStatement(ProxyConnection.java:327)
                at app//com.zaxxer.hikari.pool.HikariProxyConnection.prepareStatement(HikariProxyConnection.java)
                at app//org.hibernate.engine.jdbc.internal.StatementPreparerImpl$5.doPrepare(StatementPreparerImpl.java:153)
                at app//org.hibernate.engine.jdbc.internal.StatementPreparerImpl$StatementPreparationTemplate.prepareStatement(StatementPreparerImpl.java:183)
                ... 80 more

VerificationTokenRepositoryTest > findByTokenAndType_WithExistingToken_ShouldReturnToken() STANDARD_OUT
    2025-04-06T08:34:46.974-07:00 DEBUG 44469 --- [    Test worker] org.hibernate.SQL                        : 
        select
            u1_0."id",
            u1_0."created_at",
            u1_0."display_name",
            u1_0."email",
            u1_0."email_verified",
            u1_0."first_name",
            u1_0."mobile_number",
            u1_0."password_hash",
            u1_0."remember_me_token",
            u1_0."updated_at",
            u1_0."user_address",
            u1_0."year_of_birth" 
        from
            "users" u1_0 
        where
            u1_0."id"=?
    Hibernate: 
        select
            u1_0."id",
            u1_0."created_at",
            u1_0."display_name",
            u1_0."email",
            u1_0."email_verified",
            u1_0."first_name",
            u1_0."mobile_number",
            u1_0."password_hash",
            u1_0."remember_me_token",
            u1_0."updated_at",
            u1_0."user_address",
            u1_0."year_of_birth" 
        from
            "users" u1_0 
        where
            u1_0."id"=?
    2025-04-06T08:34:46.976-07:00 DEBUG 44469 --- [    Test worker] org.hibernate.SQL                        : 
        select
            vt1_0."id",
            vt1_0."created_at",
            vt1_0."expires_at",
            vt1_0."token",
            vt1_0."type",
            vt1_0."user_id" 
        from
            "verification_tokens" vt1_0 
        where
            vt1_0."id"=?
    Hibernate: 
        select
            vt1_0."id",
            vt1_0."created_at",
            vt1_0."expires_at",
            vt1_0."token",
            vt1_0."type",
            vt1_0."user_id" 
        from
            "verification_tokens" vt1_0 
        where
            vt1_0."id"=?
    2025-04-06T08:34:46.976-07:00  WARN 44469 --- [    Test worker] o.h.engine.jdbc.spi.SqlExceptionHelper   : SQL Error: 42102, SQLState: 42S02
    2025-04-06T08:34:46.976-07:00 ERROR 44469 --- [    Test worker] o.h.engine.jdbc.spi.SqlExceptionHelper   : Table "verification_tokens" not found; SQL statement:
    select vt1_0."id",vt1_0."created_at",vt1_0."expires_at",vt1_0."token",vt1_0."type",vt1_0."user_id" from "verification_tokens" vt1_0 where vt1_0."id"=? [42102-224]
    2025-04-06T08:34:46.976-07:00  INFO 44469 --- [    Test worker] o.h.e.internal.DefaultLoadEventListener  : HHH000327: Error performing load command

    org.hibernate.exception.SQLGrammarException: could not prepare statement [Table "verification_tokens" not found; SQL statement:
    select vt1_0."id",vt1_0."created_at",vt1_0."expires_at",vt1_0."token",vt1_0."type",vt1_0."user_id" from "verification_tokens" vt1_0 where vt1_0."id"=? [42102-224]] [select vt1_0."id",vt1_0."created_at",vt1_0."expires_at",vt1_0."token",vt1_0."type",vt1_0."user_id" from "verification_tokens" vt1_0 where vt1_0."id"=?]
    	at org.hibernate.exception.internal.SQLExceptionTypeDelegate.convert(SQLExceptionTypeDelegate.java:66) ~[hibernate-core-6.4.4.Final.jar:6.4.4.Final]
    	at org.hibernate.exception.internal.StandardSQLExceptionConverter.convert(StandardSQLExceptionConverter.java:58) ~[hibernate-core-6.4.4.Final.jar:6.4.4.Final]
    	at org.hibernate.engine.jdbc.spi.SqlExceptionHelper.convert(SqlExceptionHelper.java:108) ~[hibernate-core-6.4.4.Final.jar:6.4.4.Final]
    	at org.hibernate.engine.jdbc.internal.StatementPreparerImpl$StatementPreparationTemplate.prepareStatement(StatementPreparerImpl.java:194) ~[hibernate-core-6.4.4.Final.jar:6.4.4.Final]
    	at org.hibernate.engine.jdbc.internal.StatementPreparerImpl.prepareQueryStatement(StatementPreparerImpl.java:155) ~[hibernate-core-6.4.4.Final.jar:6.4.4.Final]
    	at org.hibernate.sql.exec.spi.JdbcSelectExecutor.lambda$list$0(JdbcSelectExecutor.java:85) ~[hibernate-core-6.4.4.Final.jar:6.4.4.Final]
    	at org.hibernate.sql.results.jdbc.internal.DeferredResultSetAccess.executeQuery(DeferredResultSetAccess.java:231) ~[hibernate-core-6.4.4.Final.jar:6.4.4.Final]
    	at org.hibernate.sql.results.jdbc.internal.DeferredResultSetAccess.getResultSet(DeferredResultSetAccess.java:167) ~[hibernate-core-6.4.4.Final.jar:6.4.4.Final]
    	at org.hibernate.sql.results.jdbc.internal.JdbcValuesResultSetImpl.advanceNext(JdbcValuesResultSetImpl.java:218) ~[hibernate-core-6.4.4.Final.jar:6.4.4.Final]
    	at org.hibernate.sql.results.jdbc.internal.JdbcValuesResultSetImpl.processNext(JdbcValuesResultSetImpl.java:98) ~[hibernate-core-6.4.4.Final.jar:6.4.4.Final]
    	at org.hibernate.sql.results.jdbc.internal.AbstractJdbcValues.next(AbstractJdbcValues.java:19) ~[hibernate-core-6.4.4.Final.jar:6.4.4.Final]
    	at org.hibernate.sql.results.internal.RowProcessingStateStandardImpl.next(RowProcessingStateStandardImpl.java:66) ~[hibernate-core-6.4.4.Final.jar:6.4.4.Final]
    	at org.hibernate.sql.results.spi.ListResultsConsumer.consume(ListResultsConsumer.java:187) ~[hibernate-core-6.4.4.Final.jar:6.4.4.Final]
    	at org.hibernate.sql.results.spi.ListResultsConsumer.consume(ListResultsConsumer.java:33) ~[hibernate-core-6.4.4.Final.jar:6.4.4.Final]
    	at org.hibernate.sql.exec.internal.JdbcSelectExecutorStandardImpl.doExecuteQuery(JdbcSelectExecutorStandardImpl.java:209) ~[hibernate-core-6.4.4.Final.jar:6.4.4.Final]
    	at org.hibernate.sql.exec.internal.JdbcSelectExecutorStandardImpl.executeQuery(JdbcSelectExecutorStandardImpl.java:83) ~[hibernate-core-6.4.4.Final.jar:6.4.4.Final]
    	at org.hibernate.sql.exec.spi.JdbcSelectExecutor.list(JdbcSelectExecutor.java:76) ~[hibernate-core-6.4.4.Final.jar:6.4.4.Final]
    	at org.hibernate.sql.exec.spi.JdbcSelectExecutor.list(JdbcSelectExecutor.java:65) ~[hibernate-core-6.4.4.Final.jar:6.4.4.Final]
    	at org.hibernate.loader.ast.internal.SingleIdLoadPlan.load(SingleIdLoadPlan.java:145) ~[hibernate-core-6.4.4.Final.jar:6.4.4.Final]
    	at org.hibernate.loader.ast.internal.SingleIdLoadPlan.load(SingleIdLoadPlan.java:117) ~[hibernate-core-6.4.4.Final.jar:6.4.4.Final]
    	at org.hibernate.loader.ast.internal.SingleIdEntityLoaderStandardImpl.load(SingleIdEntityLoaderStandardImpl.java:75) ~[hibernate-core-6.4.4.Final.jar:6.4.4.Final]
    	at org.hibernate.persister.entity.AbstractEntityPersister.doLoad(AbstractEntityPersister.java:3748) ~[hibernate-core-6.4.4.Final.jar:6.4.4.Final]
    	at org.hibernate.persister.entity.AbstractEntityPersister.load(AbstractEntityPersister.java:3737) ~[hibernate-core-6.4.4.Final.jar:6.4.4.Final]
    	at org.hibernate.event.internal.DefaultLoadEventListener.loadFromDatasource(DefaultLoadEventListener.java:604) ~[hibernate-core-6.4.4.Final.jar:6.4.4.Final]
    	at org.hibernate.event.internal.DefaultLoadEventListener.loadFromCacheOrDatasource(DefaultLoadEventListener.java:590) ~[hibernate-core-6.4.4.Final.jar:6.4.4.Final]
    	at org.hibernate.event.internal.DefaultLoadEventListener.load(DefaultLoadEventListener.java:560) ~[hibernate-core-6.4.4.Final.jar:6.4.4.Final]
    	at org.hibernate.event.internal.DefaultLoadEventListener.doLoad(DefaultLoadEventListener.java:544) ~[hibernate-core-6.4.4.Final.jar:6.4.4.Final]
    	at org.hibernate.event.internal.DefaultLoadEventListener.load(DefaultLoadEventListener.java:207) ~[hibernate-core-6.4.4.Final.jar:6.4.4.Final]
    	at org.hibernate.event.internal.DefaultLoadEventListener.loadWithRegularProxy(DefaultLoadEventListener.java:290) ~[hibernate-core-6.4.4.Final.jar:6.4.4.Final]
    	at org.hibernate.event.internal.DefaultLoadEventListener.proxyOrLoad(DefaultLoadEventListener.java:242) ~[hibernate-core-6.4.4.Final.jar:6.4.4.Final]
    	at org.hibernate.event.internal.DefaultLoadEventListener.doOnLoad(DefaultLoadEventListener.java:111) ~[hibernate-core-6.4.4.Final.jar:6.4.4.Final]
    	at org.hibernate.event.internal.DefaultLoadEventListener.onLoad(DefaultLoadEventListener.java:68) ~[hibernate-core-6.4.4.Final.jar:6.4.4.Final]
    	at org.hibernate.event.service.internal.EventListenerGroupImpl.fireEventOnEachListener(EventListenerGroupImpl.java:138) ~[hibernate-core-6.4.4.Final.jar:6.4.4.Final]
    	at org.hibernate.internal.SessionImpl.fireLoadNoChecks(SessionImpl.java:1222) ~[hibernate-core-6.4.4.Final.jar:6.4.4.Final]
    	at org.hibernate.internal.SessionImpl.fireLoad(SessionImpl.java:1210) ~[hibernate-core-6.4.4.Final.jar:6.4.4.Final]
    	at org.hibernate.loader.internal.IdentifierLoadAccessImpl.load(IdentifierLoadAccessImpl.java:209) ~[hibernate-core-6.4.4.Final.jar:6.4.4.Final]
    	at org.hibernate.loader.internal.IdentifierLoadAccessImpl.doLoad(IdentifierLoadAccessImpl.java:160) ~[hibernate-core-6.4.4.Final.jar:6.4.4.Final]
    	at org.hibernate.loader.internal.IdentifierLoadAccessImpl.lambda$load$1(IdentifierLoadAccessImpl.java:149) ~[hibernate-core-6.4.4.Final.jar:6.4.4.Final]
    	at org.hibernate.loader.internal.IdentifierLoadAccessImpl.perform(IdentifierLoadAccessImpl.java:112) ~[hibernate-core-6.4.4.Final.jar:6.4.4.Final]
    	at org.hibernate.loader.internal.IdentifierLoadAccessImpl.load(IdentifierLoadAccessImpl.java:149) ~[hibernate-core-6.4.4.Final.jar:6.4.4.Final]
    	at org.hibernate.internal.SessionImpl.get(SessionImpl.java:1023) ~[hibernate-core-6.4.4.Final.jar:6.4.4.Final]
    	at org.hibernate.event.internal.DefaultMergeEventListener.lambda$entityIsDetached$0(DefaultMergeEventListener.java:407) ~[hibernate-core-6.4.4.Final.jar:6.4.4.Final]
    	at org.hibernate.engine.spi.LoadQueryInfluencers.fromInternalFetchProfile(LoadQueryInfluencers.java:99) ~[hibernate-core-6.4.4.Final.jar:6.4.4.Final]
    	at org.hibernate.event.internal.DefaultMergeEventListener.entityIsDetached(DefaultMergeEventListener.java:405) ~[hibernate-core-6.4.4.Final.jar:6.4.4.Final]
    	at org.hibernate.event.internal.DefaultMergeEventListener.merge(DefaultMergeEventListener.java:208) ~[hibernate-core-6.4.4.Final.jar:6.4.4.Final]
    	at org.hibernate.event.internal.DefaultMergeEventListener.doMerge(DefaultMergeEventListener.java:146) ~[hibernate-core-6.4.4.Final.jar:6.4.4.Final]
    	at org.hibernate.event.internal.DefaultMergeEventListener.onMerge(DefaultMergeEventListener.java:130) ~[hibernate-core-6.4.4.Final.jar:6.4.4.Final]
    	at org.hibernate.event.internal.DefaultMergeEventListener.onMerge(DefaultMergeEventListener.java:84) ~[hibernate-core-6.4.4.Final.jar:6.4.4.Final]
    	at org.hibernate.event.service.internal.EventListenerGroupImpl.fireEventOnEachListener(EventListenerGroupImpl.java:127) ~[hibernate-core-6.4.4.Final.jar:6.4.4.Final]
    	at org.hibernate.internal.SessionImpl.fireMerge(SessionImpl.java:847) ~[hibernate-core-6.4.4.Final.jar:6.4.4.Final]
    	at org.hibernate.internal.SessionImpl.merge(SessionImpl.java:833) ~[hibernate-core-6.4.4.Final.jar:6.4.4.Final]
    	at java.base/jdk.internal.reflect.DirectMethodHandleAccessor.invoke(DirectMethodHandleAccessor.java:103) ~[na:na]
    	at java.base/java.lang.reflect.Method.invoke(Method.java:580) ~[na:na]
    	at org.springframework.orm.jpa.SharedEntityManagerCreator$SharedEntityManagerInvocationHandler.invoke(SharedEntityManagerCreator.java:319) ~[spring-orm-6.1.4.jar:6.1.4]
    	at jdk.proxy3/jdk.proxy3.$Proxy135.merge(Unknown Source) ~[na:na]
    	at org.springframework.data.jpa.repository.support.SimpleJpaRepository.save(SimpleJpaRepository.java:621) ~[spring-data-jpa-3.2.3.jar:3.2.3]
    	at java.base/jdk.internal.reflect.DirectMethodHandleAccessor.invoke(DirectMethodHandleAccessor.java:103) ~[na:na]
    	at java.base/java.lang.reflect.Method.invoke(Method.java:580) ~[na:na]
    	at org.springframework.aop.support.AopUtils.invokeJoinpointUsingReflection(AopUtils.java:351) ~[spring-aop-6.1.4.jar:6.1.4]
    	at org.springframework.data.repository.core.support.RepositoryMethodInvoker$RepositoryFragmentMethodInvoker.lambda$new$0(RepositoryMethodInvoker.java:277) ~[spring-data-commons-3.2.3.jar:3.2.3]
    	at org.springframework.data.repository.core.support.RepositoryMethodInvoker.doInvoke(RepositoryMethodInvoker.java:170) ~[spring-data-commons-3.2.3.jar:3.2.3]
    	at org.springframework.data.repository.core.support.RepositoryMethodInvoker.invoke(RepositoryMethodInvoker.java:158) ~[spring-data-commons-3.2.3.jar:3.2.3]
    	at org.springframework.data.repository.core.support.RepositoryComposition$RepositoryFragments.invoke(RepositoryComposition.java:516) ~[spring-data-commons-3.2.3.jar:3.2.3]
    	at org.springframework.data.repository.core.support.RepositoryComposition.invoke(RepositoryComposition.java:285) ~[spring-data-commons-3.2.3.jar:3.2.3]
    	at org.springframework.data.repository.core.support.RepositoryFactorySupport$ImplementationMethodExecutionInterceptor.invoke(RepositoryFactorySupport.java:628) ~[spring-data-commons-3.2.3.jar:3.2.3]
    	at org.springframework.aop.framework.ReflectiveMethodInvocation.proceed(ReflectiveMethodInvocation.java:184) ~[spring-aop-6.1.4.jar:6.1.4]
    	at org.springframework.data.repository.core.support.QueryExecutorMethodInterceptor.doInvoke(QueryExecutorMethodInterceptor.java:168) ~[spring-data-commons-3.2.3.jar:3.2.3]
    	at org.springframework.data.repository.core.support.QueryExecutorMethodInterceptor.invoke(QueryExecutorMethodInterceptor.java:143) ~[spring-data-commons-3.2.3.jar:3.2.3]
    	at org.springframework.aop.framework.ReflectiveMethodInvocation.proceed(ReflectiveMethodInvocation.java:184) ~[spring-aop-6.1.4.jar:6.1.4]
    	at org.springframework.data.projection.DefaultMethodInvokingMethodInterceptor.invoke(DefaultMethodInvokingMethodInterceptor.java:70) ~[spring-data-commons-3.2.3.jar:3.2.3]
    	at org.springframework.aop.framework.ReflectiveMethodInvocation.proceed(ReflectiveMethodInvocation.java:184) ~[spring-aop-6.1.4.jar:6.1.4]
    	at org.springframework.transaction.interceptor.TransactionInterceptor$1.proceedWithInvocation(TransactionInterceptor.java:123) ~[spring-tx-6.1.4.jar:6.1.4]
    	at org.springframework.transaction.interceptor.TransactionAspectSupport.invokeWithinTransaction(TransactionAspectSupport.java:385) ~[spring-tx-6.1.4.jar:6.1.4]
    	at org.springframework.transaction.interceptor.TransactionInterceptor.invoke(TransactionInterceptor.java:119) ~[spring-tx-6.1.4.jar:6.1.4]
    	at org.springframework.aop.framework.ReflectiveMethodInvocation.proceed(ReflectiveMethodInvocation.java:184) ~[spring-aop-6.1.4.jar:6.1.4]
    	at org.springframework.dao.support.PersistenceExceptionTranslationInterceptor.invoke(PersistenceExceptionTranslationInterceptor.java:137) ~[spring-tx-6.1.4.jar:6.1.4]
    	at org.springframework.aop.framework.ReflectiveMethodInvocation.proceed(ReflectiveMethodInvocation.java:184) ~[spring-aop-6.1.4.jar:6.1.4]
    	at org.springframework.data.jpa.repository.support.CrudMethodMetadataPostProcessor$CrudMethodMetadataPopulatingMethodInterceptor.invoke(CrudMethodMetadataPostProcessor.java:164) ~[spring-data-jpa-3.2.3.jar:3.2.3]
    	at org.springframework.aop.framework.ReflectiveMethodInvocation.proceed(ReflectiveMethodInvocation.java:184) ~[spring-aop-6.1.4.jar:6.1.4]
    	at org.springframework.aop.interceptor.ExposeInvocationInterceptor.invoke(ExposeInvocationInterceptor.java:97) ~[spring-aop-6.1.4.jar:6.1.4]
    	at org.springframework.aop.framework.ReflectiveMethodInvocation.proceed(ReflectiveMethodInvocation.java:184) ~[spring-aop-6.1.4.jar:6.1.4]
    	at org.springframework.aop.framework.JdkDynamicAopProxy.invoke(JdkDynamicAopProxy.java:220) ~[spring-aop-6.1.4.jar:6.1.4]
    	at jdk.proxy3/jdk.proxy3.$Proxy145.save(Unknown Source) ~[na:na]
    	at com.heartrate.repository.VerificationTokenRepositoryTest.findByTokenAndType_WithExistingToken_ShouldReturnToken(VerificationTokenRepositoryTest.java:48) ~[test/:na]
    	at java.base/jdk.internal.reflect.DirectMethodHandleAccessor.invoke(DirectMethodHandleAccessor.java:103) ~[na:na]
    	at java.base/java.lang.reflect.Method.invoke(Method.java:580) ~[na:na]
    	at org.junit.platform.commons.util.ReflectionUtils.invokeMethod(ReflectionUtils.java:728) ~[junit-platform-commons-1.10.2.jar:1.10.2]
    	at org.junit.jupiter.engine.execution.MethodInvocation.proceed(MethodInvocation.java:60) ~[junit-jupiter-engine-5.10.2.jar:5.10.2]
    	at org.junit.jupiter.engine.execution.InvocationInterceptorChain$ValidatingInvocation.proceed(InvocationInterceptorChain.java:131) ~[junit-jupiter-engine-5.10.2.jar:5.10.2]
    	at org.junit.jupiter.engine.extension.TimeoutExtension.intercept(TimeoutExtension.java:156) ~[junit-jupiter-engine-5.10.2.jar:5.10.2]
    	at org.junit.jupiter.engine.extension.TimeoutExtension.interceptTestableMethod(TimeoutExtension.java:147) ~[junit-jupiter-engine-5.10.2.jar:5.10.2]
    	at org.junit.jupiter.engine.extension.TimeoutExtension.interceptTestMethod(TimeoutExtension.java:86) ~[junit-jupiter-engine-5.10.2.jar:5.10.2]
    	at org.junit.jupiter.engine.execution.InterceptingExecutableInvoker$ReflectiveInterceptorCall.lambda$ofVoidMethod$0(InterceptingExecutableInvoker.java:103) ~[junit-jupiter-engine-5.10.2.jar:5.10.2]
    	at org.junit.jupiter.engine.execution.InterceptingExecutableInvoker.lambda$invoke$0(InterceptingExecutableInvoker.java:93) ~[junit-jupiter-engine-5.10.2.jar:5.10.2]
    	at org.junit.jupiter.engine.execution.InvocationInterceptorChain$InterceptedInvocation.proceed(InvocationInterceptorChain.java:106) ~[junit-jupiter-engine-5.10.2.jar:5.10.2]
    	at org.junit.jupiter.engine.execution.InvocationInterceptorChain.proceed(InvocationInterceptorChain.java:64) ~[junit-jupiter-engine-5.10.2.jar:5.10.2]
    	at org.junit.jupiter.engine.execution.InvocationInterceptorChain.chainAndInvoke(InvocationInterceptorChain.java:45) ~[junit-jupiter-engine-5.10.2.jar:5.10.2]
    	at org.junit.jupiter.engine.execution.InvocationInterceptorChain.invoke(InvocationInterceptorChain.java:37) ~[junit-jupiter-engine-5.10.2.jar:5.10.2]
    	at org.junit.jupiter.engine.execution.InterceptingExecutableInvoker.invoke(InterceptingExecutableInvoker.java:92) ~[junit-jupiter-engine-5.10.2.jar:5.10.2]
    	at org.junit.jupiter.engine.execution.InterceptingExecutableInvoker.invoke(InterceptingExecutableInvoker.java:86) ~[junit-jupiter-engine-5.10.2.jar:5.10.2]
    	at org.junit.jupiter.engine.descriptor.TestMethodTestDescriptor.lambda$invokeTestMethod$7(TestMethodTestDescriptor.java:218) ~[junit-jupiter-engine-5.10.2.jar:5.10.2]
    	at org.junit.platform.engine.support.hierarchical.ThrowableCollector.execute(ThrowableCollector.java:73) ~[junit-platform-engine-1.10.2.jar:1.10.2]
    	at org.junit.jupiter.engine.descriptor.TestMethodTestDescriptor.invokeTestMethod(TestMethodTestDescriptor.java:214) ~[junit-jupiter-engine-5.10.2.jar:5.10.2]
    	at org.junit.jupiter.engine.descriptor.TestMethodTestDescriptor.execute(TestMethodTestDescriptor.java:139) ~[junit-jupiter-engine-5.10.2.jar:5.10.2]
    	at org.junit.jupiter.engine.descriptor.TestMethodTestDescriptor.execute(TestMethodTestDescriptor.java:69) ~[junit-jupiter-engine-5.10.2.jar:5.10.2]
    	at org.junit.platform.engine.support.hierarchical.NodeTestTask.lambda$executeRecursively$6(NodeTestTask.java:151) ~[junit-platform-engine-1.10.2.jar:1.10.2]
    	at org.junit.platform.engine.support.hierarchical.ThrowableCollector.execute(ThrowableCollector.java:73) ~[junit-platform-engine-1.10.2.jar:1.10.2]
    	at org.junit.platform.engine.support.hierarchical.NodeTestTask.lambda$executeRecursively$8(NodeTestTask.java:141) ~[junit-platform-engine-1.10.2.jar:1.10.2]
    	at org.junit.platform.engine.support.hierarchical.Node.around(Node.java:137) ~[junit-platform-engine-1.10.2.jar:1.10.2]
    	at org.junit.platform.engine.support.hierarchical.NodeTestTask.lambda$executeRecursively$9(NodeTestTask.java:139) ~[junit-platform-engine-1.10.2.jar:1.10.2]
    	at org.junit.platform.engine.support.hierarchical.ThrowableCollector.execute(ThrowableCollector.java:73) ~[junit-platform-engine-1.10.2.jar:1.10.2]
    	at org.junit.platform.engine.support.hierarchical.NodeTestTask.executeRecursively(NodeTestTask.java:138) ~[junit-platform-engine-1.10.2.jar:1.10.2]
    	at org.junit.platform.engine.support.hierarchical.NodeTestTask.execute(NodeTestTask.java:95) ~[junit-platform-engine-1.10.2.jar:1.10.2]
    	at java.base/java.util.ArrayList.forEach(ArrayList.java:1596) ~[na:na]
    	at org.junit.platform.engine.support.hierarchical.SameThreadHierarchicalTestExecutorService.invokeAll(SameThreadHierarchicalTestExecutorService.java:41) ~[junit-platform-engine-1.10.2.jar:1.10.2]
    	at org.junit.platform.engine.support.hierarchical.NodeTestTask.lambda$executeRecursively$6(NodeTestTask.java:155) ~[junit-platform-engine-1.10.2.jar:1.10.2]
    	at org.junit.platform.engine.support.hierarchical.ThrowableCollector.execute(ThrowableCollector.java:73) ~[junit-platform-engine-1.10.2.jar:1.10.2]
    	at org.junit.platform.engine.support.hierarchical.NodeTestTask.lambda$executeRecursively$8(NodeTestTask.java:141) ~[junit-platform-engine-1.10.2.jar:1.10.2]
    	at org.junit.platform.engine.support.hierarchical.Node.around(Node.java:137) ~[junit-platform-engine-1.10.2.jar:1.10.2]
    	at org.junit.platform.engine.support.hierarchical.NodeTestTask.lambda$executeRecursively$9(NodeTestTask.java:139) ~[junit-platform-engine-1.10.2.jar:1.10.2]
    	at org.junit.platform.engine.support.hierarchical.ThrowableCollector.execute(ThrowableCollector.java:73) ~[junit-platform-engine-1.10.2.jar:1.10.2]
    	at org.junit.platform.engine.support.hierarchical.NodeTestTask.executeRecursively(NodeTestTask.java:138) ~[junit-platform-engine-1.10.2.jar:1.10.2]
    	at org.junit.platform.engine.support.hierarchical.NodeTestTask.execute(NodeTestTask.java:95) ~[junit-platform-engine-1.10.2.jar:1.10.2]
    	at java.base/java.util.ArrayList.forEach(ArrayList.java:1596) ~[na:na]
    	at org.junit.platform.engine.support.hierarchical.SameThreadHierarchicalTestExecutorService.invokeAll(SameThreadHierarchicalTestExecutorService.java:41) ~[junit-platform-engine-1.10.2.jar:1.10.2]
    	at org.junit.platform.engine.support.hierarchical.NodeTestTask.lambda$executeRecursively$6(NodeTestTask.java:155) ~[junit-platform-engine-1.10.2.jar:1.10.2]
    	at org.junit.platform.engine.support.hierarchical.ThrowableCollector.execute(ThrowableCollector.java:73) ~[junit-platform-engine-1.10.2.jar:1.10.2]
    	at org.junit.platform.engine.support.hierarchical.NodeTestTask.lambda$executeRecursively$8(NodeTestTask.java:141) ~[junit-platform-engine-1.10.2.jar:1.10.2]
    	at org.junit.platform.engine.support.hierarchical.Node.around(Node.java:137) ~[junit-platform-engine-1.10.2.jar:1.10.2]
    	at org.junit.platform.engine.support.hierarchical.NodeTestTask.lambda$executeRecursively$9(NodeTestTask.java:139) ~[junit-platform-engine-1.10.2.jar:1.10.2]
    	at org.junit.platform.engine.support.hierarchical.ThrowableCollector.execute(ThrowableCollector.java:73) ~[junit-platform-engine-1.10.2.jar:1.10.2]
    	at org.junit.platform.engine.support.hierarchical.NodeTestTask.executeRecursively(NodeTestTask.java:138) ~[junit-platform-engine-1.10.2.jar:1.10.2]
    	at org.junit.platform.engine.support.hierarchical.NodeTestTask.execute(NodeTestTask.java:95) ~[junit-platform-engine-1.10.2.jar:1.10.2]
    	at org.junit.platform.engine.support.hierarchical.SameThreadHierarchicalTestExecutorService.submit(SameThreadHierarchicalTestExecutorService.java:35) ~[junit-platform-engine-1.10.2.jar:1.10.2]
    	at org.junit.platform.engine.support.hierarchical.HierarchicalTestExecutor.execute(HierarchicalTestExecutor.java:57) ~[junit-platform-engine-1.10.2.jar:1.10.2]
    	at org.junit.platform.engine.support.hierarchical.HierarchicalTestEngine.execute(HierarchicalTestEngine.java:54) ~[junit-platform-engine-1.10.2.jar:1.10.2]
    	at org.junit.platform.launcher.core.EngineExecutionOrchestrator.execute(EngineExecutionOrchestrator.java:107) ~[junit-platform-launcher-1.8.2.jar:1.8.2]
    	at org.junit.platform.launcher.core.EngineExecutionOrchestrator.execute(EngineExecutionOrchestrator.java:88) ~[junit-platform-launcher-1.8.2.jar:1.8.2]
    	at org.junit.platform.launcher.core.EngineExecutionOrchestrator.lambda$execute$0(EngineExecutionOrchestrator.java:54) ~[junit-platform-launcher-1.8.2.jar:1.8.2]
    	at org.junit.platform.launcher.core.EngineExecutionOrchestrator.withInterceptedStreams(EngineExecutionOrchestrator.java:67) ~[junit-platform-launcher-1.8.2.jar:1.8.2]
    	at org.junit.platform.launcher.core.EngineExecutionOrchestrator.execute(EngineExecutionOrchestrator.java:52) ~[junit-platform-launcher-1.8.2.jar:1.8.2]
    	at org.junit.platform.launcher.core.DefaultLauncher.execute(DefaultLauncher.java:114) ~[junit-platform-launcher-1.8.2.jar:1.8.2]
    	at org.junit.platform.launcher.core.DefaultLauncher.execute(DefaultLauncher.java:86) ~[junit-platform-launcher-1.8.2.jar:1.8.2]
    	at org.junit.platform.launcher.core.DefaultLauncherSession$DelegatingLauncher.execute(DefaultLauncherSession.java:86) ~[junit-platform-launcher-1.8.2.jar:1.8.2]
    	at org.gradle.api.internal.tasks.testing.junitplatform.JUnitPlatformTestClassProcessor$CollectAllTestClassesExecutor.processAllTestClasses(JUnitPlatformTestClassProcessor.java:124) ~[na:na]
    	at org.gradle.api.internal.tasks.testing.junitplatform.JUnitPlatformTestClassProcessor$CollectAllTestClassesExecutor.access$000(JUnitPlatformTestClassProcessor.java:99) ~[na:na]
    	at org.gradle.api.internal.tasks.testing.junitplatform.JUnitPlatformTestClassProcessor.stop(JUnitPlatformTestClassProcessor.java:94) ~[na:na]
    	at org.gradle.api.internal.tasks.testing.SuiteTestClassProcessor.stop(SuiteTestClassProcessor.java:63) ~[na:na]
    	at java.base/jdk.internal.reflect.DirectMethodHandleAccessor.invoke(DirectMethodHandleAccessor.java:103) ~[na:na]
    	at java.base/java.lang.reflect.Method.invoke(Method.java:580) ~[na:na]
    	at org.gradle.internal.dispatch.ReflectionDispatch.dispatch(ReflectionDispatch.java:36) ~[na:na]
    	at org.gradle.internal.dispatch.ReflectionDispatch.dispatch(ReflectionDispatch.java:24) ~[na:na]
    	at org.gradle.internal.dispatch.ContextClassLoaderDispatch.dispatch(ContextClassLoaderDispatch.java:33) ~[na:na]
    	at org.gradle.internal.dispatch.ProxyDispatchAdapter$DispatchingInvocationHandler.invoke(ProxyDispatchAdapter.java:92) ~[na:na]
    	at jdk.proxy1/jdk.proxy1.$Proxy4.stop(Unknown Source) ~[na:na]
    	at org.gradle.api.internal.tasks.testing.worker.TestWorker$3.run(TestWorker.java:200) ~[na:na]
    	at org.gradle.api.internal.tasks.testing.worker.TestWorker.executeAndMaintainThreadName(TestWorker.java:132) ~[na:na]
    	at org.gradle.api.internal.tasks.testing.worker.TestWorker.execute(TestWorker.java:103) ~[na:na]
    	at org.gradle.api.internal.tasks.testing.worker.TestWorker.execute(TestWorker.java:63) ~[na:na]
    	at org.gradle.process.internal.worker.child.ActionExecutionWorker.execute(ActionExecutionWorker.java:56) ~[na:na]
    	at org.gradle.process.internal.worker.child.SystemApplicationClassLoaderWorker.call(SystemApplicationClassLoaderWorker.java:121) ~[na:na]
    	at org.gradle.process.internal.worker.child.SystemApplicationClassLoaderWorker.call(SystemApplicationClassLoaderWorker.java:71) ~[na:na]
    	at worker.org.gradle.process.internal.worker.GradleWorkerMain.run(GradleWorkerMain.java:69) ~[gradle-worker.jar:na]
    	at worker.org.gradle.process.internal.worker.GradleWorkerMain.main(GradleWorkerMain.java:74) ~[gradle-worker.jar:na]
    Caused by: org.h2.jdbc.JdbcSQLSyntaxErrorException: Table "verification_tokens" not found; SQL statement:
    select vt1_0."id",vt1_0."created_at",vt1_0."expires_at",vt1_0."token",vt1_0."type",vt1_0."user_id" from "verification_tokens" vt1_0 where vt1_0."id"=? [42102-224]
    	at org.h2.message.DbException.getJdbcSQLException(DbException.java:514) ~[h2-2.2.224.jar:2.2.224]
    	at org.h2.message.DbException.getJdbcSQLException(DbException.java:489) ~[h2-2.2.224.jar:2.2.224]
    	at org.h2.message.DbException.get(DbException.java:223) ~[h2-2.2.224.jar:2.2.224]
    	at org.h2.message.DbException.get(DbException.java:199) ~[h2-2.2.224.jar:2.2.224]
    	at org.h2.command.Parser.getTableOrViewNotFoundDbException(Parser.java:8064) ~[h2-2.2.224.jar:2.2.224]
    	at org.h2.command.Parser.getTableOrViewNotFoundDbException(Parser.java:8035) ~[h2-2.2.224.jar:2.2.224]
    	at org.h2.command.Parser.readTableOrView(Parser.java:8024) ~[h2-2.2.224.jar:2.2.224]
    	at org.h2.command.Parser.readTablePrimary(Parser.java:1788) ~[h2-2.2.224.jar:2.2.224]
    	at org.h2.command.Parser.readTableReference(Parser.java:2268) ~[h2-2.2.224.jar:2.2.224]
    	at org.h2.command.Parser.parseSelectFromPart(Parser.java:2718) ~[h2-2.2.224.jar:2.2.224]
    	at org.h2.command.Parser.parseSelect(Parser.java:2824) ~[h2-2.2.224.jar:2.2.224]
    	at org.h2.command.Parser.parseQueryPrimary(Parser.java:2708) ~[h2-2.2.224.jar:2.2.224]
    	at org.h2.command.Parser.parseQueryTerm(Parser.java:2564) ~[h2-2.2.224.jar:2.2.224]
    	at org.h2.command.Parser.parseQueryExpressionBody(Parser.java:2543) ~[h2-2.2.224.jar:2.2.224]
    	at org.h2.command.Parser.parseQueryExpressionBodyAndEndOfQuery(Parser.java:2536) ~[h2-2.2.224.jar:2.2.224]
    	at org.h2.command.Parser.parseQueryExpression(Parser.java:2529) ~[h2-2.2.224.jar:2.2.224]
    	at org.h2.command.Parser.parseQuery(Parser.java:2498) ~[h2-2.2.224.jar:2.2.224]
    	at org.h2.command.Parser.parsePrepared(Parser.java:627) ~[h2-2.2.224.jar:2.2.224]
    	at org.h2.command.Parser.parse(Parser.java:592) ~[h2-2.2.224.jar:2.2.224]
    	at org.h2.command.Parser.parse(Parser.java:564) ~[h2-2.2.224.jar:2.2.224]
    	at org.h2.command.Parser.prepareCommand(Parser.java:483) ~[h2-2.2.224.jar:2.2.224]
    	at org.h2.engine.SessionLocal.prepareLocal(SessionLocal.java:639) ~[h2-2.2.224.jar:2.2.224]
    	at org.h2.engine.SessionLocal.prepareCommand(SessionLocal.java:559) ~[h2-2.2.224.jar:2.2.224]
    	at org.h2.jdbc.JdbcConnection.prepareCommand(JdbcConnection.java:1166) ~[h2-2.2.224.jar:2.2.224]
    	at org.h2.jdbc.JdbcPreparedStatement.<init>(JdbcPreparedStatement.java:93) ~[h2-2.2.224.jar:2.2.224]
    	at org.h2.jdbc.JdbcConnection.prepareStatement(JdbcConnection.java:316) ~[h2-2.2.224.jar:2.2.224]
    	at com.zaxxer.hikari.pool.ProxyConnection.prepareStatement(ProxyConnection.java:327) ~[HikariCP-5.0.1.jar:na]
    	at com.zaxxer.hikari.pool.HikariProxyConnection.prepareStatement(HikariProxyConnection.java) ~[HikariCP-5.0.1.jar:na]
    	at org.hibernate.engine.jdbc.internal.StatementPreparerImpl$5.doPrepare(StatementPreparerImpl.java:153) ~[hibernate-core-6.4.4.Final.jar:6.4.4.Final]
    	at org.hibernate.engine.jdbc.internal.StatementPreparerImpl$StatementPreparationTemplate.prepareStatement(StatementPreparerImpl.java:183) ~[hibernate-core-6.4.4.Final.jar:6.4.4.Final]
    	... 160 common frames omitted


VerificationTokenRepositoryTest > findByTokenAndType_WithExistingToken_ShouldReturnToken() FAILED
    org.springframework.dao.InvalidDataAccessResourceUsageException: could not prepare statement [Table "verification_tokens" not found; SQL statement:
    select vt1_0."id",vt1_0."created_at",vt1_0."expires_at",vt1_0."token",vt1_0."type",vt1_0."user_id" from "verification_tokens" vt1_0 where vt1_0."id"=? [42102-224]] [select vt1_0."id",vt1_0."created_at",vt1_0."expires_at",vt1_0."token",vt1_0."type",vt1_0."user_id" from "verification_tokens" vt1_0 where vt1_0."id"=?]; SQL [select vt1_0."id",vt1_0."created_at",vt1_0."expires_at",vt1_0."token",vt1_0."type",vt1_0."user_id" from "verification_tokens" vt1_0 where vt1_0."id"=?]
        at app//org.springframework.orm.jpa.vendor.HibernateJpaDialect.convertHibernateAccessException(HibernateJpaDialect.java:277)
        at app//org.springframework.orm.jpa.vendor.HibernateJpaDialect.translateExceptionIfPossible(HibernateJpaDialect.java:241)
        at app//org.springframework.orm.jpa.AbstractEntityManagerFactoryBean.translateExceptionIfPossible(AbstractEntityManagerFactoryBean.java:550)
        at app//org.springframework.dao.support.ChainedPersistenceExceptionTranslator.translateExceptionIfPossible(ChainedPersistenceExceptionTranslator.java:61)
        at app//org.springframework.dao.support.DataAccessUtils.translateIfNecessary(DataAccessUtils.java:335)
        at app//org.springframework.dao.support.PersistenceExceptionTranslationInterceptor.invoke(PersistenceExceptionTranslationInterceptor.java:152)
        at app//org.springframework.aop.framework.ReflectiveMethodInvocation.proceed(ReflectiveMethodInvocation.java:184)
        at app//org.springframework.data.jpa.repository.support.CrudMethodMetadataPostProcessor$CrudMethodMetadataPopulatingMethodInterceptor.invoke(CrudMethodMetadataPostProcessor.java:164)
        at app//org.springframework.aop.framework.ReflectiveMethodInvocation.proceed(ReflectiveMethodInvocation.java:184)
        at app//org.springframework.aop.interceptor.ExposeInvocationInterceptor.invoke(ExposeInvocationInterceptor.java:97)
        at app//org.springframework.aop.framework.ReflectiveMethodInvocation.proceed(ReflectiveMethodInvocation.java:184)
        at app//org.springframework.aop.framework.JdkDynamicAopProxy.invoke(JdkDynamicAopProxy.java:220)
        at app/jdk.proxy3/jdk.proxy3.$Proxy145.save(Unknown Source)
        at app//com.heartrate.repository.VerificationTokenRepositoryTest.findByTokenAndType_WithExistingToken_ShouldReturnToken(VerificationTokenRepositoryTest.java:48)

        Caused by:
        org.hibernate.exception.SQLGrammarException: could not prepare statement [Table "verification_tokens" not found; SQL statement:
        select vt1_0."id",vt1_0."created_at",vt1_0."expires_at",vt1_0."token",vt1_0."type",vt1_0."user_id" from "verification_tokens" vt1_0 where vt1_0."id"=? [42102-224]] [select vt1_0."id",vt1_0."created_at",vt1_0."expires_at",vt1_0."token",vt1_0."type",vt1_0."user_id" from "verification_tokens" vt1_0 where vt1_0."id"=?]
            at app//org.hibernate.exception.internal.SQLExceptionTypeDelegate.convert(SQLExceptionTypeDelegate.java:66)
            at app//org.hibernate.exception.internal.StandardSQLExceptionConverter.convert(StandardSQLExceptionConverter.java:58)
            at app//org.hibernate.engine.jdbc.spi.SqlExceptionHelper.convert(SqlExceptionHelper.java:108)
            at app//org.hibernate.engine.jdbc.internal.StatementPreparerImpl$StatementPreparationTemplate.prepareStatement(StatementPreparerImpl.java:194)
            at app//org.hibernate.engine.jdbc.internal.StatementPreparerImpl.prepareQueryStatement(StatementPreparerImpl.java:155)
            at app//org.hibernate.sql.exec.spi.JdbcSelectExecutor.lambda$list$0(JdbcSelectExecutor.java:85)
            at app//org.hibernate.sql.results.jdbc.internal.DeferredResultSetAccess.executeQuery(DeferredResultSetAccess.java:231)
            at app//org.hibernate.sql.results.jdbc.internal.DeferredResultSetAccess.getResultSet(DeferredResultSetAccess.java:167)
            at app//org.hibernate.sql.results.jdbc.internal.JdbcValuesResultSetImpl.advanceNext(JdbcValuesResultSetImpl.java:218)
            at app//org.hibernate.sql.results.jdbc.internal.JdbcValuesResultSetImpl.processNext(JdbcValuesResultSetImpl.java:98)
            at app//org.hibernate.sql.results.jdbc.internal.AbstractJdbcValues.next(AbstractJdbcValues.java:19)
            at app//org.hibernate.sql.results.internal.RowProcessingStateStandardImpl.next(RowProcessingStateStandardImpl.java:66)
            at app//org.hibernate.sql.results.spi.ListResultsConsumer.consume(ListResultsConsumer.java:187)
            at app//org.hibernate.sql.results.spi.ListResultsConsumer.consume(ListResultsConsumer.java:33)
            at app//org.hibernate.sql.exec.internal.JdbcSelectExecutorStandardImpl.doExecuteQuery(JdbcSelectExecutorStandardImpl.java:209)
            at app//org.hibernate.sql.exec.internal.JdbcSelectExecutorStandardImpl.executeQuery(JdbcSelectExecutorStandardImpl.java:83)
            at app//org.hibernate.sql.exec.spi.JdbcSelectExecutor.list(JdbcSelectExecutor.java:76)
            at app//org.hibernate.sql.exec.spi.JdbcSelectExecutor.list(JdbcSelectExecutor.java:65)
            at app//org.hibernate.loader.ast.internal.SingleIdLoadPlan.load(SingleIdLoadPlan.java:145)
            at app//org.hibernate.loader.ast.internal.SingleIdLoadPlan.load(SingleIdLoadPlan.java:117)
            at app//org.hibernate.loader.ast.internal.SingleIdEntityLoaderStandardImpl.load(SingleIdEntityLoaderStandardImpl.java:75)
            at app//org.hibernate.persister.entity.AbstractEntityPersister.doLoad(AbstractEntityPersister.java:3748)
            at app//org.hibernate.persister.entity.AbstractEntityPersister.load(AbstractEntityPersister.java:3737)
            at app//org.hibernate.event.internal.DefaultLoadEventListener.loadFromDatasource(DefaultLoadEventListener.java:604)
            at app//org.hibernate.event.internal.DefaultLoadEventListener.loadFromCacheOrDatasource(DefaultLoadEventListener.java:590)
            at app//org.hibernate.event.internal.DefaultLoadEventListener.load(DefaultLoadEventListener.java:560)
            at app//org.hibernate.event.internal.DefaultLoadEventListener.doLoad(DefaultLoadEventListener.java:544)
            at app//org.hibernate.event.internal.DefaultLoadEventListener.load(DefaultLoadEventListener.java:207)
            at app//org.hibernate.event.internal.DefaultLoadEventListener.loadWithRegularProxy(DefaultLoadEventListener.java:290)
            at app//org.hibernate.event.internal.DefaultLoadEventListener.proxyOrLoad(DefaultLoadEventListener.java:242)
            at app//org.hibernate.event.internal.DefaultLoadEventListener.doOnLoad(DefaultLoadEventListener.java:111)
            at app//org.hibernate.event.internal.DefaultLoadEventListener.onLoad(DefaultLoadEventListener.java:68)
            at app//org.hibernate.event.service.internal.EventListenerGroupImpl.fireEventOnEachListener(EventListenerGroupImpl.java:138)
            at app//org.hibernate.internal.SessionImpl.fireLoadNoChecks(SessionImpl.java:1222)
            at app//org.hibernate.internal.SessionImpl.fireLoad(SessionImpl.java:1210)
            at app//org.hibernate.loader.internal.IdentifierLoadAccessImpl.load(IdentifierLoadAccessImpl.java:209)
            at app//org.hibernate.loader.internal.IdentifierLoadAccessImpl.doLoad(IdentifierLoadAccessImpl.java:160)
            at app//org.hibernate.loader.internal.IdentifierLoadAccessImpl.lambda$load$1(IdentifierLoadAccessImpl.java:149)
            at app//org.hibernate.loader.internal.IdentifierLoadAccessImpl.perform(IdentifierLoadAccessImpl.java:112)
            at app//org.hibernate.loader.internal.IdentifierLoadAccessImpl.load(IdentifierLoadAccessImpl.java:149)
            at app//org.hibernate.internal.SessionImpl.get(SessionImpl.java:1023)
            at app//org.hibernate.event.internal.DefaultMergeEventListener.lambda$entityIsDetached$0(DefaultMergeEventListener.java:407)
            at app//org.hibernate.engine.spi.LoadQueryInfluencers.fromInternalFetchProfile(LoadQueryInfluencers.java:99)
            at app//org.hibernate.event.internal.DefaultMergeEventListener.entityIsDetached(DefaultMergeEventListener.java:405)
            at app//org.hibernate.event.internal.DefaultMergeEventListener.merge(DefaultMergeEventListener.java:208)
            at app//org.hibernate.event.internal.DefaultMergeEventListener.doMerge(DefaultMergeEventListener.java:146)
            at app//org.hibernate.event.internal.DefaultMergeEventListener.onMerge(DefaultMergeEventListener.java:130)
            at app//org.hibernate.event.internal.DefaultMergeEventListener.onMerge(DefaultMergeEventListener.java:84)
            at app//org.hibernate.event.service.internal.EventListenerGroupImpl.fireEventOnEachListener(EventListenerGroupImpl.java:127)
            at app//org.hibernate.internal.SessionImpl.fireMerge(SessionImpl.java:847)
            at app//org.hibernate.internal.SessionImpl.merge(SessionImpl.java:833)
            at java.base@21.0.2/jdk.internal.reflect.DirectMethodHandleAccessor.invoke(DirectMethodHandleAccessor.java:103)
            at java.base@21.0.2/java.lang.reflect.Method.invoke(Method.java:580)
            at app//org.springframework.orm.jpa.SharedEntityManagerCreator$SharedEntityManagerInvocationHandler.invoke(SharedEntityManagerCreator.java:319)
            at app/jdk.proxy3/jdk.proxy3.$Proxy135.merge(Unknown Source)
            at app//org.springframework.data.jpa.repository.support.SimpleJpaRepository.save(SimpleJpaRepository.java:621)
            at java.base@21.0.2/jdk.internal.reflect.DirectMethodHandleAccessor.invoke(DirectMethodHandleAccessor.java:103)
            at java.base@21.0.2/java.lang.reflect.Method.invoke(Method.java:580)
            at app//org.springframework.aop.support.AopUtils.invokeJoinpointUsingReflection(AopUtils.java:351)
            at app//org.springframework.data.repository.core.support.RepositoryMethodInvoker$RepositoryFragmentMethodInvoker.lambda$new$0(RepositoryMethodInvoker.java:277)
            at app//org.springframework.data.repository.core.support.RepositoryMethodInvoker.doInvoke(RepositoryMethodInvoker.java:170)
            at app//org.springframework.data.repository.core.support.RepositoryMethodInvoker.invoke(RepositoryMethodInvoker.java:158)
            at app//org.springframework.data.repository.core.support.RepositoryComposition$RepositoryFragments.invoke(RepositoryComposition.java:516)
            at app//org.springframework.data.repository.core.support.RepositoryComposition.invoke(RepositoryComposition.java:285)
            at app//org.springframework.data.repository.core.support.RepositoryFactorySupport$ImplementationMethodExecutionInterceptor.invoke(RepositoryFactorySupport.java:628)
            at app//org.springframework.aop.framework.ReflectiveMethodInvocation.proceed(ReflectiveMethodInvocation.java:184)
            at app//org.springframework.data.repository.core.support.QueryExecutorMethodInterceptor.doInvoke(QueryExecutorMethodInterceptor.java:168)
            at app//org.springframework.data.repository.core.support.QueryExecutorMethodInterceptor.invoke(QueryExecutorMethodInterceptor.java:143)
            at app//org.springframework.aop.framework.ReflectiveMethodInvocation.proceed(ReflectiveMethodInvocation.java:184)
            at app//org.springframework.data.projection.DefaultMethodInvokingMethodInterceptor.invoke(DefaultMethodInvokingMethodInterceptor.java:70)
            at app//org.springframework.aop.framework.ReflectiveMethodInvocation.proceed(ReflectiveMethodInvocation.java:184)
            at app//org.springframework.transaction.interceptor.TransactionInterceptor$1.proceedWithInvocation(TransactionInterceptor.java:123)
            at app//org.springframework.transaction.interceptor.TransactionAspectSupport.invokeWithinTransaction(TransactionAspectSupport.java:385)
            at app//org.springframework.transaction.interceptor.TransactionInterceptor.invoke(TransactionInterceptor.java:119)
            at app//org.springframework.aop.framework.ReflectiveMethodInvocation.proceed(ReflectiveMethodInvocation.java:184)
            at app//org.springframework.dao.support.PersistenceExceptionTranslationInterceptor.invoke(PersistenceExceptionTranslationInterceptor.java:137)
            ... 8 more

            Caused by:
            org.h2.jdbc.JdbcSQLSyntaxErrorException: Table "verification_tokens" not found; SQL statement:
            select vt1_0."id",vt1_0."created_at",vt1_0."expires_at",vt1_0."token",vt1_0."type",vt1_0."user_id" from "verification_tokens" vt1_0 where vt1_0."id"=? [42102-224]
                at app//org.h2.message.DbException.getJdbcSQLException(DbException.java:514)
                at app//org.h2.message.DbException.getJdbcSQLException(DbException.java:489)
                at app//org.h2.message.DbException.get(DbException.java:223)
                at app//org.h2.message.DbException.get(DbException.java:199)
                at app//org.h2.command.Parser.getTableOrViewNotFoundDbException(Parser.java:8064)
                at app//org.h2.command.Parser.getTableOrViewNotFoundDbException(Parser.java:8035)
                at app//org.h2.command.Parser.readTableOrView(Parser.java:8024)
                at app//org.h2.command.Parser.readTablePrimary(Parser.java:1788)
                at app//org.h2.command.Parser.readTableReference(Parser.java:2268)
                at app//org.h2.command.Parser.parseSelectFromPart(Parser.java:2718)
                at app//org.h2.command.Parser.parseSelect(Parser.java:2824)
                at app//org.h2.command.Parser.parseQueryPrimary(Parser.java:2708)
                at app//org.h2.command.Parser.parseQueryTerm(Parser.java:2564)
                at app//org.h2.command.Parser.parseQueryExpressionBody(Parser.java:2543)
                at app//org.h2.command.Parser.parseQueryExpressionBodyAndEndOfQuery(Parser.java:2536)
                at app//org.h2.command.Parser.parseQueryExpression(Parser.java:2529)
                at app//org.h2.command.Parser.parseQuery(Parser.java:2498)
                at app//org.h2.command.Parser.parsePrepared(Parser.java:627)
                at app//org.h2.command.Parser.parse(Parser.java:592)
                at app//org.h2.command.Parser.parse(Parser.java:564)
                at app//org.h2.command.Parser.prepareCommand(Parser.java:483)
                at app//org.h2.engine.SessionLocal.prepareLocal(SessionLocal.java:639)
                at app//org.h2.engine.SessionLocal.prepareCommand(SessionLocal.java:559)
                at app//org.h2.jdbc.JdbcConnection.prepareCommand(JdbcConnection.java:1166)
                at app//org.h2.jdbc.JdbcPreparedStatement.<init>(JdbcPreparedStatement.java:93)
                at app//org.h2.jdbc.JdbcConnection.prepareStatement(JdbcConnection.java:316)
                at app//com.zaxxer.hikari.pool.ProxyConnection.prepareStatement(ProxyConnection.java:327)
                at app//com.zaxxer.hikari.pool.HikariProxyConnection.prepareStatement(HikariProxyConnection.java)
                at app//org.hibernate.engine.jdbc.internal.StatementPreparerImpl$5.doPrepare(StatementPreparerImpl.java:153)
                at app//org.hibernate.engine.jdbc.internal.StatementPreparerImpl$StatementPreparationTemplate.prepareStatement(StatementPreparerImpl.java:183)
                ... 80 more

VerificationTokenRepositoryTest > findByTokenAndType_WithNonExistentToken_ShouldReturnEmpty() STANDARD_OUT
    2025-04-06T08:34:46.984-07:00 DEBUG 44469 --- [    Test worker] org.hibernate.SQL                        : 
        select
            vt1_0."id",
            vt1_0."created_at",
            vt1_0."expires_at",
            vt1_0."token",
            vt1_0."type",
            vt1_0."user_id" 
        from
            "verification_tokens" vt1_0 
        where
            vt1_0."token"=? 
            and vt1_0."type"=?
    Hibernate: 
        select
            vt1_0."id",
            vt1_0."created_at",
            vt1_0."expires_at",
            vt1_0."token",
            vt1_0."type",
            vt1_0."user_id" 
        from
            "verification_tokens" vt1_0 
        where
            vt1_0."token"=? 
            and vt1_0."type"=?
    2025-04-06T08:34:46.984-07:00  WARN 44469 --- [    Test worker] o.h.engine.jdbc.spi.SqlExceptionHelper   : SQL Error: 42102, SQLState: 42S02
    2025-04-06T08:34:46.984-07:00 ERROR 44469 --- [    Test worker] o.h.engine.jdbc.spi.SqlExceptionHelper   : Table "verification_tokens" not found; SQL statement:
    select vt1_0."id",vt1_0."created_at",vt1_0."expires_at",vt1_0."token",vt1_0."type",vt1_0."user_id" from "verification_tokens" vt1_0 where vt1_0."token"=? and vt1_0."type"=? [42102-224]

VerificationTokenRepositoryTest > findByTokenAndType_WithNonExistentToken_ShouldReturnEmpty() FAILED
    org.springframework.dao.InvalidDataAccessResourceUsageException: could not prepare statement [Table "verification_tokens" not found; SQL statement:
    select vt1_0."id",vt1_0."created_at",vt1_0."expires_at",vt1_0."token",vt1_0."type",vt1_0."user_id" from "verification_tokens" vt1_0 where vt1_0."token"=? and vt1_0."type"=? [42102-224]] [select vt1_0."id",vt1_0."created_at",vt1_0."expires_at",vt1_0."token",vt1_0."type",vt1_0."user_id" from "verification_tokens" vt1_0 where vt1_0."token"=? and vt1_0."type"=?]; SQL [select vt1_0."id",vt1_0."created_at",vt1_0."expires_at",vt1_0."token",vt1_0."type",vt1_0."user_id" from "verification_tokens" vt1_0 where vt1_0."token"=? and vt1_0."type"=?]
        at app//org.springframework.orm.jpa.vendor.HibernateJpaDialect.convertHibernateAccessException(HibernateJpaDialect.java:277)
        at app//org.springframework.orm.jpa.vendor.HibernateJpaDialect.translateExceptionIfPossible(HibernateJpaDialect.java:241)
        at app//org.springframework.orm.jpa.AbstractEntityManagerFactoryBean.translateExceptionIfPossible(AbstractEntityManagerFactoryBean.java:550)
        at app//org.springframework.dao.support.ChainedPersistenceExceptionTranslator.translateExceptionIfPossible(ChainedPersistenceExceptionTranslator.java:61)
        at app//org.springframework.dao.support.DataAccessUtils.translateIfNecessary(DataAccessUtils.java:335)
        at app//org.springframework.dao.support.PersistenceExceptionTranslationInterceptor.invoke(PersistenceExceptionTranslationInterceptor.java:152)
        at app//org.springframework.aop.framework.ReflectiveMethodInvocation.proceed(ReflectiveMethodInvocation.java:184)
        at app//org.springframework.data.jpa.repository.support.CrudMethodMetadataPostProcessor$CrudMethodMetadataPopulatingMethodInterceptor.invoke(CrudMethodMetadataPostProcessor.java:135)
        at app//org.springframework.aop.framework.ReflectiveMethodInvocation.proceed(ReflectiveMethodInvocation.java:184)
        at app//org.springframework.aop.interceptor.ExposeInvocationInterceptor.invoke(ExposeInvocationInterceptor.java:97)
        at app//org.springframework.aop.framework.ReflectiveMethodInvocation.proceed(ReflectiveMethodInvocation.java:184)
        at app//org.springframework.aop.framework.JdkDynamicAopProxy.invoke(JdkDynamicAopProxy.java:220)
        at app/jdk.proxy3/jdk.proxy3.$Proxy145.findByTokenAndType(Unknown Source)
        at app//com.heartrate.repository.VerificationTokenRepositoryTest.findByTokenAndType_WithNonExistentToken_ShouldReturnEmpty(VerificationTokenRepositoryTest.java:63)

        Caused by:
        org.hibernate.exception.SQLGrammarException: could not prepare statement [Table "verification_tokens" not found; SQL statement:
        select vt1_0."id",vt1_0."created_at",vt1_0."expires_at",vt1_0."token",vt1_0."type",vt1_0."user_id" from "verification_tokens" vt1_0 where vt1_0."token"=? and vt1_0."type"=? [42102-224]] [select vt1_0."id",vt1_0."created_at",vt1_0."expires_at",vt1_0."token",vt1_0."type",vt1_0."user_id" from "verification_tokens" vt1_0 where vt1_0."token"=? and vt1_0."type"=?]
            at app//org.hibernate.exception.internal.SQLExceptionTypeDelegate.convert(SQLExceptionTypeDelegate.java:66)
            at app//org.hibernate.exception.internal.StandardSQLExceptionConverter.convert(StandardSQLExceptionConverter.java:58)
            at app//org.hibernate.engine.jdbc.spi.SqlExceptionHelper.convert(SqlExceptionHelper.java:108)
            at app//org.hibernate.engine.jdbc.internal.StatementPreparerImpl$StatementPreparationTemplate.prepareStatement(StatementPreparerImpl.java:194)
            at app//org.hibernate.engine.jdbc.internal.StatementPreparerImpl.prepareQueryStatement(StatementPreparerImpl.java:155)
            at app//org.hibernate.sql.exec.spi.JdbcSelectExecutor.lambda$list$0(JdbcSelectExecutor.java:85)
            at app//org.hibernate.sql.results.jdbc.internal.DeferredResultSetAccess.executeQuery(DeferredResultSetAccess.java:231)
            at app//org.hibernate.sql.results.jdbc.internal.DeferredResultSetAccess.getResultSet(DeferredResultSetAccess.java:167)
            at app//org.hibernate.sql.results.jdbc.internal.JdbcValuesResultSetImpl.advanceNext(JdbcValuesResultSetImpl.java:218)
            at app//org.hibernate.sql.results.jdbc.internal.JdbcValuesResultSetImpl.processNext(JdbcValuesResultSetImpl.java:98)
            at app//org.hibernate.sql.results.jdbc.internal.AbstractJdbcValues.next(AbstractJdbcValues.java:19)
            at app//org.hibernate.sql.results.internal.RowProcessingStateStandardImpl.next(RowProcessingStateStandardImpl.java:66)
            at app//org.hibernate.sql.results.spi.ListResultsConsumer.consume(ListResultsConsumer.java:202)
            at app//org.hibernate.sql.results.spi.ListResultsConsumer.consume(ListResultsConsumer.java:33)
            at app//org.hibernate.sql.exec.internal.JdbcSelectExecutorStandardImpl.doExecuteQuery(JdbcSelectExecutorStandardImpl.java:209)
            at app//org.hibernate.sql.exec.internal.JdbcSelectExecutorStandardImpl.executeQuery(JdbcSelectExecutorStandardImpl.java:83)
            at app//org.hibernate.sql.exec.spi.JdbcSelectExecutor.list(JdbcSelectExecutor.java:76)
            at app//org.hibernate.sql.exec.spi.JdbcSelectExecutor.list(JdbcSelectExecutor.java:65)
            at app//org.hibernate.query.sqm.internal.ConcreteSqmSelectQueryPlan.lambda$new$2(ConcreteSqmSelectQueryPlan.java:137)
            at app//org.hibernate.query.sqm.internal.ConcreteSqmSelectQueryPlan.withCacheableSqmInterpretation(ConcreteSqmSelectQueryPlan.java:362)
            at app//org.hibernate.query.sqm.internal.ConcreteSqmSelectQueryPlan.performList(ConcreteSqmSelectQueryPlan.java:303)
            at app//org.hibernate.query.sqm.internal.QuerySqmImpl.doList(QuerySqmImpl.java:509)
            at app//org.hibernate.query.spi.AbstractSelectionQuery.list(AbstractSelectionQuery.java:427)
            at app//org.hibernate.query.spi.AbstractSelectionQuery.getSingleResult(AbstractSelectionQuery.java:564)
            at app//org.springframework.data.jpa.repository.query.JpaQueryExecution$SingleEntityExecution.doExecute(JpaQueryExecution.java:223)
            at app//org.springframework.data.jpa.repository.query.JpaQueryExecution.execute(JpaQueryExecution.java:92)
            at app//org.springframework.data.jpa.repository.query.AbstractJpaQuery.doExecute(AbstractJpaQuery.java:149)
            at app//org.springframework.data.jpa.repository.query.AbstractJpaQuery.execute(AbstractJpaQuery.java:137)
            at app//org.springframework.data.repository.core.support.RepositoryMethodInvoker.doInvoke(RepositoryMethodInvoker.java:170)
            at app//org.springframework.data.repository.core.support.RepositoryMethodInvoker.invoke(RepositoryMethodInvoker.java:158)
            at app//org.springframework.data.repository.core.support.QueryExecutorMethodInterceptor.doInvoke(QueryExecutorMethodInterceptor.java:164)
            at app//org.springframework.data.repository.core.support.QueryExecutorMethodInterceptor.invoke(QueryExecutorMethodInterceptor.java:143)
            at app//org.springframework.aop.framework.ReflectiveMethodInvocation.proceed(ReflectiveMethodInvocation.java:184)
            at app//org.springframework.data.projection.DefaultMethodInvokingMethodInterceptor.invoke(DefaultMethodInvokingMethodInterceptor.java:70)
            at app//org.springframework.aop.framework.ReflectiveMethodInvocation.proceed(ReflectiveMethodInvocation.java:184)
            at app//org.springframework.transaction.interceptor.TransactionInterceptor$1.proceedWithInvocation(TransactionInterceptor.java:123)
            at app//org.springframework.transaction.interceptor.TransactionAspectSupport.invokeWithinTransaction(TransactionAspectSupport.java:385)
            at app//org.springframework.transaction.interceptor.TransactionInterceptor.invoke(TransactionInterceptor.java:119)
            at app//org.springframework.aop.framework.ReflectiveMethodInvocation.proceed(ReflectiveMethodInvocation.java:184)
            at app//org.springframework.dao.support.PersistenceExceptionTranslationInterceptor.invoke(PersistenceExceptionTranslationInterceptor.java:137)
            ... 8 more

            Caused by:
            org.h2.jdbc.JdbcSQLSyntaxErrorException: Table "verification_tokens" not found; SQL statement:
            select vt1_0."id",vt1_0."created_at",vt1_0."expires_at",vt1_0."token",vt1_0."type",vt1_0."user_id" from "verification_tokens" vt1_0 where vt1_0."token"=? and vt1_0."type"=? [42102-224]
                at app//org.h2.message.DbException.getJdbcSQLException(DbException.java:514)
                at app//org.h2.message.DbException.getJdbcSQLException(DbException.java:489)
                at app//org.h2.message.DbException.get(DbException.java:223)
                at app//org.h2.message.DbException.get(DbException.java:199)
                at app//org.h2.command.Parser.getTableOrViewNotFoundDbException(Parser.java:8064)
                at app//org.h2.command.Parser.getTableOrViewNotFoundDbException(Parser.java:8035)
                at app//org.h2.command.Parser.readTableOrView(Parser.java:8024)
                at app//org.h2.command.Parser.readTablePrimary(Parser.java:1788)
                at app//org.h2.command.Parser.readTableReference(Parser.java:2268)
                at app//org.h2.command.Parser.parseSelectFromPart(Parser.java:2718)
                at app//org.h2.command.Parser.parseSelect(Parser.java:2824)
                at app//org.h2.command.Parser.parseQueryPrimary(Parser.java:2708)
                at app//org.h2.command.Parser.parseQueryTerm(Parser.java:2564)
                at app//org.h2.command.Parser.parseQueryExpressionBody(Parser.java:2543)
                at app//org.h2.command.Parser.parseQueryExpressionBodyAndEndOfQuery(Parser.java:2536)
                at app//org.h2.command.Parser.parseQueryExpression(Parser.java:2529)
                at app//org.h2.command.Parser.parseQuery(Parser.java:2498)
                at app//org.h2.command.Parser.parsePrepared(Parser.java:627)
                at app//org.h2.command.Parser.parse(Parser.java:592)
                at app//org.h2.command.Parser.parse(Parser.java:564)
                at app//org.h2.command.Parser.prepareCommand(Parser.java:483)
                at app//org.h2.engine.SessionLocal.prepareLocal(SessionLocal.java:639)
                at app//org.h2.engine.SessionLocal.prepareCommand(SessionLocal.java:559)
                at app//org.h2.jdbc.JdbcConnection.prepareCommand(JdbcConnection.java:1166)
                at app//org.h2.jdbc.JdbcPreparedStatement.<init>(JdbcPreparedStatement.java:93)
                at app//org.h2.jdbc.JdbcConnection.prepareStatement(JdbcConnection.java:316)
                at app//com.zaxxer.hikari.pool.ProxyConnection.prepareStatement(ProxyConnection.java:327)
                at app//com.zaxxer.hikari.pool.HikariProxyConnection.prepareStatement(HikariProxyConnection.java)
                at app//org.hibernate.engine.jdbc.internal.StatementPreparerImpl$5.doPrepare(StatementPreparerImpl.java:153)
                at app//org.hibernate.engine.jdbc.internal.StatementPreparerImpl$StatementPreparationTemplate.prepareStatement(StatementPreparerImpl.java:183)
                ... 44 more

VerificationTokenRepositoryTest > findFirstByUserIdAndTypeOrderByCreatedAtDesc_WithMultipleTokens_ShouldReturnLatest() STANDARD_OUT
    2025-04-06T08:34:46.987-07:00 DEBUG 44469 --- [    Test worker] org.hibernate.SQL                        : 
        select
            u1_0."id",
            u1_0."created_at",
            u1_0."display_name",
            u1_0."email",
            u1_0."email_verified",
            u1_0."first_name",
            u1_0."mobile_number",
            u1_0."password_hash",
            u1_0."remember_me_token",
            u1_0."updated_at",
            u1_0."user_address",
            u1_0."year_of_birth" 
        from
            "users" u1_0 
        where
            u1_0."id"=?
    Hibernate: 
        select
            u1_0."id",
            u1_0."created_at",
            u1_0."display_name",
            u1_0."email",
            u1_0."email_verified",
            u1_0."first_name",
            u1_0."mobile_number",
            u1_0."password_hash",
            u1_0."remember_me_token",
            u1_0."updated_at",
            u1_0."user_address",
            u1_0."year_of_birth" 
        from
            "users" u1_0 
        where
            u1_0."id"=?
    2025-04-06T08:34:46.988-07:00 DEBUG 44469 --- [    Test worker] org.hibernate.SQL                        : 
        select
            vt1_0."id",
            vt1_0."created_at",
            vt1_0."expires_at",
            vt1_0."token",
            vt1_0."type",
            vt1_0."user_id" 
        from
            "verification_tokens" vt1_0 
        where
            vt1_0."id"=?
    Hibernate: 
        select
            vt1_0."id",
            vt1_0."created_at",
            vt1_0."expires_at",
            vt1_0."token",
            vt1_0."type",
            vt1_0."user_id" 
        from
            "verification_tokens" vt1_0 
        where
            vt1_0."id"=?
    2025-04-06T08:34:46.988-07:00  WARN 44469 --- [    Test worker] o.h.engine.jdbc.spi.SqlExceptionHelper   : SQL Error: 42102, SQLState: 42S02
    2025-04-06T08:34:46.988-07:00 ERROR 44469 --- [    Test worker] o.h.engine.jdbc.spi.SqlExceptionHelper   : Table "verification_tokens" not found; SQL statement:
    select vt1_0."id",vt1_0."created_at",vt1_0."expires_at",vt1_0."token",vt1_0."type",vt1_0."user_id" from "verification_tokens" vt1_0 where vt1_0."id"=? [42102-224]
    2025-04-06T08:34:46.988-07:00  INFO 44469 --- [    Test worker] o.h.e.internal.DefaultLoadEventListener  : HHH000327: Error performing load command

    org.hibernate.exception.SQLGrammarException: could not prepare statement [Table "verification_tokens" not found; SQL statement:
    select vt1_0."id",vt1_0."created_at",vt1_0."expires_at",vt1_0."token",vt1_0."type",vt1_0."user_id" from "verification_tokens" vt1_0 where vt1_0."id"=? [42102-224]] [select vt1_0."id",vt1_0."created_at",vt1_0."expires_at",vt1_0."token",vt1_0."type",vt1_0."user_id" from "verification_tokens" vt1_0 where vt1_0."id"=?]
    	at org.hibernate.exception.internal.SQLExceptionTypeDelegate.convert(SQLExceptionTypeDelegate.java:66) ~[hibernate-core-6.4.4.Final.jar:6.4.4.Final]
    	at org.hibernate.exception.internal.StandardSQLExceptionConverter.convert(StandardSQLExceptionConverter.java:58) ~[hibernate-core-6.4.4.Final.jar:6.4.4.Final]
    	at org.hibernate.engine.jdbc.spi.SqlExceptionHelper.convert(SqlExceptionHelper.java:108) ~[hibernate-core-6.4.4.Final.jar:6.4.4.Final]
    	at org.hibernate.engine.jdbc.internal.StatementPreparerImpl$StatementPreparationTemplate.prepareStatement(StatementPreparerImpl.java:194) ~[hibernate-core-6.4.4.Final.jar:6.4.4.Final]
    	at org.hibernate.engine.jdbc.internal.StatementPreparerImpl.prepareQueryStatement(StatementPreparerImpl.java:155) ~[hibernate-core-6.4.4.Final.jar:6.4.4.Final]
    	at org.hibernate.sql.exec.spi.JdbcSelectExecutor.lambda$list$0(JdbcSelectExecutor.java:85) ~[hibernate-core-6.4.4.Final.jar:6.4.4.Final]
    	at org.hibernate.sql.results.jdbc.internal.DeferredResultSetAccess.executeQuery(DeferredResultSetAccess.java:231) ~[hibernate-core-6.4.4.Final.jar:6.4.4.Final]
    	at org.hibernate.sql.results.jdbc.internal.DeferredResultSetAccess.getResultSet(DeferredResultSetAccess.java:167) ~[hibernate-core-6.4.4.Final.jar:6.4.4.Final]
    	at org.hibernate.sql.results.jdbc.internal.JdbcValuesResultSetImpl.advanceNext(JdbcValuesResultSetImpl.java:218) ~[hibernate-core-6.4.4.Final.jar:6.4.4.Final]
    	at org.hibernate.sql.results.jdbc.internal.JdbcValuesResultSetImpl.processNext(JdbcValuesResultSetImpl.java:98) ~[hibernate-core-6.4.4.Final.jar:6.4.4.Final]
    	at org.hibernate.sql.results.jdbc.internal.AbstractJdbcValues.next(AbstractJdbcValues.java:19) ~[hibernate-core-6.4.4.Final.jar:6.4.4.Final]
    	at org.hibernate.sql.results.internal.RowProcessingStateStandardImpl.next(RowProcessingStateStandardImpl.java:66) ~[hibernate-core-6.4.4.Final.jar:6.4.4.Final]
    	at org.hibernate.sql.results.spi.ListResultsConsumer.consume(ListResultsConsumer.java:187) ~[hibernate-core-6.4.4.Final.jar:6.4.4.Final]
    	at org.hibernate.sql.results.spi.ListResultsConsumer.consume(ListResultsConsumer.java:33) ~[hibernate-core-6.4.4.Final.jar:6.4.4.Final]
    	at org.hibernate.sql.exec.internal.JdbcSelectExecutorStandardImpl.doExecuteQuery(JdbcSelectExecutorStandardImpl.java:209) ~[hibernate-core-6.4.4.Final.jar:6.4.4.Final]
    	at org.hibernate.sql.exec.internal.JdbcSelectExecutorStandardImpl.executeQuery(JdbcSelectExecutorStandardImpl.java:83) ~[hibernate-core-6.4.4.Final.jar:6.4.4.Final]
    	at org.hibernate.sql.exec.spi.JdbcSelectExecutor.list(JdbcSelectExecutor.java:76) ~[hibernate-core-6.4.4.Final.jar:6.4.4.Final]
    	at org.hibernate.sql.exec.spi.JdbcSelectExecutor.list(JdbcSelectExecutor.java:65) ~[hibernate-core-6.4.4.Final.jar:6.4.4.Final]
    	at org.hibernate.loader.ast.internal.SingleIdLoadPlan.load(SingleIdLoadPlan.java:145) ~[hibernate-core-6.4.4.Final.jar:6.4.4.Final]
    	at org.hibernate.loader.ast.internal.SingleIdLoadPlan.load(SingleIdLoadPlan.java:117) ~[hibernate-core-6.4.4.Final.jar:6.4.4.Final]
    	at org.hibernate.loader.ast.internal.SingleIdEntityLoaderStandardImpl.load(SingleIdEntityLoaderStandardImpl.java:75) ~[hibernate-core-6.4.4.Final.jar:6.4.4.Final]
    	at org.hibernate.persister.entity.AbstractEntityPersister.doLoad(AbstractEntityPersister.java:3748) ~[hibernate-core-6.4.4.Final.jar:6.4.4.Final]
    	at org.hibernate.persister.entity.AbstractEntityPersister.load(AbstractEntityPersister.java:3737) ~[hibernate-core-6.4.4.Final.jar:6.4.4.Final]
    	at org.hibernate.event.internal.DefaultLoadEventListener.loadFromDatasource(DefaultLoadEventListener.java:604) ~[hibernate-core-6.4.4.Final.jar:6.4.4.Final]
    	at org.hibernate.event.internal.DefaultLoadEventListener.loadFromCacheOrDatasource(DefaultLoadEventListener.java:590) ~[hibernate-core-6.4.4.Final.jar:6.4.4.Final]
    	at org.hibernate.event.internal.DefaultLoadEventListener.load(DefaultLoadEventListener.java:560) ~[hibernate-core-6.4.4.Final.jar:6.4.4.Final]
    	at org.hibernate.event.internal.DefaultLoadEventListener.doLoad(DefaultLoadEventListener.java:544) ~[hibernate-core-6.4.4.Final.jar:6.4.4.Final]
    	at org.hibernate.event.internal.DefaultLoadEventListener.load(DefaultLoadEventListener.java:207) ~[hibernate-core-6.4.4.Final.jar:6.4.4.Final]
    	at org.hibernate.event.internal.DefaultLoadEventListener.loadWithRegularProxy(DefaultLoadEventListener.java:290) ~[hibernate-core-6.4.4.Final.jar:6.4.4.Final]
    	at org.hibernate.event.internal.DefaultLoadEventListener.proxyOrLoad(DefaultLoadEventListener.java:242) ~[hibernate-core-6.4.4.Final.jar:6.4.4.Final]
    	at org.hibernate.event.internal.DefaultLoadEventListener.doOnLoad(DefaultLoadEventListener.java:111) ~[hibernate-core-6.4.4.Final.jar:6.4.4.Final]
    	at org.hibernate.event.internal.DefaultLoadEventListener.onLoad(DefaultLoadEventListener.java:68) ~[hibernate-core-6.4.4.Final.jar:6.4.4.Final]
    	at org.hibernate.event.service.internal.EventListenerGroupImpl.fireEventOnEachListener(EventListenerGroupImpl.java:138) ~[hibernate-core-6.4.4.Final.jar:6.4.4.Final]
    	at org.hibernate.internal.SessionImpl.fireLoadNoChecks(SessionImpl.java:1222) ~[hibernate-core-6.4.4.Final.jar:6.4.4.Final]
    	at org.hibernate.internal.SessionImpl.fireLoad(SessionImpl.java:1210) ~[hibernate-core-6.4.4.Final.jar:6.4.4.Final]
    	at org.hibernate.loader.internal.IdentifierLoadAccessImpl.load(IdentifierLoadAccessImpl.java:209) ~[hibernate-core-6.4.4.Final.jar:6.4.4.Final]
    	at org.hibernate.loader.internal.IdentifierLoadAccessImpl.doLoad(IdentifierLoadAccessImpl.java:160) ~[hibernate-core-6.4.4.Final.jar:6.4.4.Final]
    	at org.hibernate.loader.internal.IdentifierLoadAccessImpl.lambda$load$1(IdentifierLoadAccessImpl.java:149) ~[hibernate-core-6.4.4.Final.jar:6.4.4.Final]
    	at org.hibernate.loader.internal.IdentifierLoadAccessImpl.perform(IdentifierLoadAccessImpl.java:112) ~[hibernate-core-6.4.4.Final.jar:6.4.4.Final]
    	at org.hibernate.loader.internal.IdentifierLoadAccessImpl.load(IdentifierLoadAccessImpl.java:149) ~[hibernate-core-6.4.4.Final.jar:6.4.4.Final]
    	at org.hibernate.internal.SessionImpl.get(SessionImpl.java:1023) ~[hibernate-core-6.4.4.Final.jar:6.4.4.Final]
    	at org.hibernate.event.internal.DefaultMergeEventListener.lambda$entityIsDetached$0(DefaultMergeEventListener.java:407) ~[hibernate-core-6.4.4.Final.jar:6.4.4.Final]
    	at org.hibernate.engine.spi.LoadQueryInfluencers.fromInternalFetchProfile(LoadQueryInfluencers.java:99) ~[hibernate-core-6.4.4.Final.jar:6.4.4.Final]
    	at org.hibernate.event.internal.DefaultMergeEventListener.entityIsDetached(DefaultMergeEventListener.java:405) ~[hibernate-core-6.4.4.Final.jar:6.4.4.Final]
    	at org.hibernate.event.internal.DefaultMergeEventListener.merge(DefaultMergeEventListener.java:208) ~[hibernate-core-6.4.4.Final.jar:6.4.4.Final]
    	at org.hibernate.event.internal.DefaultMergeEventListener.doMerge(DefaultMergeEventListener.java:146) ~[hibernate-core-6.4.4.Final.jar:6.4.4.Final]
    	at org.hibernate.event.internal.DefaultMergeEventListener.onMerge(DefaultMergeEventListener.java:130) ~[hibernate-core-6.4.4.Final.jar:6.4.4.Final]
    	at org.hibernate.event.internal.DefaultMergeEventListener.onMerge(DefaultMergeEventListener.java:84) ~[hibernate-core-6.4.4.Final.jar:6.4.4.Final]
    	at org.hibernate.event.service.internal.EventListenerGroupImpl.fireEventOnEachListener(EventListenerGroupImpl.java:127) ~[hibernate-core-6.4.4.Final.jar:6.4.4.Final]
    	at org.hibernate.internal.SessionImpl.fireMerge(SessionImpl.java:847) ~[hibernate-core-6.4.4.Final.jar:6.4.4.Final]
    	at org.hibernate.internal.SessionImpl.merge(SessionImpl.java:833) ~[hibernate-core-6.4.4.Final.jar:6.4.4.Final]
    	at java.base/jdk.internal.reflect.DirectMethodHandleAccessor.invoke(DirectMethodHandleAccessor.java:103) ~[na:na]
    	at java.base/java.lang.reflect.Method.invoke(Method.java:580) ~[na:na]
    	at org.springframework.orm.jpa.SharedEntityManagerCreator$SharedEntityManagerInvocationHandler.invoke(SharedEntityManagerCreator.java:319) ~[spring-orm-6.1.4.jar:6.1.4]
    	at jdk.proxy3/jdk.proxy3.$Proxy135.merge(Unknown Source) ~[na:na]
    	at org.springframework.data.jpa.repository.support.SimpleJpaRepository.save(SimpleJpaRepository.java:621) ~[spring-data-jpa-3.2.3.jar:3.2.3]
    	at java.base/jdk.internal.reflect.DirectMethodHandleAccessor.invoke(DirectMethodHandleAccessor.java:103) ~[na:na]
    	at java.base/java.lang.reflect.Method.invoke(Method.java:580) ~[na:na]
    	at org.springframework.aop.support.AopUtils.invokeJoinpointUsingReflection(AopUtils.java:351) ~[spring-aop-6.1.4.jar:6.1.4]
    	at org.springframework.data.repository.core.support.RepositoryMethodInvoker$RepositoryFragmentMethodInvoker.lambda$new$0(RepositoryMethodInvoker.java:277) ~[spring-data-commons-3.2.3.jar:3.2.3]
    	at org.springframework.data.repository.core.support.RepositoryMethodInvoker.doInvoke(RepositoryMethodInvoker.java:170) ~[spring-data-commons-3.2.3.jar:3.2.3]
    	at org.springframework.data.repository.core.support.RepositoryMethodInvoker.invoke(RepositoryMethodInvoker.java:158) ~[spring-data-commons-3.2.3.jar:3.2.3]
    	at org.springframework.data.repository.core.support.RepositoryComposition$RepositoryFragments.invoke(RepositoryComposition.java:516) ~[spring-data-commons-3.2.3.jar:3.2.3]
    	at org.springframework.data.repository.core.support.RepositoryComposition.invoke(RepositoryComposition.java:285) ~[spring-data-commons-3.2.3.jar:3.2.3]
    	at org.springframework.data.repository.core.support.RepositoryFactorySupport$ImplementationMethodExecutionInterceptor.invoke(RepositoryFactorySupport.java:628) ~[spring-data-commons-3.2.3.jar:3.2.3]
    	at org.springframework.aop.framework.ReflectiveMethodInvocation.proceed(ReflectiveMethodInvocation.java:184) ~[spring-aop-6.1.4.jar:6.1.4]
    	at org.springframework.data.repository.core.support.QueryExecutorMethodInterceptor.doInvoke(QueryExecutorMethodInterceptor.java:168) ~[spring-data-commons-3.2.3.jar:3.2.3]
    	at org.springframework.data.repository.core.support.QueryExecutorMethodInterceptor.invoke(QueryExecutorMethodInterceptor.java:143) ~[spring-data-commons-3.2.3.jar:3.2.3]
    	at org.springframework.aop.framework.ReflectiveMethodInvocation.proceed(ReflectiveMethodInvocation.java:184) ~[spring-aop-6.1.4.jar:6.1.4]
    	at org.springframework.data.projection.DefaultMethodInvokingMethodInterceptor.invoke(DefaultMethodInvokingMethodInterceptor.java:70) ~[spring-data-commons-3.2.3.jar:3.2.3]
    	at org.springframework.aop.framework.ReflectiveMethodInvocation.proceed(ReflectiveMethodInvocation.java:184) ~[spring-aop-6.1.4.jar:6.1.4]
    	at org.springframework.transaction.interceptor.TransactionInterceptor$1.proceedWithInvocation(TransactionInterceptor.java:123) ~[spring-tx-6.1.4.jar:6.1.4]
    	at org.springframework.transaction.interceptor.TransactionAspectSupport.invokeWithinTransaction(TransactionAspectSupport.java:385) ~[spring-tx-6.1.4.jar:6.1.4]
    	at org.springframework.transaction.interceptor.TransactionInterceptor.invoke(TransactionInterceptor.java:119) ~[spring-tx-6.1.4.jar:6.1.4]
    	at org.springframework.aop.framework.ReflectiveMethodInvocation.proceed(ReflectiveMethodInvocation.java:184) ~[spring-aop-6.1.4.jar:6.1.4]
    	at org.springframework.dao.support.PersistenceExceptionTranslationInterceptor.invoke(PersistenceExceptionTranslationInterceptor.java:137) ~[spring-tx-6.1.4.jar:6.1.4]
    	at org.springframework.aop.framework.ReflectiveMethodInvocation.proceed(ReflectiveMethodInvocation.java:184) ~[spring-aop-6.1.4.jar:6.1.4]
    	at org.springframework.data.jpa.repository.support.CrudMethodMetadataPostProcessor$CrudMethodMetadataPopulatingMethodInterceptor.invoke(CrudMethodMetadataPostProcessor.java:164) ~[spring-data-jpa-3.2.3.jar:3.2.3]
    	at org.springframework.aop.framework.ReflectiveMethodInvocation.proceed(ReflectiveMethodInvocation.java:184) ~[spring-aop-6.1.4.jar:6.1.4]
    	at org.springframework.aop.interceptor.ExposeInvocationInterceptor.invoke(ExposeInvocationInterceptor.java:97) ~[spring-aop-6.1.4.jar:6.1.4]
    	at org.springframework.aop.framework.ReflectiveMethodInvocation.proceed(ReflectiveMethodInvocation.java:184) ~[spring-aop-6.1.4.jar:6.1.4]
    	at org.springframework.aop.framework.JdkDynamicAopProxy.invoke(JdkDynamicAopProxy.java:220) ~[spring-aop-6.1.4.jar:6.1.4]
    	at jdk.proxy3/jdk.proxy3.$Proxy145.save(Unknown Source) ~[na:na]
    	at com.heartrate.repository.VerificationTokenRepositoryTest.findFirstByUserIdAndTypeOrderByCreatedAtDesc_WithMultipleTokens_ShouldReturnLatest(VerificationTokenRepositoryTest.java:85) ~[test/:na]
    	at java.base/jdk.internal.reflect.DirectMethodHandleAccessor.invoke(DirectMethodHandleAccessor.java:103) ~[na:na]
    	at java.base/java.lang.reflect.Method.invoke(Method.java:580) ~[na:na]
    	at org.junit.platform.commons.util.ReflectionUtils.invokeMethod(ReflectionUtils.java:728) ~[junit-platform-commons-1.10.2.jar:1.10.2]
    	at org.junit.jupiter.engine.execution.MethodInvocation.proceed(MethodInvocation.java:60) ~[junit-jupiter-engine-5.10.2.jar:5.10.2]
    	at org.junit.jupiter.engine.execution.InvocationInterceptorChain$ValidatingInvocation.proceed(InvocationInterceptorChain.java:131) ~[junit-jupiter-engine-5.10.2.jar:5.10.2]
    	at org.junit.jupiter.engine.extension.TimeoutExtension.intercept(TimeoutExtension.java:156) ~[junit-jupiter-engine-5.10.2.jar:5.10.2]
    	at org.junit.jupiter.engine.extension.TimeoutExtension.interceptTestableMethod(TimeoutExtension.java:147) ~[junit-jupiter-engine-5.10.2.jar:5.10.2]
    	at org.junit.jupiter.engine.extension.TimeoutExtension.interceptTestMethod(TimeoutExtension.java:86) ~[junit-jupiter-engine-5.10.2.jar:5.10.2]
    	at org.junit.jupiter.engine.execution.InterceptingExecutableInvoker$ReflectiveInterceptorCall.lambda$ofVoidMethod$0(InterceptingExecutableInvoker.java:103) ~[junit-jupiter-engine-5.10.2.jar:5.10.2]
    	at org.junit.jupiter.engine.execution.InterceptingExecutableInvoker.lambda$invoke$0(InterceptingExecutableInvoker.java:93) ~[junit-jupiter-engine-5.10.2.jar:5.10.2]
    	at org.junit.jupiter.engine.execution.InvocationInterceptorChain$InterceptedInvocation.proceed(InvocationInterceptorChain.java:106) ~[junit-jupiter-engine-5.10.2.jar:5.10.2]
    	at org.junit.jupiter.engine.execution.InvocationInterceptorChain.proceed(InvocationInterceptorChain.java:64) ~[junit-jupiter-engine-5.10.2.jar:5.10.2]
    	at org.junit.jupiter.engine.execution.InvocationInterceptorChain.chainAndInvoke(InvocationInterceptorChain.java:45) ~[junit-jupiter-engine-5.10.2.jar:5.10.2]
    	at org.junit.jupiter.engine.execution.InvocationInterceptorChain.invoke(InvocationInterceptorChain.java:37) ~[junit-jupiter-engine-5.10.2.jar:5.10.2]
    	at org.junit.jupiter.engine.execution.InterceptingExecutableInvoker.invoke(InterceptingExecutableInvoker.java:92) ~[junit-jupiter-engine-5.10.2.jar:5.10.2]
    	at org.junit.jupiter.engine.execution.InterceptingExecutableInvoker.invoke(InterceptingExecutableInvoker.java:86) ~[junit-jupiter-engine-5.10.2.jar:5.10.2]
    	at org.junit.jupiter.engine.descriptor.TestMethodTestDescriptor.lambda$invokeTestMethod$7(TestMethodTestDescriptor.java:218) ~[junit-jupiter-engine-5.10.2.jar:5.10.2]
    	at org.junit.platform.engine.support.hierarchical.ThrowableCollector.execute(ThrowableCollector.java:73) ~[junit-platform-engine-1.10.2.jar:1.10.2]
    	at org.junit.jupiter.engine.descriptor.TestMethodTestDescriptor.invokeTestMethod(TestMethodTestDescriptor.java:214) ~[junit-jupiter-engine-5.10.2.jar:5.10.2]
    	at org.junit.jupiter.engine.descriptor.TestMethodTestDescriptor.execute(TestMethodTestDescriptor.java:139) ~[junit-jupiter-engine-5.10.2.jar:5.10.2]
    	at org.junit.jupiter.engine.descriptor.TestMethodTestDescriptor.execute(TestMethodTestDescriptor.java:69) ~[junit-jupiter-engine-5.10.2.jar:5.10.2]
    	at org.junit.platform.engine.support.hierarchical.NodeTestTask.lambda$executeRecursively$6(NodeTestTask.java:151) ~[junit-platform-engine-1.10.2.jar:1.10.2]
    	at org.junit.platform.engine.support.hierarchical.ThrowableCollector.execute(ThrowableCollector.java:73) ~[junit-platform-engine-1.10.2.jar:1.10.2]
    	at org.junit.platform.engine.support.hierarchical.NodeTestTask.lambda$executeRecursively$8(NodeTestTask.java:141) ~[junit-platform-engine-1.10.2.jar:1.10.2]
    	at org.junit.platform.engine.support.hierarchical.Node.around(Node.java:137) ~[junit-platform-engine-1.10.2.jar:1.10.2]
    	at org.junit.platform.engine.support.hierarchical.NodeTestTask.lambda$executeRecursively$9(NodeTestTask.java:139) ~[junit-platform-engine-1.10.2.jar:1.10.2]
    	at org.junit.platform.engine.support.hierarchical.ThrowableCollector.execute(ThrowableCollector.java:73) ~[junit-platform-engine-1.10.2.jar:1.10.2]
    	at org.junit.platform.engine.support.hierarchical.NodeTestTask.executeRecursively(NodeTestTask.java:138) ~[junit-platform-engine-1.10.2.jar:1.10.2]
    	at org.junit.platform.engine.support.hierarchical.NodeTestTask.execute(NodeTestTask.java:95) ~[junit-platform-engine-1.10.2.jar:1.10.2]
    	at java.base/java.util.ArrayList.forEach(ArrayList.java:1596) ~[na:na]
    	at org.junit.platform.engine.support.hierarchical.SameThreadHierarchicalTestExecutorService.invokeAll(SameThreadHierarchicalTestExecutorService.java:41) ~[junit-platform-engine-1.10.2.jar:1.10.2]
    	at org.junit.platform.engine.support.hierarchical.NodeTestTask.lambda$executeRecursively$6(NodeTestTask.java:155) ~[junit-platform-engine-1.10.2.jar:1.10.2]
    	at org.junit.platform.engine.support.hierarchical.ThrowableCollector.execute(ThrowableCollector.java:73) ~[junit-platform-engine-1.10.2.jar:1.10.2]
    	at org.junit.platform.engine.support.hierarchical.NodeTestTask.lambda$executeRecursively$8(NodeTestTask.java:141) ~[junit-platform-engine-1.10.2.jar:1.10.2]
    	at org.junit.platform.engine.support.hierarchical.Node.around(Node.java:137) ~[junit-platform-engine-1.10.2.jar:1.10.2]
    	at org.junit.platform.engine.support.hierarchical.NodeTestTask.lambda$executeRecursively$9(NodeTestTask.java:139) ~[junit-platform-engine-1.10.2.jar:1.10.2]
    	at org.junit.platform.engine.support.hierarchical.ThrowableCollector.execute(ThrowableCollector.java:73) ~[junit-platform-engine-1.10.2.jar:1.10.2]
    	at org.junit.platform.engine.support.hierarchical.NodeTestTask.executeRecursively(NodeTestTask.java:138) ~[junit-platform-engine-1.10.2.jar:1.10.2]
    	at org.junit.platform.engine.support.hierarchical.NodeTestTask.execute(NodeTestTask.java:95) ~[junit-platform-engine-1.10.2.jar:1.10.2]
    	at java.base/java.util.ArrayList.forEach(ArrayList.java:1596) ~[na:na]
    	at org.junit.platform.engine.support.hierarchical.SameThreadHierarchicalTestExecutorService.invokeAll(SameThreadHierarchicalTestExecutorService.java:41) ~[junit-platform-engine-1.10.2.jar:1.10.2]
    	at org.junit.platform.engine.support.hierarchical.NodeTestTask.lambda$executeRecursively$6(NodeTestTask.java:155) ~[junit-platform-engine-1.10.2.jar:1.10.2]
    	at org.junit.platform.engine.support.hierarchical.ThrowableCollector.execute(ThrowableCollector.java:73) ~[junit-platform-engine-1.10.2.jar:1.10.2]
    	at org.junit.platform.engine.support.hierarchical.NodeTestTask.lambda$executeRecursively$8(NodeTestTask.java:141) ~[junit-platform-engine-1.10.2.jar:1.10.2]
    	at org.junit.platform.engine.support.hierarchical.Node.around(Node.java:137) ~[junit-platform-engine-1.10.2.jar:1.10.2]
    	at org.junit.platform.engine.support.hierarchical.NodeTestTask.lambda$executeRecursively$9(NodeTestTask.java:139) ~[junit-platform-engine-1.10.2.jar:1.10.2]
    	at org.junit.platform.engine.support.hierarchical.ThrowableCollector.execute(ThrowableCollector.java:73) ~[junit-platform-engine-1.10.2.jar:1.10.2]
    	at org.junit.platform.engine.support.hierarchical.NodeTestTask.executeRecursively(NodeTestTask.java:138) ~[junit-platform-engine-1.10.2.jar:1.10.2]
    	at org.junit.platform.engine.support.hierarchical.NodeTestTask.execute(NodeTestTask.java:95) ~[junit-platform-engine-1.10.2.jar:1.10.2]
    	at org.junit.platform.engine.support.hierarchical.SameThreadHierarchicalTestExecutorService.submit(SameThreadHierarchicalTestExecutorService.java:35) ~[junit-platform-engine-1.10.2.jar:1.10.2]
    	at org.junit.platform.engine.support.hierarchical.HierarchicalTestExecutor.execute(HierarchicalTestExecutor.java:57) ~[junit-platform-engine-1.10.2.jar:1.10.2]
    	at org.junit.platform.engine.support.hierarchical.HierarchicalTestEngine.execute(HierarchicalTestEngine.java:54) ~[junit-platform-engine-1.10.2.jar:1.10.2]
    	at org.junit.platform.launcher.core.EngineExecutionOrchestrator.execute(EngineExecutionOrchestrator.java:107) ~[junit-platform-launcher-1.8.2.jar:1.8.2]
    	at org.junit.platform.launcher.core.EngineExecutionOrchestrator.execute(EngineExecutionOrchestrator.java:88) ~[junit-platform-launcher-1.8.2.jar:1.8.2]
    	at org.junit.platform.launcher.core.EngineExecutionOrchestrator.lambda$execute$0(EngineExecutionOrchestrator.java:54) ~[junit-platform-launcher-1.8.2.jar:1.8.2]
    	at org.junit.platform.launcher.core.EngineExecutionOrchestrator.withInterceptedStreams(EngineExecutionOrchestrator.java:67) ~[junit-platform-launcher-1.8.2.jar:1.8.2]
    	at org.junit.platform.launcher.core.EngineExecutionOrchestrator.execute(EngineExecutionOrchestrator.java:52) ~[junit-platform-launcher-1.8.2.jar:1.8.2]
    	at org.junit.platform.launcher.core.DefaultLauncher.execute(DefaultLauncher.java:114) ~[junit-platform-launcher-1.8.2.jar:1.8.2]
    	at org.junit.platform.launcher.core.DefaultLauncher.execute(DefaultLauncher.java:86) ~[junit-platform-launcher-1.8.2.jar:1.8.2]
    	at org.junit.platform.launcher.core.DefaultLauncherSession$DelegatingLauncher.execute(DefaultLauncherSession.java:86) ~[junit-platform-launcher-1.8.2.jar:1.8.2]
    	at org.gradle.api.internal.tasks.testing.junitplatform.JUnitPlatformTestClassProcessor$CollectAllTestClassesExecutor.processAllTestClasses(JUnitPlatformTestClassProcessor.java:124) ~[na:na]
    	at org.gradle.api.internal.tasks.testing.junitplatform.JUnitPlatformTestClassProcessor$CollectAllTestClassesExecutor.access$000(JUnitPlatformTestClassProcessor.java:99) ~[na:na]
    	at org.gradle.api.internal.tasks.testing.junitplatform.JUnitPlatformTestClassProcessor.stop(JUnitPlatformTestClassProcessor.java:94) ~[na:na]
    	at org.gradle.api.internal.tasks.testing.SuiteTestClassProcessor.stop(SuiteTestClassProcessor.java:63) ~[na:na]
    	at java.base/jdk.internal.reflect.DirectMethodHandleAccessor.invoke(DirectMethodHandleAccessor.java:103) ~[na:na]
    	at java.base/java.lang.reflect.Method.invoke(Method.java:580) ~[na:na]
    	at org.gradle.internal.dispatch.ReflectionDispatch.dispatch(ReflectionDispatch.java:36) ~[na:na]
    	at org.gradle.internal.dispatch.ReflectionDispatch.dispatch(ReflectionDispatch.java:24) ~[na:na]
    	at org.gradle.internal.dispatch.ContextClassLoaderDispatch.dispatch(ContextClassLoaderDispatch.java:33) ~[na:na]
    	at org.gradle.internal.dispatch.ProxyDispatchAdapter$DispatchingInvocationHandler.invoke(ProxyDispatchAdapter.java:92) ~[na:na]
    	at jdk.proxy1/jdk.proxy1.$Proxy4.stop(Unknown Source) ~[na:na]
    	at org.gradle.api.internal.tasks.testing.worker.TestWorker$3.run(TestWorker.java:200) ~[na:na]
    	at org.gradle.api.internal.tasks.testing.worker.TestWorker.executeAndMaintainThreadName(TestWorker.java:132) ~[na:na]
    	at org.gradle.api.internal.tasks.testing.worker.TestWorker.execute(TestWorker.java:103) ~[na:na]
    	at org.gradle.api.internal.tasks.testing.worker.TestWorker.execute(TestWorker.java:63) ~[na:na]
    	at org.gradle.process.internal.worker.child.ActionExecutionWorker.execute(ActionExecutionWorker.java:56) ~[na:na]
    	at org.gradle.process.internal.worker.child.SystemApplicationClassLoaderWorker.call(SystemApplicationClassLoaderWorker.java:121) ~[na:na]
    	at org.gradle.process.internal.worker.child.SystemApplicationClassLoaderWorker.call(SystemApplicationClassLoaderWorker.java:71) ~[na:na]
    	at worker.org.gradle.process.internal.worker.GradleWorkerMain.run(GradleWorkerMain.java:69) ~[gradle-worker.jar:na]
    	at worker.org.gradle.process.internal.worker.GradleWorkerMain.main(GradleWorkerMain.java:74) ~[gradle-worker.jar:na]
    Caused by: org.h2.jdbc.JdbcSQLSyntaxErrorException: Table "verification_tokens" not found; SQL statement:
    select vt1_0."id",vt1_0."created_at",vt1_0."expires_at",vt1_0."token",vt1_0."type",vt1_0."user_id" from "verification_tokens" vt1_0 where vt1_0."id"=? [42102-224]
    	at org.h2.message.DbException.getJdbcSQLException(DbException.java:514) ~[h2-2.2.224.jar:2.2.224]
    	at org.h2.message.DbException.getJdbcSQLException(DbException.java:489) ~[h2-2.2.224.jar:2.2.224]
    	at org.h2.message.DbException.get(DbException.java:223) ~[h2-2.2.224.jar:2.2.224]
    	at org.h2.message.DbException.get(DbException.java:199) ~[h2-2.2.224.jar:2.2.224]
    	at org.h2.command.Parser.getTableOrViewNotFoundDbException(Parser.java:8064) ~[h2-2.2.224.jar:2.2.224]
    	at org.h2.command.Parser.getTableOrViewNotFoundDbException(Parser.java:8035) ~[h2-2.2.224.jar:2.2.224]
    	at org.h2.command.Parser.readTableOrView(Parser.java:8024) ~[h2-2.2.224.jar:2.2.224]
    	at org.h2.command.Parser.readTablePrimary(Parser.java:1788) ~[h2-2.2.224.jar:2.2.224]
    	at org.h2.command.Parser.readTableReference(Parser.java:2268) ~[h2-2.2.224.jar:2.2.224]
    	at org.h2.command.Parser.parseSelectFromPart(Parser.java:2718) ~[h2-2.2.224.jar:2.2.224]
    	at org.h2.command.Parser.parseSelect(Parser.java:2824) ~[h2-2.2.224.jar:2.2.224]
    	at org.h2.command.Parser.parseQueryPrimary(Parser.java:2708) ~[h2-2.2.224.jar:2.2.224]
    	at org.h2.command.Parser.parseQueryTerm(Parser.java:2564) ~[h2-2.2.224.jar:2.2.224]
    	at org.h2.command.Parser.parseQueryExpressionBody(Parser.java:2543) ~[h2-2.2.224.jar:2.2.224]
    	at org.h2.command.Parser.parseQueryExpressionBodyAndEndOfQuery(Parser.java:2536) ~[h2-2.2.224.jar:2.2.224]
    	at org.h2.command.Parser.parseQueryExpression(Parser.java:2529) ~[h2-2.2.224.jar:2.2.224]
    	at org.h2.command.Parser.parseQuery(Parser.java:2498) ~[h2-2.2.224.jar:2.2.224]
    	at org.h2.command.Parser.parsePrepared(Parser.java:627) ~[h2-2.2.224.jar:2.2.224]
    	at org.h2.command.Parser.parse(Parser.java:592) ~[h2-2.2.224.jar:2.2.224]
    	at org.h2.command.Parser.parse(Parser.java:564) ~[h2-2.2.224.jar:2.2.224]
    	at org.h2.command.Parser.prepareCommand(Parser.java:483) ~[h2-2.2.224.jar:2.2.224]
    	at org.h2.engine.SessionLocal.prepareLocal(SessionLocal.java:639) ~[h2-2.2.224.jar:2.2.224]
    	at org.h2.engine.SessionLocal.prepareCommand(SessionLocal.java:559) ~[h2-2.2.224.jar:2.2.224]
    	at org.h2.jdbc.JdbcConnection.prepareCommand(JdbcConnection.java:1166) ~[h2-2.2.224.jar:2.2.224]
    	at org.h2.jdbc.JdbcPreparedStatement.<init>(JdbcPreparedStatement.java:93) ~[h2-2.2.224.jar:2.2.224]
    	at org.h2.jdbc.JdbcConnection.prepareStatement(JdbcConnection.java:316) ~[h2-2.2.224.jar:2.2.224]
    	at com.zaxxer.hikari.pool.ProxyConnection.prepareStatement(ProxyConnection.java:327) ~[HikariCP-5.0.1.jar:na]
    	at com.zaxxer.hikari.pool.HikariProxyConnection.prepareStatement(HikariProxyConnection.java) ~[HikariCP-5.0.1.jar:na]
    	at org.hibernate.engine.jdbc.internal.StatementPreparerImpl$5.doPrepare(StatementPreparerImpl.java:153) ~[hibernate-core-6.4.4.Final.jar:6.4.4.Final]
    	at org.hibernate.engine.jdbc.internal.StatementPreparerImpl$StatementPreparationTemplate.prepareStatement(StatementPreparerImpl.java:183) ~[hibernate-core-6.4.4.Final.jar:6.4.4.Final]
    	... 160 common frames omitted


VerificationTokenRepositoryTest > findFirstByUserIdAndTypeOrderByCreatedAtDesc_WithMultipleTokens_ShouldReturnLatest() FAILED
    org.springframework.dao.InvalidDataAccessResourceUsageException: could not prepare statement [Table "verification_tokens" not found; SQL statement:
    select vt1_0."id",vt1_0."created_at",vt1_0."expires_at",vt1_0."token",vt1_0."type",vt1_0."user_id" from "verification_tokens" vt1_0 where vt1_0."id"=? [42102-224]] [select vt1_0."id",vt1_0."created_at",vt1_0."expires_at",vt1_0."token",vt1_0."type",vt1_0."user_id" from "verification_tokens" vt1_0 where vt1_0."id"=?]; SQL [select vt1_0."id",vt1_0."created_at",vt1_0."expires_at",vt1_0."token",vt1_0."type",vt1_0."user_id" from "verification_tokens" vt1_0 where vt1_0."id"=?]
        at app//org.springframework.orm.jpa.vendor.HibernateJpaDialect.convertHibernateAccessException(HibernateJpaDialect.java:277)
        at app//org.springframework.orm.jpa.vendor.HibernateJpaDialect.translateExceptionIfPossible(HibernateJpaDialect.java:241)
        at app//org.springframework.orm.jpa.AbstractEntityManagerFactoryBean.translateExceptionIfPossible(AbstractEntityManagerFactoryBean.java:550)
        at app//org.springframework.dao.support.ChainedPersistenceExceptionTranslator.translateExceptionIfPossible(ChainedPersistenceExceptionTranslator.java:61)
        at app//org.springframework.dao.support.DataAccessUtils.translateIfNecessary(DataAccessUtils.java:335)
        at app//org.springframework.dao.support.PersistenceExceptionTranslationInterceptor.invoke(PersistenceExceptionTranslationInterceptor.java:152)
        at app//org.springframework.aop.framework.ReflectiveMethodInvocation.proceed(ReflectiveMethodInvocation.java:184)
        at app//org.springframework.data.jpa.repository.support.CrudMethodMetadataPostProcessor$CrudMethodMetadataPopulatingMethodInterceptor.invoke(CrudMethodMetadataPostProcessor.java:164)
        at app//org.springframework.aop.framework.ReflectiveMethodInvocation.proceed(ReflectiveMethodInvocation.java:184)
        at app//org.springframework.aop.interceptor.ExposeInvocationInterceptor.invoke(ExposeInvocationInterceptor.java:97)
        at app//org.springframework.aop.framework.ReflectiveMethodInvocation.proceed(ReflectiveMethodInvocation.java:184)
        at app//org.springframework.aop.framework.JdkDynamicAopProxy.invoke(JdkDynamicAopProxy.java:220)
        at app/jdk.proxy3/jdk.proxy3.$Proxy145.save(Unknown Source)
        at app//com.heartrate.repository.VerificationTokenRepositoryTest.findFirstByUserIdAndTypeOrderByCreatedAtDesc_WithMultipleTokens_ShouldReturnLatest(VerificationTokenRepositoryTest.java:85)

        Caused by:
        org.hibernate.exception.SQLGrammarException: could not prepare statement [Table "verification_tokens" not found; SQL statement:
        select vt1_0."id",vt1_0."created_at",vt1_0."expires_at",vt1_0."token",vt1_0."type",vt1_0."user_id" from "verification_tokens" vt1_0 where vt1_0."id"=? [42102-224]] [select vt1_0."id",vt1_0."created_at",vt1_0."expires_at",vt1_0."token",vt1_0."type",vt1_0."user_id" from "verification_tokens" vt1_0 where vt1_0."id"=?]
            at app//org.hibernate.exception.internal.SQLExceptionTypeDelegate.convert(SQLExceptionTypeDelegate.java:66)
            at app//org.hibernate.exception.internal.StandardSQLExceptionConverter.convert(StandardSQLExceptionConverter.java:58)
            at app//org.hibernate.engine.jdbc.spi.SqlExceptionHelper.convert(SqlExceptionHelper.java:108)
            at app//org.hibernate.engine.jdbc.internal.StatementPreparerImpl$StatementPreparationTemplate.prepareStatement(StatementPreparerImpl.java:194)
            at app//org.hibernate.engine.jdbc.internal.StatementPreparerImpl.prepareQueryStatement(StatementPreparerImpl.java:155)
            at app//org.hibernate.sql.exec.spi.JdbcSelectExecutor.lambda$list$0(JdbcSelectExecutor.java:85)
            at app//org.hibernate.sql.results.jdbc.internal.DeferredResultSetAccess.executeQuery(DeferredResultSetAccess.java:231)
            at app//org.hibernate.sql.results.jdbc.internal.DeferredResultSetAccess.getResultSet(DeferredResultSetAccess.java:167)
            at app//org.hibernate.sql.results.jdbc.internal.JdbcValuesResultSetImpl.advanceNext(JdbcValuesResultSetImpl.java:218)
            at app//org.hibernate.sql.results.jdbc.internal.JdbcValuesResultSetImpl.processNext(JdbcValuesResultSetImpl.java:98)
            at app//org.hibernate.sql.results.jdbc.internal.AbstractJdbcValues.next(AbstractJdbcValues.java:19)
            at app//org.hibernate.sql.results.internal.RowProcessingStateStandardImpl.next(RowProcessingStateStandardImpl.java:66)
            at app//org.hibernate.sql.results.spi.ListResultsConsumer.consume(ListResultsConsumer.java:187)
            at app//org.hibernate.sql.results.spi.ListResultsConsumer.consume(ListResultsConsumer.java:33)
            at app//org.hibernate.sql.exec.internal.JdbcSelectExecutorStandardImpl.doExecuteQuery(JdbcSelectExecutorStandardImpl.java:209)
            at app//org.hibernate.sql.exec.internal.JdbcSelectExecutorStandardImpl.executeQuery(JdbcSelectExecutorStandardImpl.java:83)
            at app//org.hibernate.sql.exec.spi.JdbcSelectExecutor.list(JdbcSelectExecutor.java:76)
            at app//org.hibernate.sql.exec.spi.JdbcSelectExecutor.list(JdbcSelectExecutor.java:65)
            at app//org.hibernate.loader.ast.internal.SingleIdLoadPlan.load(SingleIdLoadPlan.java:145)
            at app//org.hibernate.loader.ast.internal.SingleIdLoadPlan.load(SingleIdLoadPlan.java:117)
            at app//org.hibernate.loader.ast.internal.SingleIdEntityLoaderStandardImpl.load(SingleIdEntityLoaderStandardImpl.java:75)
            at app//org.hibernate.persister.entity.AbstractEntityPersister.doLoad(AbstractEntityPersister.java:3748)
            at app//org.hibernate.persister.entity.AbstractEntityPersister.load(AbstractEntityPersister.java:3737)
            at app//org.hibernate.event.internal.DefaultLoadEventListener.loadFromDatasource(DefaultLoadEventListener.java:604)
            at app//org.hibernate.event.internal.DefaultLoadEventListener.loadFromCacheOrDatasource(DefaultLoadEventListener.java:590)
            at app//org.hibernate.event.internal.DefaultLoadEventListener.load(DefaultLoadEventListener.java:560)
            at app//org.hibernate.event.internal.DefaultLoadEventListener.doLoad(DefaultLoadEventListener.java:544)
            at app//org.hibernate.event.internal.DefaultLoadEventListener.load(DefaultLoadEventListener.java:207)
            at app//org.hibernate.event.internal.DefaultLoadEventListener.loadWithRegularProxy(DefaultLoadEventListener.java:290)
            at app//org.hibernate.event.internal.DefaultLoadEventListener.proxyOrLoad(DefaultLoadEventListener.java:242)
            at app//org.hibernate.event.internal.DefaultLoadEventListener.doOnLoad(DefaultLoadEventListener.java:111)
            at app//org.hibernate.event.internal.DefaultLoadEventListener.onLoad(DefaultLoadEventListener.java:68)
            at app//org.hibernate.event.service.internal.EventListenerGroupImpl.fireEventOnEachListener(EventListenerGroupImpl.java:138)
            at app//org.hibernate.internal.SessionImpl.fireLoadNoChecks(SessionImpl.java:1222)
            at app//org.hibernate.internal.SessionImpl.fireLoad(SessionImpl.java:1210)
            at app//org.hibernate.loader.internal.IdentifierLoadAccessImpl.load(IdentifierLoadAccessImpl.java:209)
            at app//org.hibernate.loader.internal.IdentifierLoadAccessImpl.doLoad(IdentifierLoadAccessImpl.java:160)
            at app//org.hibernate.loader.internal.IdentifierLoadAccessImpl.lambda$load$1(IdentifierLoadAccessImpl.java:149)
            at app//org.hibernate.loader.internal.IdentifierLoadAccessImpl.perform(IdentifierLoadAccessImpl.java:112)
            at app//org.hibernate.loader.internal.IdentifierLoadAccessImpl.load(IdentifierLoadAccessImpl.java:149)
            at app//org.hibernate.internal.SessionImpl.get(SessionImpl.java:1023)
            at app//org.hibernate.event.internal.DefaultMergeEventListener.lambda$entityIsDetached$0(DefaultMergeEventListener.java:407)
            at app//org.hibernate.engine.spi.LoadQueryInfluencers.fromInternalFetchProfile(LoadQueryInfluencers.java:99)
            at app//org.hibernate.event.internal.DefaultMergeEventListener.entityIsDetached(DefaultMergeEventListener.java:405)
            at app//org.hibernate.event.internal.DefaultMergeEventListener.merge(DefaultMergeEventListener.java:208)
            at app//org.hibernate.event.internal.DefaultMergeEventListener.doMerge(DefaultMergeEventListener.java:146)
            at app//org.hibernate.event.internal.DefaultMergeEventListener.onMerge(DefaultMergeEventListener.java:130)
            at app//org.hibernate.event.internal.DefaultMergeEventListener.onMerge(DefaultMergeEventListener.java:84)
            at app//org.hibernate.event.service.internal.EventListenerGroupImpl.fireEventOnEachListener(EventListenerGroupImpl.java:127)
            at app//org.hibernate.internal.SessionImpl.fireMerge(SessionImpl.java:847)
            at app//org.hibernate.internal.SessionImpl.merge(SessionImpl.java:833)
            at java.base@21.0.2/jdk.internal.reflect.DirectMethodHandleAccessor.invoke(DirectMethodHandleAccessor.java:103)
            at java.base@21.0.2/java.lang.reflect.Method.invoke(Method.java:580)
            at app//org.springframework.orm.jpa.SharedEntityManagerCreator$SharedEntityManagerInvocationHandler.invoke(SharedEntityManagerCreator.java:319)
            at app/jdk.proxy3/jdk.proxy3.$Proxy135.merge(Unknown Source)
            at app//org.springframework.data.jpa.repository.support.SimpleJpaRepository.save(SimpleJpaRepository.java:621)
            at java.base@21.0.2/jdk.internal.reflect.DirectMethodHandleAccessor.invoke(DirectMethodHandleAccessor.java:103)
            at java.base@21.0.2/java.lang.reflect.Method.invoke(Method.java:580)
            at app//org.springframework.aop.support.AopUtils.invokeJoinpointUsingReflection(AopUtils.java:351)
            at app//org.springframework.data.repository.core.support.RepositoryMethodInvoker$RepositoryFragmentMethodInvoker.lambda$new$0(RepositoryMethodInvoker.java:277)
            at app//org.springframework.data.repository.core.support.RepositoryMethodInvoker.doInvoke(RepositoryMethodInvoker.java:170)
            at app//org.springframework.data.repository.core.support.RepositoryMethodInvoker.invoke(RepositoryMethodInvoker.java:158)
            at app//org.springframework.data.repository.core.support.RepositoryComposition$RepositoryFragments.invoke(RepositoryComposition.java:516)
            at app//org.springframework.data.repository.core.support.RepositoryComposition.invoke(RepositoryComposition.java:285)
            at app//org.springframework.data.repository.core.support.RepositoryFactorySupport$ImplementationMethodExecutionInterceptor.invoke(RepositoryFactorySupport.java:628)
            at app//org.springframework.aop.framework.ReflectiveMethodInvocation.proceed(ReflectiveMethodInvocation.java:184)
            at app//org.springframework.data.repository.core.support.QueryExecutorMethodInterceptor.doInvoke(QueryExecutorMethodInterceptor.java:168)
            at app//org.springframework.data.repository.core.support.QueryExecutorMethodInterceptor.invoke(QueryExecutorMethodInterceptor.java:143)
            at app//org.springframework.aop.framework.ReflectiveMethodInvocation.proceed(ReflectiveMethodInvocation.java:184)
            at app//org.springframework.data.projection.DefaultMethodInvokingMethodInterceptor.invoke(DefaultMethodInvokingMethodInterceptor.java:70)
            at app//org.springframework.aop.framework.ReflectiveMethodInvocation.proceed(ReflectiveMethodInvocation.java:184)
            at app//org.springframework.transaction.interceptor.TransactionInterceptor$1.proceedWithInvocation(TransactionInterceptor.java:123)
            at app//org.springframework.transaction.interceptor.TransactionAspectSupport.invokeWithinTransaction(TransactionAspectSupport.java:385)
            at app//org.springframework.transaction.interceptor.TransactionInterceptor.invoke(TransactionInterceptor.java:119)
            at app//org.springframework.aop.framework.ReflectiveMethodInvocation.proceed(ReflectiveMethodInvocation.java:184)
            at app//org.springframework.dao.support.PersistenceExceptionTranslationInterceptor.invoke(PersistenceExceptionTranslationInterceptor.java:137)
            ... 8 more

            Caused by:
            org.h2.jdbc.JdbcSQLSyntaxErrorException: Table "verification_tokens" not found; SQL statement:
            select vt1_0."id",vt1_0."created_at",vt1_0."expires_at",vt1_0."token",vt1_0."type",vt1_0."user_id" from "verification_tokens" vt1_0 where vt1_0."id"=? [42102-224]
                at app//org.h2.message.DbException.getJdbcSQLException(DbException.java:514)
                at app//org.h2.message.DbException.getJdbcSQLException(DbException.java:489)
                at app//org.h2.message.DbException.get(DbException.java:223)
                at app//org.h2.message.DbException.get(DbException.java:199)
                at app//org.h2.command.Parser.getTableOrViewNotFoundDbException(Parser.java:8064)
                at app//org.h2.command.Parser.getTableOrViewNotFoundDbException(Parser.java:8035)
                at app//org.h2.command.Parser.readTableOrView(Parser.java:8024)
                at app//org.h2.command.Parser.readTablePrimary(Parser.java:1788)
                at app//org.h2.command.Parser.readTableReference(Parser.java:2268)
                at app//org.h2.command.Parser.parseSelectFromPart(Parser.java:2718)
                at app//org.h2.command.Parser.parseSelect(Parser.java:2824)
                at app//org.h2.command.Parser.parseQueryPrimary(Parser.java:2708)
                at app//org.h2.command.Parser.parseQueryTerm(Parser.java:2564)
                at app//org.h2.command.Parser.parseQueryExpressionBody(Parser.java:2543)
                at app//org.h2.command.Parser.parseQueryExpressionBodyAndEndOfQuery(Parser.java:2536)
                at app//org.h2.command.Parser.parseQueryExpression(Parser.java:2529)
                at app//org.h2.command.Parser.parseQuery(Parser.java:2498)
                at app//org.h2.command.Parser.parsePrepared(Parser.java:627)
                at app//org.h2.command.Parser.parse(Parser.java:592)
                at app//org.h2.command.Parser.parse(Parser.java:564)
                at app//org.h2.command.Parser.prepareCommand(Parser.java:483)
                at app//org.h2.engine.SessionLocal.prepareLocal(SessionLocal.java:639)
                at app//org.h2.engine.SessionLocal.prepareCommand(SessionLocal.java:559)
                at app//org.h2.jdbc.JdbcConnection.prepareCommand(JdbcConnection.java:1166)
                at app//org.h2.jdbc.JdbcPreparedStatement.<init>(JdbcPreparedStatement.java:93)
                at app//org.h2.jdbc.JdbcConnection.prepareStatement(JdbcConnection.java:316)
                at app//com.zaxxer.hikari.pool.ProxyConnection.prepareStatement(ProxyConnection.java:327)
                at app//com.zaxxer.hikari.pool.HikariProxyConnection.prepareStatement(HikariProxyConnection.java)
                at app//org.hibernate.engine.jdbc.internal.StatementPreparerImpl$5.doPrepare(StatementPreparerImpl.java:153)
                at app//org.hibernate.engine.jdbc.internal.StatementPreparerImpl$StatementPreparationTemplate.prepareStatement(StatementPreparerImpl.java:183)
                ... 80 more

VerificationTokenRepositoryTest > delete_WithExistingToken_ShouldRemoveToken() STANDARD_OUT
    2025-04-06T08:34:46.993-07:00 DEBUG 44469 --- [    Test worker] org.hibernate.SQL                        : 
        select
            u1_0."id",
            u1_0."created_at",
            u1_0."display_name",
            u1_0."email",
            u1_0."email_verified",
            u1_0."first_name",
            u1_0."mobile_number",
            u1_0."password_hash",
            u1_0."remember_me_token",
            u1_0."updated_at",
            u1_0."user_address",
            u1_0."year_of_birth" 
        from
            "users" u1_0 
        where
            u1_0."id"=?
    Hibernate: 
        select
            u1_0."id",
            u1_0."created_at",
            u1_0."display_name",
            u1_0."email",
            u1_0."email_verified",
            u1_0."first_name",
            u1_0."mobile_number",
            u1_0."password_hash",
            u1_0."remember_me_token",
            u1_0."updated_at",
            u1_0."user_address",
            u1_0."year_of_birth" 
        from
            "users" u1_0 
        where
            u1_0."id"=?
    2025-04-06T08:34:46.994-07:00 DEBUG 44469 --- [    Test worker] org.hibernate.SQL                        : 
        select
            vt1_0."id",
            vt1_0."created_at",
            vt1_0."expires_at",
            vt1_0."token",
            vt1_0."type",
            vt1_0."user_id" 
        from
            "verification_tokens" vt1_0 
        where
            vt1_0."id"=?
    Hibernate: 
        select
            vt1_0."id",
            vt1_0."created_at",
            vt1_0."expires_at",
            vt1_0."token",
            vt1_0."type",
            vt1_0."user_id" 
        from
            "verification_tokens" vt1_0 
        where
            vt1_0."id"=?
    2025-04-06T08:34:46.994-07:00  WARN 44469 --- [    Test worker] o.h.engine.jdbc.spi.SqlExceptionHelper   : SQL Error: 42102, SQLState: 42S02
    2025-04-06T08:34:46.994-07:00 ERROR 44469 --- [    Test worker] o.h.engine.jdbc.spi.SqlExceptionHelper   : Table "verification_tokens" not found; SQL statement:
    select vt1_0."id",vt1_0."created_at",vt1_0."expires_at",vt1_0."token",vt1_0."type",vt1_0."user_id" from "verification_tokens" vt1_0 where vt1_0."id"=? [42102-224]
    2025-04-06T08:34:46.994-07:00  INFO 44469 --- [    Test worker] o.h.e.internal.DefaultLoadEventListener  : HHH000327: Error performing load command

    org.hibernate.exception.SQLGrammarException: could not prepare statement [Table "verification_tokens" not found; SQL statement:
    select vt1_0."id",vt1_0."created_at",vt1_0."expires_at",vt1_0."token",vt1_0."type",vt1_0."user_id" from "verification_tokens" vt1_0 where vt1_0."id"=? [42102-224]] [select vt1_0."id",vt1_0."created_at",vt1_0."expires_at",vt1_0."token",vt1_0."type",vt1_0."user_id" from "verification_tokens" vt1_0 where vt1_0."id"=?]
    	at org.hibernate.exception.internal.SQLExceptionTypeDelegate.convert(SQLExceptionTypeDelegate.java:66) ~[hibernate-core-6.4.4.Final.jar:6.4.4.Final]
    	at org.hibernate.exception.internal.StandardSQLExceptionConverter.convert(StandardSQLExceptionConverter.java:58) ~[hibernate-core-6.4.4.Final.jar:6.4.4.Final]
    	at org.hibernate.engine.jdbc.spi.SqlExceptionHelper.convert(SqlExceptionHelper.java:108) ~[hibernate-core-6.4.4.Final.jar:6.4.4.Final]
    	at org.hibernate.engine.jdbc.internal.StatementPreparerImpl$StatementPreparationTemplate.prepareStatement(StatementPreparerImpl.java:194) ~[hibernate-core-6.4.4.Final.jar:6.4.4.Final]
    	at org.hibernate.engine.jdbc.internal.StatementPreparerImpl.prepareQueryStatement(StatementPreparerImpl.java:155) ~[hibernate-core-6.4.4.Final.jar:6.4.4.Final]
    	at org.hibernate.sql.exec.spi.JdbcSelectExecutor.lambda$list$0(JdbcSelectExecutor.java:85) ~[hibernate-core-6.4.4.Final.jar:6.4.4.Final]
    	at org.hibernate.sql.results.jdbc.internal.DeferredResultSetAccess.executeQuery(DeferredResultSetAccess.java:231) ~[hibernate-core-6.4.4.Final.jar:6.4.4.Final]
    	at org.hibernate.sql.results.jdbc.internal.DeferredResultSetAccess.getResultSet(DeferredResultSetAccess.java:167) ~[hibernate-core-6.4.4.Final.jar:6.4.4.Final]
    	at org.hibernate.sql.results.jdbc.internal.JdbcValuesResultSetImpl.advanceNext(JdbcValuesResultSetImpl.java:218) ~[hibernate-core-6.4.4.Final.jar:6.4.4.Final]
    	at org.hibernate.sql.results.jdbc.internal.JdbcValuesResultSetImpl.processNext(JdbcValuesResultSetImpl.java:98) ~[hibernate-core-6.4.4.Final.jar:6.4.4.Final]
    	at org.hibernate.sql.results.jdbc.internal.AbstractJdbcValues.next(AbstractJdbcValues.java:19) ~[hibernate-core-6.4.4.Final.jar:6.4.4.Final]
    	at org.hibernate.sql.results.internal.RowProcessingStateStandardImpl.next(RowProcessingStateStandardImpl.java:66) ~[hibernate-core-6.4.4.Final.jar:6.4.4.Final]
    	at org.hibernate.sql.results.spi.ListResultsConsumer.consume(ListResultsConsumer.java:187) ~[hibernate-core-6.4.4.Final.jar:6.4.4.Final]
    	at org.hibernate.sql.results.spi.ListResultsConsumer.consume(ListResultsConsumer.java:33) ~[hibernate-core-6.4.4.Final.jar:6.4.4.Final]
    	at org.hibernate.sql.exec.internal.JdbcSelectExecutorStandardImpl.doExecuteQuery(JdbcSelectExecutorStandardImpl.java:209) ~[hibernate-core-6.4.4.Final.jar:6.4.4.Final]
    	at org.hibernate.sql.exec.internal.JdbcSelectExecutorStandardImpl.executeQuery(JdbcSelectExecutorStandardImpl.java:83) ~[hibernate-core-6.4.4.Final.jar:6.4.4.Final]
    	at org.hibernate.sql.exec.spi.JdbcSelectExecutor.list(JdbcSelectExecutor.java:76) ~[hibernate-core-6.4.4.Final.jar:6.4.4.Final]
    	at org.hibernate.sql.exec.spi.JdbcSelectExecutor.list(JdbcSelectExecutor.java:65) ~[hibernate-core-6.4.4.Final.jar:6.4.4.Final]
    	at org.hibernate.loader.ast.internal.SingleIdLoadPlan.load(SingleIdLoadPlan.java:145) ~[hibernate-core-6.4.4.Final.jar:6.4.4.Final]
    	at org.hibernate.loader.ast.internal.SingleIdLoadPlan.load(SingleIdLoadPlan.java:117) ~[hibernate-core-6.4.4.Final.jar:6.4.4.Final]
    	at org.hibernate.loader.ast.internal.SingleIdEntityLoaderStandardImpl.load(SingleIdEntityLoaderStandardImpl.java:75) ~[hibernate-core-6.4.4.Final.jar:6.4.4.Final]
    	at org.hibernate.persister.entity.AbstractEntityPersister.doLoad(AbstractEntityPersister.java:3748) ~[hibernate-core-6.4.4.Final.jar:6.4.4.Final]
    	at org.hibernate.persister.entity.AbstractEntityPersister.load(AbstractEntityPersister.java:3737) ~[hibernate-core-6.4.4.Final.jar:6.4.4.Final]
    	at org.hibernate.event.internal.DefaultLoadEventListener.loadFromDatasource(DefaultLoadEventListener.java:604) ~[hibernate-core-6.4.4.Final.jar:6.4.4.Final]
    	at org.hibernate.event.internal.DefaultLoadEventListener.loadFromCacheOrDatasource(DefaultLoadEventListener.java:590) ~[hibernate-core-6.4.4.Final.jar:6.4.4.Final]
    	at org.hibernate.event.internal.DefaultLoadEventListener.load(DefaultLoadEventListener.java:560) ~[hibernate-core-6.4.4.Final.jar:6.4.4.Final]
    	at org.hibernate.event.internal.DefaultLoadEventListener.doLoad(DefaultLoadEventListener.java:544) ~[hibernate-core-6.4.4.Final.jar:6.4.4.Final]
    	at org.hibernate.event.internal.DefaultLoadEventListener.load(DefaultLoadEventListener.java:207) ~[hibernate-core-6.4.4.Final.jar:6.4.4.Final]
    	at org.hibernate.event.internal.DefaultLoadEventListener.loadWithRegularProxy(DefaultLoadEventListener.java:290) ~[hibernate-core-6.4.4.Final.jar:6.4.4.Final]
    	at org.hibernate.event.internal.DefaultLoadEventListener.proxyOrLoad(DefaultLoadEventListener.java:242) ~[hibernate-core-6.4.4.Final.jar:6.4.4.Final]
    	at org.hibernate.event.internal.DefaultLoadEventListener.doOnLoad(DefaultLoadEventListener.java:111) ~[hibernate-core-6.4.4.Final.jar:6.4.4.Final]
    	at org.hibernate.event.internal.DefaultLoadEventListener.onLoad(DefaultLoadEventListener.java:68) ~[hibernate-core-6.4.4.Final.jar:6.4.4.Final]
    	at org.hibernate.event.service.internal.EventListenerGroupImpl.fireEventOnEachListener(EventListenerGroupImpl.java:138) ~[hibernate-core-6.4.4.Final.jar:6.4.4.Final]
    	at org.hibernate.internal.SessionImpl.fireLoadNoChecks(SessionImpl.java:1222) ~[hibernate-core-6.4.4.Final.jar:6.4.4.Final]
    	at org.hibernate.internal.SessionImpl.fireLoad(SessionImpl.java:1210) ~[hibernate-core-6.4.4.Final.jar:6.4.4.Final]
    	at org.hibernate.loader.internal.IdentifierLoadAccessImpl.load(IdentifierLoadAccessImpl.java:209) ~[hibernate-core-6.4.4.Final.jar:6.4.4.Final]
    	at org.hibernate.loader.internal.IdentifierLoadAccessImpl.doLoad(IdentifierLoadAccessImpl.java:160) ~[hibernate-core-6.4.4.Final.jar:6.4.4.Final]
    	at org.hibernate.loader.internal.IdentifierLoadAccessImpl.lambda$load$1(IdentifierLoadAccessImpl.java:149) ~[hibernate-core-6.4.4.Final.jar:6.4.4.Final]
    	at org.hibernate.loader.internal.IdentifierLoadAccessImpl.perform(IdentifierLoadAccessImpl.java:112) ~[hibernate-core-6.4.4.Final.jar:6.4.4.Final]
    	at org.hibernate.loader.internal.IdentifierLoadAccessImpl.load(IdentifierLoadAccessImpl.java:149) ~[hibernate-core-6.4.4.Final.jar:6.4.4.Final]
    	at org.hibernate.internal.SessionImpl.get(SessionImpl.java:1023) ~[hibernate-core-6.4.4.Final.jar:6.4.4.Final]
    	at org.hibernate.event.internal.DefaultMergeEventListener.lambda$entityIsDetached$0(DefaultMergeEventListener.java:407) ~[hibernate-core-6.4.4.Final.jar:6.4.4.Final]
    	at org.hibernate.engine.spi.LoadQueryInfluencers.fromInternalFetchProfile(LoadQueryInfluencers.java:99) ~[hibernate-core-6.4.4.Final.jar:6.4.4.Final]
    	at org.hibernate.event.internal.DefaultMergeEventListener.entityIsDetached(DefaultMergeEventListener.java:405) ~[hibernate-core-6.4.4.Final.jar:6.4.4.Final]
    	at org.hibernate.event.internal.DefaultMergeEventListener.merge(DefaultMergeEventListener.java:208) ~[hibernate-core-6.4.4.Final.jar:6.4.4.Final]
    	at org.hibernate.event.internal.DefaultMergeEventListener.doMerge(DefaultMergeEventListener.java:146) ~[hibernate-core-6.4.4.Final.jar:6.4.4.Final]
    	at org.hibernate.event.internal.DefaultMergeEventListener.onMerge(DefaultMergeEventListener.java:130) ~[hibernate-core-6.4.4.Final.jar:6.4.4.Final]
    	at org.hibernate.event.internal.DefaultMergeEventListener.onMerge(DefaultMergeEventListener.java:84) ~[hibernate-core-6.4.4.Final.jar:6.4.4.Final]
    	at org.hibernate.event.service.internal.EventListenerGroupImpl.fireEventOnEachListener(EventListenerGroupImpl.java:127) ~[hibernate-core-6.4.4.Final.jar:6.4.4.Final]
    	at org.hibernate.internal.SessionImpl.fireMerge(SessionImpl.java:847) ~[hibernate-core-6.4.4.Final.jar:6.4.4.Final]
    	at org.hibernate.internal.SessionImpl.merge(SessionImpl.java:833) ~[hibernate-core-6.4.4.Final.jar:6.4.4.Final]
    	at java.base/jdk.internal.reflect.DirectMethodHandleAccessor.invoke(DirectMethodHandleAccessor.java:103) ~[na:na]
    	at java.base/java.lang.reflect.Method.invoke(Method.java:580) ~[na:na]
    	at org.springframework.orm.jpa.SharedEntityManagerCreator$SharedEntityManagerInvocationHandler.invoke(SharedEntityManagerCreator.java:319) ~[spring-orm-6.1.4.jar:6.1.4]
    	at jdk.proxy3/jdk.proxy3.$Proxy135.merge(Unknown Source) ~[na:na]
    	at org.springframework.data.jpa.repository.support.SimpleJpaRepository.save(SimpleJpaRepository.java:621) ~[spring-data-jpa-3.2.3.jar:3.2.3]
    	at java.base/jdk.internal.reflect.DirectMethodHandleAccessor.invoke(DirectMethodHandleAccessor.java:103) ~[na:na]
    	at java.base/java.lang.reflect.Method.invoke(Method.java:580) ~[na:na]
    	at org.springframework.aop.support.AopUtils.invokeJoinpointUsingReflection(AopUtils.java:351) ~[spring-aop-6.1.4.jar:6.1.4]
    	at org.springframework.data.repository.core.support.RepositoryMethodInvoker$RepositoryFragmentMethodInvoker.lambda$new$0(RepositoryMethodInvoker.java:277) ~[spring-data-commons-3.2.3.jar:3.2.3]
    	at org.springframework.data.repository.core.support.RepositoryMethodInvoker.doInvoke(RepositoryMethodInvoker.java:170) ~[spring-data-commons-3.2.3.jar:3.2.3]
    	at org.springframework.data.repository.core.support.RepositoryMethodInvoker.invoke(RepositoryMethodInvoker.java:158) ~[spring-data-commons-3.2.3.jar:3.2.3]
    	at org.springframework.data.repository.core.support.RepositoryComposition$RepositoryFragments.invoke(RepositoryComposition.java:516) ~[spring-data-commons-3.2.3.jar:3.2.3]
    	at org.springframework.data.repository.core.support.RepositoryComposition.invoke(RepositoryComposition.java:285) ~[spring-data-commons-3.2.3.jar:3.2.3]
    	at org.springframework.data.repository.core.support.RepositoryFactorySupport$ImplementationMethodExecutionInterceptor.invoke(RepositoryFactorySupport.java:628) ~[spring-data-commons-3.2.3.jar:3.2.3]
    	at org.springframework.aop.framework.ReflectiveMethodInvocation.proceed(ReflectiveMethodInvocation.java:184) ~[spring-aop-6.1.4.jar:6.1.4]
    	at org.springframework.data.repository.core.support.QueryExecutorMethodInterceptor.doInvoke(QueryExecutorMethodInterceptor.java:168) ~[spring-data-commons-3.2.3.jar:3.2.3]
    	at org.springframework.data.repository.core.support.QueryExecutorMethodInterceptor.invoke(QueryExecutorMethodInterceptor.java:143) ~[spring-data-commons-3.2.3.jar:3.2.3]
    	at org.springframework.aop.framework.ReflectiveMethodInvocation.proceed(ReflectiveMethodInvocation.java:184) ~[spring-aop-6.1.4.jar:6.1.4]
    	at org.springframework.data.projection.DefaultMethodInvokingMethodInterceptor.invoke(DefaultMethodInvokingMethodInterceptor.java:70) ~[spring-data-commons-3.2.3.jar:3.2.3]
    	at org.springframework.aop.framework.ReflectiveMethodInvocation.proceed(ReflectiveMethodInvocation.java:184) ~[spring-aop-6.1.4.jar:6.1.4]
    	at org.springframework.transaction.interceptor.TransactionInterceptor$1.proceedWithInvocation(TransactionInterceptor.java:123) ~[spring-tx-6.1.4.jar:6.1.4]
    	at org.springframework.transaction.interceptor.TransactionAspectSupport.invokeWithinTransaction(TransactionAspectSupport.java:385) ~[spring-tx-6.1.4.jar:6.1.4]
    	at org.springframework.transaction.interceptor.TransactionInterceptor.invoke(TransactionInterceptor.java:119) ~[spring-tx-6.1.4.jar:6.1.4]
    	at org.springframework.aop.framework.ReflectiveMethodInvocation.proceed(ReflectiveMethodInvocation.java:184) ~[spring-aop-6.1.4.jar:6.1.4]
    	at org.springframework.dao.support.PersistenceExceptionTranslationInterceptor.invoke(PersistenceExceptionTranslationInterceptor.java:137) ~[spring-tx-6.1.4.jar:6.1.4]
    	at org.springframework.aop.framework.ReflectiveMethodInvocation.proceed(ReflectiveMethodInvocation.java:184) ~[spring-aop-6.1.4.jar:6.1.4]
    	at org.springframework.data.jpa.repository.support.CrudMethodMetadataPostProcessor$CrudMethodMetadataPopulatingMethodInterceptor.invoke(CrudMethodMetadataPostProcessor.java:164) ~[spring-data-jpa-3.2.3.jar:3.2.3]
    	at org.springframework.aop.framework.ReflectiveMethodInvocation.proceed(ReflectiveMethodInvocation.java:184) ~[spring-aop-6.1.4.jar:6.1.4]
    	at org.springframework.aop.interceptor.ExposeInvocationInterceptor.invoke(ExposeInvocationInterceptor.java:97) ~[spring-aop-6.1.4.jar:6.1.4]
    	at org.springframework.aop.framework.ReflectiveMethodInvocation.proceed(ReflectiveMethodInvocation.java:184) ~[spring-aop-6.1.4.jar:6.1.4]
    	at org.springframework.aop.framework.JdkDynamicAopProxy.invoke(JdkDynamicAopProxy.java:220) ~[spring-aop-6.1.4.jar:6.1.4]
    	at jdk.proxy3/jdk.proxy3.$Proxy145.save(Unknown Source) ~[na:na]
    	at com.heartrate.repository.VerificationTokenRepositoryTest.delete_WithExistingToken_ShouldRemoveToken(VerificationTokenRepositoryTest.java:147) ~[test/:na]
    	at java.base/jdk.internal.reflect.DirectMethodHandleAccessor.invoke(DirectMethodHandleAccessor.java:103) ~[na:na]
    	at java.base/java.lang.reflect.Method.invoke(Method.java:580) ~[na:na]
    	at org.junit.platform.commons.util.ReflectionUtils.invokeMethod(ReflectionUtils.java:728) ~[junit-platform-commons-1.10.2.jar:1.10.2]
    	at org.junit.jupiter.engine.execution.MethodInvocation.proceed(MethodInvocation.java:60) ~[junit-jupiter-engine-5.10.2.jar:5.10.2]
    	at org.junit.jupiter.engine.execution.InvocationInterceptorChain$ValidatingInvocation.proceed(InvocationInterceptorChain.java:131) ~[junit-jupiter-engine-5.10.2.jar:5.10.2]
    	at org.junit.jupiter.engine.extension.TimeoutExtension.intercept(TimeoutExtension.java:156) ~[junit-jupiter-engine-5.10.2.jar:5.10.2]
    	at org.junit.jupiter.engine.extension.TimeoutExtension.interceptTestableMethod(TimeoutExtension.java:147) ~[junit-jupiter-engine-5.10.2.jar:5.10.2]
    	at org.junit.jupiter.engine.extension.TimeoutExtension.interceptTestMethod(TimeoutExtension.java:86) ~[junit-jupiter-engine-5.10.2.jar:5.10.2]
    	at org.junit.jupiter.engine.execution.InterceptingExecutableInvoker$ReflectiveInterceptorCall.lambda$ofVoidMethod$0(InterceptingExecutableInvoker.java:103) ~[junit-jupiter-engine-5.10.2.jar:5.10.2]
    	at org.junit.jupiter.engine.execution.InterceptingExecutableInvoker.lambda$invoke$0(InterceptingExecutableInvoker.java:93) ~[junit-jupiter-engine-5.10.2.jar:5.10.2]
    	at org.junit.jupiter.engine.execution.InvocationInterceptorChain$InterceptedInvocation.proceed(InvocationInterceptorChain.java:106) ~[junit-jupiter-engine-5.10.2.jar:5.10.2]
    	at org.junit.jupiter.engine.execution.InvocationInterceptorChain.proceed(InvocationInterceptorChain.java:64) ~[junit-jupiter-engine-5.10.2.jar:5.10.2]
    	at org.junit.jupiter.engine.execution.InvocationInterceptorChain.chainAndInvoke(InvocationInterceptorChain.java:45) ~[junit-jupiter-engine-5.10.2.jar:5.10.2]
    	at org.junit.jupiter.engine.execution.InvocationInterceptorChain.invoke(InvocationInterceptorChain.java:37) ~[junit-jupiter-engine-5.10.2.jar:5.10.2]
    	at org.junit.jupiter.engine.execution.InterceptingExecutableInvoker.invoke(InterceptingExecutableInvoker.java:92) ~[junit-jupiter-engine-5.10.2.jar:5.10.2]
    	at org.junit.jupiter.engine.execution.InterceptingExecutableInvoker.invoke(InterceptingExecutableInvoker.java:86) ~[junit-jupiter-engine-5.10.2.jar:5.10.2]
    	at org.junit.jupiter.engine.descriptor.TestMethodTestDescriptor.lambda$invokeTestMethod$7(TestMethodTestDescriptor.java:218) ~[junit-jupiter-engine-5.10.2.jar:5.10.2]
    	at org.junit.platform.engine.support.hierarchical.ThrowableCollector.execute(ThrowableCollector.java:73) ~[junit-platform-engine-1.10.2.jar:1.10.2]
    	at org.junit.jupiter.engine.descriptor.TestMethodTestDescriptor.invokeTestMethod(TestMethodTestDescriptor.java:214) ~[junit-jupiter-engine-5.10.2.jar:5.10.2]
    	at org.junit.jupiter.engine.descriptor.TestMethodTestDescriptor.execute(TestMethodTestDescriptor.java:139) ~[junit-jupiter-engine-5.10.2.jar:5.10.2]
    	at org.junit.jupiter.engine.descriptor.TestMethodTestDescriptor.execute(TestMethodTestDescriptor.java:69) ~[junit-jupiter-engine-5.10.2.jar:5.10.2]
    	at org.junit.platform.engine.support.hierarchical.NodeTestTask.lambda$executeRecursively$6(NodeTestTask.java:151) ~[junit-platform-engine-1.10.2.jar:1.10.2]
    	at org.junit.platform.engine.support.hierarchical.ThrowableCollector.execute(ThrowableCollector.java:73) ~[junit-platform-engine-1.10.2.jar:1.10.2]
    	at org.junit.platform.engine.support.hierarchical.NodeTestTask.lambda$executeRecursively$8(NodeTestTask.java:141) ~[junit-platform-engine-1.10.2.jar:1.10.2]
    	at org.junit.platform.engine.support.hierarchical.Node.around(Node.java:137) ~[junit-platform-engine-1.10.2.jar:1.10.2]
    	at org.junit.platform.engine.support.hierarchical.NodeTestTask.lambda$executeRecursively$9(NodeTestTask.java:139) ~[junit-platform-engine-1.10.2.jar:1.10.2]
    	at org.junit.platform.engine.support.hierarchical.ThrowableCollector.execute(ThrowableCollector.java:73) ~[junit-platform-engine-1.10.2.jar:1.10.2]
    	at org.junit.platform.engine.support.hierarchical.NodeTestTask.executeRecursively(NodeTestTask.java:138) ~[junit-platform-engine-1.10.2.jar:1.10.2]
    	at org.junit.platform.engine.support.hierarchical.NodeTestTask.execute(NodeTestTask.java:95) ~[junit-platform-engine-1.10.2.jar:1.10.2]
    	at java.base/java.util.ArrayList.forEach(ArrayList.java:1596) ~[na:na]
    	at org.junit.platform.engine.support.hierarchical.SameThreadHierarchicalTestExecutorService.invokeAll(SameThreadHierarchicalTestExecutorService.java:41) ~[junit-platform-engine-1.10.2.jar:1.10.2]
    	at org.junit.platform.engine.support.hierarchical.NodeTestTask.lambda$executeRecursively$6(NodeTestTask.java:155) ~[junit-platform-engine-1.10.2.jar:1.10.2]
    	at org.junit.platform.engine.support.hierarchical.ThrowableCollector.execute(ThrowableCollector.java:73) ~[junit-platform-engine-1.10.2.jar:1.10.2]
    	at org.junit.platform.engine.support.hierarchical.NodeTestTask.lambda$executeRecursively$8(NodeTestTask.java:141) ~[junit-platform-engine-1.10.2.jar:1.10.2]
    	at org.junit.platform.engine.support.hierarchical.Node.around(Node.java:137) ~[junit-platform-engine-1.10.2.jar:1.10.2]
    	at org.junit.platform.engine.support.hierarchical.NodeTestTask.lambda$executeRecursively$9(NodeTestTask.java:139) ~[junit-platform-engine-1.10.2.jar:1.10.2]
    	at org.junit.platform.engine.support.hierarchical.ThrowableCollector.execute(ThrowableCollector.java:73) ~[junit-platform-engine-1.10.2.jar:1.10.2]
    	at org.junit.platform.engine.support.hierarchical.NodeTestTask.executeRecursively(NodeTestTask.java:138) ~[junit-platform-engine-1.10.2.jar:1.10.2]
    	at org.junit.platform.engine.support.hierarchical.NodeTestTask.execute(NodeTestTask.java:95) ~[junit-platform-engine-1.10.2.jar:1.10.2]
    	at java.base/java.util.ArrayList.forEach(ArrayList.java:1596) ~[na:na]
    	at org.junit.platform.engine.support.hierarchical.SameThreadHierarchicalTestExecutorService.invokeAll(SameThreadHierarchicalTestExecutorService.java:41) ~[junit-platform-engine-1.10.2.jar:1.10.2]
    	at org.junit.platform.engine.support.hierarchical.NodeTestTask.lambda$executeRecursively$6(NodeTestTask.java:155) ~[junit-platform-engine-1.10.2.jar:1.10.2]
    	at org.junit.platform.engine.support.hierarchical.ThrowableCollector.execute(ThrowableCollector.java:73) ~[junit-platform-engine-1.10.2.jar:1.10.2]
    	at org.junit.platform.engine.support.hierarchical.NodeTestTask.lambda$executeRecursively$8(NodeTestTask.java:141) ~[junit-platform-engine-1.10.2.jar:1.10.2]
    	at org.junit.platform.engine.support.hierarchical.Node.around(Node.java:137) ~[junit-platform-engine-1.10.2.jar:1.10.2]
    	at org.junit.platform.engine.support.hierarchical.NodeTestTask.lambda$executeRecursively$9(NodeTestTask.java:139) ~[junit-platform-engine-1.10.2.jar:1.10.2]
    	at org.junit.platform.engine.support.hierarchical.ThrowableCollector.execute(ThrowableCollector.java:73) ~[junit-platform-engine-1.10.2.jar:1.10.2]
    	at org.junit.platform.engine.support.hierarchical.NodeTestTask.executeRecursively(NodeTestTask.java:138) ~[junit-platform-engine-1.10.2.jar:1.10.2]
    	at org.junit.platform.engine.support.hierarchical.NodeTestTask.execute(NodeTestTask.java:95) ~[junit-platform-engine-1.10.2.jar:1.10.2]
    	at org.junit.platform.engine.support.hierarchical.SameThreadHierarchicalTestExecutorService.submit(SameThreadHierarchicalTestExecutorService.java:35) ~[junit-platform-engine-1.10.2.jar:1.10.2]
    	at org.junit.platform.engine.support.hierarchical.HierarchicalTestExecutor.execute(HierarchicalTestExecutor.java:57) ~[junit-platform-engine-1.10.2.jar:1.10.2]
    	at org.junit.platform.engine.support.hierarchical.HierarchicalTestEngine.execute(HierarchicalTestEngine.java:54) ~[junit-platform-engine-1.10.2.jar:1.10.2]
    	at org.junit.platform.launcher.core.EngineExecutionOrchestrator.execute(EngineExecutionOrchestrator.java:107) ~[junit-platform-launcher-1.8.2.jar:1.8.2]
    	at org.junit.platform.launcher.core.EngineExecutionOrchestrator.execute(EngineExecutionOrchestrator.java:88) ~[junit-platform-launcher-1.8.2.jar:1.8.2]
    	at org.junit.platform.launcher.core.EngineExecutionOrchestrator.lambda$execute$0(EngineExecutionOrchestrator.java:54) ~[junit-platform-launcher-1.8.2.jar:1.8.2]
    	at org.junit.platform.launcher.core.EngineExecutionOrchestrator.withInterceptedStreams(EngineExecutionOrchestrator.java:67) ~[junit-platform-launcher-1.8.2.jar:1.8.2]
    	at org.junit.platform.launcher.core.EngineExecutionOrchestrator.execute(EngineExecutionOrchestrator.java:52) ~[junit-platform-launcher-1.8.2.jar:1.8.2]
    	at org.junit.platform.launcher.core.DefaultLauncher.execute(DefaultLauncher.java:114) ~[junit-platform-launcher-1.8.2.jar:1.8.2]
    	at org.junit.platform.launcher.core.DefaultLauncher.execute(DefaultLauncher.java:86) ~[junit-platform-launcher-1.8.2.jar:1.8.2]
    	at org.junit.platform.launcher.core.DefaultLauncherSession$DelegatingLauncher.execute(DefaultLauncherSession.java:86) ~[junit-platform-launcher-1.8.2.jar:1.8.2]
    	at org.gradle.api.internal.tasks.testing.junitplatform.JUnitPlatformTestClassProcessor$CollectAllTestClassesExecutor.processAllTestClasses(JUnitPlatformTestClassProcessor.java:124) ~[na:na]
    	at org.gradle.api.internal.tasks.testing.junitplatform.JUnitPlatformTestClassProcessor$CollectAllTestClassesExecutor.access$000(JUnitPlatformTestClassProcessor.java:99) ~[na:na]
    	at org.gradle.api.internal.tasks.testing.junitplatform.JUnitPlatformTestClassProcessor.stop(JUnitPlatformTestClassProcessor.java:94) ~[na:na]
    	at org.gradle.api.internal.tasks.testing.SuiteTestClassProcessor.stop(SuiteTestClassProcessor.java:63) ~[na:na]
    	at java.base/jdk.internal.reflect.DirectMethodHandleAccessor.invoke(DirectMethodHandleAccessor.java:103) ~[na:na]
    	at java.base/java.lang.reflect.Method.invoke(Method.java:580) ~[na:na]
    	at org.gradle.internal.dispatch.ReflectionDispatch.dispatch(ReflectionDispatch.java:36) ~[na:na]
    	at org.gradle.internal.dispatch.ReflectionDispatch.dispatch(ReflectionDispatch.java:24) ~[na:na]
    	at org.gradle.internal.dispatch.ContextClassLoaderDispatch.dispatch(ContextClassLoaderDispatch.java:33) ~[na:na]
    	at org.gradle.internal.dispatch.ProxyDispatchAdapter$DispatchingInvocationHandler.invoke(ProxyDispatchAdapter.java:92) ~[na:na]
    	at jdk.proxy1/jdk.proxy1.$Proxy4.stop(Unknown Source) ~[na:na]
    	at org.gradle.api.internal.tasks.testing.worker.TestWorker$3.run(TestWorker.java:200) ~[na:na]
    	at org.gradle.api.internal.tasks.testing.worker.TestWorker.executeAndMaintainThreadName(TestWorker.java:132) ~[na:na]
    	at org.gradle.api.internal.tasks.testing.worker.TestWorker.execute(TestWorker.java:103) ~[na:na]
    	at org.gradle.api.internal.tasks.testing.worker.TestWorker.execute(TestWorker.java:63) ~[na:na]
    	at org.gradle.process.internal.worker.child.ActionExecutionWorker.execute(ActionExecutionWorker.java:56) ~[na:na]
    	at org.gradle.process.internal.worker.child.SystemApplicationClassLoaderWorker.call(SystemApplicationClassLoaderWorker.java:121) ~[na:na]
    	at org.gradle.process.internal.worker.child.SystemApplicationClassLoaderWorker.call(SystemApplicationClassLoaderWorker.java:71) ~[na:na]
    	at worker.org.gradle.process.internal.worker.GradleWorkerMain.run(GradleWorkerMain.java:69) ~[gradle-worker.jar:na]
    	at worker.org.gradle.process.internal.worker.GradleWorkerMain.main(GradleWorkerMain.java:74) ~[gradle-worker.jar:na]
    Caused by: org.h2.jdbc.JdbcSQLSyntaxErrorException: Table "verification_tokens" not found; SQL statement:
    select vt1_0."id",vt1_0."created_at",vt1_0."expires_at",vt1_0."token",vt1_0."type",vt1_0."user_id" from "verification_tokens" vt1_0 where vt1_0."id"=? [42102-224]
    	at org.h2.message.DbException.getJdbcSQLException(DbException.java:514) ~[h2-2.2.224.jar:2.2.224]
    	at org.h2.message.DbException.getJdbcSQLException(DbException.java:489) ~[h2-2.2.224.jar:2.2.224]
    	at org.h2.message.DbException.get(DbException.java:223) ~[h2-2.2.224.jar:2.2.224]
    	at org.h2.message.DbException.get(DbException.java:199) ~[h2-2.2.224.jar:2.2.224]
    	at org.h2.command.Parser.getTableOrViewNotFoundDbException(Parser.java:8064) ~[h2-2.2.224.jar:2.2.224]
    	at org.h2.command.Parser.getTableOrViewNotFoundDbException(Parser.java:8035) ~[h2-2.2.224.jar:2.2.224]
    	at org.h2.command.Parser.readTableOrView(Parser.java:8024) ~[h2-2.2.224.jar:2.2.224]
    	at org.h2.command.Parser.readTablePrimary(Parser.java:1788) ~[h2-2.2.224.jar:2.2.224]
    	at org.h2.command.Parser.readTableReference(Parser.java:2268) ~[h2-2.2.224.jar:2.2.224]
    	at org.h2.command.Parser.parseSelectFromPart(Parser.java:2718) ~[h2-2.2.224.jar:2.2.224]
    	at org.h2.command.Parser.parseSelect(Parser.java:2824) ~[h2-2.2.224.jar:2.2.224]
    	at org.h2.command.Parser.parseQueryPrimary(Parser.java:2708) ~[h2-2.2.224.jar:2.2.224]
    	at org.h2.command.Parser.parseQueryTerm(Parser.java:2564) ~[h2-2.2.224.jar:2.2.224]
    	at org.h2.command.Parser.parseQueryExpressionBody(Parser.java:2543) ~[h2-2.2.224.jar:2.2.224]
    	at org.h2.command.Parser.parseQueryExpressionBodyAndEndOfQuery(Parser.java:2536) ~[h2-2.2.224.jar:2.2.224]
    	at org.h2.command.Parser.parseQueryExpression(Parser.java:2529) ~[h2-2.2.224.jar:2.2.224]
    	at org.h2.command.Parser.parseQuery(Parser.java:2498) ~[h2-2.2.224.jar:2.2.224]
    	at org.h2.command.Parser.parsePrepared(Parser.java:627) ~[h2-2.2.224.jar:2.2.224]
    	at org.h2.command.Parser.parse(Parser.java:592) ~[h2-2.2.224.jar:2.2.224]
    	at org.h2.command.Parser.parse(Parser.java:564) ~[h2-2.2.224.jar:2.2.224]
    	at org.h2.command.Parser.prepareCommand(Parser.java:483) ~[h2-2.2.224.jar:2.2.224]
    	at org.h2.engine.SessionLocal.prepareLocal(SessionLocal.java:639) ~[h2-2.2.224.jar:2.2.224]
    	at org.h2.engine.SessionLocal.prepareCommand(SessionLocal.java:559) ~[h2-2.2.224.jar:2.2.224]
    	at org.h2.jdbc.JdbcConnection.prepareCommand(JdbcConnection.java:1166) ~[h2-2.2.224.jar:2.2.224]
    	at org.h2.jdbc.JdbcPreparedStatement.<init>(JdbcPreparedStatement.java:93) ~[h2-2.2.224.jar:2.2.224]
    	at org.h2.jdbc.JdbcConnection.prepareStatement(JdbcConnection.java:316) ~[h2-2.2.224.jar:2.2.224]
    	at com.zaxxer.hikari.pool.ProxyConnection.prepareStatement(ProxyConnection.java:327) ~[HikariCP-5.0.1.jar:na]
    	at com.zaxxer.hikari.pool.HikariProxyConnection.prepareStatement(HikariProxyConnection.java) ~[HikariCP-5.0.1.jar:na]
    	at org.hibernate.engine.jdbc.internal.StatementPreparerImpl$5.doPrepare(StatementPreparerImpl.java:153) ~[hibernate-core-6.4.4.Final.jar:6.4.4.Final]
    	at org.hibernate.engine.jdbc.internal.StatementPreparerImpl$StatementPreparationTemplate.prepareStatement(StatementPreparerImpl.java:183) ~[hibernate-core-6.4.4.Final.jar:6.4.4.Final]
    	... 160 common frames omitted


VerificationTokenRepositoryTest > delete_WithExistingToken_ShouldRemoveToken() FAILED
    org.springframework.dao.InvalidDataAccessResourceUsageException: could not prepare statement [Table "verification_tokens" not found; SQL statement:
    select vt1_0."id",vt1_0."created_at",vt1_0."expires_at",vt1_0."token",vt1_0."type",vt1_0."user_id" from "verification_tokens" vt1_0 where vt1_0."id"=? [42102-224]] [select vt1_0."id",vt1_0."created_at",vt1_0."expires_at",vt1_0."token",vt1_0."type",vt1_0."user_id" from "verification_tokens" vt1_0 where vt1_0."id"=?]; SQL [select vt1_0."id",vt1_0."created_at",vt1_0."expires_at",vt1_0."token",vt1_0."type",vt1_0."user_id" from "verification_tokens" vt1_0 where vt1_0."id"=?]
        at app//org.springframework.orm.jpa.vendor.HibernateJpaDialect.convertHibernateAccessException(HibernateJpaDialect.java:277)
        at app//org.springframework.orm.jpa.vendor.HibernateJpaDialect.translateExceptionIfPossible(HibernateJpaDialect.java:241)
        at app//org.springframework.orm.jpa.AbstractEntityManagerFactoryBean.translateExceptionIfPossible(AbstractEntityManagerFactoryBean.java:550)
        at app//org.springframework.dao.support.ChainedPersistenceExceptionTranslator.translateExceptionIfPossible(ChainedPersistenceExceptionTranslator.java:61)
        at app//org.springframework.dao.support.DataAccessUtils.translateIfNecessary(DataAccessUtils.java:335)
        at app//org.springframework.dao.support.PersistenceExceptionTranslationInterceptor.invoke(PersistenceExceptionTranslationInterceptor.java:152)
        at app//org.springframework.aop.framework.ReflectiveMethodInvocation.proceed(ReflectiveMethodInvocation.java:184)
        at app//org.springframework.data.jpa.repository.support.CrudMethodMetadataPostProcessor$CrudMethodMetadataPopulatingMethodInterceptor.invoke(CrudMethodMetadataPostProcessor.java:164)
        at app//org.springframework.aop.framework.ReflectiveMethodInvocation.proceed(ReflectiveMethodInvocation.java:184)
        at app//org.springframework.aop.interceptor.ExposeInvocationInterceptor.invoke(ExposeInvocationInterceptor.java:97)
        at app//org.springframework.aop.framework.ReflectiveMethodInvocation.proceed(ReflectiveMethodInvocation.java:184)
        at app//org.springframework.aop.framework.JdkDynamicAopProxy.invoke(JdkDynamicAopProxy.java:220)
        at app/jdk.proxy3/jdk.proxy3.$Proxy145.save(Unknown Source)
        at app//com.heartrate.repository.VerificationTokenRepositoryTest.delete_WithExistingToken_ShouldRemoveToken(VerificationTokenRepositoryTest.java:147)

        Caused by:
        org.hibernate.exception.SQLGrammarException: could not prepare statement [Table "verification_tokens" not found; SQL statement:
        select vt1_0."id",vt1_0."created_at",vt1_0."expires_at",vt1_0."token",vt1_0."type",vt1_0."user_id" from "verification_tokens" vt1_0 where vt1_0."id"=? [42102-224]] [select vt1_0."id",vt1_0."created_at",vt1_0."expires_at",vt1_0."token",vt1_0."type",vt1_0."user_id" from "verification_tokens" vt1_0 where vt1_0."id"=?]
            at app//org.hibernate.exception.internal.SQLExceptionTypeDelegate.convert(SQLExceptionTypeDelegate.java:66)
            at app//org.hibernate.exception.internal.StandardSQLExceptionConverter.convert(StandardSQLExceptionConverter.java:58)
            at app//org.hibernate.engine.jdbc.spi.SqlExceptionHelper.convert(SqlExceptionHelper.java:108)
            at app//org.hibernate.engine.jdbc.internal.StatementPreparerImpl$StatementPreparationTemplate.prepareStatement(StatementPreparerImpl.java:194)
            at app//org.hibernate.engine.jdbc.internal.StatementPreparerImpl.prepareQueryStatement(StatementPreparerImpl.java:155)
            at app//org.hibernate.sql.exec.spi.JdbcSelectExecutor.lambda$list$0(JdbcSelectExecutor.java:85)
            at app//org.hibernate.sql.results.jdbc.internal.DeferredResultSetAccess.executeQuery(DeferredResultSetAccess.java:231)
            at app//org.hibernate.sql.results.jdbc.internal.DeferredResultSetAccess.getResultSet(DeferredResultSetAccess.java:167)
            at app//org.hibernate.sql.results.jdbc.internal.JdbcValuesResultSetImpl.advanceNext(JdbcValuesResultSetImpl.java:218)
            at app//org.hibernate.sql.results.jdbc.internal.JdbcValuesResultSetImpl.processNext(JdbcValuesResultSetImpl.java:98)
            at app//org.hibernate.sql.results.jdbc.internal.AbstractJdbcValues.next(AbstractJdbcValues.java:19)
            at app//org.hibernate.sql.results.internal.RowProcessingStateStandardImpl.next(RowProcessingStateStandardImpl.java:66)
            at app//org.hibernate.sql.results.spi.ListResultsConsumer.consume(ListResultsConsumer.java:187)
            at app//org.hibernate.sql.results.spi.ListResultsConsumer.consume(ListResultsConsumer.java:33)
            at app//org.hibernate.sql.exec.internal.JdbcSelectExecutorStandardImpl.doExecuteQuery(JdbcSelectExecutorStandardImpl.java:209)
            at app//org.hibernate.sql.exec.internal.JdbcSelectExecutorStandardImpl.executeQuery(JdbcSelectExecutorStandardImpl.java:83)
            at app//org.hibernate.sql.exec.spi.JdbcSelectExecutor.list(JdbcSelectExecutor.java:76)
            at app//org.hibernate.sql.exec.spi.JdbcSelectExecutor.list(JdbcSelectExecutor.java:65)
            at app//org.hibernate.loader.ast.internal.SingleIdLoadPlan.load(SingleIdLoadPlan.java:145)
            at app//org.hibernate.loader.ast.internal.SingleIdLoadPlan.load(SingleIdLoadPlan.java:117)
            at app//org.hibernate.loader.ast.internal.SingleIdEntityLoaderStandardImpl.load(SingleIdEntityLoaderStandardImpl.java:75)
            at app//org.hibernate.persister.entity.AbstractEntityPersister.doLoad(AbstractEntityPersister.java:3748)
            at app//org.hibernate.persister.entity.AbstractEntityPersister.load(AbstractEntityPersister.java:3737)
            at app//org.hibernate.event.internal.DefaultLoadEventListener.loadFromDatasource(DefaultLoadEventListener.java:604)
            at app//org.hibernate.event.internal.DefaultLoadEventListener.loadFromCacheOrDatasource(DefaultLoadEventListener.java:590)
            at app//org.hibernate.event.internal.DefaultLoadEventListener.load(DefaultLoadEventListener.java:560)
            at app//org.hibernate.event.internal.DefaultLoadEventListener.doLoad(DefaultLoadEventListener.java:544)
            at app//org.hibernate.event.internal.DefaultLoadEventListener.load(DefaultLoadEventListener.java:207)
            at app//org.hibernate.event.internal.DefaultLoadEventListener.loadWithRegularProxy(DefaultLoadEventListener.java:290)
            at app//org.hibernate.event.internal.DefaultLoadEventListener.proxyOrLoad(DefaultLoadEventListener.java:242)
            at app//org.hibernate.event.internal.DefaultLoadEventListener.doOnLoad(DefaultLoadEventListener.java:111)
            at app//org.hibernate.event.internal.DefaultLoadEventListener.onLoad(DefaultLoadEventListener.java:68)
            at app//org.hibernate.event.service.internal.EventListenerGroupImpl.fireEventOnEachListener(EventListenerGroupImpl.java:138)
            at app//org.hibernate.internal.SessionImpl.fireLoadNoChecks(SessionImpl.java:1222)
            at app//org.hibernate.internal.SessionImpl.fireLoad(SessionImpl.java:1210)
            at app//org.hibernate.loader.internal.IdentifierLoadAccessImpl.load(IdentifierLoadAccessImpl.java:209)
            at app//org.hibernate.loader.internal.IdentifierLoadAccessImpl.doLoad(IdentifierLoadAccessImpl.java:160)
            at app//org.hibernate.loader.internal.IdentifierLoadAccessImpl.lambda$load$1(IdentifierLoadAccessImpl.java:149)
            at app//org.hibernate.loader.internal.IdentifierLoadAccessImpl.perform(IdentifierLoadAccessImpl.java:112)
            at app//org.hibernate.loader.internal.IdentifierLoadAccessImpl.load(IdentifierLoadAccessImpl.java:149)
            at app//org.hibernate.internal.SessionImpl.get(SessionImpl.java:1023)
            at app//org.hibernate.event.internal.DefaultMergeEventListener.lambda$entityIsDetached$0(DefaultMergeEventListener.java:407)
            at app//org.hibernate.engine.spi.LoadQueryInfluencers.fromInternalFetchProfile(LoadQueryInfluencers.java:99)
            at app//org.hibernate.event.internal.DefaultMergeEventListener.entityIsDetached(DefaultMergeEventListener.java:405)
            at app//org.hibernate.event.internal.DefaultMergeEventListener.merge(DefaultMergeEventListener.java:208)
            at app//org.hibernate.event.internal.DefaultMergeEventListener.doMerge(DefaultMergeEventListener.java:146)
            at app//org.hibernate.event.internal.DefaultMergeEventListener.onMerge(DefaultMergeEventListener.java:130)
            at app//org.hibernate.event.internal.DefaultMergeEventListener.onMerge(DefaultMergeEventListener.java:84)
            at app//org.hibernate.event.service.internal.EventListenerGroupImpl.fireEventOnEachListener(EventListenerGroupImpl.java:127)
            at app//org.hibernate.internal.SessionImpl.fireMerge(SessionImpl.java:847)
            at app//org.hibernate.internal.SessionImpl.merge(SessionImpl.java:833)
            at java.base@21.0.2/jdk.internal.reflect.DirectMethodHandleAccessor.invoke(DirectMethodHandleAccessor.java:103)
            at java.base@21.0.2/java.lang.reflect.Method.invoke(Method.java:580)
            at app//org.springframework.orm.jpa.SharedEntityManagerCreator$SharedEntityManagerInvocationHandler.invoke(SharedEntityManagerCreator.java:319)
            at app/jdk.proxy3/jdk.proxy3.$Proxy135.merge(Unknown Source)
            at app//org.springframework.data.jpa.repository.support.SimpleJpaRepository.save(SimpleJpaRepository.java:621)
            at java.base@21.0.2/jdk.internal.reflect.DirectMethodHandleAccessor.invoke(DirectMethodHandleAccessor.java:103)
            at java.base@21.0.2/java.lang.reflect.Method.invoke(Method.java:580)
            at app//org.springframework.aop.support.AopUtils.invokeJoinpointUsingReflection(AopUtils.java:351)
            at app//org.springframework.data.repository.core.support.RepositoryMethodInvoker$RepositoryFragmentMethodInvoker.lambda$new$0(RepositoryMethodInvoker.java:277)
            at app//org.springframework.data.repository.core.support.RepositoryMethodInvoker.doInvoke(RepositoryMethodInvoker.java:170)
            at app//org.springframework.data.repository.core.support.RepositoryMethodInvoker.invoke(RepositoryMethodInvoker.java:158)
            at app//org.springframework.data.repository.core.support.RepositoryComposition$RepositoryFragments.invoke(RepositoryComposition.java:516)
            at app//org.springframework.data.repository.core.support.RepositoryComposition.invoke(RepositoryComposition.java:285)
            at app//org.springframework.data.repository.core.support.RepositoryFactorySupport$ImplementationMethodExecutionInterceptor.invoke(RepositoryFactorySupport.java:628)
            at app//org.springframework.aop.framework.ReflectiveMethodInvocation.proceed(ReflectiveMethodInvocation.java:184)
            at app//org.springframework.data.repository.core.support.QueryExecutorMethodInterceptor.doInvoke(QueryExecutorMethodInterceptor.java:168)
            at app//org.springframework.data.repository.core.support.QueryExecutorMethodInterceptor.invoke(QueryExecutorMethodInterceptor.java:143)
            at app//org.springframework.aop.framework.ReflectiveMethodInvocation.proceed(ReflectiveMethodInvocation.java:184)
            at app//org.springframework.data.projection.DefaultMethodInvokingMethodInterceptor.invoke(DefaultMethodInvokingMethodInterceptor.java:70)
            at app//org.springframework.aop.framework.ReflectiveMethodInvocation.proceed(ReflectiveMethodInvocation.java:184)
            at app//org.springframework.transaction.interceptor.TransactionInterceptor$1.proceedWithInvocation(TransactionInterceptor.java:123)
            at app//org.springframework.transaction.interceptor.TransactionAspectSupport.invokeWithinTransaction(TransactionAspectSupport.java:385)
            at app//org.springframework.transaction.interceptor.TransactionInterceptor.invoke(TransactionInterceptor.java:119)
            at app//org.springframework.aop.framework.ReflectiveMethodInvocation.proceed(ReflectiveMethodInvocation.java:184)
            at app//org.springframework.dao.support.PersistenceExceptionTranslationInterceptor.invoke(PersistenceExceptionTranslationInterceptor.java:137)
            ... 8 more

            Caused by:
            org.h2.jdbc.JdbcSQLSyntaxErrorException: Table "verification_tokens" not found; SQL statement:
            select vt1_0."id",vt1_0."created_at",vt1_0."expires_at",vt1_0."token",vt1_0."type",vt1_0."user_id" from "verification_tokens" vt1_0 where vt1_0."id"=? [42102-224]
                at app//org.h2.message.DbException.getJdbcSQLException(DbException.java:514)
                at app//org.h2.message.DbException.getJdbcSQLException(DbException.java:489)
                at app//org.h2.message.DbException.get(DbException.java:223)
                at app//org.h2.message.DbException.get(DbException.java:199)
                at app//org.h2.command.Parser.getTableOrViewNotFoundDbException(Parser.java:8064)
                at app//org.h2.command.Parser.getTableOrViewNotFoundDbException(Parser.java:8035)
                at app//org.h2.command.Parser.readTableOrView(Parser.java:8024)
                at app//org.h2.command.Parser.readTablePrimary(Parser.java:1788)
                at app//org.h2.command.Parser.readTableReference(Parser.java:2268)
                at app//org.h2.command.Parser.parseSelectFromPart(Parser.java:2718)
                at app//org.h2.command.Parser.parseSelect(Parser.java:2824)
                at app//org.h2.command.Parser.parseQueryPrimary(Parser.java:2708)
                at app//org.h2.command.Parser.parseQueryTerm(Parser.java:2564)
                at app//org.h2.command.Parser.parseQueryExpressionBody(Parser.java:2543)
                at app//org.h2.command.Parser.parseQueryExpressionBodyAndEndOfQuery(Parser.java:2536)
                at app//org.h2.command.Parser.parseQueryExpression(Parser.java:2529)
                at app//org.h2.command.Parser.parseQuery(Parser.java:2498)
                at app//org.h2.command.Parser.parsePrepared(Parser.java:627)
                at app//org.h2.command.Parser.parse(Parser.java:592)
                at app//org.h2.command.Parser.parse(Parser.java:564)
                at app//org.h2.command.Parser.prepareCommand(Parser.java:483)
                at app//org.h2.engine.SessionLocal.prepareLocal(SessionLocal.java:639)
                at app//org.h2.engine.SessionLocal.prepareCommand(SessionLocal.java:559)
                at app//org.h2.jdbc.JdbcConnection.prepareCommand(JdbcConnection.java:1166)
                at app//org.h2.jdbc.JdbcPreparedStatement.<init>(JdbcPreparedStatement.java:93)
                at app//org.h2.jdbc.JdbcConnection.prepareStatement(JdbcConnection.java:316)
                at app//com.zaxxer.hikari.pool.ProxyConnection.prepareStatement(ProxyConnection.java:327)
                at app//com.zaxxer.hikari.pool.HikariProxyConnection.prepareStatement(HikariProxyConnection.java)
                at app//org.hibernate.engine.jdbc.internal.StatementPreparerImpl$5.doPrepare(StatementPreparerImpl.java:153)
                at app//org.hibernate.engine.jdbc.internal.StatementPreparerImpl$StatementPreparationTemplate.prepareStatement(StatementPreparerImpl.java:183)
                ... 80 more

AuthenticationServiceTest STANDARD_OUT
    2025-04-06T08:34:46.998-07:00  INFO 44469 --- [    Test worker] t.c.s.AnnotationConfigContextLoaderUtils : Could not detect default configuration classes for test class [com.heartrate.service.AuthenticationServiceTest]: AuthenticationServiceTest does not declare any static, non-private, non-final, nested classes annotated with @Configuration.
    2025-04-06T08:34:47.002-07:00  INFO 44469 --- [    Test worker] .b.t.c.SpringBootTestContextBootstrapper : Found @SpringBootConfiguration com.heartrate.BackendApplication for test class com.heartrate.service.AuthenticationServiceTest

      .   ____          _            __ _ _
     /\\ / ___'_ __ _ _(_)_ __  __ _ \ \ \ \
    ( ( )\___ | '_ | '_| | '_ \/ _` | \ \ \ \
     \\/  ___)| |_)| | | | | || (_| |  ) ) ) )
      '  |____| .__|_| |_|_| |_\__, | / / / /
     =========|_|==============|___/=/_/_/_/
     :: Spring Boot ::                (v3.2.3)

    2025-04-06T08:34:47.018-07:00  INFO 44469 --- [    Test worker] c.h.service.AuthenticationServiceTest    : Starting AuthenticationServiceTest using Java 21.0.2 with PID 44469 (started by alexworden in /Users/alexworden/dev/heart-rate/backend)
    2025-04-06T08:34:47.018-07:00 DEBUG 44469 --- [    Test worker] c.h.service.AuthenticationServiceTest    : Running with Spring Boot v3.2.3, Spring v6.1.4
    2025-04-06T08:34:47.018-07:00  INFO 44469 --- [    Test worker] c.h.service.AuthenticationServiceTest    : The following 1 profile is active: "test"
    2025-04-06T08:34:47.143-07:00  INFO 44469 --- [    Test worker] .s.d.r.c.RepositoryConfigurationDelegate : Bootstrapping Spring Data JPA repositories in DEFAULT mode.
    2025-04-06T08:34:47.148-07:00  INFO 44469 --- [    Test worker] .s.d.r.c.RepositoryConfigurationDelegate : Finished Spring Data repository scanning in 4 ms. Found 3 JPA repository interfaces.
    2025-04-06T08:34:47.182-07:00  INFO 44469 --- [    Test worker] o.hibernate.jpa.internal.util.LogHelper  : HHH000204: Processing PersistenceUnitInfo [name: default]
    2025-04-06T08:34:47.183-07:00  INFO 44469 --- [    Test worker] o.h.c.internal.RegionFactoryInitiator    : HHH000026: Second-level cache disabled
    2025-04-06T08:34:47.185-07:00  INFO 44469 --- [    Test worker] o.s.o.j.p.SpringPersistenceUnitInfo      : No LoadTimeWeaver setup: ignoring JPA class transformer
    2025-04-06T08:34:47.185-07:00  INFO 44469 --- [    Test worker] com.zaxxer.hikari.HikariDataSource       : HikariPool-3 - Starting...
    2025-04-06T08:34:47.186-07:00  INFO 44469 --- [    Test worker] com.zaxxer.hikari.pool.HikariPool        : HikariPool-3 - Added connection conn20: url=jdbc:h2:mem:testdb user=SA
    2025-04-06T08:34:47.186-07:00  INFO 44469 --- [    Test worker] com.zaxxer.hikari.HikariDataSource       : HikariPool-3 - Start completed.
    2025-04-06T08:34:47.186-07:00  WARN 44469 --- [    Test worker] org.hibernate.orm.deprecation            : HHH90000025: H2Dialect does not need to be specified explicitly using 'hibernate.dialect' (remove the property setting and it will be selected by default)
    2025-04-06T08:34:47.232-07:00  INFO 44469 --- [    Test worker] o.h.e.t.j.p.i.JtaPlatformInitiator       : HHH000489: No JTA platform available (set 'hibernate.transaction.jta.platform' to enable JTA platform integration)
    2025-04-06T08:34:47.233-07:00 DEBUG 44469 --- [    Test worker] org.hibernate.SQL                        : 
        drop table if exists "login_attempts" cascade 
    Hibernate: 
        drop table if exists "login_attempts" cascade 
    2025-04-06T08:34:47.233-07:00 DEBUG 44469 --- [    Test worker] org.hibernate.SQL                        : 
        drop table if exists "users" cascade 
    Hibernate: 
        drop table if exists "users" cascade 
    2025-04-06T08:34:47.233-07:00 DEBUG 44469 --- [    Test worker] org.hibernate.SQL                        : 
        drop table if exists "verification_tokens" cascade 
    Hibernate: 
        drop table if exists "verification_tokens" cascade 
    2025-04-06T08:34:47.234-07:00 DEBUG 44469 --- [    Test worker] org.hibernate.SQL                        : 
        create table "login_attempts" (
            "attempt_time" timestamp(6),
            "id" "uuid" not null,
            "ip_address" varchar(45),
            "email" varchar(255),
            primary key ("id")
        )
    Hibernate: 
        create table "login_attempts" (
            "attempt_time" timestamp(6),
            "id" "uuid" not null,
            "ip_address" varchar(45),
            "email" varchar(255),
            primary key ("id")
        )
    2025-04-06T08:34:47.234-07:00  WARN 44469 --- [    Test worker] o.h.t.s.i.ExceptionHandlerLoggedImpl     : GenerationTarget encountered exception accepting command : Error executing DDL "
        create table "login_attempts" (
            "attempt_time" timestamp(6),
            "id" "uuid" not null,
            "ip_address" varchar(45),
            "email" varchar(255),
            primary key ("id")
        )" via JDBC [Domain "uuid" not found;]

    org.hibernate.tool.schema.spi.CommandAcceptanceException: Error executing DDL "
        create table "login_attempts" (
            "attempt_time" timestamp(6),
            "id" "uuid" not null,
            "ip_address" varchar(45),
            "email" varchar(255),
            primary key ("id")
        )" via JDBC [Domain "uuid" not found;]
    	at org.hibernate.tool.schema.internal.exec.GenerationTargetToDatabase.accept(GenerationTargetToDatabase.java:94) ~[hibernate-core-6.4.4.Final.jar:6.4.4.Final]
    	at org.hibernate.tool.schema.internal.Helper.applySqlString(Helper.java:233) ~[hibernate-core-6.4.4.Final.jar:6.4.4.Final]
    	at org.hibernate.tool.schema.internal.Helper.applySqlStrings(Helper.java:217) ~[hibernate-core-6.4.4.Final.jar:6.4.4.Final]
    	at org.hibernate.tool.schema.internal.SchemaCreatorImpl.createTables(SchemaCreatorImpl.java:420) ~[hibernate-core-6.4.4.Final.jar:6.4.4.Final]
    	at org.hibernate.tool.schema.internal.SchemaCreatorImpl.createSequencesTablesConstraints(SchemaCreatorImpl.java:340) ~[hibernate-core-6.4.4.Final.jar:6.4.4.Final]
    	at org.hibernate.tool.schema.internal.SchemaCreatorImpl.createFromMetadata(SchemaCreatorImpl.java:239) ~[hibernate-core-6.4.4.Final.jar:6.4.4.Final]
    	at org.hibernate.tool.schema.internal.SchemaCreatorImpl.performCreation(SchemaCreatorImpl.java:172) ~[hibernate-core-6.4.4.Final.jar:6.4.4.Final]
    	at org.hibernate.tool.schema.internal.SchemaCreatorImpl.doCreation(SchemaCreatorImpl.java:142) ~[hibernate-core-6.4.4.Final.jar:6.4.4.Final]
    	at org.hibernate.tool.schema.internal.SchemaCreatorImpl.doCreation(SchemaCreatorImpl.java:118) ~[hibernate-core-6.4.4.Final.jar:6.4.4.Final]
    	at org.hibernate.tool.schema.spi.SchemaManagementToolCoordinator.performDatabaseAction(SchemaManagementToolCoordinator.java:256) ~[hibernate-core-6.4.4.Final.jar:6.4.4.Final]
    	at org.hibernate.tool.schema.spi.SchemaManagementToolCoordinator.lambda$process$5(SchemaManagementToolCoordinator.java:145) ~[hibernate-core-6.4.4.Final.jar:6.4.4.Final]
    	at java.base/java.util.HashMap.forEach(HashMap.java:1429) ~[na:na]
    	at org.hibernate.tool.schema.spi.SchemaManagementToolCoordinator.process(SchemaManagementToolCoordinator.java:142) ~[hibernate-core-6.4.4.Final.jar:6.4.4.Final]
    	at org.hibernate.boot.internal.SessionFactoryObserverForSchemaExport.sessionFactoryCreated(SessionFactoryObserverForSchemaExport.java:37) ~[hibernate-core-6.4.4.Final.jar:6.4.4.Final]
    	at org.hibernate.internal.SessionFactoryObserverChain.sessionFactoryCreated(SessionFactoryObserverChain.java:35) ~[hibernate-core-6.4.4.Final.jar:6.4.4.Final]
    	at org.hibernate.internal.SessionFactoryImpl.<init>(SessionFactoryImpl.java:315) ~[hibernate-core-6.4.4.Final.jar:6.4.4.Final]
    	at org.hibernate.boot.internal.SessionFactoryBuilderImpl.build(SessionFactoryBuilderImpl.java:450) ~[hibernate-core-6.4.4.Final.jar:6.4.4.Final]
    	at org.hibernate.jpa.boot.internal.EntityManagerFactoryBuilderImpl.build(EntityManagerFactoryBuilderImpl.java:1507) ~[hibernate-core-6.4.4.Final.jar:6.4.4.Final]
    	at org.springframework.orm.jpa.vendor.SpringHibernateJpaPersistenceProvider.createContainerEntityManagerFactory(SpringHibernateJpaPersistenceProvider.java:75) ~[spring-orm-6.1.4.jar:6.1.4]
    	at org.springframework.orm.jpa.LocalContainerEntityManagerFactoryBean.createNativeEntityManagerFactory(LocalContainerEntityManagerFactoryBean.java:388) ~[spring-orm-6.1.4.jar:6.1.4]
    	at org.springframework.orm.jpa.AbstractEntityManagerFactoryBean.buildNativeEntityManagerFactory(AbstractEntityManagerFactoryBean.java:409) ~[spring-orm-6.1.4.jar:6.1.4]
    	at org.springframework.orm.jpa.AbstractEntityManagerFactoryBean.afterPropertiesSet(AbstractEntityManagerFactoryBean.java:396) ~[spring-orm-6.1.4.jar:6.1.4]
    	at org.springframework.orm.jpa.LocalContainerEntityManagerFactoryBean.afterPropertiesSet(LocalContainerEntityManagerFactoryBean.java:364) ~[spring-orm-6.1.4.jar:6.1.4]
    	at org.springframework.beans.factory.support.AbstractAutowireCapableBeanFactory.invokeInitMethods(AbstractAutowireCapableBeanFactory.java:1833) ~[spring-beans-6.1.4.jar:6.1.4]
    	at org.springframework.beans.factory.support.AbstractAutowireCapableBeanFactory.initializeBean(AbstractAutowireCapableBeanFactory.java:1782) ~[spring-beans-6.1.4.jar:6.1.4]
    	at org.springframework.beans.factory.support.AbstractAutowireCapableBeanFactory.doCreateBean(AbstractAutowireCapableBeanFactory.java:600) ~[spring-beans-6.1.4.jar:6.1.4]
    	at org.springframework.beans.factory.support.AbstractAutowireCapableBeanFactory.createBean(AbstractAutowireCapableBeanFactory.java:522) ~[spring-beans-6.1.4.jar:6.1.4]
    	at org.springframework.beans.factory.support.AbstractBeanFactory.lambda$doGetBean$0(AbstractBeanFactory.java:325) ~[spring-beans-6.1.4.jar:6.1.4]
    	at org.springframework.beans.factory.support.DefaultSingletonBeanRegistry.getSingleton(DefaultSingletonBeanRegistry.java:234) ~[spring-beans-6.1.4.jar:6.1.4]
    	at org.springframework.beans.factory.support.AbstractBeanFactory.doGetBean(AbstractBeanFactory.java:323) ~[spring-beans-6.1.4.jar:6.1.4]
    	at org.springframework.beans.factory.support.AbstractBeanFactory.getBean(AbstractBeanFactory.java:199) ~[spring-beans-6.1.4.jar:6.1.4]
    	at org.springframework.context.support.AbstractApplicationContext.getBean(AbstractApplicationContext.java:1231) ~[spring-context-6.1.4.jar:6.1.4]
    	at org.springframework.context.support.AbstractApplicationContext.finishBeanFactoryInitialization(AbstractApplicationContext.java:949) ~[spring-context-6.1.4.jar:6.1.4]
    	at org.springframework.context.support.AbstractApplicationContext.refresh(AbstractApplicationContext.java:624) ~[spring-context-6.1.4.jar:6.1.4]
    	at org.springframework.boot.SpringApplication.refresh(SpringApplication.java:754) ~[spring-boot-3.2.3.jar:3.2.3]
    	at org.springframework.boot.SpringApplication.refreshContext(SpringApplication.java:456) ~[spring-boot-3.2.3.jar:3.2.3]
    	at org.springframework.boot.SpringApplication.run(SpringApplication.java:334) ~[spring-boot-3.2.3.jar:3.2.3]
    	at org.springframework.boot.test.context.SpringBootContextLoader.lambda$loadContext$3(SpringBootContextLoader.java:137) ~[spring-boot-test-3.2.3.jar:3.2.3]
    	at org.springframework.util.function.ThrowingSupplier.get(ThrowingSupplier.java:58) ~[spring-core-6.1.4.jar:6.1.4]
    	at org.springframework.util.function.ThrowingSupplier.get(ThrowingSupplier.java:46) ~[spring-core-6.1.4.jar:6.1.4]
    	at org.springframework.boot.SpringApplication.withHook(SpringApplication.java:1454) ~[spring-boot-3.2.3.jar:3.2.3]
    	at org.springframework.boot.test.context.SpringBootContextLoader$ContextLoaderHook.run(SpringBootContextLoader.java:553) ~[spring-boot-test-3.2.3.jar:3.2.3]
    	at org.springframework.boot.test.context.SpringBootContextLoader.loadContext(SpringBootContextLoader.java:137) ~[spring-boot-test-3.2.3.jar:3.2.3]
    	at org.springframework.boot.test.context.SpringBootContextLoader.loadContext(SpringBootContextLoader.java:108) ~[spring-boot-test-3.2.3.jar:3.2.3]
    	at org.springframework.test.context.cache.DefaultCacheAwareContextLoaderDelegate.loadContextInternal(DefaultCacheAwareContextLoaderDelegate.java:225) ~[spring-test-6.1.4.jar:6.1.4]
    	at org.springframework.test.context.cache.DefaultCacheAwareContextLoaderDelegate.loadContext(DefaultCacheAwareContextLoaderDelegate.java:152) ~[spring-test-6.1.4.jar:6.1.4]
    	at org.springframework.test.context.support.DefaultTestContext.getApplicationContext(DefaultTestContext.java:130) ~[spring-test-6.1.4.jar:6.1.4]
    	at org.springframework.test.context.web.ServletTestExecutionListener.setUpRequestContextIfNecessary(ServletTestExecutionListener.java:191) ~[spring-test-6.1.4.jar:6.1.4]
    	at org.springframework.test.context.web.ServletTestExecutionListener.prepareTestInstance(ServletTestExecutionListener.java:130) ~[spring-test-6.1.4.jar:6.1.4]
    	at org.springframework.test.context.TestContextManager.prepareTestInstance(TestContextManager.java:260) ~[spring-test-6.1.4.jar:6.1.4]
    	at org.springframework.test.context.junit.jupiter.SpringExtension.postProcessTestInstance(SpringExtension.java:163) ~[spring-test-6.1.4.jar:6.1.4]
    	at org.junit.jupiter.engine.descriptor.ClassBasedTestDescriptor.lambda$invokeTestInstancePostProcessors$10(ClassBasedTestDescriptor.java:378) ~[junit-jupiter-engine-5.10.2.jar:5.10.2]
    	at org.junit.jupiter.engine.descriptor.ClassBasedTestDescriptor.executeAndMaskThrowable(ClassBasedTestDescriptor.java:383) ~[junit-jupiter-engine-5.10.2.jar:5.10.2]
    	at org.junit.jupiter.engine.descriptor.ClassBasedTestDescriptor.lambda$invokeTestInstancePostProcessors$11(ClassBasedTestDescriptor.java:378) ~[junit-jupiter-engine-5.10.2.jar:5.10.2]
    	at java.base/java.util.stream.ReferencePipeline$3$1.accept(ReferencePipeline.java:197) ~[na:na]
    	at java.base/java.util.stream.ReferencePipeline$2$1.accept(ReferencePipeline.java:179) ~[na:na]
    	at java.base/java.util.ArrayList$ArrayListSpliterator.forEachRemaining(ArrayList.java:1708) ~[na:na]
    	at java.base/java.util.stream.AbstractPipeline.copyInto(AbstractPipeline.java:509) ~[na:na]
    	at java.base/java.util.stream.AbstractPipeline.wrapAndCopyInto(AbstractPipeline.java:499) ~[na:na]
    	at java.base/java.util.stream.StreamSpliterators$WrappingSpliterator.forEachRemaining(StreamSpliterators.java:310) ~[na:na]
    	at java.base/java.util.stream.Streams$ConcatSpliterator.forEachRemaining(Streams.java:735) ~[na:na]
    	at java.base/java.util.stream.Streams$ConcatSpliterator.forEachRemaining(Streams.java:734) ~[na:na]
    	at java.base/java.util.stream.ReferencePipeline$Head.forEach(ReferencePipeline.java:762) ~[na:na]
    	at org.junit.jupiter.engine.descriptor.ClassBasedTestDescriptor.invokeTestInstancePostProcessors(ClassBasedTestDescriptor.java:377) ~[junit-jupiter-engine-5.10.2.jar:5.10.2]
    	at org.junit.jupiter.engine.descriptor.ClassBasedTestDescriptor.lambda$instantiateAndPostProcessTestInstance$6(ClassBasedTestDescriptor.java:290) ~[junit-jupiter-engine-5.10.2.jar:5.10.2]
    	at org.junit.platform.engine.support.hierarchical.ThrowableCollector.execute(ThrowableCollector.java:73) ~[junit-platform-engine-1.10.2.jar:1.10.2]
    	at org.junit.jupiter.engine.descriptor.ClassBasedTestDescriptor.instantiateAndPostProcessTestInstance(ClassBasedTestDescriptor.java:289) ~[junit-jupiter-engine-5.10.2.jar:5.10.2]
    	at org.junit.jupiter.engine.descriptor.ClassBasedTestDescriptor.lambda$testInstancesProvider$4(ClassBasedTestDescriptor.java:279) ~[junit-jupiter-engine-5.10.2.jar:5.10.2]
    	at java.base/java.util.Optional.orElseGet(Optional.java:364) ~[na:na]
    	at org.junit.jupiter.engine.descriptor.ClassBasedTestDescriptor.lambda$testInstancesProvider$5(ClassBasedTestDescriptor.java:278) ~[junit-jupiter-engine-5.10.2.jar:5.10.2]
    	at org.junit.jupiter.engine.execution.TestInstancesProvider.getTestInstances(TestInstancesProvider.java:31) ~[junit-jupiter-engine-5.10.2.jar:5.10.2]
    	at org.junit.jupiter.engine.descriptor.TestMethodTestDescriptor.lambda$prepare$0(TestMethodTestDescriptor.java:106) ~[junit-jupiter-engine-5.10.2.jar:5.10.2]
    	at org.junit.platform.engine.support.hierarchical.ThrowableCollector.execute(ThrowableCollector.java:73) ~[junit-platform-engine-1.10.2.jar:1.10.2]
    	at org.junit.jupiter.engine.descriptor.TestMethodTestDescriptor.prepare(TestMethodTestDescriptor.java:105) ~[junit-jupiter-engine-5.10.2.jar:5.10.2]
    	at org.junit.jupiter.engine.descriptor.TestMethodTestDescriptor.prepare(TestMethodTestDescriptor.java:69) ~[junit-jupiter-engine-5.10.2.jar:5.10.2]
    	at org.junit.platform.engine.support.hierarchical.NodeTestTask.lambda$prepare$2(NodeTestTask.java:123) ~[junit-platform-engine-1.10.2.jar:1.10.2]
    	at org.junit.platform.engine.support.hierarchical.ThrowableCollector.execute(ThrowableCollector.java:73) ~[junit-platform-engine-1.10.2.jar:1.10.2]
    	at org.junit.platform.engine.support.hierarchical.NodeTestTask.prepare(NodeTestTask.java:123) ~[junit-platform-engine-1.10.2.jar:1.10.2]
    	at org.junit.platform.engine.support.hierarchical.NodeTestTask.execute(NodeTestTask.java:90) ~[junit-platform-engine-1.10.2.jar:1.10.2]
    	at java.base/java.util.ArrayList.forEach(ArrayList.java:1596) ~[na:na]
    	at org.junit.platform.engine.support.hierarchical.SameThreadHierarchicalTestExecutorService.invokeAll(SameThreadHierarchicalTestExecutorService.java:41) ~[junit-platform-engine-1.10.2.jar:1.10.2]
    	at org.junit.platform.engine.support.hierarchical.NodeTestTask.lambda$executeRecursively$6(NodeTestTask.java:155) ~[junit-platform-engine-1.10.2.jar:1.10.2]
    	at org.junit.platform.engine.support.hierarchical.ThrowableCollector.execute(ThrowableCollector.java:73) ~[junit-platform-engine-1.10.2.jar:1.10.2]
    	at org.junit.platform.engine.support.hierarchical.NodeTestTask.lambda$executeRecursively$8(NodeTestTask.java:141) ~[junit-platform-engine-1.10.2.jar:1.10.2]
    	at org.junit.platform.engine.support.hierarchical.Node.around(Node.java:137) ~[junit-platform-engine-1.10.2.jar:1.10.2]
    	at org.junit.platform.engine.support.hierarchical.NodeTestTask.lambda$executeRecursively$9(NodeTestTask.java:139) ~[junit-platform-engine-1.10.2.jar:1.10.2]
    	at org.junit.platform.engine.support.hierarchical.ThrowableCollector.execute(ThrowableCollector.java:73) ~[junit-platform-engine-1.10.2.jar:1.10.2]
    	at org.junit.platform.engine.support.hierarchical.NodeTestTask.executeRecursively(NodeTestTask.java:138) ~[junit-platform-engine-1.10.2.jar:1.10.2]
    	at org.junit.platform.engine.support.hierarchical.NodeTestTask.execute(NodeTestTask.java:95) ~[junit-platform-engine-1.10.2.jar:1.10.2]
    	at java.base/java.util.ArrayList.forEach(ArrayList.java:1596) ~[na:na]
    	at org.junit.platform.engine.support.hierarchical.SameThreadHierarchicalTestExecutorService.invokeAll(SameThreadHierarchicalTestExecutorService.java:41) ~[junit-platform-engine-1.10.2.jar:1.10.2]
    	at org.junit.platform.engine.support.hierarchical.NodeTestTask.lambda$executeRecursively$6(NodeTestTask.java:155) ~[junit-platform-engine-1.10.2.jar:1.10.2]
    	at org.junit.platform.engine.support.hierarchical.ThrowableCollector.execute(ThrowableCollector.java:73) ~[junit-platform-engine-1.10.2.jar:1.10.2]
    	at org.junit.platform.engine.support.hierarchical.NodeTestTask.lambda$executeRecursively$8(NodeTestTask.java:141) ~[junit-platform-engine-1.10.2.jar:1.10.2]
    	at org.junit.platform.engine.support.hierarchical.Node.around(Node.java:137) ~[junit-platform-engine-1.10.2.jar:1.10.2]
    	at org.junit.platform.engine.support.hierarchical.NodeTestTask.lambda$executeRecursively$9(NodeTestTask.java:139) ~[junit-platform-engine-1.10.2.jar:1.10.2]
    	at org.junit.platform.engine.support.hierarchical.ThrowableCollector.execute(ThrowableCollector.java:73) ~[junit-platform-engine-1.10.2.jar:1.10.2]
    	at org.junit.platform.engine.support.hierarchical.NodeTestTask.executeRecursively(NodeTestTask.java:138) ~[junit-platform-engine-1.10.2.jar:1.10.2]
    	at org.junit.platform.engine.support.hierarchical.NodeTestTask.execute(NodeTestTask.java:95) ~[junit-platform-engine-1.10.2.jar:1.10.2]
    	at org.junit.platform.engine.support.hierarchical.SameThreadHierarchicalTestExecutorService.submit(SameThreadHierarchicalTestExecutorService.java:35) ~[junit-platform-engine-1.10.2.jar:1.10.2]
    	at org.junit.platform.engine.support.hierarchical.HierarchicalTestExecutor.execute(HierarchicalTestExecutor.java:57) ~[junit-platform-engine-1.10.2.jar:1.10.2]
    	at org.junit.platform.engine.support.hierarchical.HierarchicalTestEngine.execute(HierarchicalTestEngine.java:54) ~[junit-platform-engine-1.10.2.jar:1.10.2]
    	at org.junit.platform.launcher.core.EngineExecutionOrchestrator.execute(EngineExecutionOrchestrator.java:107) ~[junit-platform-launcher-1.8.2.jar:1.8.2]
    	at org.junit.platform.launcher.core.EngineExecutionOrchestrator.execute(EngineExecutionOrchestrator.java:88) ~[junit-platform-launcher-1.8.2.jar:1.8.2]
    	at org.junit.platform.launcher.core.EngineExecutionOrchestrator.lambda$execute$0(EngineExecutionOrchestrator.java:54) ~[junit-platform-launcher-1.8.2.jar:1.8.2]
    	at org.junit.platform.launcher.core.EngineExecutionOrchestrator.withInterceptedStreams(EngineExecutionOrchestrator.java:67) ~[junit-platform-launcher-1.8.2.jar:1.8.2]
    	at org.junit.platform.launcher.core.EngineExecutionOrchestrator.execute(EngineExecutionOrchestrator.java:52) ~[junit-platform-launcher-1.8.2.jar:1.8.2]
    	at org.junit.platform.launcher.core.DefaultLauncher.execute(DefaultLauncher.java:114) ~[junit-platform-launcher-1.8.2.jar:1.8.2]
    	at org.junit.platform.launcher.core.DefaultLauncher.execute(DefaultLauncher.java:86) ~[junit-platform-launcher-1.8.2.jar:1.8.2]
    	at org.junit.platform.launcher.core.DefaultLauncherSession$DelegatingLauncher.execute(DefaultLauncherSession.java:86) ~[junit-platform-launcher-1.8.2.jar:1.8.2]
    	at org.gradle.api.internal.tasks.testing.junitplatform.JUnitPlatformTestClassProcessor$CollectAllTestClassesExecutor.processAllTestClasses(JUnitPlatformTestClassProcessor.java:124) ~[na:na]
    	at org.gradle.api.internal.tasks.testing.junitplatform.JUnitPlatformTestClassProcessor$CollectAllTestClassesExecutor.access$000(JUnitPlatformTestClassProcessor.java:99) ~[na:na]
    	at org.gradle.api.internal.tasks.testing.junitplatform.JUnitPlatformTestClassProcessor.stop(JUnitPlatformTestClassProcessor.java:94) ~[na:na]
    	at org.gradle.api.internal.tasks.testing.SuiteTestClassProcessor.stop(SuiteTestClassProcessor.java:63) ~[na:na]
    	at java.base/jdk.internal.reflect.DirectMethodHandleAccessor.invoke(DirectMethodHandleAccessor.java:103) ~[na:na]
    	at java.base/java.lang.reflect.Method.invoke(Method.java:580) ~[na:na]
    	at org.gradle.internal.dispatch.ReflectionDispatch.dispatch(ReflectionDispatch.java:36) ~[na:na]
    	at org.gradle.internal.dispatch.ReflectionDispatch.dispatch(ReflectionDispatch.java:24) ~[na:na]
    	at org.gradle.internal.dispatch.ContextClassLoaderDispatch.dispatch(ContextClassLoaderDispatch.java:33) ~[na:na]
    	at org.gradle.internal.dispatch.ProxyDispatchAdapter$DispatchingInvocationHandler.invoke(ProxyDispatchAdapter.java:92) ~[na:na]
    	at jdk.proxy1/jdk.proxy1.$Proxy4.stop(Unknown Source) ~[na:na]
    	at org.gradle.api.internal.tasks.testing.worker.TestWorker$3.run(TestWorker.java:200) ~[na:na]
    	at org.gradle.api.internal.tasks.testing.worker.TestWorker.executeAndMaintainThreadName(TestWorker.java:132) ~[na:na]
    	at org.gradle.api.internal.tasks.testing.worker.TestWorker.execute(TestWorker.java:103) ~[na:na]
    	at org.gradle.api.internal.tasks.testing.worker.TestWorker.execute(TestWorker.java:63) ~[na:na]
    	at org.gradle.process.internal.worker.child.ActionExecutionWorker.execute(ActionExecutionWorker.java:56) ~[na:na]
    	at org.gradle.process.internal.worker.child.SystemApplicationClassLoaderWorker.call(SystemApplicationClassLoaderWorker.java:121) ~[na:na]
    	at org.gradle.process.internal.worker.child.SystemApplicationClassLoaderWorker.call(SystemApplicationClassLoaderWorker.java:71) ~[na:na]
    	at worker.org.gradle.process.internal.worker.GradleWorkerMain.run(GradleWorkerMain.java:69) ~[gradle-worker.jar:na]
    	at worker.org.gradle.process.internal.worker.GradleWorkerMain.main(GradleWorkerMain.java:74) ~[gradle-worker.jar:na]
    Caused by: org.h2.jdbc.JdbcSQLSyntaxErrorException: Domain "uuid" not found; SQL statement:

        create table "login_attempts" (
            "attempt_time" timestamp(6),
            "id" "uuid" not null,
            "ip_address" varchar(45),
            "email" varchar(255),
            primary key ("id")
        ) [90120-224]
    	at org.h2.message.DbException.getJdbcSQLException(DbException.java:644) ~[h2-2.2.224.jar:2.2.224]
    	at org.h2.message.DbException.getJdbcSQLException(DbException.java:489) ~[h2-2.2.224.jar:2.2.224]
    	at org.h2.message.DbException.get(DbException.java:223) ~[h2-2.2.224.jar:2.2.224]
    	at org.h2.message.DbException.get(DbException.java:199) ~[h2-2.2.224.jar:2.2.224]
    	at org.h2.schema.Schema.getDomain(Schema.java:611) ~[h2-2.2.224.jar:2.2.224]
    	at org.h2.command.Parser.parseColumnWithType(Parser.java:5689) ~[h2-2.2.224.jar:2.2.224]
    	at org.h2.command.Parser.parseColumnForTable(Parser.java:5565) ~[h2-2.2.224.jar:2.2.224]
    	at org.h2.command.Parser.parseTableColumnDefinition(Parser.java:8999) ~[h2-2.2.224.jar:2.2.224]
    	at org.h2.command.Parser.parseCreateTable(Parser.java:8939) ~[h2-2.2.224.jar:2.2.224]
    	at org.h2.command.Parser.parseCreate(Parser.java:6404) ~[h2-2.2.224.jar:2.2.224]
    	at org.h2.command.Parser.parsePrepared(Parser.java:666) ~[h2-2.2.224.jar:2.2.224]
    	at org.h2.command.Parser.parse(Parser.java:592) ~[h2-2.2.224.jar:2.2.224]
    	at org.h2.command.Parser.parse(Parser.java:564) ~[h2-2.2.224.jar:2.2.224]
    	at org.h2.command.Parser.prepareCommand(Parser.java:483) ~[h2-2.2.224.jar:2.2.224]
    	at org.h2.engine.SessionLocal.prepareLocal(SessionLocal.java:639) ~[h2-2.2.224.jar:2.2.224]
    	at org.h2.engine.SessionLocal.prepareCommand(SessionLocal.java:559) ~[h2-2.2.224.jar:2.2.224]
    	at org.h2.jdbc.JdbcConnection.prepareCommand(JdbcConnection.java:1166) ~[h2-2.2.224.jar:2.2.224]
    	at org.h2.jdbc.JdbcStatement.executeInternal(JdbcStatement.java:245) ~[h2-2.2.224.jar:2.2.224]
    	at org.h2.jdbc.JdbcStatement.execute(JdbcStatement.java:231) ~[h2-2.2.224.jar:2.2.224]
    	at com.zaxxer.hikari.pool.ProxyStatement.execute(ProxyStatement.java:94) ~[HikariCP-5.0.1.jar:na]
    	at com.zaxxer.hikari.pool.HikariProxyStatement.execute(HikariProxyStatement.java) ~[HikariCP-5.0.1.jar:na]
    	at org.hibernate.tool.schema.internal.exec.GenerationTargetToDatabase.accept(GenerationTargetToDatabase.java:80) ~[hibernate-core-6.4.4.Final.jar:6.4.4.Final]
    	... 129 common frames omitted

    2025-04-06T08:34:47.236-07:00 DEBUG 44469 --- [    Test worker] org.hibernate.SQL                        : 
        create table "users" (
            "email_verified" boolean,
            "year_of_birth" integer,
            "created_at" timestamp(6),
            "updated_at" timestamp(6),
            "id" uuid not null,
            "display_name" varchar(255),
            "email" varchar(255),
            "first_name" varchar(255),
            "mobile_number" varchar(255),
            "password_hash" varchar(255),
            "remember_me_token" varchar(255),
            "user_address" varchar(255),
            primary key ("id")
        )
    Hibernate: 
        create table "users" (
            "email_verified" boolean,
            "year_of_birth" integer,
            "created_at" timestamp(6),
            "updated_at" timestamp(6),
            "id" uuid not null,
            "display_name" varchar(255),
            "email" varchar(255),
            "first_name" varchar(255),
            "mobile_number" varchar(255),
            "password_hash" varchar(255),
            "remember_me_token" varchar(255),
            "user_address" varchar(255),
            primary key ("id")
        )
    2025-04-06T08:34:47.237-07:00 DEBUG 44469 --- [    Test worker] org.hibernate.SQL                        : 
        create table "verification_tokens" (
            "created_at" timestamp(6),
            "expires_at" timestamp(6),
            "id" "uuid" not null,
            "user_id" "uuid",
            "type" varchar(50),
            "token" varchar(255),
            primary key ("id")
        )
    Hibernate: 
        create table "verification_tokens" (
            "created_at" timestamp(6),
            "expires_at" timestamp(6),
            "id" "uuid" not null,
            "user_id" "uuid",
            "type" varchar(50),
            "token" varchar(255),
            primary key ("id")
        )
    2025-04-06T08:34:47.237-07:00  WARN 44469 --- [    Test worker] o.h.t.s.i.ExceptionHandlerLoggedImpl     : GenerationTarget encountered exception accepting command : Error executing DDL "
        create table "verification_tokens" (
            "created_at" timestamp(6),
            "expires_at" timestamp(6),
            "id" "uuid" not null,
            "user_id" "uuid",
            "type" varchar(50),
            "token" varchar(255),
            primary key ("id")
        )" via JDBC [Domain "uuid" not found;]

    org.hibernate.tool.schema.spi.CommandAcceptanceException: Error executing DDL "
        create table "verification_tokens" (
            "created_at" timestamp(6),
            "expires_at" timestamp(6),
            "id" "uuid" not null,
            "user_id" "uuid",
            "type" varchar(50),
            "token" varchar(255),
            primary key ("id")
        )" via JDBC [Domain "uuid" not found;]
    	at org.hibernate.tool.schema.internal.exec.GenerationTargetToDatabase.accept(GenerationTargetToDatabase.java:94) ~[hibernate-core-6.4.4.Final.jar:6.4.4.Final]
    	at org.hibernate.tool.schema.internal.Helper.applySqlString(Helper.java:233) ~[hibernate-core-6.4.4.Final.jar:6.4.4.Final]
    	at org.hibernate.tool.schema.internal.Helper.applySqlStrings(Helper.java:217) ~[hibernate-core-6.4.4.Final.jar:6.4.4.Final]
    	at org.hibernate.tool.schema.internal.SchemaCreatorImpl.createTables(SchemaCreatorImpl.java:420) ~[hibernate-core-6.4.4.Final.jar:6.4.4.Final]
    	at org.hibernate.tool.schema.internal.SchemaCreatorImpl.createSequencesTablesConstraints(SchemaCreatorImpl.java:340) ~[hibernate-core-6.4.4.Final.jar:6.4.4.Final]
    	at org.hibernate.tool.schema.internal.SchemaCreatorImpl.createFromMetadata(SchemaCreatorImpl.java:239) ~[hibernate-core-6.4.4.Final.jar:6.4.4.Final]
    	at org.hibernate.tool.schema.internal.SchemaCreatorImpl.performCreation(SchemaCreatorImpl.java:172) ~[hibernate-core-6.4.4.Final.jar:6.4.4.Final]
    	at org.hibernate.tool.schema.internal.SchemaCreatorImpl.doCreation(SchemaCreatorImpl.java:142) ~[hibernate-core-6.4.4.Final.jar:6.4.4.Final]
    	at org.hibernate.tool.schema.internal.SchemaCreatorImpl.doCreation(SchemaCreatorImpl.java:118) ~[hibernate-core-6.4.4.Final.jar:6.4.4.Final]
    	at org.hibernate.tool.schema.spi.SchemaManagementToolCoordinator.performDatabaseAction(SchemaManagementToolCoordinator.java:256) ~[hibernate-core-6.4.4.Final.jar:6.4.4.Final]
    	at org.hibernate.tool.schema.spi.SchemaManagementToolCoordinator.lambda$process$5(SchemaManagementToolCoordinator.java:145) ~[hibernate-core-6.4.4.Final.jar:6.4.4.Final]
    	at java.base/java.util.HashMap.forEach(HashMap.java:1429) ~[na:na]
    	at org.hibernate.tool.schema.spi.SchemaManagementToolCoordinator.process(SchemaManagementToolCoordinator.java:142) ~[hibernate-core-6.4.4.Final.jar:6.4.4.Final]
    	at org.hibernate.boot.internal.SessionFactoryObserverForSchemaExport.sessionFactoryCreated(SessionFactoryObserverForSchemaExport.java:37) ~[hibernate-core-6.4.4.Final.jar:6.4.4.Final]
    	at org.hibernate.internal.SessionFactoryObserverChain.sessionFactoryCreated(SessionFactoryObserverChain.java:35) ~[hibernate-core-6.4.4.Final.jar:6.4.4.Final]
    	at org.hibernate.internal.SessionFactoryImpl.<init>(SessionFactoryImpl.java:315) ~[hibernate-core-6.4.4.Final.jar:6.4.4.Final]
    	at org.hibernate.boot.internal.SessionFactoryBuilderImpl.build(SessionFactoryBuilderImpl.java:450) ~[hibernate-core-6.4.4.Final.jar:6.4.4.Final]
    	at org.hibernate.jpa.boot.internal.EntityManagerFactoryBuilderImpl.build(EntityManagerFactoryBuilderImpl.java:1507) ~[hibernate-core-6.4.4.Final.jar:6.4.4.Final]
    	at org.springframework.orm.jpa.vendor.SpringHibernateJpaPersistenceProvider.createContainerEntityManagerFactory(SpringHibernateJpaPersistenceProvider.java:75) ~[spring-orm-6.1.4.jar:6.1.4]
    	at org.springframework.orm.jpa.LocalContainerEntityManagerFactoryBean.createNativeEntityManagerFactory(LocalContainerEntityManagerFactoryBean.java:388) ~[spring-orm-6.1.4.jar:6.1.4]
    	at org.springframework.orm.jpa.AbstractEntityManagerFactoryBean.buildNativeEntityManagerFactory(AbstractEntityManagerFactoryBean.java:409) ~[spring-orm-6.1.4.jar:6.1.4]
    	at org.springframework.orm.jpa.AbstractEntityManagerFactoryBean.afterPropertiesSet(AbstractEntityManagerFactoryBean.java:396) ~[spring-orm-6.1.4.jar:6.1.4]
    	at org.springframework.orm.jpa.LocalContainerEntityManagerFactoryBean.afterPropertiesSet(LocalContainerEntityManagerFactoryBean.java:364) ~[spring-orm-6.1.4.jar:6.1.4]
    	at org.springframework.beans.factory.support.AbstractAutowireCapableBeanFactory.invokeInitMethods(AbstractAutowireCapableBeanFactory.java:1833) ~[spring-beans-6.1.4.jar:6.1.4]
    	at org.springframework.beans.factory.support.AbstractAutowireCapableBeanFactory.initializeBean(AbstractAutowireCapableBeanFactory.java:1782) ~[spring-beans-6.1.4.jar:6.1.4]
    	at org.springframework.beans.factory.support.AbstractAutowireCapableBeanFactory.doCreateBean(AbstractAutowireCapableBeanFactory.java:600) ~[spring-beans-6.1.4.jar:6.1.4]
    	at org.springframework.beans.factory.support.AbstractAutowireCapableBeanFactory.createBean(AbstractAutowireCapableBeanFactory.java:522) ~[spring-beans-6.1.4.jar:6.1.4]
    	at org.springframework.beans.factory.support.AbstractBeanFactory.lambda$doGetBean$0(AbstractBeanFactory.java:325) ~[spring-beans-6.1.4.jar:6.1.4]
    	at org.springframework.beans.factory.support.DefaultSingletonBeanRegistry.getSingleton(DefaultSingletonBeanRegistry.java:234) ~[spring-beans-6.1.4.jar:6.1.4]
    	at org.springframework.beans.factory.support.AbstractBeanFactory.doGetBean(AbstractBeanFactory.java:323) ~[spring-beans-6.1.4.jar:6.1.4]
    	at org.springframework.beans.factory.support.AbstractBeanFactory.getBean(AbstractBeanFactory.java:199) ~[spring-beans-6.1.4.jar:6.1.4]
    	at org.springframework.context.support.AbstractApplicationContext.getBean(AbstractApplicationContext.java:1231) ~[spring-context-6.1.4.jar:6.1.4]
    	at org.springframework.context.support.AbstractApplicationContext.finishBeanFactoryInitialization(AbstractApplicationContext.java:949) ~[spring-context-6.1.4.jar:6.1.4]
    	at org.springframework.context.support.AbstractApplicationContext.refresh(AbstractApplicationContext.java:624) ~[spring-context-6.1.4.jar:6.1.4]
    	at org.springframework.boot.SpringApplication.refresh(SpringApplication.java:754) ~[spring-boot-3.2.3.jar:3.2.3]
    	at org.springframework.boot.SpringApplication.refreshContext(SpringApplication.java:456) ~[spring-boot-3.2.3.jar:3.2.3]
    	at org.springframework.boot.SpringApplication.run(SpringApplication.java:334) ~[spring-boot-3.2.3.jar:3.2.3]
    	at org.springframework.boot.test.context.SpringBootContextLoader.lambda$loadContext$3(SpringBootContextLoader.java:137) ~[spring-boot-test-3.2.3.jar:3.2.3]
    	at org.springframework.util.function.ThrowingSupplier.get(ThrowingSupplier.java:58) ~[spring-core-6.1.4.jar:6.1.4]
    	at org.springframework.util.function.ThrowingSupplier.get(ThrowingSupplier.java:46) ~[spring-core-6.1.4.jar:6.1.4]
    	at org.springframework.boot.SpringApplication.withHook(SpringApplication.java:1454) ~[spring-boot-3.2.3.jar:3.2.3]
    	at org.springframework.boot.test.context.SpringBootContextLoader$ContextLoaderHook.run(SpringBootContextLoader.java:553) ~[spring-boot-test-3.2.3.jar:3.2.3]
    	at org.springframework.boot.test.context.SpringBootContextLoader.loadContext(SpringBootContextLoader.java:137) ~[spring-boot-test-3.2.3.jar:3.2.3]
    	at org.springframework.boot.test.context.SpringBootContextLoader.loadContext(SpringBootContextLoader.java:108) ~[spring-boot-test-3.2.3.jar:3.2.3]
    	at org.springframework.test.context.cache.DefaultCacheAwareContextLoaderDelegate.loadContextInternal(DefaultCacheAwareContextLoaderDelegate.java:225) ~[spring-test-6.1.4.jar:6.1.4]
    	at org.springframework.test.context.cache.DefaultCacheAwareContextLoaderDelegate.loadContext(DefaultCacheAwareContextLoaderDelegate.java:152) ~[spring-test-6.1.4.jar:6.1.4]
    	at org.springframework.test.context.support.DefaultTestContext.getApplicationContext(DefaultTestContext.java:130) ~[spring-test-6.1.4.jar:6.1.4]
    	at org.springframework.test.context.web.ServletTestExecutionListener.setUpRequestContextIfNecessary(ServletTestExecutionListener.java:191) ~[spring-test-6.1.4.jar:6.1.4]
    	at org.springframework.test.context.web.ServletTestExecutionListener.prepareTestInstance(ServletTestExecutionListener.java:130) ~[spring-test-6.1.4.jar:6.1.4]
    	at org.springframework.test.context.TestContextManager.prepareTestInstance(TestContextManager.java:260) ~[spring-test-6.1.4.jar:6.1.4]
    	at org.springframework.test.context.junit.jupiter.SpringExtension.postProcessTestInstance(SpringExtension.java:163) ~[spring-test-6.1.4.jar:6.1.4]
    	at org.junit.jupiter.engine.descriptor.ClassBasedTestDescriptor.lambda$invokeTestInstancePostProcessors$10(ClassBasedTestDescriptor.java:378) ~[junit-jupiter-engine-5.10.2.jar:5.10.2]
    	at org.junit.jupiter.engine.descriptor.ClassBasedTestDescriptor.executeAndMaskThrowable(ClassBasedTestDescriptor.java:383) ~[junit-jupiter-engine-5.10.2.jar:5.10.2]
    	at org.junit.jupiter.engine.descriptor.ClassBasedTestDescriptor.lambda$invokeTestInstancePostProcessors$11(ClassBasedTestDescriptor.java:378) ~[junit-jupiter-engine-5.10.2.jar:5.10.2]
    	at java.base/java.util.stream.ReferencePipeline$3$1.accept(ReferencePipeline.java:197) ~[na:na]
    	at java.base/java.util.stream.ReferencePipeline$2$1.accept(ReferencePipeline.java:179) ~[na:na]
    	at java.base/java.util.ArrayList$ArrayListSpliterator.forEachRemaining(ArrayList.java:1708) ~[na:na]
    	at java.base/java.util.stream.AbstractPipeline.copyInto(AbstractPipeline.java:509) ~[na:na]
    	at java.base/java.util.stream.AbstractPipeline.wrapAndCopyInto(AbstractPipeline.java:499) ~[na:na]
    	at java.base/java.util.stream.StreamSpliterators$WrappingSpliterator.forEachRemaining(StreamSpliterators.java:310) ~[na:na]
    	at java.base/java.util.stream.Streams$ConcatSpliterator.forEachRemaining(Streams.java:735) ~[na:na]
    	at java.base/java.util.stream.Streams$ConcatSpliterator.forEachRemaining(Streams.java:734) ~[na:na]
    	at java.base/java.util.stream.ReferencePipeline$Head.forEach(ReferencePipeline.java:762) ~[na:na]
    	at org.junit.jupiter.engine.descriptor.ClassBasedTestDescriptor.invokeTestInstancePostProcessors(ClassBasedTestDescriptor.java:377) ~[junit-jupiter-engine-5.10.2.jar:5.10.2]
    	at org.junit.jupiter.engine.descriptor.ClassBasedTestDescriptor.lambda$instantiateAndPostProcessTestInstance$6(ClassBasedTestDescriptor.java:290) ~[junit-jupiter-engine-5.10.2.jar:5.10.2]
    	at org.junit.platform.engine.support.hierarchical.ThrowableCollector.execute(ThrowableCollector.java:73) ~[junit-platform-engine-1.10.2.jar:1.10.2]
    	at org.junit.jupiter.engine.descriptor.ClassBasedTestDescriptor.instantiateAndPostProcessTestInstance(ClassBasedTestDescriptor.java:289) ~[junit-jupiter-engine-5.10.2.jar:5.10.2]
    	at org.junit.jupiter.engine.descriptor.ClassBasedTestDescriptor.lambda$testInstancesProvider$4(ClassBasedTestDescriptor.java:279) ~[junit-jupiter-engine-5.10.2.jar:5.10.2]
    	at java.base/java.util.Optional.orElseGet(Optional.java:364) ~[na:na]
    	at org.junit.jupiter.engine.descriptor.ClassBasedTestDescriptor.lambda$testInstancesProvider$5(ClassBasedTestDescriptor.java:278) ~[junit-jupiter-engine-5.10.2.jar:5.10.2]
    	at org.junit.jupiter.engine.execution.TestInstancesProvider.getTestInstances(TestInstancesProvider.java:31) ~[junit-jupiter-engine-5.10.2.jar:5.10.2]
    	at org.junit.jupiter.engine.descriptor.TestMethodTestDescriptor.lambda$prepare$0(TestMethodTestDescriptor.java:106) ~[junit-jupiter-engine-5.10.2.jar:5.10.2]
    	at org.junit.platform.engine.support.hierarchical.ThrowableCollector.execute(ThrowableCollector.java:73) ~[junit-platform-engine-1.10.2.jar:1.10.2]
    	at org.junit.jupiter.engine.descriptor.TestMethodTestDescriptor.prepare(TestMethodTestDescriptor.java:105) ~[junit-jupiter-engine-5.10.2.jar:5.10.2]
    	at org.junit.jupiter.engine.descriptor.TestMethodTestDescriptor.prepare(TestMethodTestDescriptor.java:69) ~[junit-jupiter-engine-5.10.2.jar:5.10.2]
    	at org.junit.platform.engine.support.hierarchical.NodeTestTask.lambda$prepare$2(NodeTestTask.java:123) ~[junit-platform-engine-1.10.2.jar:1.10.2]
    	at org.junit.platform.engine.support.hierarchical.ThrowableCollector.execute(ThrowableCollector.java:73) ~[junit-platform-engine-1.10.2.jar:1.10.2]
    	at org.junit.platform.engine.support.hierarchical.NodeTestTask.prepare(NodeTestTask.java:123) ~[junit-platform-engine-1.10.2.jar:1.10.2]
    	at org.junit.platform.engine.support.hierarchical.NodeTestTask.execute(NodeTestTask.java:90) ~[junit-platform-engine-1.10.2.jar:1.10.2]
    	at java.base/java.util.ArrayList.forEach(ArrayList.java:1596) ~[na:na]
    	at org.junit.platform.engine.support.hierarchical.SameThreadHierarchicalTestExecutorService.invokeAll(SameThreadHierarchicalTestExecutorService.java:41) ~[junit-platform-engine-1.10.2.jar:1.10.2]
    	at org.junit.platform.engine.support.hierarchical.NodeTestTask.lambda$executeRecursively$6(NodeTestTask.java:155) ~[junit-platform-engine-1.10.2.jar:1.10.2]
    	at org.junit.platform.engine.support.hierarchical.ThrowableCollector.execute(ThrowableCollector.java:73) ~[junit-platform-engine-1.10.2.jar:1.10.2]
    	at org.junit.platform.engine.support.hierarchical.NodeTestTask.lambda$executeRecursively$8(NodeTestTask.java:141) ~[junit-platform-engine-1.10.2.jar:1.10.2]
    	at org.junit.platform.engine.support.hierarchical.Node.around(Node.java:137) ~[junit-platform-engine-1.10.2.jar:1.10.2]
    	at org.junit.platform.engine.support.hierarchical.NodeTestTask.lambda$executeRecursively$9(NodeTestTask.java:139) ~[junit-platform-engine-1.10.2.jar:1.10.2]
    	at org.junit.platform.engine.support.hierarchical.ThrowableCollector.execute(ThrowableCollector.java:73) ~[junit-platform-engine-1.10.2.jar:1.10.2]
    	at org.junit.platform.engine.support.hierarchical.NodeTestTask.executeRecursively(NodeTestTask.java:138) ~[junit-platform-engine-1.10.2.jar:1.10.2]
    	at org.junit.platform.engine.support.hierarchical.NodeTestTask.execute(NodeTestTask.java:95) ~[junit-platform-engine-1.10.2.jar:1.10.2]
    	at java.base/java.util.ArrayList.forEach(ArrayList.java:1596) ~[na:na]
    	at org.junit.platform.engine.support.hierarchical.SameThreadHierarchicalTestExecutorService.invokeAll(SameThreadHierarchicalTestExecutorService.java:41) ~[junit-platform-engine-1.10.2.jar:1.10.2]
    	at org.junit.platform.engine.support.hierarchical.NodeTestTask.lambda$executeRecursively$6(NodeTestTask.java:155) ~[junit-platform-engine-1.10.2.jar:1.10.2]
    	at org.junit.platform.engine.support.hierarchical.ThrowableCollector.execute(ThrowableCollector.java:73) ~[junit-platform-engine-1.10.2.jar:1.10.2]
    	at org.junit.platform.engine.support.hierarchical.NodeTestTask.lambda$executeRecursively$8(NodeTestTask.java:141) ~[junit-platform-engine-1.10.2.jar:1.10.2]
    	at org.junit.platform.engine.support.hierarchical.Node.around(Node.java:137) ~[junit-platform-engine-1.10.2.jar:1.10.2]
    	at org.junit.platform.engine.support.hierarchical.NodeTestTask.lambda$executeRecursively$9(NodeTestTask.java:139) ~[junit-platform-engine-1.10.2.jar:1.10.2]
    	at org.junit.platform.engine.support.hierarchical.ThrowableCollector.execute(ThrowableCollector.java:73) ~[junit-platform-engine-1.10.2.jar:1.10.2]
    	at org.junit.platform.engine.support.hierarchical.NodeTestTask.executeRecursively(NodeTestTask.java:138) ~[junit-platform-engine-1.10.2.jar:1.10.2]
    	at org.junit.platform.engine.support.hierarchical.NodeTestTask.execute(NodeTestTask.java:95) ~[junit-platform-engine-1.10.2.jar:1.10.2]
    	at org.junit.platform.engine.support.hierarchical.SameThreadHierarchicalTestExecutorService.submit(SameThreadHierarchicalTestExecutorService.java:35) ~[junit-platform-engine-1.10.2.jar:1.10.2]
    	at org.junit.platform.engine.support.hierarchical.HierarchicalTestExecutor.execute(HierarchicalTestExecutor.java:57) ~[junit-platform-engine-1.10.2.jar:1.10.2]
    	at org.junit.platform.engine.support.hierarchical.HierarchicalTestEngine.execute(HierarchicalTestEngine.java:54) ~[junit-platform-engine-1.10.2.jar:1.10.2]
    	at org.junit.platform.launcher.core.EngineExecutionOrchestrator.execute(EngineExecutionOrchestrator.java:107) ~[junit-platform-launcher-1.8.2.jar:1.8.2]
    	at org.junit.platform.launcher.core.EngineExecutionOrchestrator.execute(EngineExecutionOrchestrator.java:88) ~[junit-platform-launcher-1.8.2.jar:1.8.2]
    	at org.junit.platform.launcher.core.EngineExecutionOrchestrator.lambda$execute$0(EngineExecutionOrchestrator.java:54) ~[junit-platform-launcher-1.8.2.jar:1.8.2]
    	at org.junit.platform.launcher.core.EngineExecutionOrchestrator.withInterceptedStreams(EngineExecutionOrchestrator.java:67) ~[junit-platform-launcher-1.8.2.jar:1.8.2]
    	at org.junit.platform.launcher.core.EngineExecutionOrchestrator.execute(EngineExecutionOrchestrator.java:52) ~[junit-platform-launcher-1.8.2.jar:1.8.2]
    	at org.junit.platform.launcher.core.DefaultLauncher.execute(DefaultLauncher.java:114) ~[junit-platform-launcher-1.8.2.jar:1.8.2]
    	at org.junit.platform.launcher.core.DefaultLauncher.execute(DefaultLauncher.java:86) ~[junit-platform-launcher-1.8.2.jar:1.8.2]
    	at org.junit.platform.launcher.core.DefaultLauncherSession$DelegatingLauncher.execute(DefaultLauncherSession.java:86) ~[junit-platform-launcher-1.8.2.jar:1.8.2]
    	at org.gradle.api.internal.tasks.testing.junitplatform.JUnitPlatformTestClassProcessor$CollectAllTestClassesExecutor.processAllTestClasses(JUnitPlatformTestClassProcessor.java:124) ~[na:na]
    	at org.gradle.api.internal.tasks.testing.junitplatform.JUnitPlatformTestClassProcessor$CollectAllTestClassesExecutor.access$000(JUnitPlatformTestClassProcessor.java:99) ~[na:na]
    	at org.gradle.api.internal.tasks.testing.junitplatform.JUnitPlatformTestClassProcessor.stop(JUnitPlatformTestClassProcessor.java:94) ~[na:na]
    	at org.gradle.api.internal.tasks.testing.SuiteTestClassProcessor.stop(SuiteTestClassProcessor.java:63) ~[na:na]
    	at java.base/jdk.internal.reflect.DirectMethodHandleAccessor.invoke(DirectMethodHandleAccessor.java:103) ~[na:na]
    	at java.base/java.lang.reflect.Method.invoke(Method.java:580) ~[na:na]
    	at org.gradle.internal.dispatch.ReflectionDispatch.dispatch(ReflectionDispatch.java:36) ~[na:na]
    	at org.gradle.internal.dispatch.ReflectionDispatch.dispatch(ReflectionDispatch.java:24) ~[na:na]
    	at org.gradle.internal.dispatch.ContextClassLoaderDispatch.dispatch(ContextClassLoaderDispatch.java:33) ~[na:na]
    	at org.gradle.internal.dispatch.ProxyDispatchAdapter$DispatchingInvocationHandler.invoke(ProxyDispatchAdapter.java:92) ~[na:na]
    	at jdk.proxy1/jdk.proxy1.$Proxy4.stop(Unknown Source) ~[na:na]
    	at org.gradle.api.internal.tasks.testing.worker.TestWorker$3.run(TestWorker.java:200) ~[na:na]
    	at org.gradle.api.internal.tasks.testing.worker.TestWorker.executeAndMaintainThreadName(TestWorker.java:132) ~[na:na]
    	at org.gradle.api.internal.tasks.testing.worker.TestWorker.execute(TestWorker.java:103) ~[na:na]
    	at org.gradle.api.internal.tasks.testing.worker.TestWorker.execute(TestWorker.java:63) ~[na:na]
    	at org.gradle.process.internal.worker.child.ActionExecutionWorker.execute(ActionExecutionWorker.java:56) ~[na:na]
    	at org.gradle.process.internal.worker.child.SystemApplicationClassLoaderWorker.call(SystemApplicationClassLoaderWorker.java:121) ~[na:na]
    	at org.gradle.process.internal.worker.child.SystemApplicationClassLoaderWorker.call(SystemApplicationClassLoaderWorker.java:71) ~[na:na]
    	at worker.org.gradle.process.internal.worker.GradleWorkerMain.run(GradleWorkerMain.java:69) ~[gradle-worker.jar:na]
    	at worker.org.gradle.process.internal.worker.GradleWorkerMain.main(GradleWorkerMain.java:74) ~[gradle-worker.jar:na]
    Caused by: org.h2.jdbc.JdbcSQLSyntaxErrorException: Domain "uuid" not found; SQL statement:

        create table "verification_tokens" (
            "created_at" timestamp(6),
            "expires_at" timestamp(6),
            "id" "uuid" not null,
            "user_id" "uuid",
            "type" varchar(50),
            "token" varchar(255),
            primary key ("id")
        ) [90120-224]
    	at org.h2.message.DbException.getJdbcSQLException(DbException.java:644) ~[h2-2.2.224.jar:2.2.224]
    	at org.h2.message.DbException.getJdbcSQLException(DbException.java:489) ~[h2-2.2.224.jar:2.2.224]
    	at org.h2.message.DbException.get(DbException.java:223) ~[h2-2.2.224.jar:2.2.224]
    	at org.h2.message.DbException.get(DbException.java:199) ~[h2-2.2.224.jar:2.2.224]
    	at org.h2.schema.Schema.getDomain(Schema.java:611) ~[h2-2.2.224.jar:2.2.224]
    	at org.h2.command.Parser.parseColumnWithType(Parser.java:5689) ~[h2-2.2.224.jar:2.2.224]
    	at org.h2.command.Parser.parseColumnForTable(Parser.java:5565) ~[h2-2.2.224.jar:2.2.224]
    	at org.h2.command.Parser.parseTableColumnDefinition(Parser.java:8999) ~[h2-2.2.224.jar:2.2.224]
    	at org.h2.command.Parser.parseCreateTable(Parser.java:8939) ~[h2-2.2.224.jar:2.2.224]
    	at org.h2.command.Parser.parseCreate(Parser.java:6404) ~[h2-2.2.224.jar:2.2.224]
    	at org.h2.command.Parser.parsePrepared(Parser.java:666) ~[h2-2.2.224.jar:2.2.224]
    	at org.h2.command.Parser.parse(Parser.java:592) ~[h2-2.2.224.jar:2.2.224]
    	at org.h2.command.Parser.parse(Parser.java:564) ~[h2-2.2.224.jar:2.2.224]
    	at org.h2.command.Parser.prepareCommand(Parser.java:483) ~[h2-2.2.224.jar:2.2.224]
    	at org.h2.engine.SessionLocal.prepareLocal(SessionLocal.java:639) ~[h2-2.2.224.jar:2.2.224]
    	at org.h2.engine.SessionLocal.prepareCommand(SessionLocal.java:559) ~[h2-2.2.224.jar:2.2.224]
    	at org.h2.jdbc.JdbcConnection.prepareCommand(JdbcConnection.java:1166) ~[h2-2.2.224.jar:2.2.224]
    	at org.h2.jdbc.JdbcStatement.executeInternal(JdbcStatement.java:245) ~[h2-2.2.224.jar:2.2.224]
    	at org.h2.jdbc.JdbcStatement.execute(JdbcStatement.java:231) ~[h2-2.2.224.jar:2.2.224]
    	at com.zaxxer.hikari.pool.ProxyStatement.execute(ProxyStatement.java:94) ~[HikariCP-5.0.1.jar:na]
    	at com.zaxxer.hikari.pool.HikariProxyStatement.execute(HikariProxyStatement.java) ~[HikariCP-5.0.1.jar:na]
    	at org.hibernate.tool.schema.internal.exec.GenerationTargetToDatabase.accept(GenerationTargetToDatabase.java:80) ~[hibernate-core-6.4.4.Final.jar:6.4.4.Final]
    	... 129 common frames omitted

    2025-04-06T08:34:47.239-07:00  INFO 44469 --- [    Test worker] j.LocalContainerEntityManagerFactoryBean : Initialized JPA EntityManagerFactory for persistence unit 'default'
    2025-04-06T08:34:47.292-07:00  WARN 44469 --- [    Test worker] JpaBaseConfiguration$JpaWebConfiguration : spring.jpa.open-in-view is enabled by default. Therefore, database queries may be performed during view rendering. Explicitly configure spring.jpa.open-in-view to disable this warning
    2025-04-06T08:34:47.295-07:00  WARN 44469 --- [    Test worker] .s.s.UserDetailsServiceAutoConfiguration : 

    Using generated security password: 20cda157-076b-42f2-8d66-eb82fb1c14f8

    This generated password is for development use only. Your security configuration must be updated before running your application in production.

    2025-04-06T08:34:47.328-07:00  INFO 44469 --- [    Test worker] o.s.s.web.DefaultSecurityFilterChain     : Will secure any request with [org.springframework.security.web.session.DisableEncodeUrlFilter@480a5088, org.springframework.security.web.context.request.async.WebAsyncManagerIntegrationFilter@53c7c937, org.springframework.security.web.context.SecurityContextHolderFilter@5a5fb5ea, org.springframework.security.web.header.HeaderWriterFilter@6c4d8b04, org.springframework.web.filter.CorsFilter@47a55fdf, org.springframework.security.web.csrf.CsrfFilter@12e7664b, org.springframework.security.web.authentication.logout.LogoutFilter@33650678, org.springframework.security.web.session.ConcurrentSessionFilter@38905461, org.springframework.security.web.savedrequest.RequestCacheAwareFilter@5aca000e, org.springframework.security.web.servletapi.SecurityContextHolderAwareRequestFilter@2e3b7b0b, org.springframework.security.web.authentication.AnonymousAuthenticationFilter@10aa4210, org.springframework.security.web.session.SessionManagementFilter@116cad39, org.springframework.security.web.access.ExceptionTranslationFilter@5c77cb42, org.springframework.security.web.access.intercept.AuthorizationFilter@4c336d66]
    2025-04-06T08:34:47.373-07:00  INFO 44469 --- [    Test worker] c.h.service.AuthenticationServiceTest    : Started AuthenticationServiceTest in 0.369 seconds (process running for 5.216)

AuthenticationServiceTest > login_WithValidCredentials_ShouldReturnUser() STANDARD_OUT
    2025-04-06T08:34:47.376-07:00 DEBUG 44469 --- [    Test worker] org.hibernate.SQL                        : 
        select
            u1_0."id",
            u1_0."created_at",
            u1_0."display_name",
            u1_0."email",
            u1_0."email_verified",
            u1_0."first_name",
            u1_0."mobile_number",
            u1_0."password_hash",
            u1_0."remember_me_token",
            u1_0."updated_at",
            u1_0."user_address",
            u1_0."year_of_birth" 
        from
            "users" u1_0
    Hibernate: 
        select
            u1_0."id",
            u1_0."created_at",
            u1_0."display_name",
            u1_0."email",
            u1_0."email_verified",
            u1_0."first_name",
            u1_0."mobile_number",
            u1_0."password_hash",
            u1_0."remember_me_token",
            u1_0."updated_at",
            u1_0."user_address",
            u1_0."year_of_birth" 
        from
            "users" u1_0
    2025-04-06T08:34:47.377-07:00 DEBUG 44469 --- [    Test worker] org.hibernate.SQL                        : 
        select
            la1_0."id",
            la1_0."attempt_time",
            la1_0."email",
            la1_0."ip_address" 
        from
            "login_attempts" la1_0
    Hibernate: 
        select
            la1_0."id",
            la1_0."attempt_time",
            la1_0."email",
            la1_0."ip_address" 
        from
            "login_attempts" la1_0
    2025-04-06T08:34:47.378-07:00  WARN 44469 --- [    Test worker] o.h.engine.jdbc.spi.SqlExceptionHelper   : SQL Error: 42102, SQLState: 42S02
    2025-04-06T08:34:47.378-07:00 ERROR 44469 --- [    Test worker] o.h.engine.jdbc.spi.SqlExceptionHelper   : Table "login_attempts" not found; SQL statement:
    select la1_0."id",la1_0."attempt_time",la1_0."email",la1_0."ip_address" from "login_attempts" la1_0 [42102-224]

AuthenticationServiceTest > login_WithValidCredentials_ShouldReturnUser() FAILED
    org.springframework.dao.InvalidDataAccessResourceUsageException: could not prepare statement [Table "login_attempts" not found; SQL statement:
    select la1_0."id",la1_0."attempt_time",la1_0."email",la1_0."ip_address" from "login_attempts" la1_0 [42102-224]] [select la1_0."id",la1_0."attempt_time",la1_0."email",la1_0."ip_address" from "login_attempts" la1_0]; SQL [select la1_0."id",la1_0."attempt_time",la1_0."email",la1_0."ip_address" from "login_attempts" la1_0]
        at app//org.springframework.orm.jpa.vendor.HibernateJpaDialect.convertHibernateAccessException(HibernateJpaDialect.java:277)
        at app//org.springframework.orm.jpa.vendor.HibernateJpaDialect.translateExceptionIfPossible(HibernateJpaDialect.java:241)
        at app//org.springframework.orm.jpa.AbstractEntityManagerFactoryBean.translateExceptionIfPossible(AbstractEntityManagerFactoryBean.java:550)
        at app//org.springframework.dao.support.ChainedPersistenceExceptionTranslator.translateExceptionIfPossible(ChainedPersistenceExceptionTranslator.java:61)
        at app//org.springframework.dao.support.DataAccessUtils.translateIfNecessary(DataAccessUtils.java:335)
        at app//org.springframework.dao.support.PersistenceExceptionTranslationInterceptor.invoke(PersistenceExceptionTranslationInterceptor.java:152)
        at app//org.springframework.aop.framework.ReflectiveMethodInvocation.proceed(ReflectiveMethodInvocation.java:184)
        at app//org.springframework.data.jpa.repository.support.CrudMethodMetadataPostProcessor$CrudMethodMetadataPopulatingMethodInterceptor.invoke(CrudMethodMetadataPostProcessor.java:164)
        at app//org.springframework.aop.framework.ReflectiveMethodInvocation.proceed(ReflectiveMethodInvocation.java:184)
        at app//org.springframework.aop.interceptor.ExposeInvocationInterceptor.invoke(ExposeInvocationInterceptor.java:97)
        at app//org.springframework.aop.framework.ReflectiveMethodInvocation.proceed(ReflectiveMethodInvocation.java:184)
        at app//org.springframework.aop.framework.JdkDynamicAopProxy.invoke(JdkDynamicAopProxy.java:220)
        at app/jdk.proxy3/jdk.proxy3.$Proxy140.deleteAll(Unknown Source)
        at app//com.heartrate.service.AuthenticationServiceTest.setUp(AuthenticationServiceTest.java:63)

        Caused by:
        org.hibernate.exception.SQLGrammarException: could not prepare statement [Table "login_attempts" not found; SQL statement:
        select la1_0."id",la1_0."attempt_time",la1_0."email",la1_0."ip_address" from "login_attempts" la1_0 [42102-224]] [select la1_0."id",la1_0."attempt_time",la1_0."email",la1_0."ip_address" from "login_attempts" la1_0]
            at app//org.hibernate.exception.internal.SQLExceptionTypeDelegate.convert(SQLExceptionTypeDelegate.java:66)
            at app//org.hibernate.exception.internal.StandardSQLExceptionConverter.convert(StandardSQLExceptionConverter.java:58)
            at app//org.hibernate.engine.jdbc.spi.SqlExceptionHelper.convert(SqlExceptionHelper.java:108)
            at app//org.hibernate.engine.jdbc.internal.StatementPreparerImpl$StatementPreparationTemplate.prepareStatement(StatementPreparerImpl.java:194)
            at app//org.hibernate.engine.jdbc.internal.StatementPreparerImpl.prepareQueryStatement(StatementPreparerImpl.java:155)
            at app//org.hibernate.sql.exec.spi.JdbcSelectExecutor.lambda$list$0(JdbcSelectExecutor.java:85)
            at app//org.hibernate.sql.results.jdbc.internal.DeferredResultSetAccess.executeQuery(DeferredResultSetAccess.java:231)
            at app//org.hibernate.sql.results.jdbc.internal.DeferredResultSetAccess.getResultSet(DeferredResultSetAccess.java:167)
            at app//org.hibernate.sql.results.jdbc.internal.JdbcValuesResultSetImpl.advanceNext(JdbcValuesResultSetImpl.java:218)
            at app//org.hibernate.sql.results.jdbc.internal.JdbcValuesResultSetImpl.processNext(JdbcValuesResultSetImpl.java:98)
            at app//org.hibernate.sql.results.jdbc.internal.AbstractJdbcValues.next(AbstractJdbcValues.java:19)
            at app//org.hibernate.sql.results.internal.RowProcessingStateStandardImpl.next(RowProcessingStateStandardImpl.java:66)
            at app//org.hibernate.sql.results.spi.ListResultsConsumer.consume(ListResultsConsumer.java:202)
            at app//org.hibernate.sql.results.spi.ListResultsConsumer.consume(ListResultsConsumer.java:33)
            at app//org.hibernate.sql.exec.internal.JdbcSelectExecutorStandardImpl.doExecuteQuery(JdbcSelectExecutorStandardImpl.java:209)
            at app//org.hibernate.sql.exec.internal.JdbcSelectExecutorStandardImpl.executeQuery(JdbcSelectExecutorStandardImpl.java:83)
            at app//org.hibernate.sql.exec.spi.JdbcSelectExecutor.list(JdbcSelectExecutor.java:76)
            at app//org.hibernate.sql.exec.spi.JdbcSelectExecutor.list(JdbcSelectExecutor.java:65)
            at app//org.hibernate.query.sqm.internal.ConcreteSqmSelectQueryPlan.lambda$new$2(ConcreteSqmSelectQueryPlan.java:137)
            at app//org.hibernate.query.sqm.internal.ConcreteSqmSelectQueryPlan.withCacheableSqmInterpretation(ConcreteSqmSelectQueryPlan.java:362)
            at app//org.hibernate.query.sqm.internal.ConcreteSqmSelectQueryPlan.performList(ConcreteSqmSelectQueryPlan.java:303)
            at app//org.hibernate.query.sqm.internal.QuerySqmImpl.doList(QuerySqmImpl.java:509)
            at app//org.hibernate.query.spi.AbstractSelectionQuery.list(AbstractSelectionQuery.java:427)
            at app//org.hibernate.query.Query.getResultList(Query.java:120)
            at app//org.springframework.data.jpa.repository.support.SimpleJpaRepository.findAll(SimpleJpaRepository.java:383)
            at app//org.springframework.data.jpa.repository.support.SimpleJpaRepository.deleteAll(SimpleJpaRepository.java:283)
            at java.base@21.0.2/jdk.internal.reflect.DirectMethodHandleAccessor.invoke(DirectMethodHandleAccessor.java:103)
            at java.base@21.0.2/java.lang.reflect.Method.invoke(Method.java:580)
            at app//org.springframework.aop.support.AopUtils.invokeJoinpointUsingReflection(AopUtils.java:351)
            at app//org.springframework.data.repository.core.support.RepositoryMethodInvoker$RepositoryFragmentMethodInvoker.lambda$new$0(RepositoryMethodInvoker.java:277)
            at app//org.springframework.data.repository.core.support.RepositoryMethodInvoker.doInvoke(RepositoryMethodInvoker.java:170)
            at app//org.springframework.data.repository.core.support.RepositoryMethodInvoker.invoke(RepositoryMethodInvoker.java:158)
            at app//org.springframework.data.repository.core.support.RepositoryComposition$RepositoryFragments.invoke(RepositoryComposition.java:516)
            at app//org.springframework.data.repository.core.support.RepositoryComposition.invoke(RepositoryComposition.java:285)
            at app//org.springframework.data.repository.core.support.RepositoryFactorySupport$ImplementationMethodExecutionInterceptor.invoke(RepositoryFactorySupport.java:628)
            at app//org.springframework.aop.framework.ReflectiveMethodInvocation.proceed(ReflectiveMethodInvocation.java:184)
            at app//org.springframework.data.repository.core.support.QueryExecutorMethodInterceptor.doInvoke(QueryExecutorMethodInterceptor.java:168)
            at app//org.springframework.data.repository.core.support.QueryExecutorMethodInterceptor.invoke(QueryExecutorMethodInterceptor.java:143)
            at app//org.springframework.aop.framework.ReflectiveMethodInvocation.proceed(ReflectiveMethodInvocation.java:184)
            at app//org.springframework.data.projection.DefaultMethodInvokingMethodInterceptor.invoke(DefaultMethodInvokingMethodInterceptor.java:70)
            at app//org.springframework.aop.framework.ReflectiveMethodInvocation.proceed(ReflectiveMethodInvocation.java:184)
            at app//org.springframework.transaction.interceptor.TransactionInterceptor$1.proceedWithInvocation(TransactionInterceptor.java:123)
            at app//org.springframework.transaction.interceptor.TransactionAspectSupport.invokeWithinTransaction(TransactionAspectSupport.java:385)
            at app//org.springframework.transaction.interceptor.TransactionInterceptor.invoke(TransactionInterceptor.java:119)
            at app//org.springframework.aop.framework.ReflectiveMethodInvocation.proceed(ReflectiveMethodInvocation.java:184)
            at app//org.springframework.dao.support.PersistenceExceptionTranslationInterceptor.invoke(PersistenceExceptionTranslationInterceptor.java:137)
            ... 8 more

            Caused by:
            org.h2.jdbc.JdbcSQLSyntaxErrorException: Table "login_attempts" not found; SQL statement:
            select la1_0."id",la1_0."attempt_time",la1_0."email",la1_0."ip_address" from "login_attempts" la1_0 [42102-224]
                at app//org.h2.message.DbException.getJdbcSQLException(DbException.java:514)
                at app//org.h2.message.DbException.getJdbcSQLException(DbException.java:489)
                at app//org.h2.message.DbException.get(DbException.java:223)
                at app//org.h2.message.DbException.get(DbException.java:199)
                at app//org.h2.command.Parser.getTableOrViewNotFoundDbException(Parser.java:8064)
                at app//org.h2.command.Parser.getTableOrViewNotFoundDbException(Parser.java:8035)
                at app//org.h2.command.Parser.readTableOrView(Parser.java:8024)
                at app//org.h2.command.Parser.readTablePrimary(Parser.java:1788)
                at app//org.h2.command.Parser.readTableReference(Parser.java:2268)
                at app//org.h2.command.Parser.parseSelectFromPart(Parser.java:2718)
                at app//org.h2.command.Parser.parseSelect(Parser.java:2824)
                at app//org.h2.command.Parser.parseQueryPrimary(Parser.java:2708)
                at app//org.h2.command.Parser.parseQueryTerm(Parser.java:2564)
                at app//org.h2.command.Parser.parseQueryExpressionBody(Parser.java:2543)
                at app//org.h2.command.Parser.parseQueryExpressionBodyAndEndOfQuery(Parser.java:2536)
                at app//org.h2.command.Parser.parseQueryExpression(Parser.java:2529)
                at app//org.h2.command.Parser.parseQuery(Parser.java:2498)
                at app//org.h2.command.Parser.parsePrepared(Parser.java:627)
                at app//org.h2.command.Parser.parse(Parser.java:592)
                at app//org.h2.command.Parser.parse(Parser.java:564)
                at app//org.h2.command.Parser.prepareCommand(Parser.java:483)
                at app//org.h2.engine.SessionLocal.prepareLocal(SessionLocal.java:639)
                at app//org.h2.engine.SessionLocal.prepareCommand(SessionLocal.java:559)
                at app//org.h2.jdbc.JdbcConnection.prepareCommand(JdbcConnection.java:1166)
                at app//org.h2.jdbc.JdbcPreparedStatement.<init>(JdbcPreparedStatement.java:93)
                at app//org.h2.jdbc.JdbcConnection.prepareStatement(JdbcConnection.java:316)
                at app//com.zaxxer.hikari.pool.ProxyConnection.prepareStatement(ProxyConnection.java:327)
                at app//com.zaxxer.hikari.pool.HikariProxyConnection.prepareStatement(HikariProxyConnection.java)
                at app//org.hibernate.engine.jdbc.internal.StatementPreparerImpl$5.doPrepare(StatementPreparerImpl.java:153)
                at app//org.hibernate.engine.jdbc.internal.StatementPreparerImpl$StatementPreparationTemplate.prepareStatement(StatementPreparerImpl.java:183)
                ... 50 more

AuthenticationServiceTest > verifyEmail_WithInvalidToken_ShouldThrowException() STANDARD_OUT
    2025-04-06T08:34:47.381-07:00 DEBUG 44469 --- [    Test worker] org.hibernate.SQL                        : 
        select
            u1_0."id",
            u1_0."created_at",
            u1_0."display_name",
            u1_0."email",
            u1_0."email_verified",
            u1_0."first_name",
            u1_0."mobile_number",
            u1_0."password_hash",
            u1_0."remember_me_token",
            u1_0."updated_at",
            u1_0."user_address",
            u1_0."year_of_birth" 
        from
            "users" u1_0
    Hibernate: 
        select
            u1_0."id",
            u1_0."created_at",
            u1_0."display_name",
            u1_0."email",
            u1_0."email_verified",
            u1_0."first_name",
            u1_0."mobile_number",
            u1_0."password_hash",
            u1_0."remember_me_token",
            u1_0."updated_at",
            u1_0."user_address",
            u1_0."year_of_birth" 
        from
            "users" u1_0
    2025-04-06T08:34:47.382-07:00 DEBUG 44469 --- [    Test worker] org.hibernate.SQL                        : 
        select
            la1_0."id",
            la1_0."attempt_time",
            la1_0."email",
            la1_0."ip_address" 
        from
            "login_attempts" la1_0
    Hibernate: 
        select
            la1_0."id",
            la1_0."attempt_time",
            la1_0."email",
            la1_0."ip_address" 
        from
            "login_attempts" la1_0
    2025-04-06T08:34:47.382-07:00  WARN 44469 --- [    Test worker] o.h.engine.jdbc.spi.SqlExceptionHelper   : SQL Error: 42102, SQLState: 42S02
    2025-04-06T08:34:47.382-07:00 ERROR 44469 --- [    Test worker] o.h.engine.jdbc.spi.SqlExceptionHelper   : Table "login_attempts" not found; SQL statement:
    select la1_0."id",la1_0."attempt_time",la1_0."email",la1_0."ip_address" from "login_attempts" la1_0 [42102-224]

AuthenticationServiceTest > verifyEmail_WithInvalidToken_ShouldThrowException() FAILED
    org.springframework.dao.InvalidDataAccessResourceUsageException: could not prepare statement [Table "login_attempts" not found; SQL statement:
    select la1_0."id",la1_0."attempt_time",la1_0."email",la1_0."ip_address" from "login_attempts" la1_0 [42102-224]] [select la1_0."id",la1_0."attempt_time",la1_0."email",la1_0."ip_address" from "login_attempts" la1_0]; SQL [select la1_0."id",la1_0."attempt_time",la1_0."email",la1_0."ip_address" from "login_attempts" la1_0]
        at app//org.springframework.orm.jpa.vendor.HibernateJpaDialect.convertHibernateAccessException(HibernateJpaDialect.java:277)
        at app//org.springframework.orm.jpa.vendor.HibernateJpaDialect.translateExceptionIfPossible(HibernateJpaDialect.java:241)
        at app//org.springframework.orm.jpa.AbstractEntityManagerFactoryBean.translateExceptionIfPossible(AbstractEntityManagerFactoryBean.java:550)
        at app//org.springframework.dao.support.ChainedPersistenceExceptionTranslator.translateExceptionIfPossible(ChainedPersistenceExceptionTranslator.java:61)
        at app//org.springframework.dao.support.DataAccessUtils.translateIfNecessary(DataAccessUtils.java:335)
        at app//org.springframework.dao.support.PersistenceExceptionTranslationInterceptor.invoke(PersistenceExceptionTranslationInterceptor.java:152)
        at app//org.springframework.aop.framework.ReflectiveMethodInvocation.proceed(ReflectiveMethodInvocation.java:184)
        at app//org.springframework.data.jpa.repository.support.CrudMethodMetadataPostProcessor$CrudMethodMetadataPopulatingMethodInterceptor.invoke(CrudMethodMetadataPostProcessor.java:164)
        at app//org.springframework.aop.framework.ReflectiveMethodInvocation.proceed(ReflectiveMethodInvocation.java:184)
        at app//org.springframework.aop.interceptor.ExposeInvocationInterceptor.invoke(ExposeInvocationInterceptor.java:97)
        at app//org.springframework.aop.framework.ReflectiveMethodInvocation.proceed(ReflectiveMethodInvocation.java:184)
        at app//org.springframework.aop.framework.JdkDynamicAopProxy.invoke(JdkDynamicAopProxy.java:220)
        at app/jdk.proxy3/jdk.proxy3.$Proxy140.deleteAll(Unknown Source)
        at app//com.heartrate.service.AuthenticationServiceTest.setUp(AuthenticationServiceTest.java:63)

        Caused by:
        org.hibernate.exception.SQLGrammarException: could not prepare statement [Table "login_attempts" not found; SQL statement:
        select la1_0."id",la1_0."attempt_time",la1_0."email",la1_0."ip_address" from "login_attempts" la1_0 [42102-224]] [select la1_0."id",la1_0."attempt_time",la1_0."email",la1_0."ip_address" from "login_attempts" la1_0]
            at app//org.hibernate.exception.internal.SQLExceptionTypeDelegate.convert(SQLExceptionTypeDelegate.java:66)
            at app//org.hibernate.exception.internal.StandardSQLExceptionConverter.convert(StandardSQLExceptionConverter.java:58)
            at app//org.hibernate.engine.jdbc.spi.SqlExceptionHelper.convert(SqlExceptionHelper.java:108)
            at app//org.hibernate.engine.jdbc.internal.StatementPreparerImpl$StatementPreparationTemplate.prepareStatement(StatementPreparerImpl.java:194)
            at app//org.hibernate.engine.jdbc.internal.StatementPreparerImpl.prepareQueryStatement(StatementPreparerImpl.java:155)
            at app//org.hibernate.sql.exec.spi.JdbcSelectExecutor.lambda$list$0(JdbcSelectExecutor.java:85)
            at app//org.hibernate.sql.results.jdbc.internal.DeferredResultSetAccess.executeQuery(DeferredResultSetAccess.java:231)
            at app//org.hibernate.sql.results.jdbc.internal.DeferredResultSetAccess.getResultSet(DeferredResultSetAccess.java:167)
            at app//org.hibernate.sql.results.jdbc.internal.JdbcValuesResultSetImpl.advanceNext(JdbcValuesResultSetImpl.java:218)
            at app//org.hibernate.sql.results.jdbc.internal.JdbcValuesResultSetImpl.processNext(JdbcValuesResultSetImpl.java:98)
            at app//org.hibernate.sql.results.jdbc.internal.AbstractJdbcValues.next(AbstractJdbcValues.java:19)
            at app//org.hibernate.sql.results.internal.RowProcessingStateStandardImpl.next(RowProcessingStateStandardImpl.java:66)
            at app//org.hibernate.sql.results.spi.ListResultsConsumer.consume(ListResultsConsumer.java:202)
            at app//org.hibernate.sql.results.spi.ListResultsConsumer.consume(ListResultsConsumer.java:33)
            at app//org.hibernate.sql.exec.internal.JdbcSelectExecutorStandardImpl.doExecuteQuery(JdbcSelectExecutorStandardImpl.java:209)
            at app//org.hibernate.sql.exec.internal.JdbcSelectExecutorStandardImpl.executeQuery(JdbcSelectExecutorStandardImpl.java:83)
            at app//org.hibernate.sql.exec.spi.JdbcSelectExecutor.list(JdbcSelectExecutor.java:76)
            at app//org.hibernate.sql.exec.spi.JdbcSelectExecutor.list(JdbcSelectExecutor.java:65)
            at app//org.hibernate.query.sqm.internal.ConcreteSqmSelectQueryPlan.lambda$new$2(ConcreteSqmSelectQueryPlan.java:137)
            at app//org.hibernate.query.sqm.internal.ConcreteSqmSelectQueryPlan.withCacheableSqmInterpretation(ConcreteSqmSelectQueryPlan.java:362)
            at app//org.hibernate.query.sqm.internal.ConcreteSqmSelectQueryPlan.performList(ConcreteSqmSelectQueryPlan.java:303)
            at app//org.hibernate.query.sqm.internal.QuerySqmImpl.doList(QuerySqmImpl.java:509)
            at app//org.hibernate.query.spi.AbstractSelectionQuery.list(AbstractSelectionQuery.java:427)
            at app//org.hibernate.query.Query.getResultList(Query.java:120)
            at app//org.springframework.data.jpa.repository.support.SimpleJpaRepository.findAll(SimpleJpaRepository.java:383)
            at app//org.springframework.data.jpa.repository.support.SimpleJpaRepository.deleteAll(SimpleJpaRepository.java:283)
            at java.base@21.0.2/jdk.internal.reflect.DirectMethodHandleAccessor.invoke(DirectMethodHandleAccessor.java:103)
            at java.base@21.0.2/java.lang.reflect.Method.invoke(Method.java:580)
            at app//org.springframework.aop.support.AopUtils.invokeJoinpointUsingReflection(AopUtils.java:351)
            at app//org.springframework.data.repository.core.support.RepositoryMethodInvoker$RepositoryFragmentMethodInvoker.lambda$new$0(RepositoryMethodInvoker.java:277)
            at app//org.springframework.data.repository.core.support.RepositoryMethodInvoker.doInvoke(RepositoryMethodInvoker.java:170)
            at app//org.springframework.data.repository.core.support.RepositoryMethodInvoker.invoke(RepositoryMethodInvoker.java:158)
            at app//org.springframework.data.repository.core.support.RepositoryComposition$RepositoryFragments.invoke(RepositoryComposition.java:516)
            at app//org.springframework.data.repository.core.support.RepositoryComposition.invoke(RepositoryComposition.java:285)
            at app//org.springframework.data.repository.core.support.RepositoryFactorySupport$ImplementationMethodExecutionInterceptor.invoke(RepositoryFactorySupport.java:628)
            at app//org.springframework.aop.framework.ReflectiveMethodInvocation.proceed(ReflectiveMethodInvocation.java:184)
            at app//org.springframework.data.repository.core.support.QueryExecutorMethodInterceptor.doInvoke(QueryExecutorMethodInterceptor.java:168)
            at app//org.springframework.data.repository.core.support.QueryExecutorMethodInterceptor.invoke(QueryExecutorMethodInterceptor.java:143)
            at app//org.springframework.aop.framework.ReflectiveMethodInvocation.proceed(ReflectiveMethodInvocation.java:184)
            at app//org.springframework.data.projection.DefaultMethodInvokingMethodInterceptor.invoke(DefaultMethodInvokingMethodInterceptor.java:70)
            at app//org.springframework.aop.framework.ReflectiveMethodInvocation.proceed(ReflectiveMethodInvocation.java:184)
            at app//org.springframework.transaction.interceptor.TransactionInterceptor$1.proceedWithInvocation(TransactionInterceptor.java:123)
            at app//org.springframework.transaction.interceptor.TransactionAspectSupport.invokeWithinTransaction(TransactionAspectSupport.java:385)
            at app//org.springframework.transaction.interceptor.TransactionInterceptor.invoke(TransactionInterceptor.java:119)
            at app//org.springframework.aop.framework.ReflectiveMethodInvocation.proceed(ReflectiveMethodInvocation.java:184)
            at app//org.springframework.dao.support.PersistenceExceptionTranslationInterceptor.invoke(PersistenceExceptionTranslationInterceptor.java:137)
            ... 8 more

            Caused by:
            org.h2.jdbc.JdbcSQLSyntaxErrorException: Table "login_attempts" not found; SQL statement:
            select la1_0."id",la1_0."attempt_time",la1_0."email",la1_0."ip_address" from "login_attempts" la1_0 [42102-224]
                at app//org.h2.message.DbException.getJdbcSQLException(DbException.java:514)
                at app//org.h2.message.DbException.getJdbcSQLException(DbException.java:489)
                at app//org.h2.message.DbException.get(DbException.java:223)
                at app//org.h2.message.DbException.get(DbException.java:199)
                at app//org.h2.command.Parser.getTableOrViewNotFoundDbException(Parser.java:8064)
                at app//org.h2.command.Parser.getTableOrViewNotFoundDbException(Parser.java:8035)
                at app//org.h2.command.Parser.readTableOrView(Parser.java:8024)
                at app//org.h2.command.Parser.readTablePrimary(Parser.java:1788)
                at app//org.h2.command.Parser.readTableReference(Parser.java:2268)
                at app//org.h2.command.Parser.parseSelectFromPart(Parser.java:2718)
                at app//org.h2.command.Parser.parseSelect(Parser.java:2824)
                at app//org.h2.command.Parser.parseQueryPrimary(Parser.java:2708)
                at app//org.h2.command.Parser.parseQueryTerm(Parser.java:2564)
                at app//org.h2.command.Parser.parseQueryExpressionBody(Parser.java:2543)
                at app//org.h2.command.Parser.parseQueryExpressionBodyAndEndOfQuery(Parser.java:2536)
                at app//org.h2.command.Parser.parseQueryExpression(Parser.java:2529)
                at app//org.h2.command.Parser.parseQuery(Parser.java:2498)
                at app//org.h2.command.Parser.parsePrepared(Parser.java:627)
                at app//org.h2.command.Parser.parse(Parser.java:592)
                at app//org.h2.command.Parser.parse(Parser.java:564)
                at app//org.h2.command.Parser.prepareCommand(Parser.java:483)
                at app//org.h2.engine.SessionLocal.prepareLocal(SessionLocal.java:639)
                at app//org.h2.engine.SessionLocal.prepareCommand(SessionLocal.java:559)
                at app//org.h2.jdbc.JdbcConnection.prepareCommand(JdbcConnection.java:1166)
                at app//org.h2.jdbc.JdbcPreparedStatement.<init>(JdbcPreparedStatement.java:93)
                at app//org.h2.jdbc.JdbcConnection.prepareStatement(JdbcConnection.java:316)
                at app//com.zaxxer.hikari.pool.ProxyConnection.prepareStatement(ProxyConnection.java:327)
                at app//com.zaxxer.hikari.pool.HikariProxyConnection.prepareStatement(HikariProxyConnection.java)
                at app//org.hibernate.engine.jdbc.internal.StatementPreparerImpl$5.doPrepare(StatementPreparerImpl.java:153)
                at app//org.hibernate.engine.jdbc.internal.StatementPreparerImpl$StatementPreparationTemplate.prepareStatement(StatementPreparerImpl.java:183)
                ... 50 more

AuthenticationServiceTest > verifyEmail_WithValidToken_ShouldUpdateUser() STANDARD_OUT
    2025-04-06T08:34:47.385-07:00 DEBUG 44469 --- [    Test worker] org.hibernate.SQL                        : 
        select
            u1_0."id",
            u1_0."created_at",
            u1_0."display_name",
            u1_0."email",
            u1_0."email_verified",
            u1_0."first_name",
            u1_0."mobile_number",
            u1_0."password_hash",
            u1_0."remember_me_token",
            u1_0."updated_at",
            u1_0."user_address",
            u1_0."year_of_birth" 
        from
            "users" u1_0
    Hibernate: 
        select
            u1_0."id",
            u1_0."created_at",
            u1_0."display_name",
            u1_0."email",
            u1_0."email_verified",
            u1_0."first_name",
            u1_0."mobile_number",
            u1_0."password_hash",
            u1_0."remember_me_token",
            u1_0."updated_at",
            u1_0."user_address",
            u1_0."year_of_birth" 
        from
            "users" u1_0
    2025-04-06T08:34:47.386-07:00 DEBUG 44469 --- [    Test worker] org.hibernate.SQL                        : 
        select
            la1_0."id",
            la1_0."attempt_time",
            la1_0."email",
            la1_0."ip_address" 
        from
            "login_attempts" la1_0
    Hibernate: 
        select
            la1_0."id",
            la1_0."attempt_time",
            la1_0."email",
            la1_0."ip_address" 
        from
            "login_attempts" la1_0
    2025-04-06T08:34:47.386-07:00  WARN 44469 --- [    Test worker] o.h.engine.jdbc.spi.SqlExceptionHelper   : SQL Error: 42102, SQLState: 42S02
    2025-04-06T08:34:47.386-07:00 ERROR 44469 --- [    Test worker] o.h.engine.jdbc.spi.SqlExceptionHelper   : Table "login_attempts" not found; SQL statement:
    select la1_0."id",la1_0."attempt_time",la1_0."email",la1_0."ip_address" from "login_attempts" la1_0 [42102-224]

AuthenticationServiceTest > verifyEmail_WithValidToken_ShouldUpdateUser() FAILED
    org.springframework.dao.InvalidDataAccessResourceUsageException: could not prepare statement [Table "login_attempts" not found; SQL statement:
    select la1_0."id",la1_0."attempt_time",la1_0."email",la1_0."ip_address" from "login_attempts" la1_0 [42102-224]] [select la1_0."id",la1_0."attempt_time",la1_0."email",la1_0."ip_address" from "login_attempts" la1_0]; SQL [select la1_0."id",la1_0."attempt_time",la1_0."email",la1_0."ip_address" from "login_attempts" la1_0]
        at app//org.springframework.orm.jpa.vendor.HibernateJpaDialect.convertHibernateAccessException(HibernateJpaDialect.java:277)
        at app//org.springframework.orm.jpa.vendor.HibernateJpaDialect.translateExceptionIfPossible(HibernateJpaDialect.java:241)
        at app//org.springframework.orm.jpa.AbstractEntityManagerFactoryBean.translateExceptionIfPossible(AbstractEntityManagerFactoryBean.java:550)
        at app//org.springframework.dao.support.ChainedPersistenceExceptionTranslator.translateExceptionIfPossible(ChainedPersistenceExceptionTranslator.java:61)
        at app//org.springframework.dao.support.DataAccessUtils.translateIfNecessary(DataAccessUtils.java:335)
        at app//org.springframework.dao.support.PersistenceExceptionTranslationInterceptor.invoke(PersistenceExceptionTranslationInterceptor.java:152)
        at app//org.springframework.aop.framework.ReflectiveMethodInvocation.proceed(ReflectiveMethodInvocation.java:184)
        at app//org.springframework.data.jpa.repository.support.CrudMethodMetadataPostProcessor$CrudMethodMetadataPopulatingMethodInterceptor.invoke(CrudMethodMetadataPostProcessor.java:164)
        at app//org.springframework.aop.framework.ReflectiveMethodInvocation.proceed(ReflectiveMethodInvocation.java:184)
        at app//org.springframework.aop.interceptor.ExposeInvocationInterceptor.invoke(ExposeInvocationInterceptor.java:97)
        at app//org.springframework.aop.framework.ReflectiveMethodInvocation.proceed(ReflectiveMethodInvocation.java:184)
        at app//org.springframework.aop.framework.JdkDynamicAopProxy.invoke(JdkDynamicAopProxy.java:220)
        at app/jdk.proxy3/jdk.proxy3.$Proxy140.deleteAll(Unknown Source)
        at app//com.heartrate.service.AuthenticationServiceTest.setUp(AuthenticationServiceTest.java:63)

        Caused by:
        org.hibernate.exception.SQLGrammarException: could not prepare statement [Table "login_attempts" not found; SQL statement:
        select la1_0."id",la1_0."attempt_time",la1_0."email",la1_0."ip_address" from "login_attempts" la1_0 [42102-224]] [select la1_0."id",la1_0."attempt_time",la1_0."email",la1_0."ip_address" from "login_attempts" la1_0]
            at app//org.hibernate.exception.internal.SQLExceptionTypeDelegate.convert(SQLExceptionTypeDelegate.java:66)
            at app//org.hibernate.exception.internal.StandardSQLExceptionConverter.convert(StandardSQLExceptionConverter.java:58)
            at app//org.hibernate.engine.jdbc.spi.SqlExceptionHelper.convert(SqlExceptionHelper.java:108)
            at app//org.hibernate.engine.jdbc.internal.StatementPreparerImpl$StatementPreparationTemplate.prepareStatement(StatementPreparerImpl.java:194)
            at app//org.hibernate.engine.jdbc.internal.StatementPreparerImpl.prepareQueryStatement(StatementPreparerImpl.java:155)
            at app//org.hibernate.sql.exec.spi.JdbcSelectExecutor.lambda$list$0(JdbcSelectExecutor.java:85)
            at app//org.hibernate.sql.results.jdbc.internal.DeferredResultSetAccess.executeQuery(DeferredResultSetAccess.java:231)
            at app//org.hibernate.sql.results.jdbc.internal.DeferredResultSetAccess.getResultSet(DeferredResultSetAccess.java:167)
            at app//org.hibernate.sql.results.jdbc.internal.JdbcValuesResultSetImpl.advanceNext(JdbcValuesResultSetImpl.java:218)
            at app//org.hibernate.sql.results.jdbc.internal.JdbcValuesResultSetImpl.processNext(JdbcValuesResultSetImpl.java:98)
            at app//org.hibernate.sql.results.jdbc.internal.AbstractJdbcValues.next(AbstractJdbcValues.java:19)
            at app//org.hibernate.sql.results.internal.RowProcessingStateStandardImpl.next(RowProcessingStateStandardImpl.java:66)
            at app//org.hibernate.sql.results.spi.ListResultsConsumer.consume(ListResultsConsumer.java:202)
            at app//org.hibernate.sql.results.spi.ListResultsConsumer.consume(ListResultsConsumer.java:33)
            at app//org.hibernate.sql.exec.internal.JdbcSelectExecutorStandardImpl.doExecuteQuery(JdbcSelectExecutorStandardImpl.java:209)
            at app//org.hibernate.sql.exec.internal.JdbcSelectExecutorStandardImpl.executeQuery(JdbcSelectExecutorStandardImpl.java:83)
            at app//org.hibernate.sql.exec.spi.JdbcSelectExecutor.list(JdbcSelectExecutor.java:76)
            at app//org.hibernate.sql.exec.spi.JdbcSelectExecutor.list(JdbcSelectExecutor.java:65)
            at app//org.hibernate.query.sqm.internal.ConcreteSqmSelectQueryPlan.lambda$new$2(ConcreteSqmSelectQueryPlan.java:137)
            at app//org.hibernate.query.sqm.internal.ConcreteSqmSelectQueryPlan.withCacheableSqmInterpretation(ConcreteSqmSelectQueryPlan.java:362)
            at app//org.hibernate.query.sqm.internal.ConcreteSqmSelectQueryPlan.performList(ConcreteSqmSelectQueryPlan.java:303)
            at app//org.hibernate.query.sqm.internal.QuerySqmImpl.doList(QuerySqmImpl.java:509)
            at app//org.hibernate.query.spi.AbstractSelectionQuery.list(AbstractSelectionQuery.java:427)
            at app//org.hibernate.query.Query.getResultList(Query.java:120)
            at app//org.springframework.data.jpa.repository.support.SimpleJpaRepository.findAll(SimpleJpaRepository.java:383)
            at app//org.springframework.data.jpa.repository.support.SimpleJpaRepository.deleteAll(SimpleJpaRepository.java:283)
            at java.base@21.0.2/jdk.internal.reflect.DirectMethodHandleAccessor.invoke(DirectMethodHandleAccessor.java:103)
            at java.base@21.0.2/java.lang.reflect.Method.invoke(Method.java:580)
            at app//org.springframework.aop.support.AopUtils.invokeJoinpointUsingReflection(AopUtils.java:351)
            at app//org.springframework.data.repository.core.support.RepositoryMethodInvoker$RepositoryFragmentMethodInvoker.lambda$new$0(RepositoryMethodInvoker.java:277)
            at app//org.springframework.data.repository.core.support.RepositoryMethodInvoker.doInvoke(RepositoryMethodInvoker.java:170)
            at app//org.springframework.data.repository.core.support.RepositoryMethodInvoker.invoke(RepositoryMethodInvoker.java:158)
            at app//org.springframework.data.repository.core.support.RepositoryComposition$RepositoryFragments.invoke(RepositoryComposition.java:516)
            at app//org.springframework.data.repository.core.support.RepositoryComposition.invoke(RepositoryComposition.java:285)
            at app//org.springframework.data.repository.core.support.RepositoryFactorySupport$ImplementationMethodExecutionInterceptor.invoke(RepositoryFactorySupport.java:628)
            at app//org.springframework.aop.framework.ReflectiveMethodInvocation.proceed(ReflectiveMethodInvocation.java:184)
            at app//org.springframework.data.repository.core.support.QueryExecutorMethodInterceptor.doInvoke(QueryExecutorMethodInterceptor.java:168)
            at app//org.springframework.data.repository.core.support.QueryExecutorMethodInterceptor.invoke(QueryExecutorMethodInterceptor.java:143)
            at app//org.springframework.aop.framework.ReflectiveMethodInvocation.proceed(ReflectiveMethodInvocation.java:184)
            at app//org.springframework.data.projection.DefaultMethodInvokingMethodInterceptor.invoke(DefaultMethodInvokingMethodInterceptor.java:70)
            at app//org.springframework.aop.framework.ReflectiveMethodInvocation.proceed(ReflectiveMethodInvocation.java:184)
            at app//org.springframework.transaction.interceptor.TransactionInterceptor$1.proceedWithInvocation(TransactionInterceptor.java:123)
            at app//org.springframework.transaction.interceptor.TransactionAspectSupport.invokeWithinTransaction(TransactionAspectSupport.java:385)
            at app//org.springframework.transaction.interceptor.TransactionInterceptor.invoke(TransactionInterceptor.java:119)
            at app//org.springframework.aop.framework.ReflectiveMethodInvocation.proceed(ReflectiveMethodInvocation.java:184)
            at app//org.springframework.dao.support.PersistenceExceptionTranslationInterceptor.invoke(PersistenceExceptionTranslationInterceptor.java:137)
            ... 8 more

            Caused by:
            org.h2.jdbc.JdbcSQLSyntaxErrorException: Table "login_attempts" not found; SQL statement:
            select la1_0."id",la1_0."attempt_time",la1_0."email",la1_0."ip_address" from "login_attempts" la1_0 [42102-224]
                at app//org.h2.message.DbException.getJdbcSQLException(DbException.java:514)
                at app//org.h2.message.DbException.getJdbcSQLException(DbException.java:489)
                at app//org.h2.message.DbException.get(DbException.java:223)
                at app//org.h2.message.DbException.get(DbException.java:199)
                at app//org.h2.command.Parser.getTableOrViewNotFoundDbException(Parser.java:8064)
                at app//org.h2.command.Parser.getTableOrViewNotFoundDbException(Parser.java:8035)
                at app//org.h2.command.Parser.readTableOrView(Parser.java:8024)
                at app//org.h2.command.Parser.readTablePrimary(Parser.java:1788)
                at app//org.h2.command.Parser.readTableReference(Parser.java:2268)
                at app//org.h2.command.Parser.parseSelectFromPart(Parser.java:2718)
                at app//org.h2.command.Parser.parseSelect(Parser.java:2824)
                at app//org.h2.command.Parser.parseQueryPrimary(Parser.java:2708)
                at app//org.h2.command.Parser.parseQueryTerm(Parser.java:2564)
                at app//org.h2.command.Parser.parseQueryExpressionBody(Parser.java:2543)
                at app//org.h2.command.Parser.parseQueryExpressionBodyAndEndOfQuery(Parser.java:2536)
                at app//org.h2.command.Parser.parseQueryExpression(Parser.java:2529)
                at app//org.h2.command.Parser.parseQuery(Parser.java:2498)
                at app//org.h2.command.Parser.parsePrepared(Parser.java:627)
                at app//org.h2.command.Parser.parse(Parser.java:592)
                at app//org.h2.command.Parser.parse(Parser.java:564)
                at app//org.h2.command.Parser.prepareCommand(Parser.java:483)
                at app//org.h2.engine.SessionLocal.prepareLocal(SessionLocal.java:639)
                at app//org.h2.engine.SessionLocal.prepareCommand(SessionLocal.java:559)
                at app//org.h2.jdbc.JdbcConnection.prepareCommand(JdbcConnection.java:1166)
                at app//org.h2.jdbc.JdbcPreparedStatement.<init>(JdbcPreparedStatement.java:93)
                at app//org.h2.jdbc.JdbcConnection.prepareStatement(JdbcConnection.java:316)
                at app//com.zaxxer.hikari.pool.ProxyConnection.prepareStatement(ProxyConnection.java:327)
                at app//com.zaxxer.hikari.pool.HikariProxyConnection.prepareStatement(HikariProxyConnection.java)
                at app//org.hibernate.engine.jdbc.internal.StatementPreparerImpl$5.doPrepare(StatementPreparerImpl.java:153)
                at app//org.hibernate.engine.jdbc.internal.StatementPreparerImpl$StatementPreparationTemplate.prepareStatement(StatementPreparerImpl.java:183)
                ... 50 more

AuthenticationServiceTest > login_WithInvalidCredentials_ShouldThrowException() STANDARD_OUT
    2025-04-06T08:34:47.388-07:00 DEBUG 44469 --- [    Test worker] org.hibernate.SQL                        : 
        select
            u1_0."id",
            u1_0."created_at",
            u1_0."display_name",
            u1_0."email",
            u1_0."email_verified",
            u1_0."first_name",
            u1_0."mobile_number",
            u1_0."password_hash",
            u1_0."remember_me_token",
            u1_0."updated_at",
            u1_0."user_address",
            u1_0."year_of_birth" 
        from
            "users" u1_0
    Hibernate: 
        select
            u1_0."id",
            u1_0."created_at",
            u1_0."display_name",
            u1_0."email",
            u1_0."email_verified",
            u1_0."first_name",
            u1_0."mobile_number",
            u1_0."password_hash",
            u1_0."remember_me_token",
            u1_0."updated_at",
            u1_0."user_address",
            u1_0."year_of_birth" 
        from
            "users" u1_0
    2025-04-06T08:34:47.389-07:00 DEBUG 44469 --- [    Test worker] org.hibernate.SQL                        : 
        select
            la1_0."id",
            la1_0."attempt_time",
            la1_0."email",
            la1_0."ip_address" 
        from
            "login_attempts" la1_0
    Hibernate: 
        select
            la1_0."id",
            la1_0."attempt_time",
            la1_0."email",
            la1_0."ip_address" 
        from
            "login_attempts" la1_0
    2025-04-06T08:34:47.389-07:00  WARN 44469 --- [    Test worker] o.h.engine.jdbc.spi.SqlExceptionHelper   : SQL Error: 42102, SQLState: 42S02
    2025-04-06T08:34:47.389-07:00 ERROR 44469 --- [    Test worker] o.h.engine.jdbc.spi.SqlExceptionHelper   : Table "login_attempts" not found; SQL statement:
    select la1_0."id",la1_0."attempt_time",la1_0."email",la1_0."ip_address" from "login_attempts" la1_0 [42102-224]

AuthenticationServiceTest > login_WithInvalidCredentials_ShouldThrowException() FAILED
    org.springframework.dao.InvalidDataAccessResourceUsageException: could not prepare statement [Table "login_attempts" not found; SQL statement:
    select la1_0."id",la1_0."attempt_time",la1_0."email",la1_0."ip_address" from "login_attempts" la1_0 [42102-224]] [select la1_0."id",la1_0."attempt_time",la1_0."email",la1_0."ip_address" from "login_attempts" la1_0]; SQL [select la1_0."id",la1_0."attempt_time",la1_0."email",la1_0."ip_address" from "login_attempts" la1_0]
        at app//org.springframework.orm.jpa.vendor.HibernateJpaDialect.convertHibernateAccessException(HibernateJpaDialect.java:277)
        at app//org.springframework.orm.jpa.vendor.HibernateJpaDialect.translateExceptionIfPossible(HibernateJpaDialect.java:241)
        at app//org.springframework.orm.jpa.AbstractEntityManagerFactoryBean.translateExceptionIfPossible(AbstractEntityManagerFactoryBean.java:550)
        at app//org.springframework.dao.support.ChainedPersistenceExceptionTranslator.translateExceptionIfPossible(ChainedPersistenceExceptionTranslator.java:61)
        at app//org.springframework.dao.support.DataAccessUtils.translateIfNecessary(DataAccessUtils.java:335)
        at app//org.springframework.dao.support.PersistenceExceptionTranslationInterceptor.invoke(PersistenceExceptionTranslationInterceptor.java:152)
        at app//org.springframework.aop.framework.ReflectiveMethodInvocation.proceed(ReflectiveMethodInvocation.java:184)
        at app//org.springframework.data.jpa.repository.support.CrudMethodMetadataPostProcessor$CrudMethodMetadataPopulatingMethodInterceptor.invoke(CrudMethodMetadataPostProcessor.java:164)
        at app//org.springframework.aop.framework.ReflectiveMethodInvocation.proceed(ReflectiveMethodInvocation.java:184)
        at app//org.springframework.aop.interceptor.ExposeInvocationInterceptor.invoke(ExposeInvocationInterceptor.java:97)
        at app//org.springframework.aop.framework.ReflectiveMethodInvocation.proceed(ReflectiveMethodInvocation.java:184)
        at app//org.springframework.aop.framework.JdkDynamicAopProxy.invoke(JdkDynamicAopProxy.java:220)
        at app/jdk.proxy3/jdk.proxy3.$Proxy140.deleteAll(Unknown Source)
        at app//com.heartrate.service.AuthenticationServiceTest.setUp(AuthenticationServiceTest.java:63)

        Caused by:
        org.hibernate.exception.SQLGrammarException: could not prepare statement [Table "login_attempts" not found; SQL statement:
        select la1_0."id",la1_0."attempt_time",la1_0."email",la1_0."ip_address" from "login_attempts" la1_0 [42102-224]] [select la1_0."id",la1_0."attempt_time",la1_0."email",la1_0."ip_address" from "login_attempts" la1_0]
            at app//org.hibernate.exception.internal.SQLExceptionTypeDelegate.convert(SQLExceptionTypeDelegate.java:66)
            at app//org.hibernate.exception.internal.StandardSQLExceptionConverter.convert(StandardSQLExceptionConverter.java:58)
            at app//org.hibernate.engine.jdbc.spi.SqlExceptionHelper.convert(SqlExceptionHelper.java:108)
            at app//org.hibernate.engine.jdbc.internal.StatementPreparerImpl$StatementPreparationTemplate.prepareStatement(StatementPreparerImpl.java:194)
            at app//org.hibernate.engine.jdbc.internal.StatementPreparerImpl.prepareQueryStatement(StatementPreparerImpl.java:155)
            at app//org.hibernate.sql.exec.spi.JdbcSelectExecutor.lambda$list$0(JdbcSelectExecutor.java:85)
            at app//org.hibernate.sql.results.jdbc.internal.DeferredResultSetAccess.executeQuery(DeferredResultSetAccess.java:231)
            at app//org.hibernate.sql.results.jdbc.internal.DeferredResultSetAccess.getResultSet(DeferredResultSetAccess.java:167)
            at app//org.hibernate.sql.results.jdbc.internal.JdbcValuesResultSetImpl.advanceNext(JdbcValuesResultSetImpl.java:218)
            at app//org.hibernate.sql.results.jdbc.internal.JdbcValuesResultSetImpl.processNext(JdbcValuesResultSetImpl.java:98)
            at app//org.hibernate.sql.results.jdbc.internal.AbstractJdbcValues.next(AbstractJdbcValues.java:19)
            at app//org.hibernate.sql.results.internal.RowProcessingStateStandardImpl.next(RowProcessingStateStandardImpl.java:66)
            at app//org.hibernate.sql.results.spi.ListResultsConsumer.consume(ListResultsConsumer.java:202)
            at app//org.hibernate.sql.results.spi.ListResultsConsumer.consume(ListResultsConsumer.java:33)
            at app//org.hibernate.sql.exec.internal.JdbcSelectExecutorStandardImpl.doExecuteQuery(JdbcSelectExecutorStandardImpl.java:209)
            at app//org.hibernate.sql.exec.internal.JdbcSelectExecutorStandardImpl.executeQuery(JdbcSelectExecutorStandardImpl.java:83)
            at app//org.hibernate.sql.exec.spi.JdbcSelectExecutor.list(JdbcSelectExecutor.java:76)
            at app//org.hibernate.sql.exec.spi.JdbcSelectExecutor.list(JdbcSelectExecutor.java:65)
            at app//org.hibernate.query.sqm.internal.ConcreteSqmSelectQueryPlan.lambda$new$2(ConcreteSqmSelectQueryPlan.java:137)
            at app//org.hibernate.query.sqm.internal.ConcreteSqmSelectQueryPlan.withCacheableSqmInterpretation(ConcreteSqmSelectQueryPlan.java:362)
            at app//org.hibernate.query.sqm.internal.ConcreteSqmSelectQueryPlan.performList(ConcreteSqmSelectQueryPlan.java:303)
            at app//org.hibernate.query.sqm.internal.QuerySqmImpl.doList(QuerySqmImpl.java:509)
            at app//org.hibernate.query.spi.AbstractSelectionQuery.list(AbstractSelectionQuery.java:427)
            at app//org.hibernate.query.Query.getResultList(Query.java:120)
            at app//org.springframework.data.jpa.repository.support.SimpleJpaRepository.findAll(SimpleJpaRepository.java:383)
            at app//org.springframework.data.jpa.repository.support.SimpleJpaRepository.deleteAll(SimpleJpaRepository.java:283)
            at java.base@21.0.2/jdk.internal.reflect.DirectMethodHandleAccessor.invoke(DirectMethodHandleAccessor.java:103)
            at java.base@21.0.2/java.lang.reflect.Method.invoke(Method.java:580)
            at app//org.springframework.aop.support.AopUtils.invokeJoinpointUsingReflection(AopUtils.java:351)
            at app//org.springframework.data.repository.core.support.RepositoryMethodInvoker$RepositoryFragmentMethodInvoker.lambda$new$0(RepositoryMethodInvoker.java:277)
            at app//org.springframework.data.repository.core.support.RepositoryMethodInvoker.doInvoke(RepositoryMethodInvoker.java:170)
            at app//org.springframework.data.repository.core.support.RepositoryMethodInvoker.invoke(RepositoryMethodInvoker.java:158)
            at app//org.springframework.data.repository.core.support.RepositoryComposition$RepositoryFragments.invoke(RepositoryComposition.java:516)
            at app//org.springframework.data.repository.core.support.RepositoryComposition.invoke(RepositoryComposition.java:285)
            at app//org.springframework.data.repository.core.support.RepositoryFactorySupport$ImplementationMethodExecutionInterceptor.invoke(RepositoryFactorySupport.java:628)
            at app//org.springframework.aop.framework.ReflectiveMethodInvocation.proceed(ReflectiveMethodInvocation.java:184)
            at app//org.springframework.data.repository.core.support.QueryExecutorMethodInterceptor.doInvoke(QueryExecutorMethodInterceptor.java:168)
            at app//org.springframework.data.repository.core.support.QueryExecutorMethodInterceptor.invoke(QueryExecutorMethodInterceptor.java:143)
            at app//org.springframework.aop.framework.ReflectiveMethodInvocation.proceed(ReflectiveMethodInvocation.java:184)
            at app//org.springframework.data.projection.DefaultMethodInvokingMethodInterceptor.invoke(DefaultMethodInvokingMethodInterceptor.java:70)
            at app//org.springframework.aop.framework.ReflectiveMethodInvocation.proceed(ReflectiveMethodInvocation.java:184)
            at app//org.springframework.transaction.interceptor.TransactionInterceptor$1.proceedWithInvocation(TransactionInterceptor.java:123)
            at app//org.springframework.transaction.interceptor.TransactionAspectSupport.invokeWithinTransaction(TransactionAspectSupport.java:385)
            at app//org.springframework.transaction.interceptor.TransactionInterceptor.invoke(TransactionInterceptor.java:119)
            at app//org.springframework.aop.framework.ReflectiveMethodInvocation.proceed(ReflectiveMethodInvocation.java:184)
            at app//org.springframework.dao.support.PersistenceExceptionTranslationInterceptor.invoke(PersistenceExceptionTranslationInterceptor.java:137)
            ... 8 more

            Caused by:
            org.h2.jdbc.JdbcSQLSyntaxErrorException: Table "login_attempts" not found; SQL statement:
            select la1_0."id",la1_0."attempt_time",la1_0."email",la1_0."ip_address" from "login_attempts" la1_0 [42102-224]
                at app//org.h2.message.DbException.getJdbcSQLException(DbException.java:514)
                at app//org.h2.message.DbException.getJdbcSQLException(DbException.java:489)
                at app//org.h2.message.DbException.get(DbException.java:223)
                at app//org.h2.message.DbException.get(DbException.java:199)
                at app//org.h2.command.Parser.getTableOrViewNotFoundDbException(Parser.java:8064)
                at app//org.h2.command.Parser.getTableOrViewNotFoundDbException(Parser.java:8035)
                at app//org.h2.command.Parser.readTableOrView(Parser.java:8024)
                at app//org.h2.command.Parser.readTablePrimary(Parser.java:1788)
                at app//org.h2.command.Parser.readTableReference(Parser.java:2268)
                at app//org.h2.command.Parser.parseSelectFromPart(Parser.java:2718)
                at app//org.h2.command.Parser.parseSelect(Parser.java:2824)
                at app//org.h2.command.Parser.parseQueryPrimary(Parser.java:2708)
                at app//org.h2.command.Parser.parseQueryTerm(Parser.java:2564)
                at app//org.h2.command.Parser.parseQueryExpressionBody(Parser.java:2543)
                at app//org.h2.command.Parser.parseQueryExpressionBodyAndEndOfQuery(Parser.java:2536)
                at app//org.h2.command.Parser.parseQueryExpression(Parser.java:2529)
                at app//org.h2.command.Parser.parseQuery(Parser.java:2498)
                at app//org.h2.command.Parser.parsePrepared(Parser.java:627)
                at app//org.h2.command.Parser.parse(Parser.java:592)
                at app//org.h2.command.Parser.parse(Parser.java:564)
                at app//org.h2.command.Parser.prepareCommand(Parser.java:483)
                at app//org.h2.engine.SessionLocal.prepareLocal(SessionLocal.java:639)
                at app//org.h2.engine.SessionLocal.prepareCommand(SessionLocal.java:559)
                at app//org.h2.jdbc.JdbcConnection.prepareCommand(JdbcConnection.java:1166)
                at app//org.h2.jdbc.JdbcPreparedStatement.<init>(JdbcPreparedStatement.java:93)
                at app//org.h2.jdbc.JdbcConnection.prepareStatement(JdbcConnection.java:316)
                at app//com.zaxxer.hikari.pool.ProxyConnection.prepareStatement(ProxyConnection.java:327)
                at app//com.zaxxer.hikari.pool.HikariProxyConnection.prepareStatement(HikariProxyConnection.java)
                at app//org.hibernate.engine.jdbc.internal.StatementPreparerImpl$5.doPrepare(StatementPreparerImpl.java:153)
                at app//org.hibernate.engine.jdbc.internal.StatementPreparerImpl$StatementPreparationTemplate.prepareStatement(StatementPreparerImpl.java:183)
                ... 50 more

AuthenticationServiceTest > registerUser_WithValidRequest_ShouldCreateUser() STANDARD_OUT
    2025-04-06T08:34:47.392-07:00 DEBUG 44469 --- [    Test worker] org.hibernate.SQL                        : 
        select
            u1_0."id",
            u1_0."created_at",
            u1_0."display_name",
            u1_0."email",
            u1_0."email_verified",
            u1_0."first_name",
            u1_0."mobile_number",
            u1_0."password_hash",
            u1_0."remember_me_token",
            u1_0."updated_at",
            u1_0."user_address",
            u1_0."year_of_birth" 
        from
            "users" u1_0
    Hibernate: 
        select
            u1_0."id",
            u1_0."created_at",
            u1_0."display_name",
            u1_0."email",
            u1_0."email_verified",
            u1_0."first_name",
            u1_0."mobile_number",
            u1_0."password_hash",
            u1_0."remember_me_token",
            u1_0."updated_at",
            u1_0."user_address",
            u1_0."year_of_birth" 
        from
            "users" u1_0
    2025-04-06T08:34:47.393-07:00 DEBUG 44469 --- [    Test worker] org.hibernate.SQL                        : 
        select
            la1_0."id",
            la1_0."attempt_time",
            la1_0."email",
            la1_0."ip_address" 
        from
            "login_attempts" la1_0
    Hibernate: 
        select
            la1_0."id",
            la1_0."attempt_time",
            la1_0."email",
            la1_0."ip_address" 
        from
            "login_attempts" la1_0
    2025-04-06T08:34:47.393-07:00  WARN 44469 --- [    Test worker] o.h.engine.jdbc.spi.SqlExceptionHelper   : SQL Error: 42102, SQLState: 42S02
    2025-04-06T08:34:47.393-07:00 ERROR 44469 --- [    Test worker] o.h.engine.jdbc.spi.SqlExceptionHelper   : Table "login_attempts" not found; SQL statement:
    select la1_0."id",la1_0."attempt_time",la1_0."email",la1_0."ip_address" from "login_attempts" la1_0 [42102-224]

AuthenticationServiceTest > registerUser_WithValidRequest_ShouldCreateUser() FAILED
    org.springframework.dao.InvalidDataAccessResourceUsageException: could not prepare statement [Table "login_attempts" not found; SQL statement:
    select la1_0."id",la1_0."attempt_time",la1_0."email",la1_0."ip_address" from "login_attempts" la1_0 [42102-224]] [select la1_0."id",la1_0."attempt_time",la1_0."email",la1_0."ip_address" from "login_attempts" la1_0]; SQL [select la1_0."id",la1_0."attempt_time",la1_0."email",la1_0."ip_address" from "login_attempts" la1_0]
        at app//org.springframework.orm.jpa.vendor.HibernateJpaDialect.convertHibernateAccessException(HibernateJpaDialect.java:277)
        at app//org.springframework.orm.jpa.vendor.HibernateJpaDialect.translateExceptionIfPossible(HibernateJpaDialect.java:241)
        at app//org.springframework.orm.jpa.AbstractEntityManagerFactoryBean.translateExceptionIfPossible(AbstractEntityManagerFactoryBean.java:550)
        at app//org.springframework.dao.support.ChainedPersistenceExceptionTranslator.translateExceptionIfPossible(ChainedPersistenceExceptionTranslator.java:61)
        at app//org.springframework.dao.support.DataAccessUtils.translateIfNecessary(DataAccessUtils.java:335)
        at app//org.springframework.dao.support.PersistenceExceptionTranslationInterceptor.invoke(PersistenceExceptionTranslationInterceptor.java:152)
        at app//org.springframework.aop.framework.ReflectiveMethodInvocation.proceed(ReflectiveMethodInvocation.java:184)
        at app//org.springframework.data.jpa.repository.support.CrudMethodMetadataPostProcessor$CrudMethodMetadataPopulatingMethodInterceptor.invoke(CrudMethodMetadataPostProcessor.java:164)
        at app//org.springframework.aop.framework.ReflectiveMethodInvocation.proceed(ReflectiveMethodInvocation.java:184)
        at app//org.springframework.aop.interceptor.ExposeInvocationInterceptor.invoke(ExposeInvocationInterceptor.java:97)
        at app//org.springframework.aop.framework.ReflectiveMethodInvocation.proceed(ReflectiveMethodInvocation.java:184)
        at app//org.springframework.aop.framework.JdkDynamicAopProxy.invoke(JdkDynamicAopProxy.java:220)
        at app/jdk.proxy3/jdk.proxy3.$Proxy140.deleteAll(Unknown Source)
        at app//com.heartrate.service.AuthenticationServiceTest.setUp(AuthenticationServiceTest.java:63)

        Caused by:
        org.hibernate.exception.SQLGrammarException: could not prepare statement [Table "login_attempts" not found; SQL statement:
        select la1_0."id",la1_0."attempt_time",la1_0."email",la1_0."ip_address" from "login_attempts" la1_0 [42102-224]] [select la1_0."id",la1_0."attempt_time",la1_0."email",la1_0."ip_address" from "login_attempts" la1_0]
            at app//org.hibernate.exception.internal.SQLExceptionTypeDelegate.convert(SQLExceptionTypeDelegate.java:66)
            at app//org.hibernate.exception.internal.StandardSQLExceptionConverter.convert(StandardSQLExceptionConverter.java:58)
            at app//org.hibernate.engine.jdbc.spi.SqlExceptionHelper.convert(SqlExceptionHelper.java:108)
            at app//org.hibernate.engine.jdbc.internal.StatementPreparerImpl$StatementPreparationTemplate.prepareStatement(StatementPreparerImpl.java:194)
            at app//org.hibernate.engine.jdbc.internal.StatementPreparerImpl.prepareQueryStatement(StatementPreparerImpl.java:155)
            at app//org.hibernate.sql.exec.spi.JdbcSelectExecutor.lambda$list$0(JdbcSelectExecutor.java:85)
            at app//org.hibernate.sql.results.jdbc.internal.DeferredResultSetAccess.executeQuery(DeferredResultSetAccess.java:231)
            at app//org.hibernate.sql.results.jdbc.internal.DeferredResultSetAccess.getResultSet(DeferredResultSetAccess.java:167)
            at app//org.hibernate.sql.results.jdbc.internal.JdbcValuesResultSetImpl.advanceNext(JdbcValuesResultSetImpl.java:218)
            at app//org.hibernate.sql.results.jdbc.internal.JdbcValuesResultSetImpl.processNext(JdbcValuesResultSetImpl.java:98)
            at app//org.hibernate.sql.results.jdbc.internal.AbstractJdbcValues.next(AbstractJdbcValues.java:19)
            at app//org.hibernate.sql.results.internal.RowProcessingStateStandardImpl.next(RowProcessingStateStandardImpl.java:66)
            at app//org.hibernate.sql.results.spi.ListResultsConsumer.consume(ListResultsConsumer.java:202)
            at app//org.hibernate.sql.results.spi.ListResultsConsumer.consume(ListResultsConsumer.java:33)
            at app//org.hibernate.sql.exec.internal.JdbcSelectExecutorStandardImpl.doExecuteQuery(JdbcSelectExecutorStandardImpl.java:209)
            at app//org.hibernate.sql.exec.internal.JdbcSelectExecutorStandardImpl.executeQuery(JdbcSelectExecutorStandardImpl.java:83)
            at app//org.hibernate.sql.exec.spi.JdbcSelectExecutor.list(JdbcSelectExecutor.java:76)
            at app//org.hibernate.sql.exec.spi.JdbcSelectExecutor.list(JdbcSelectExecutor.java:65)
            at app//org.hibernate.query.sqm.internal.ConcreteSqmSelectQueryPlan.lambda$new$2(ConcreteSqmSelectQueryPlan.java:137)
            at app//org.hibernate.query.sqm.internal.ConcreteSqmSelectQueryPlan.withCacheableSqmInterpretation(ConcreteSqmSelectQueryPlan.java:362)
            at app//org.hibernate.query.sqm.internal.ConcreteSqmSelectQueryPlan.performList(ConcreteSqmSelectQueryPlan.java:303)
            at app//org.hibernate.query.sqm.internal.QuerySqmImpl.doList(QuerySqmImpl.java:509)
            at app//org.hibernate.query.spi.AbstractSelectionQuery.list(AbstractSelectionQuery.java:427)
            at app//org.hibernate.query.Query.getResultList(Query.java:120)
            at app//org.springframework.data.jpa.repository.support.SimpleJpaRepository.findAll(SimpleJpaRepository.java:383)
            at app//org.springframework.data.jpa.repository.support.SimpleJpaRepository.deleteAll(SimpleJpaRepository.java:283)
            at java.base@21.0.2/jdk.internal.reflect.DirectMethodHandleAccessor.invoke(DirectMethodHandleAccessor.java:103)
            at java.base@21.0.2/java.lang.reflect.Method.invoke(Method.java:580)
            at app//org.springframework.aop.support.AopUtils.invokeJoinpointUsingReflection(AopUtils.java:351)
            at app//org.springframework.data.repository.core.support.RepositoryMethodInvoker$RepositoryFragmentMethodInvoker.lambda$new$0(RepositoryMethodInvoker.java:277)
            at app//org.springframework.data.repository.core.support.RepositoryMethodInvoker.doInvoke(RepositoryMethodInvoker.java:170)
            at app//org.springframework.data.repository.core.support.RepositoryMethodInvoker.invoke(RepositoryMethodInvoker.java:158)
            at app//org.springframework.data.repository.core.support.RepositoryComposition$RepositoryFragments.invoke(RepositoryComposition.java:516)
            at app//org.springframework.data.repository.core.support.RepositoryComposition.invoke(RepositoryComposition.java:285)
            at app//org.springframework.data.repository.core.support.RepositoryFactorySupport$ImplementationMethodExecutionInterceptor.invoke(RepositoryFactorySupport.java:628)
            at app//org.springframework.aop.framework.ReflectiveMethodInvocation.proceed(ReflectiveMethodInvocation.java:184)
            at app//org.springframework.data.repository.core.support.QueryExecutorMethodInterceptor.doInvoke(QueryExecutorMethodInterceptor.java:168)
            at app//org.springframework.data.repository.core.support.QueryExecutorMethodInterceptor.invoke(QueryExecutorMethodInterceptor.java:143)
            at app//org.springframework.aop.framework.ReflectiveMethodInvocation.proceed(ReflectiveMethodInvocation.java:184)
            at app//org.springframework.data.projection.DefaultMethodInvokingMethodInterceptor.invoke(DefaultMethodInvokingMethodInterceptor.java:70)
            at app//org.springframework.aop.framework.ReflectiveMethodInvocation.proceed(ReflectiveMethodInvocation.java:184)
            at app//org.springframework.transaction.interceptor.TransactionInterceptor$1.proceedWithInvocation(TransactionInterceptor.java:123)
            at app//org.springframework.transaction.interceptor.TransactionAspectSupport.invokeWithinTransaction(TransactionAspectSupport.java:385)
            at app//org.springframework.transaction.interceptor.TransactionInterceptor.invoke(TransactionInterceptor.java:119)
            at app//org.springframework.aop.framework.ReflectiveMethodInvocation.proceed(ReflectiveMethodInvocation.java:184)
            at app//org.springframework.dao.support.PersistenceExceptionTranslationInterceptor.invoke(PersistenceExceptionTranslationInterceptor.java:137)
            ... 8 more

            Caused by:
            org.h2.jdbc.JdbcSQLSyntaxErrorException: Table "login_attempts" not found; SQL statement:
            select la1_0."id",la1_0."attempt_time",la1_0."email",la1_0."ip_address" from "login_attempts" la1_0 [42102-224]
                at app//org.h2.message.DbException.getJdbcSQLException(DbException.java:514)
                at app//org.h2.message.DbException.getJdbcSQLException(DbException.java:489)
                at app//org.h2.message.DbException.get(DbException.java:223)
                at app//org.h2.message.DbException.get(DbException.java:199)
                at app//org.h2.command.Parser.getTableOrViewNotFoundDbException(Parser.java:8064)
                at app//org.h2.command.Parser.getTableOrViewNotFoundDbException(Parser.java:8035)
                at app//org.h2.command.Parser.readTableOrView(Parser.java:8024)
                at app//org.h2.command.Parser.readTablePrimary(Parser.java:1788)
                at app//org.h2.command.Parser.readTableReference(Parser.java:2268)
                at app//org.h2.command.Parser.parseSelectFromPart(Parser.java:2718)
                at app//org.h2.command.Parser.parseSelect(Parser.java:2824)
                at app//org.h2.command.Parser.parseQueryPrimary(Parser.java:2708)
                at app//org.h2.command.Parser.parseQueryTerm(Parser.java:2564)
                at app//org.h2.command.Parser.parseQueryExpressionBody(Parser.java:2543)
                at app//org.h2.command.Parser.parseQueryExpressionBodyAndEndOfQuery(Parser.java:2536)
                at app//org.h2.command.Parser.parseQueryExpression(Parser.java:2529)
                at app//org.h2.command.Parser.parseQuery(Parser.java:2498)
                at app//org.h2.command.Parser.parsePrepared(Parser.java:627)
                at app//org.h2.command.Parser.parse(Parser.java:592)
                at app//org.h2.command.Parser.parse(Parser.java:564)
                at app//org.h2.command.Parser.prepareCommand(Parser.java:483)
                at app//org.h2.engine.SessionLocal.prepareLocal(SessionLocal.java:639)
                at app//org.h2.engine.SessionLocal.prepareCommand(SessionLocal.java:559)
                at app//org.h2.jdbc.JdbcConnection.prepareCommand(JdbcConnection.java:1166)
                at app//org.h2.jdbc.JdbcPreparedStatement.<init>(JdbcPreparedStatement.java:93)
                at app//org.h2.jdbc.JdbcConnection.prepareStatement(JdbcConnection.java:316)
                at app//com.zaxxer.hikari.pool.ProxyConnection.prepareStatement(ProxyConnection.java:327)
                at app//com.zaxxer.hikari.pool.HikariProxyConnection.prepareStatement(HikariProxyConnection.java)
                at app//org.hibernate.engine.jdbc.internal.StatementPreparerImpl$5.doPrepare(StatementPreparerImpl.java:153)
                at app//org.hibernate.engine.jdbc.internal.StatementPreparerImpl$StatementPreparationTemplate.prepareStatement(StatementPreparerImpl.java:183)
                ... 50 more

AuthenticationServiceTest > registerUser_WithExistingEmail_ShouldThrowException() STANDARD_OUT
    2025-04-06T08:34:47.396-07:00 DEBUG 44469 --- [    Test worker] org.hibernate.SQL                        : 
        select
            u1_0."id",
            u1_0."created_at",
            u1_0."display_name",
            u1_0."email",
            u1_0."email_verified",
            u1_0."first_name",
            u1_0."mobile_number",
            u1_0."password_hash",
            u1_0."remember_me_token",
            u1_0."updated_at",
            u1_0."user_address",
            u1_0."year_of_birth" 
        from
            "users" u1_0
    Hibernate: 
        select
            u1_0."id",
            u1_0."created_at",
            u1_0."display_name",
            u1_0."email",
            u1_0."email_verified",
            u1_0."first_name",
            u1_0."mobile_number",
            u1_0."password_hash",
            u1_0."remember_me_token",
            u1_0."updated_at",
            u1_0."user_address",
            u1_0."year_of_birth" 
        from
            "users" u1_0
    2025-04-06T08:34:47.397-07:00 DEBUG 44469 --- [    Test worker] org.hibernate.SQL                        : 
        select
            la1_0."id",
            la1_0."attempt_time",
            la1_0."email",
            la1_0."ip_address" 
        from
            "login_attempts" la1_0
    Hibernate: 
        select
            la1_0."id",
            la1_0."attempt_time",
            la1_0."email",
            la1_0."ip_address" 
        from
            "login_attempts" la1_0
    2025-04-06T08:34:47.397-07:00  WARN 44469 --- [    Test worker] o.h.engine.jdbc.spi.SqlExceptionHelper   : SQL Error: 42102, SQLState: 42S02
    2025-04-06T08:34:47.397-07:00 ERROR 44469 --- [    Test worker] o.h.engine.jdbc.spi.SqlExceptionHelper   : Table "login_attempts" not found; SQL statement:
    select la1_0."id",la1_0."attempt_time",la1_0."email",la1_0."ip_address" from "login_attempts" la1_0 [42102-224]

AuthenticationServiceTest > registerUser_WithExistingEmail_ShouldThrowException() FAILED
    org.springframework.dao.InvalidDataAccessResourceUsageException: could not prepare statement [Table "login_attempts" not found; SQL statement:
    select la1_0."id",la1_0."attempt_time",la1_0."email",la1_0."ip_address" from "login_attempts" la1_0 [42102-224]] [select la1_0."id",la1_0."attempt_time",la1_0."email",la1_0."ip_address" from "login_attempts" la1_0]; SQL [select la1_0."id",la1_0."attempt_time",la1_0."email",la1_0."ip_address" from "login_attempts" la1_0]
        at app//org.springframework.orm.jpa.vendor.HibernateJpaDialect.convertHibernateAccessException(HibernateJpaDialect.java:277)
        at app//org.springframework.orm.jpa.vendor.HibernateJpaDialect.translateExceptionIfPossible(HibernateJpaDialect.java:241)
        at app//org.springframework.orm.jpa.AbstractEntityManagerFactoryBean.translateExceptionIfPossible(AbstractEntityManagerFactoryBean.java:550)
        at app//org.springframework.dao.support.ChainedPersistenceExceptionTranslator.translateExceptionIfPossible(ChainedPersistenceExceptionTranslator.java:61)
        at app//org.springframework.dao.support.DataAccessUtils.translateIfNecessary(DataAccessUtils.java:335)
        at app//org.springframework.dao.support.PersistenceExceptionTranslationInterceptor.invoke(PersistenceExceptionTranslationInterceptor.java:152)
        at app//org.springframework.aop.framework.ReflectiveMethodInvocation.proceed(ReflectiveMethodInvocation.java:184)
        at app//org.springframework.data.jpa.repository.support.CrudMethodMetadataPostProcessor$CrudMethodMetadataPopulatingMethodInterceptor.invoke(CrudMethodMetadataPostProcessor.java:164)
        at app//org.springframework.aop.framework.ReflectiveMethodInvocation.proceed(ReflectiveMethodInvocation.java:184)
        at app//org.springframework.aop.interceptor.ExposeInvocationInterceptor.invoke(ExposeInvocationInterceptor.java:97)
        at app//org.springframework.aop.framework.ReflectiveMethodInvocation.proceed(ReflectiveMethodInvocation.java:184)
        at app//org.springframework.aop.framework.JdkDynamicAopProxy.invoke(JdkDynamicAopProxy.java:220)
        at app/jdk.proxy3/jdk.proxy3.$Proxy140.deleteAll(Unknown Source)
        at app//com.heartrate.service.AuthenticationServiceTest.setUp(AuthenticationServiceTest.java:63)

        Caused by:
        org.hibernate.exception.SQLGrammarException: could not prepare statement [Table "login_attempts" not found; SQL statement:
        select la1_0."id",la1_0."attempt_time",la1_0."email",la1_0."ip_address" from "login_attempts" la1_0 [42102-224]] [select la1_0."id",la1_0."attempt_time",la1_0."email",la1_0."ip_address" from "login_attempts" la1_0]
            at app//org.hibernate.exception.internal.SQLExceptionTypeDelegate.convert(SQLExceptionTypeDelegate.java:66)
            at app//org.hibernate.exception.internal.StandardSQLExceptionConverter.convert(StandardSQLExceptionConverter.java:58)
            at app//org.hibernate.engine.jdbc.spi.SqlExceptionHelper.convert(SqlExceptionHelper.java:108)
            at app//org.hibernate.engine.jdbc.internal.StatementPreparerImpl$StatementPreparationTemplate.prepareStatement(StatementPreparerImpl.java:194)
            at app//org.hibernate.engine.jdbc.internal.StatementPreparerImpl.prepareQueryStatement(StatementPreparerImpl.java:155)
            at app//org.hibernate.sql.exec.spi.JdbcSelectExecutor.lambda$list$0(JdbcSelectExecutor.java:85)
            at app//org.hibernate.sql.results.jdbc.internal.DeferredResultSetAccess.executeQuery(DeferredResultSetAccess.java:231)
            at app//org.hibernate.sql.results.jdbc.internal.DeferredResultSetAccess.getResultSet(DeferredResultSetAccess.java:167)
            at app//org.hibernate.sql.results.jdbc.internal.JdbcValuesResultSetImpl.advanceNext(JdbcValuesResultSetImpl.java:218)
            at app//org.hibernate.sql.results.jdbc.internal.JdbcValuesResultSetImpl.processNext(JdbcValuesResultSetImpl.java:98)
            at app//org.hibernate.sql.results.jdbc.internal.AbstractJdbcValues.next(AbstractJdbcValues.java:19)
            at app//org.hibernate.sql.results.internal.RowProcessingStateStandardImpl.next(RowProcessingStateStandardImpl.java:66)
            at app//org.hibernate.sql.results.spi.ListResultsConsumer.consume(ListResultsConsumer.java:202)
            at app//org.hibernate.sql.results.spi.ListResultsConsumer.consume(ListResultsConsumer.java:33)
            at app//org.hibernate.sql.exec.internal.JdbcSelectExecutorStandardImpl.doExecuteQuery(JdbcSelectExecutorStandardImpl.java:209)
            at app//org.hibernate.sql.exec.internal.JdbcSelectExecutorStandardImpl.executeQuery(JdbcSelectExecutorStandardImpl.java:83)
            at app//org.hibernate.sql.exec.spi.JdbcSelectExecutor.list(JdbcSelectExecutor.java:76)
            at app//org.hibernate.sql.exec.spi.JdbcSelectExecutor.list(JdbcSelectExecutor.java:65)
            at app//org.hibernate.query.sqm.internal.ConcreteSqmSelectQueryPlan.lambda$new$2(ConcreteSqmSelectQueryPlan.java:137)
            at app//org.hibernate.query.sqm.internal.ConcreteSqmSelectQueryPlan.withCacheableSqmInterpretation(ConcreteSqmSelectQueryPlan.java:362)
            at app//org.hibernate.query.sqm.internal.ConcreteSqmSelectQueryPlan.performList(ConcreteSqmSelectQueryPlan.java:303)
            at app//org.hibernate.query.sqm.internal.QuerySqmImpl.doList(QuerySqmImpl.java:509)
            at app//org.hibernate.query.spi.AbstractSelectionQuery.list(AbstractSelectionQuery.java:427)
            at app//org.hibernate.query.Query.getResultList(Query.java:120)
            at app//org.springframework.data.jpa.repository.support.SimpleJpaRepository.findAll(SimpleJpaRepository.java:383)
            at app//org.springframework.data.jpa.repository.support.SimpleJpaRepository.deleteAll(SimpleJpaRepository.java:283)
            at java.base@21.0.2/jdk.internal.reflect.DirectMethodHandleAccessor.invoke(DirectMethodHandleAccessor.java:103)
            at java.base@21.0.2/java.lang.reflect.Method.invoke(Method.java:580)
            at app//org.springframework.aop.support.AopUtils.invokeJoinpointUsingReflection(AopUtils.java:351)
            at app//org.springframework.data.repository.core.support.RepositoryMethodInvoker$RepositoryFragmentMethodInvoker.lambda$new$0(RepositoryMethodInvoker.java:277)
            at app//org.springframework.data.repository.core.support.RepositoryMethodInvoker.doInvoke(RepositoryMethodInvoker.java:170)
            at app//org.springframework.data.repository.core.support.RepositoryMethodInvoker.invoke(RepositoryMethodInvoker.java:158)
            at app//org.springframework.data.repository.core.support.RepositoryComposition$RepositoryFragments.invoke(RepositoryComposition.java:516)
            at app//org.springframework.data.repository.core.support.RepositoryComposition.invoke(RepositoryComposition.java:285)
            at app//org.springframework.data.repository.core.support.RepositoryFactorySupport$ImplementationMethodExecutionInterceptor.invoke(RepositoryFactorySupport.java:628)
            at app//org.springframework.aop.framework.ReflectiveMethodInvocation.proceed(ReflectiveMethodInvocation.java:184)
            at app//org.springframework.data.repository.core.support.QueryExecutorMethodInterceptor.doInvoke(QueryExecutorMethodInterceptor.java:168)
            at app//org.springframework.data.repository.core.support.QueryExecutorMethodInterceptor.invoke(QueryExecutorMethodInterceptor.java:143)
            at app//org.springframework.aop.framework.ReflectiveMethodInvocation.proceed(ReflectiveMethodInvocation.java:184)
            at app//org.springframework.data.projection.DefaultMethodInvokingMethodInterceptor.invoke(DefaultMethodInvokingMethodInterceptor.java:70)
            at app//org.springframework.aop.framework.ReflectiveMethodInvocation.proceed(ReflectiveMethodInvocation.java:184)
            at app//org.springframework.transaction.interceptor.TransactionInterceptor$1.proceedWithInvocation(TransactionInterceptor.java:123)
            at app//org.springframework.transaction.interceptor.TransactionAspectSupport.invokeWithinTransaction(TransactionAspectSupport.java:385)
            at app//org.springframework.transaction.interceptor.TransactionInterceptor.invoke(TransactionInterceptor.java:119)
            at app//org.springframework.aop.framework.ReflectiveMethodInvocation.proceed(ReflectiveMethodInvocation.java:184)
            at app//org.springframework.dao.support.PersistenceExceptionTranslationInterceptor.invoke(PersistenceExceptionTranslationInterceptor.java:137)
            ... 8 more

            Caused by:
            org.h2.jdbc.JdbcSQLSyntaxErrorException: Table "login_attempts" not found; SQL statement:
            select la1_0."id",la1_0."attempt_time",la1_0."email",la1_0."ip_address" from "login_attempts" la1_0 [42102-224]
                at app//org.h2.message.DbException.getJdbcSQLException(DbException.java:514)
                at app//org.h2.message.DbException.getJdbcSQLException(DbException.java:489)
                at app//org.h2.message.DbException.get(DbException.java:223)
                at app//org.h2.message.DbException.get(DbException.java:199)
                at app//org.h2.command.Parser.getTableOrViewNotFoundDbException(Parser.java:8064)
                at app//org.h2.command.Parser.getTableOrViewNotFoundDbException(Parser.java:8035)
                at app//org.h2.command.Parser.readTableOrView(Parser.java:8024)
                at app//org.h2.command.Parser.readTablePrimary(Parser.java:1788)
                at app//org.h2.command.Parser.readTableReference(Parser.java:2268)
                at app//org.h2.command.Parser.parseSelectFromPart(Parser.java:2718)
                at app//org.h2.command.Parser.parseSelect(Parser.java:2824)
                at app//org.h2.command.Parser.parseQueryPrimary(Parser.java:2708)
                at app//org.h2.command.Parser.parseQueryTerm(Parser.java:2564)
                at app//org.h2.command.Parser.parseQueryExpressionBody(Parser.java:2543)
                at app//org.h2.command.Parser.parseQueryExpressionBodyAndEndOfQuery(Parser.java:2536)
                at app//org.h2.command.Parser.parseQueryExpression(Parser.java:2529)
                at app//org.h2.command.Parser.parseQuery(Parser.java:2498)
                at app//org.h2.command.Parser.parsePrepared(Parser.java:627)
                at app//org.h2.command.Parser.parse(Parser.java:592)
                at app//org.h2.command.Parser.parse(Parser.java:564)
                at app//org.h2.command.Parser.prepareCommand(Parser.java:483)
                at app//org.h2.engine.SessionLocal.prepareLocal(SessionLocal.java:639)
                at app//org.h2.engine.SessionLocal.prepareCommand(SessionLocal.java:559)
                at app//org.h2.jdbc.JdbcConnection.prepareCommand(JdbcConnection.java:1166)
                at app//org.h2.jdbc.JdbcPreparedStatement.<init>(JdbcPreparedStatement.java:93)
                at app//org.h2.jdbc.JdbcConnection.prepareStatement(JdbcConnection.java:316)
                at app//com.zaxxer.hikari.pool.ProxyConnection.prepareStatement(ProxyConnection.java:327)
                at app//com.zaxxer.hikari.pool.HikariProxyConnection.prepareStatement(HikariProxyConnection.java)
                at app//org.hibernate.engine.jdbc.internal.StatementPreparerImpl$5.doPrepare(StatementPreparerImpl.java:153)
                at app//org.hibernate.engine.jdbc.internal.StatementPreparerImpl$StatementPreparationTemplate.prepareStatement(StatementPreparerImpl.java:183)
                ... 50 more

UserProfileServiceTest STANDARD_OUT
    2025-04-06T08:34:47.400-07:00  INFO 44469 --- [    Test worker] t.c.s.AnnotationConfigContextLoaderUtils : Could not detect default configuration classes for test class [com.heartrate.service.UserProfileServiceTest]: UserProfileServiceTest does not declare any static, non-private, non-final, nested classes annotated with @Configuration.
    2025-04-06T08:34:47.404-07:00  INFO 44469 --- [    Test worker] .b.t.c.SpringBootTestContextBootstrapper : Found @SpringBootConfiguration com.heartrate.BackendApplication for test class com.heartrate.service.UserProfileServiceTest

      .   ____          _            __ _ _
     /\\ / ___'_ __ _ _(_)_ __  __ _ \ \ \ \
    ( ( )\___ | '_ | '_| | '_ \/ _` | \ \ \ \
     \\/  ___)| |_)| | | | | || (_| |  ) ) ) )
      '  |____| .__|_| |_|_| |_\__, | / / / /
     =========|_|==============|___/=/_/_/_/
     :: Spring Boot ::                (v3.2.3)

    2025-04-06T08:34:47.420-07:00  INFO 44469 --- [    Test worker] c.h.service.UserProfileServiceTest       : Starting UserProfileServiceTest using Java 21.0.2 with PID 44469 (started by alexworden in /Users/alexworden/dev/heart-rate/backend)
    2025-04-06T08:34:47.420-07:00 DEBUG 44469 --- [    Test worker] c.h.service.UserProfileServiceTest       : Running with Spring Boot v3.2.3, Spring v6.1.4
    2025-04-06T08:34:47.420-07:00  INFO 44469 --- [    Test worker] c.h.service.UserProfileServiceTest       : The following 1 profile is active: "test"
    2025-04-06T08:34:47.448-07:00  INFO 44469 --- [    Test worker] .s.d.r.c.RepositoryConfigurationDelegate : Bootstrapping Spring Data JPA repositories in DEFAULT mode.
    2025-04-06T08:34:47.453-07:00  INFO 44469 --- [    Test worker] .s.d.r.c.RepositoryConfigurationDelegate : Finished Spring Data repository scanning in 4 ms. Found 3 JPA repository interfaces.
    2025-04-06T08:34:47.469-07:00  INFO 44469 --- [    Test worker] o.hibernate.jpa.internal.util.LogHelper  : HHH000204: Processing PersistenceUnitInfo [name: default]
    2025-04-06T08:34:47.470-07:00  INFO 44469 --- [    Test worker] o.h.c.internal.RegionFactoryInitiator    : HHH000026: Second-level cache disabled
    2025-04-06T08:34:47.472-07:00  INFO 44469 --- [    Test worker] o.s.o.j.p.SpringPersistenceUnitInfo      : No LoadTimeWeaver setup: ignoring JPA class transformer
    2025-04-06T08:34:47.472-07:00  INFO 44469 --- [    Test worker] com.zaxxer.hikari.HikariDataSource       : HikariPool-4 - Starting...
    2025-04-06T08:34:47.473-07:00  INFO 44469 --- [    Test worker] com.zaxxer.hikari.pool.HikariPool        : HikariPool-4 - Added connection conn30: url=jdbc:h2:mem:testdb user=SA
    2025-04-06T08:34:47.473-07:00  INFO 44469 --- [    Test worker] com.zaxxer.hikari.HikariDataSource       : HikariPool-4 - Start completed.
    2025-04-06T08:34:47.473-07:00  WARN 44469 --- [    Test worker] org.hibernate.orm.deprecation            : HHH90000025: H2Dialect does not need to be specified explicitly using 'hibernate.dialect' (remove the property setting and it will be selected by default)
    2025-04-06T08:34:47.504-07:00  INFO 44469 --- [    Test worker] o.h.e.t.j.p.i.JtaPlatformInitiator       : HHH000489: No JTA platform available (set 'hibernate.transaction.jta.platform' to enable JTA platform integration)
    2025-04-06T08:34:47.504-07:00 DEBUG 44469 --- [    Test worker] org.hibernate.SQL                        : 
        drop table if exists "login_attempts" cascade 
    Hibernate: 
        drop table if exists "login_attempts" cascade 
    2025-04-06T08:34:47.504-07:00 DEBUG 44469 --- [    Test worker] org.hibernate.SQL                        : 
        drop table if exists "users" cascade 
    Hibernate: 
        drop table if exists "users" cascade 
    2025-04-06T08:34:47.504-07:00 DEBUG 44469 --- [    Test worker] org.hibernate.SQL                        : 
        drop table if exists "verification_tokens" cascade 
    Hibernate: 
        drop table if exists "verification_tokens" cascade 
    2025-04-06T08:34:47.505-07:00 DEBUG 44469 --- [    Test worker] org.hibernate.SQL                        : 
        create table "login_attempts" (
            "attempt_time" timestamp(6),
            "id" "uuid" not null,
            "ip_address" varchar(45),
            "email" varchar(255),
            primary key ("id")
        )
    Hibernate: 
        create table "login_attempts" (
            "attempt_time" timestamp(6),
            "id" "uuid" not null,
            "ip_address" varchar(45),
            "email" varchar(255),
            primary key ("id")
        )
    2025-04-06T08:34:47.505-07:00  WARN 44469 --- [    Test worker] o.h.t.s.i.ExceptionHandlerLoggedImpl     : GenerationTarget encountered exception accepting command : Error executing DDL "
        create table "login_attempts" (
            "attempt_time" timestamp(6),
            "id" "uuid" not null,
            "ip_address" varchar(45),
            "email" varchar(255),
            primary key ("id")
        )" via JDBC [Domain "uuid" not found;]

    org.hibernate.tool.schema.spi.CommandAcceptanceException: Error executing DDL "
        create table "login_attempts" (
            "attempt_time" timestamp(6),
            "id" "uuid" not null,
            "ip_address" varchar(45),
            "email" varchar(255),
            primary key ("id")
        )" via JDBC [Domain "uuid" not found;]
    	at org.hibernate.tool.schema.internal.exec.GenerationTargetToDatabase.accept(GenerationTargetToDatabase.java:94) ~[hibernate-core-6.4.4.Final.jar:6.4.4.Final]
    	at org.hibernate.tool.schema.internal.Helper.applySqlString(Helper.java:233) ~[hibernate-core-6.4.4.Final.jar:6.4.4.Final]
    	at org.hibernate.tool.schema.internal.Helper.applySqlStrings(Helper.java:217) ~[hibernate-core-6.4.4.Final.jar:6.4.4.Final]
    	at org.hibernate.tool.schema.internal.SchemaCreatorImpl.createTables(SchemaCreatorImpl.java:420) ~[hibernate-core-6.4.4.Final.jar:6.4.4.Final]
    	at org.hibernate.tool.schema.internal.SchemaCreatorImpl.createSequencesTablesConstraints(SchemaCreatorImpl.java:340) ~[hibernate-core-6.4.4.Final.jar:6.4.4.Final]
    	at org.hibernate.tool.schema.internal.SchemaCreatorImpl.createFromMetadata(SchemaCreatorImpl.java:239) ~[hibernate-core-6.4.4.Final.jar:6.4.4.Final]
    	at org.hibernate.tool.schema.internal.SchemaCreatorImpl.performCreation(SchemaCreatorImpl.java:172) ~[hibernate-core-6.4.4.Final.jar:6.4.4.Final]
    	at org.hibernate.tool.schema.internal.SchemaCreatorImpl.doCreation(SchemaCreatorImpl.java:142) ~[hibernate-core-6.4.4.Final.jar:6.4.4.Final]
    	at org.hibernate.tool.schema.internal.SchemaCreatorImpl.doCreation(SchemaCreatorImpl.java:118) ~[hibernate-core-6.4.4.Final.jar:6.4.4.Final]
    	at org.hibernate.tool.schema.spi.SchemaManagementToolCoordinator.performDatabaseAction(SchemaManagementToolCoordinator.java:256) ~[hibernate-core-6.4.4.Final.jar:6.4.4.Final]
    	at org.hibernate.tool.schema.spi.SchemaManagementToolCoordinator.lambda$process$5(SchemaManagementToolCoordinator.java:145) ~[hibernate-core-6.4.4.Final.jar:6.4.4.Final]
    	at java.base/java.util.HashMap.forEach(HashMap.java:1429) ~[na:na]
    	at org.hibernate.tool.schema.spi.SchemaManagementToolCoordinator.process(SchemaManagementToolCoordinator.java:142) ~[hibernate-core-6.4.4.Final.jar:6.4.4.Final]
    	at org.hibernate.boot.internal.SessionFactoryObserverForSchemaExport.sessionFactoryCreated(SessionFactoryObserverForSchemaExport.java:37) ~[hibernate-core-6.4.4.Final.jar:6.4.4.Final]
    	at org.hibernate.internal.SessionFactoryObserverChain.sessionFactoryCreated(SessionFactoryObserverChain.java:35) ~[hibernate-core-6.4.4.Final.jar:6.4.4.Final]
    	at org.hibernate.internal.SessionFactoryImpl.<init>(SessionFactoryImpl.java:315) ~[hibernate-core-6.4.4.Final.jar:6.4.4.Final]
    	at org.hibernate.boot.internal.SessionFactoryBuilderImpl.build(SessionFactoryBuilderImpl.java:450) ~[hibernate-core-6.4.4.Final.jar:6.4.4.Final]
    	at org.hibernate.jpa.boot.internal.EntityManagerFactoryBuilderImpl.build(EntityManagerFactoryBuilderImpl.java:1507) ~[hibernate-core-6.4.4.Final.jar:6.4.4.Final]
    	at org.springframework.orm.jpa.vendor.SpringHibernateJpaPersistenceProvider.createContainerEntityManagerFactory(SpringHibernateJpaPersistenceProvider.java:75) ~[spring-orm-6.1.4.jar:6.1.4]
    	at org.springframework.orm.jpa.LocalContainerEntityManagerFactoryBean.createNativeEntityManagerFactory(LocalContainerEntityManagerFactoryBean.java:388) ~[spring-orm-6.1.4.jar:6.1.4]
    	at org.springframework.orm.jpa.AbstractEntityManagerFactoryBean.buildNativeEntityManagerFactory(AbstractEntityManagerFactoryBean.java:409) ~[spring-orm-6.1.4.jar:6.1.4]
    	at org.springframework.orm.jpa.AbstractEntityManagerFactoryBean.afterPropertiesSet(AbstractEntityManagerFactoryBean.java:396) ~[spring-orm-6.1.4.jar:6.1.4]
    	at org.springframework.orm.jpa.LocalContainerEntityManagerFactoryBean.afterPropertiesSet(LocalContainerEntityManagerFactoryBean.java:364) ~[spring-orm-6.1.4.jar:6.1.4]
    	at org.springframework.beans.factory.support.AbstractAutowireCapableBeanFactory.invokeInitMethods(AbstractAutowireCapableBeanFactory.java:1833) ~[spring-beans-6.1.4.jar:6.1.4]
    	at org.springframework.beans.factory.support.AbstractAutowireCapableBeanFactory.initializeBean(AbstractAutowireCapableBeanFactory.java:1782) ~[spring-beans-6.1.4.jar:6.1.4]
    	at org.springframework.beans.factory.support.AbstractAutowireCapableBeanFactory.doCreateBean(AbstractAutowireCapableBeanFactory.java:600) ~[spring-beans-6.1.4.jar:6.1.4]
    	at org.springframework.beans.factory.support.AbstractAutowireCapableBeanFactory.createBean(AbstractAutowireCapableBeanFactory.java:522) ~[spring-beans-6.1.4.jar:6.1.4]
    	at org.springframework.beans.factory.support.AbstractBeanFactory.lambda$doGetBean$0(AbstractBeanFactory.java:325) ~[spring-beans-6.1.4.jar:6.1.4]
    	at org.springframework.beans.factory.support.DefaultSingletonBeanRegistry.getSingleton(DefaultSingletonBeanRegistry.java:234) ~[spring-beans-6.1.4.jar:6.1.4]
    	at org.springframework.beans.factory.support.AbstractBeanFactory.doGetBean(AbstractBeanFactory.java:323) ~[spring-beans-6.1.4.jar:6.1.4]
    	at org.springframework.beans.factory.support.AbstractBeanFactory.getBean(AbstractBeanFactory.java:199) ~[spring-beans-6.1.4.jar:6.1.4]
    	at org.springframework.context.support.AbstractApplicationContext.getBean(AbstractApplicationContext.java:1231) ~[spring-context-6.1.4.jar:6.1.4]
    	at org.springframework.context.support.AbstractApplicationContext.finishBeanFactoryInitialization(AbstractApplicationContext.java:949) ~[spring-context-6.1.4.jar:6.1.4]
    	at org.springframework.context.support.AbstractApplicationContext.refresh(AbstractApplicationContext.java:624) ~[spring-context-6.1.4.jar:6.1.4]
    	at org.springframework.boot.SpringApplication.refresh(SpringApplication.java:754) ~[spring-boot-3.2.3.jar:3.2.3]
    	at org.springframework.boot.SpringApplication.refreshContext(SpringApplication.java:456) ~[spring-boot-3.2.3.jar:3.2.3]
    	at org.springframework.boot.SpringApplication.run(SpringApplication.java:334) ~[spring-boot-3.2.3.jar:3.2.3]
    	at org.springframework.boot.test.context.SpringBootContextLoader.lambda$loadContext$3(SpringBootContextLoader.java:137) ~[spring-boot-test-3.2.3.jar:3.2.3]
    	at org.springframework.util.function.ThrowingSupplier.get(ThrowingSupplier.java:58) ~[spring-core-6.1.4.jar:6.1.4]
    	at org.springframework.util.function.ThrowingSupplier.get(ThrowingSupplier.java:46) ~[spring-core-6.1.4.jar:6.1.4]
    	at org.springframework.boot.SpringApplication.withHook(SpringApplication.java:1454) ~[spring-boot-3.2.3.jar:3.2.3]
    	at org.springframework.boot.test.context.SpringBootContextLoader$ContextLoaderHook.run(SpringBootContextLoader.java:553) ~[spring-boot-test-3.2.3.jar:3.2.3]
    	at org.springframework.boot.test.context.SpringBootContextLoader.loadContext(SpringBootContextLoader.java:137) ~[spring-boot-test-3.2.3.jar:3.2.3]
    	at org.springframework.boot.test.context.SpringBootContextLoader.loadContext(SpringBootContextLoader.java:108) ~[spring-boot-test-3.2.3.jar:3.2.3]
    	at org.springframework.test.context.cache.DefaultCacheAwareContextLoaderDelegate.loadContextInternal(DefaultCacheAwareContextLoaderDelegate.java:225) ~[spring-test-6.1.4.jar:6.1.4]
    	at org.springframework.test.context.cache.DefaultCacheAwareContextLoaderDelegate.loadContext(DefaultCacheAwareContextLoaderDelegate.java:152) ~[spring-test-6.1.4.jar:6.1.4]
    	at org.springframework.test.context.support.DefaultTestContext.getApplicationContext(DefaultTestContext.java:130) ~[spring-test-6.1.4.jar:6.1.4]
    	at org.springframework.test.context.support.DependencyInjectionTestExecutionListener.injectDependencies(DependencyInjectionTestExecutionListener.java:142) ~[spring-test-6.1.4.jar:6.1.4]
    	at org.springframework.test.context.support.DependencyInjectionTestExecutionListener.prepareTestInstance(DependencyInjectionTestExecutionListener.java:98) ~[spring-test-6.1.4.jar:6.1.4]
    	at org.springframework.test.context.TestContextManager.prepareTestInstance(TestContextManager.java:260) ~[spring-test-6.1.4.jar:6.1.4]
    	at org.springframework.test.context.junit.jupiter.SpringExtension.postProcessTestInstance(SpringExtension.java:163) ~[spring-test-6.1.4.jar:6.1.4]
    	at org.junit.jupiter.engine.descriptor.ClassBasedTestDescriptor.lambda$invokeTestInstancePostProcessors$10(ClassBasedTestDescriptor.java:378) ~[junit-jupiter-engine-5.10.2.jar:5.10.2]
    	at org.junit.jupiter.engine.descriptor.ClassBasedTestDescriptor.executeAndMaskThrowable(ClassBasedTestDescriptor.java:383) ~[junit-jupiter-engine-5.10.2.jar:5.10.2]
    	at org.junit.jupiter.engine.descriptor.ClassBasedTestDescriptor.lambda$invokeTestInstancePostProcessors$11(ClassBasedTestDescriptor.java:378) ~[junit-jupiter-engine-5.10.2.jar:5.10.2]
    	at java.base/java.util.stream.ReferencePipeline$3$1.accept(ReferencePipeline.java:197) ~[na:na]
    	at java.base/java.util.stream.ReferencePipeline$2$1.accept(ReferencePipeline.java:179) ~[na:na]
    	at java.base/java.util.ArrayList$ArrayListSpliterator.forEachRemaining(ArrayList.java:1708) ~[na:na]
    	at java.base/java.util.stream.AbstractPipeline.copyInto(AbstractPipeline.java:509) ~[na:na]
    	at java.base/java.util.stream.AbstractPipeline.wrapAndCopyInto(AbstractPipeline.java:499) ~[na:na]
    	at java.base/java.util.stream.StreamSpliterators$WrappingSpliterator.forEachRemaining(StreamSpliterators.java:310) ~[na:na]
    	at java.base/java.util.stream.Streams$ConcatSpliterator.forEachRemaining(Streams.java:735) ~[na:na]
    	at java.base/java.util.stream.Streams$ConcatSpliterator.forEachRemaining(Streams.java:734) ~[na:na]
    	at java.base/java.util.stream.ReferencePipeline$Head.forEach(ReferencePipeline.java:762) ~[na:na]
    	at org.junit.jupiter.engine.descriptor.ClassBasedTestDescriptor.invokeTestInstancePostProcessors(ClassBasedTestDescriptor.java:377) ~[junit-jupiter-engine-5.10.2.jar:5.10.2]
    	at org.junit.jupiter.engine.descriptor.ClassBasedTestDescriptor.lambda$instantiateAndPostProcessTestInstance$6(ClassBasedTestDescriptor.java:290) ~[junit-jupiter-engine-5.10.2.jar:5.10.2]
    	at org.junit.platform.engine.support.hierarchical.ThrowableCollector.execute(ThrowableCollector.java:73) ~[junit-platform-engine-1.10.2.jar:1.10.2]
    	at org.junit.jupiter.engine.descriptor.ClassBasedTestDescriptor.instantiateAndPostProcessTestInstance(ClassBasedTestDescriptor.java:289) ~[junit-jupiter-engine-5.10.2.jar:5.10.2]
    	at org.junit.jupiter.engine.descriptor.ClassBasedTestDescriptor.lambda$testInstancesProvider$4(ClassBasedTestDescriptor.java:279) ~[junit-jupiter-engine-5.10.2.jar:5.10.2]
    	at java.base/java.util.Optional.orElseGet(Optional.java:364) ~[na:na]
    	at org.junit.jupiter.engine.descriptor.ClassBasedTestDescriptor.lambda$testInstancesProvider$5(ClassBasedTestDescriptor.java:278) ~[junit-jupiter-engine-5.10.2.jar:5.10.2]
    	at org.junit.jupiter.engine.execution.TestInstancesProvider.getTestInstances(TestInstancesProvider.java:31) ~[junit-jupiter-engine-5.10.2.jar:5.10.2]
    	at org.junit.jupiter.engine.descriptor.TestMethodTestDescriptor.lambda$prepare$0(TestMethodTestDescriptor.java:106) ~[junit-jupiter-engine-5.10.2.jar:5.10.2]
    	at org.junit.platform.engine.support.hierarchical.ThrowableCollector.execute(ThrowableCollector.java:73) ~[junit-platform-engine-1.10.2.jar:1.10.2]
    	at org.junit.jupiter.engine.descriptor.TestMethodTestDescriptor.prepare(TestMethodTestDescriptor.java:105) ~[junit-jupiter-engine-5.10.2.jar:5.10.2]
    	at org.junit.jupiter.engine.descriptor.TestMethodTestDescriptor.prepare(TestMethodTestDescriptor.java:69) ~[junit-jupiter-engine-5.10.2.jar:5.10.2]
    	at org.junit.platform.engine.support.hierarchical.NodeTestTask.lambda$prepare$2(NodeTestTask.java:123) ~[junit-platform-engine-1.10.2.jar:1.10.2]
    	at org.junit.platform.engine.support.hierarchical.ThrowableCollector.execute(ThrowableCollector.java:73) ~[junit-platform-engine-1.10.2.jar:1.10.2]
    	at org.junit.platform.engine.support.hierarchical.NodeTestTask.prepare(NodeTestTask.java:123) ~[junit-platform-engine-1.10.2.jar:1.10.2]
    	at org.junit.platform.engine.support.hierarchical.NodeTestTask.execute(NodeTestTask.java:90) ~[junit-platform-engine-1.10.2.jar:1.10.2]
    	at java.base/java.util.ArrayList.forEach(ArrayList.java:1596) ~[na:na]
    	at org.junit.platform.engine.support.hierarchical.SameThreadHierarchicalTestExecutorService.invokeAll(SameThreadHierarchicalTestExecutorService.java:41) ~[junit-platform-engine-1.10.2.jar:1.10.2]
    	at org.junit.platform.engine.support.hierarchical.NodeTestTask.lambda$executeRecursively$6(NodeTestTask.java:155) ~[junit-platform-engine-1.10.2.jar:1.10.2]
    	at org.junit.platform.engine.support.hierarchical.ThrowableCollector.execute(ThrowableCollector.java:73) ~[junit-platform-engine-1.10.2.jar:1.10.2]
    	at org.junit.platform.engine.support.hierarchical.NodeTestTask.lambda$executeRecursively$8(NodeTestTask.java:141) ~[junit-platform-engine-1.10.2.jar:1.10.2]
    	at org.junit.platform.engine.support.hierarchical.Node.around(Node.java:137) ~[junit-platform-engine-1.10.2.jar:1.10.2]
    	at org.junit.platform.engine.support.hierarchical.NodeTestTask.lambda$executeRecursively$9(NodeTestTask.java:139) ~[junit-platform-engine-1.10.2.jar:1.10.2]
    	at org.junit.platform.engine.support.hierarchical.ThrowableCollector.execute(ThrowableCollector.java:73) ~[junit-platform-engine-1.10.2.jar:1.10.2]
    	at org.junit.platform.engine.support.hierarchical.NodeTestTask.executeRecursively(NodeTestTask.java:138) ~[junit-platform-engine-1.10.2.jar:1.10.2]
    	at org.junit.platform.engine.support.hierarchical.NodeTestTask.execute(NodeTestTask.java:95) ~[junit-platform-engine-1.10.2.jar:1.10.2]
    	at java.base/java.util.ArrayList.forEach(ArrayList.java:1596) ~[na:na]
    	at org.junit.platform.engine.support.hierarchical.SameThreadHierarchicalTestExecutorService.invokeAll(SameThreadHierarchicalTestExecutorService.java:41) ~[junit-platform-engine-1.10.2.jar:1.10.2]
    	at org.junit.platform.engine.support.hierarchical.NodeTestTask.lambda$executeRecursively$6(NodeTestTask.java:155) ~[junit-platform-engine-1.10.2.jar:1.10.2]
    	at org.junit.platform.engine.support.hierarchical.ThrowableCollector.execute(ThrowableCollector.java:73) ~[junit-platform-engine-1.10.2.jar:1.10.2]
    	at org.junit.platform.engine.support.hierarchical.NodeTestTask.lambda$executeRecursively$8(NodeTestTask.java:141) ~[junit-platform-engine-1.10.2.jar:1.10.2]
    	at org.junit.platform.engine.support.hierarchical.Node.around(Node.java:137) ~[junit-platform-engine-1.10.2.jar:1.10.2]
    	at org.junit.platform.engine.support.hierarchical.NodeTestTask.lambda$executeRecursively$9(NodeTestTask.java:139) ~[junit-platform-engine-1.10.2.jar:1.10.2]
    	at org.junit.platform.engine.support.hierarchical.ThrowableCollector.execute(ThrowableCollector.java:73) ~[junit-platform-engine-1.10.2.jar:1.10.2]
    	at org.junit.platform.engine.support.hierarchical.NodeTestTask.executeRecursively(NodeTestTask.java:138) ~[junit-platform-engine-1.10.2.jar:1.10.2]
    	at org.junit.platform.engine.support.hierarchical.NodeTestTask.execute(NodeTestTask.java:95) ~[junit-platform-engine-1.10.2.jar:1.10.2]
    	at org.junit.platform.engine.support.hierarchical.SameThreadHierarchicalTestExecutorService.submit(SameThreadHierarchicalTestExecutorService.java:35) ~[junit-platform-engine-1.10.2.jar:1.10.2]
    	at org.junit.platform.engine.support.hierarchical.HierarchicalTestExecutor.execute(HierarchicalTestExecutor.java:57) ~[junit-platform-engine-1.10.2.jar:1.10.2]
    	at org.junit.platform.engine.support.hierarchical.HierarchicalTestEngine.execute(HierarchicalTestEngine.java:54) ~[junit-platform-engine-1.10.2.jar:1.10.2]
    	at org.junit.platform.launcher.core.EngineExecutionOrchestrator.execute(EngineExecutionOrchestrator.java:107) ~[junit-platform-launcher-1.8.2.jar:1.8.2]
    	at org.junit.platform.launcher.core.EngineExecutionOrchestrator.execute(EngineExecutionOrchestrator.java:88) ~[junit-platform-launcher-1.8.2.jar:1.8.2]
    	at org.junit.platform.launcher.core.EngineExecutionOrchestrator.lambda$execute$0(EngineExecutionOrchestrator.java:54) ~[junit-platform-launcher-1.8.2.jar:1.8.2]
    	at org.junit.platform.launcher.core.EngineExecutionOrchestrator.withInterceptedStreams(EngineExecutionOrchestrator.java:67) ~[junit-platform-launcher-1.8.2.jar:1.8.2]
    	at org.junit.platform.launcher.core.EngineExecutionOrchestrator.execute(EngineExecutionOrchestrator.java:52) ~[junit-platform-launcher-1.8.2.jar:1.8.2]
    	at org.junit.platform.launcher.core.DefaultLauncher.execute(DefaultLauncher.java:114) ~[junit-platform-launcher-1.8.2.jar:1.8.2]
    	at org.junit.platform.launcher.core.DefaultLauncher.execute(DefaultLauncher.java:86) ~[junit-platform-launcher-1.8.2.jar:1.8.2]
    	at org.junit.platform.launcher.core.DefaultLauncherSession$DelegatingLauncher.execute(DefaultLauncherSession.java:86) ~[junit-platform-launcher-1.8.2.jar:1.8.2]
    	at org.gradle.api.internal.tasks.testing.junitplatform.JUnitPlatformTestClassProcessor$CollectAllTestClassesExecutor.processAllTestClasses(JUnitPlatformTestClassProcessor.java:124) ~[na:na]
    	at org.gradle.api.internal.tasks.testing.junitplatform.JUnitPlatformTestClassProcessor$CollectAllTestClassesExecutor.access$000(JUnitPlatformTestClassProcessor.java:99) ~[na:na]
    	at org.gradle.api.internal.tasks.testing.junitplatform.JUnitPlatformTestClassProcessor.stop(JUnitPlatformTestClassProcessor.java:94) ~[na:na]
    	at org.gradle.api.internal.tasks.testing.SuiteTestClassProcessor.stop(SuiteTestClassProcessor.java:63) ~[na:na]
    	at java.base/jdk.internal.reflect.DirectMethodHandleAccessor.invoke(DirectMethodHandleAccessor.java:103) ~[na:na]
    	at java.base/java.lang.reflect.Method.invoke(Method.java:580) ~[na:na]
    	at org.gradle.internal.dispatch.ReflectionDispatch.dispatch(ReflectionDispatch.java:36) ~[na:na]
    	at org.gradle.internal.dispatch.ReflectionDispatch.dispatch(ReflectionDispatch.java:24) ~[na:na]
    	at org.gradle.internal.dispatch.ContextClassLoaderDispatch.dispatch(ContextClassLoaderDispatch.java:33) ~[na:na]
    	at org.gradle.internal.dispatch.ProxyDispatchAdapter$DispatchingInvocationHandler.invoke(ProxyDispatchAdapter.java:92) ~[na:na]
    	at jdk.proxy1/jdk.proxy1.$Proxy4.stop(Unknown Source) ~[na:na]
    	at org.gradle.api.internal.tasks.testing.worker.TestWorker$3.run(TestWorker.java:200) ~[na:na]
    	at org.gradle.api.internal.tasks.testing.worker.TestWorker.executeAndMaintainThreadName(TestWorker.java:132) ~[na:na]
    	at org.gradle.api.internal.tasks.testing.worker.TestWorker.execute(TestWorker.java:103) ~[na:na]
    	at org.gradle.api.internal.tasks.testing.worker.TestWorker.execute(TestWorker.java:63) ~[na:na]
    	at org.gradle.process.internal.worker.child.ActionExecutionWorker.execute(ActionExecutionWorker.java:56) ~[na:na]
    	at org.gradle.process.internal.worker.child.SystemApplicationClassLoaderWorker.call(SystemApplicationClassLoaderWorker.java:121) ~[na:na]
    	at org.gradle.process.internal.worker.child.SystemApplicationClassLoaderWorker.call(SystemApplicationClassLoaderWorker.java:71) ~[na:na]
    	at worker.org.gradle.process.internal.worker.GradleWorkerMain.run(GradleWorkerMain.java:69) ~[gradle-worker.jar:na]
    	at worker.org.gradle.process.internal.worker.GradleWorkerMain.main(GradleWorkerMain.java:74) ~[gradle-worker.jar:na]
    Caused by: org.h2.jdbc.JdbcSQLSyntaxErrorException: Domain "uuid" not found; SQL statement:

        create table "login_attempts" (
            "attempt_time" timestamp(6),
            "id" "uuid" not null,
            "ip_address" varchar(45),
            "email" varchar(255),
            primary key ("id")
        ) [90120-224]
    	at org.h2.message.DbException.getJdbcSQLException(DbException.java:644) ~[h2-2.2.224.jar:2.2.224]
    	at org.h2.message.DbException.getJdbcSQLException(DbException.java:489) ~[h2-2.2.224.jar:2.2.224]
    	at org.h2.message.DbException.get(DbException.java:223) ~[h2-2.2.224.jar:2.2.224]
    	at org.h2.message.DbException.get(DbException.java:199) ~[h2-2.2.224.jar:2.2.224]
    	at org.h2.schema.Schema.getDomain(Schema.java:611) ~[h2-2.2.224.jar:2.2.224]
    	at org.h2.command.Parser.parseColumnWithType(Parser.java:5689) ~[h2-2.2.224.jar:2.2.224]
    	at org.h2.command.Parser.parseColumnForTable(Parser.java:5565) ~[h2-2.2.224.jar:2.2.224]
    	at org.h2.command.Parser.parseTableColumnDefinition(Parser.java:8999) ~[h2-2.2.224.jar:2.2.224]
    	at org.h2.command.Parser.parseCreateTable(Parser.java:8939) ~[h2-2.2.224.jar:2.2.224]
    	at org.h2.command.Parser.parseCreate(Parser.java:6404) ~[h2-2.2.224.jar:2.2.224]
    	at org.h2.command.Parser.parsePrepared(Parser.java:666) ~[h2-2.2.224.jar:2.2.224]
    	at org.h2.command.Parser.parse(Parser.java:592) ~[h2-2.2.224.jar:2.2.224]
    	at org.h2.command.Parser.parse(Parser.java:564) ~[h2-2.2.224.jar:2.2.224]
    	at org.h2.command.Parser.prepareCommand(Parser.java:483) ~[h2-2.2.224.jar:2.2.224]
    	at org.h2.engine.SessionLocal.prepareLocal(SessionLocal.java:639) ~[h2-2.2.224.jar:2.2.224]
    	at org.h2.engine.SessionLocal.prepareCommand(SessionLocal.java:559) ~[h2-2.2.224.jar:2.2.224]
    	at org.h2.jdbc.JdbcConnection.prepareCommand(JdbcConnection.java:1166) ~[h2-2.2.224.jar:2.2.224]
    	at org.h2.jdbc.JdbcStatement.executeInternal(JdbcStatement.java:245) ~[h2-2.2.224.jar:2.2.224]
    	at org.h2.jdbc.JdbcStatement.execute(JdbcStatement.java:231) ~[h2-2.2.224.jar:2.2.224]
    	at com.zaxxer.hikari.pool.ProxyStatement.execute(ProxyStatement.java:94) ~[HikariCP-5.0.1.jar:na]
    	at com.zaxxer.hikari.pool.HikariProxyStatement.execute(HikariProxyStatement.java) ~[HikariCP-5.0.1.jar:na]
    	at org.hibernate.tool.schema.internal.exec.GenerationTargetToDatabase.accept(GenerationTargetToDatabase.java:80) ~[hibernate-core-6.4.4.Final.jar:6.4.4.Final]
    	... 129 common frames omitted

    2025-04-06T08:34:47.507-07:00 DEBUG 44469 --- [    Test worker] org.hibernate.SQL                        : 
        create table "users" (
            "email_verified" boolean,
            "year_of_birth" integer,
            "created_at" timestamp(6),
            "updated_at" timestamp(6),
            "id" uuid not null,
            "display_name" varchar(255),
            "email" varchar(255),
            "first_name" varchar(255),
            "mobile_number" varchar(255),
            "password_hash" varchar(255),
            "remember_me_token" varchar(255),
            "user_address" varchar(255),
            primary key ("id")
        )
    Hibernate: 
        create table "users" (
            "email_verified" boolean,
            "year_of_birth" integer,
            "created_at" timestamp(6),
            "updated_at" timestamp(6),
            "id" uuid not null,
            "display_name" varchar(255),
            "email" varchar(255),
            "first_name" varchar(255),
            "mobile_number" varchar(255),
            "password_hash" varchar(255),
            "remember_me_token" varchar(255),
            "user_address" varchar(255),
            primary key ("id")
        )
    2025-04-06T08:34:47.507-07:00 DEBUG 44469 --- [    Test worker] org.hibernate.SQL                        : 
        create table "verification_tokens" (
            "created_at" timestamp(6),
            "expires_at" timestamp(6),
            "id" "uuid" not null,
            "user_id" "uuid",
            "type" varchar(50),
            "token" varchar(255),
            primary key ("id")
        )
    Hibernate: 
        create table "verification_tokens" (
            "created_at" timestamp(6),
            "expires_at" timestamp(6),
            "id" "uuid" not null,
            "user_id" "uuid",
            "type" varchar(50),
            "token" varchar(255),
            primary key ("id")
        )
    2025-04-06T08:34:47.508-07:00  WARN 44469 --- [    Test worker] o.h.t.s.i.ExceptionHandlerLoggedImpl     : GenerationTarget encountered exception accepting command : Error executing DDL "
        create table "verification_tokens" (
            "created_at" timestamp(6),
            "expires_at" timestamp(6),
            "id" "uuid" not null,
            "user_id" "uuid",
            "type" varchar(50),
            "token" varchar(255),
            primary key ("id")
        )" via JDBC [Domain "uuid" not found;]

    org.hibernate.tool.schema.spi.CommandAcceptanceException: Error executing DDL "
        create table "verification_tokens" (
            "created_at" timestamp(6),
            "expires_at" timestamp(6),
            "id" "uuid" not null,
            "user_id" "uuid",
            "type" varchar(50),
            "token" varchar(255),
            primary key ("id")
        )" via JDBC [Domain "uuid" not found;]
    	at org.hibernate.tool.schema.internal.exec.GenerationTargetToDatabase.accept(GenerationTargetToDatabase.java:94) ~[hibernate-core-6.4.4.Final.jar:6.4.4.Final]
    	at org.hibernate.tool.schema.internal.Helper.applySqlString(Helper.java:233) ~[hibernate-core-6.4.4.Final.jar:6.4.4.Final]
    	at org.hibernate.tool.schema.internal.Helper.applySqlStrings(Helper.java:217) ~[hibernate-core-6.4.4.Final.jar:6.4.4.Final]
    	at org.hibernate.tool.schema.internal.SchemaCreatorImpl.createTables(SchemaCreatorImpl.java:420) ~[hibernate-core-6.4.4.Final.jar:6.4.4.Final]
    	at org.hibernate.tool.schema.internal.SchemaCreatorImpl.createSequencesTablesConstraints(SchemaCreatorImpl.java:340) ~[hibernate-core-6.4.4.Final.jar:6.4.4.Final]
    	at org.hibernate.tool.schema.internal.SchemaCreatorImpl.createFromMetadata(SchemaCreatorImpl.java:239) ~[hibernate-core-6.4.4.Final.jar:6.4.4.Final]
    	at org.hibernate.tool.schema.internal.SchemaCreatorImpl.performCreation(SchemaCreatorImpl.java:172) ~[hibernate-core-6.4.4.Final.jar:6.4.4.Final]
    	at org.hibernate.tool.schema.internal.SchemaCreatorImpl.doCreation(SchemaCreatorImpl.java:142) ~[hibernate-core-6.4.4.Final.jar:6.4.4.Final]
    	at org.hibernate.tool.schema.internal.SchemaCreatorImpl.doCreation(SchemaCreatorImpl.java:118) ~[hibernate-core-6.4.4.Final.jar:6.4.4.Final]
    	at org.hibernate.tool.schema.spi.SchemaManagementToolCoordinator.performDatabaseAction(SchemaManagementToolCoordinator.java:256) ~[hibernate-core-6.4.4.Final.jar:6.4.4.Final]
    	at org.hibernate.tool.schema.spi.SchemaManagementToolCoordinator.lambda$process$5(SchemaManagementToolCoordinator.java:145) ~[hibernate-core-6.4.4.Final.jar:6.4.4.Final]
    	at java.base/java.util.HashMap.forEach(HashMap.java:1429) ~[na:na]
    	at org.hibernate.tool.schema.spi.SchemaManagementToolCoordinator.process(SchemaManagementToolCoordinator.java:142) ~[hibernate-core-6.4.4.Final.jar:6.4.4.Final]
    	at org.hibernate.boot.internal.SessionFactoryObserverForSchemaExport.sessionFactoryCreated(SessionFactoryObserverForSchemaExport.java:37) ~[hibernate-core-6.4.4.Final.jar:6.4.4.Final]
    	at org.hibernate.internal.SessionFactoryObserverChain.sessionFactoryCreated(SessionFactoryObserverChain.java:35) ~[hibernate-core-6.4.4.Final.jar:6.4.4.Final]
    	at org.hibernate.internal.SessionFactoryImpl.<init>(SessionFactoryImpl.java:315) ~[hibernate-core-6.4.4.Final.jar:6.4.4.Final]
    	at org.hibernate.boot.internal.SessionFactoryBuilderImpl.build(SessionFactoryBuilderImpl.java:450) ~[hibernate-core-6.4.4.Final.jar:6.4.4.Final]
    	at org.hibernate.jpa.boot.internal.EntityManagerFactoryBuilderImpl.build(EntityManagerFactoryBuilderImpl.java:1507) ~[hibernate-core-6.4.4.Final.jar:6.4.4.Final]
    	at org.springframework.orm.jpa.vendor.SpringHibernateJpaPersistenceProvider.createContainerEntityManagerFactory(SpringHibernateJpaPersistenceProvider.java:75) ~[spring-orm-6.1.4.jar:6.1.4]
    	at org.springframework.orm.jpa.LocalContainerEntityManagerFactoryBean.createNativeEntityManagerFactory(LocalContainerEntityManagerFactoryBean.java:388) ~[spring-orm-6.1.4.jar:6.1.4]
    	at org.springframework.orm.jpa.AbstractEntityManagerFactoryBean.buildNativeEntityManagerFactory(AbstractEntityManagerFactoryBean.java:409) ~[spring-orm-6.1.4.jar:6.1.4]
    	at org.springframework.orm.jpa.AbstractEntityManagerFactoryBean.afterPropertiesSet(AbstractEntityManagerFactoryBean.java:396) ~[spring-orm-6.1.4.jar:6.1.4]
    	at org.springframework.orm.jpa.LocalContainerEntityManagerFactoryBean.afterPropertiesSet(LocalContainerEntityManagerFactoryBean.java:364) ~[spring-orm-6.1.4.jar:6.1.4]
    	at org.springframework.beans.factory.support.AbstractAutowireCapableBeanFactory.invokeInitMethods(AbstractAutowireCapableBeanFactory.java:1833) ~[spring-beans-6.1.4.jar:6.1.4]
    	at org.springframework.beans.factory.support.AbstractAutowireCapableBeanFactory.initializeBean(AbstractAutowireCapableBeanFactory.java:1782) ~[spring-beans-6.1.4.jar:6.1.4]
    	at org.springframework.beans.factory.support.AbstractAutowireCapableBeanFactory.doCreateBean(AbstractAutowireCapableBeanFactory.java:600) ~[spring-beans-6.1.4.jar:6.1.4]
    	at org.springframework.beans.factory.support.AbstractAutowireCapableBeanFactory.createBean(AbstractAutowireCapableBeanFactory.java:522) ~[spring-beans-6.1.4.jar:6.1.4]
    	at org.springframework.beans.factory.support.AbstractBeanFactory.lambda$doGetBean$0(AbstractBeanFactory.java:325) ~[spring-beans-6.1.4.jar:6.1.4]
    	at org.springframework.beans.factory.support.DefaultSingletonBeanRegistry.getSingleton(DefaultSingletonBeanRegistry.java:234) ~[spring-beans-6.1.4.jar:6.1.4]
    	at org.springframework.beans.factory.support.AbstractBeanFactory.doGetBean(AbstractBeanFactory.java:323) ~[spring-beans-6.1.4.jar:6.1.4]
    	at org.springframework.beans.factory.support.AbstractBeanFactory.getBean(AbstractBeanFactory.java:199) ~[spring-beans-6.1.4.jar:6.1.4]
    	at org.springframework.context.support.AbstractApplicationContext.getBean(AbstractApplicationContext.java:1231) ~[spring-context-6.1.4.jar:6.1.4]
    	at org.springframework.context.support.AbstractApplicationContext.finishBeanFactoryInitialization(AbstractApplicationContext.java:949) ~[spring-context-6.1.4.jar:6.1.4]
    	at org.springframework.context.support.AbstractApplicationContext.refresh(AbstractApplicationContext.java:624) ~[spring-context-6.1.4.jar:6.1.4]
    	at org.springframework.boot.SpringApplication.refresh(SpringApplication.java:754) ~[spring-boot-3.2.3.jar:3.2.3]
    	at org.springframework.boot.SpringApplication.refreshContext(SpringApplication.java:456) ~[spring-boot-3.2.3.jar:3.2.3]
    	at org.springframework.boot.SpringApplication.run(SpringApplication.java:334) ~[spring-boot-3.2.3.jar:3.2.3]
    	at org.springframework.boot.test.context.SpringBootContextLoader.lambda$loadContext$3(SpringBootContextLoader.java:137) ~[spring-boot-test-3.2.3.jar:3.2.3]
    	at org.springframework.util.function.ThrowingSupplier.get(ThrowingSupplier.java:58) ~[spring-core-6.1.4.jar:6.1.4]
    	at org.springframework.util.function.ThrowingSupplier.get(ThrowingSupplier.java:46) ~[spring-core-6.1.4.jar:6.1.4]
    	at org.springframework.boot.SpringApplication.withHook(SpringApplication.java:1454) ~[spring-boot-3.2.3.jar:3.2.3]
    	at org.springframework.boot.test.context.SpringBootContextLoader$ContextLoaderHook.run(SpringBootContextLoader.java:553) ~[spring-boot-test-3.2.3.jar:3.2.3]
    	at org.springframework.boot.test.context.SpringBootContextLoader.loadContext(SpringBootContextLoader.java:137) ~[spring-boot-test-3.2.3.jar:3.2.3]
    	at org.springframework.boot.test.context.SpringBootContextLoader.loadContext(SpringBootContextLoader.java:108) ~[spring-boot-test-3.2.3.jar:3.2.3]
    	at org.springframework.test.context.cache.DefaultCacheAwareContextLoaderDelegate.loadContextInternal(DefaultCacheAwareContextLoaderDelegate.java:225) ~[spring-test-6.1.4.jar:6.1.4]
    	at org.springframework.test.context.cache.DefaultCacheAwareContextLoaderDelegate.loadContext(DefaultCacheAwareContextLoaderDelegate.java:152) ~[spring-test-6.1.4.jar:6.1.4]
    	at org.springframework.test.context.support.DefaultTestContext.getApplicationContext(DefaultTestContext.java:130) ~[spring-test-6.1.4.jar:6.1.4]
    	at org.springframework.test.context.support.DependencyInjectionTestExecutionListener.injectDependencies(DependencyInjectionTestExecutionListener.java:142) ~[spring-test-6.1.4.jar:6.1.4]
    	at org.springframework.test.context.support.DependencyInjectionTestExecutionListener.prepareTestInstance(DependencyInjectionTestExecutionListener.java:98) ~[spring-test-6.1.4.jar:6.1.4]
    	at org.springframework.test.context.TestContextManager.prepareTestInstance(TestContextManager.java:260) ~[spring-test-6.1.4.jar:6.1.4]
    	at org.springframework.test.context.junit.jupiter.SpringExtension.postProcessTestInstance(SpringExtension.java:163) ~[spring-test-6.1.4.jar:6.1.4]
    	at org.junit.jupiter.engine.descriptor.ClassBasedTestDescriptor.lambda$invokeTestInstancePostProcessors$10(ClassBasedTestDescriptor.java:378) ~[junit-jupiter-engine-5.10.2.jar:5.10.2]
    	at org.junit.jupiter.engine.descriptor.ClassBasedTestDescriptor.executeAndMaskThrowable(ClassBasedTestDescriptor.java:383) ~[junit-jupiter-engine-5.10.2.jar:5.10.2]
    	at org.junit.jupiter.engine.descriptor.ClassBasedTestDescriptor.lambda$invokeTestInstancePostProcessors$11(ClassBasedTestDescriptor.java:378) ~[junit-jupiter-engine-5.10.2.jar:5.10.2]
    	at java.base/java.util.stream.ReferencePipeline$3$1.accept(ReferencePipeline.java:197) ~[na:na]
    	at java.base/java.util.stream.ReferencePipeline$2$1.accept(ReferencePipeline.java:179) ~[na:na]
    	at java.base/java.util.ArrayList$ArrayListSpliterator.forEachRemaining(ArrayList.java:1708) ~[na:na]
    	at java.base/java.util.stream.AbstractPipeline.copyInto(AbstractPipeline.java:509) ~[na:na]
    	at java.base/java.util.stream.AbstractPipeline.wrapAndCopyInto(AbstractPipeline.java:499) ~[na:na]
    	at java.base/java.util.stream.StreamSpliterators$WrappingSpliterator.forEachRemaining(StreamSpliterators.java:310) ~[na:na]
    	at java.base/java.util.stream.Streams$ConcatSpliterator.forEachRemaining(Streams.java:735) ~[na:na]
    	at java.base/java.util.stream.Streams$ConcatSpliterator.forEachRemaining(Streams.java:734) ~[na:na]
    	at java.base/java.util.stream.ReferencePipeline$Head.forEach(ReferencePipeline.java:762) ~[na:na]
    	at org.junit.jupiter.engine.descriptor.ClassBasedTestDescriptor.invokeTestInstancePostProcessors(ClassBasedTestDescriptor.java:377) ~[junit-jupiter-engine-5.10.2.jar:5.10.2]
    	at org.junit.jupiter.engine.descriptor.ClassBasedTestDescriptor.lambda$instantiateAndPostProcessTestInstance$6(ClassBasedTestDescriptor.java:290) ~[junit-jupiter-engine-5.10.2.jar:5.10.2]
    	at org.junit.platform.engine.support.hierarchical.ThrowableCollector.execute(ThrowableCollector.java:73) ~[junit-platform-engine-1.10.2.jar:1.10.2]
    	at org.junit.jupiter.engine.descriptor.ClassBasedTestDescriptor.instantiateAndPostProcessTestInstance(ClassBasedTestDescriptor.java:289) ~[junit-jupiter-engine-5.10.2.jar:5.10.2]
    	at org.junit.jupiter.engine.descriptor.ClassBasedTestDescriptor.lambda$testInstancesProvider$4(ClassBasedTestDescriptor.java:279) ~[junit-jupiter-engine-5.10.2.jar:5.10.2]
    	at java.base/java.util.Optional.orElseGet(Optional.java:364) ~[na:na]
    	at org.junit.jupiter.engine.descriptor.ClassBasedTestDescriptor.lambda$testInstancesProvider$5(ClassBasedTestDescriptor.java:278) ~[junit-jupiter-engine-5.10.2.jar:5.10.2]
    	at org.junit.jupiter.engine.execution.TestInstancesProvider.getTestInstances(TestInstancesProvider.java:31) ~[junit-jupiter-engine-5.10.2.jar:5.10.2]
    	at org.junit.jupiter.engine.descriptor.TestMethodTestDescriptor.lambda$prepare$0(TestMethodTestDescriptor.java:106) ~[junit-jupiter-engine-5.10.2.jar:5.10.2]
    	at org.junit.platform.engine.support.hierarchical.ThrowableCollector.execute(ThrowableCollector.java:73) ~[junit-platform-engine-1.10.2.jar:1.10.2]
    	at org.junit.jupiter.engine.descriptor.TestMethodTestDescriptor.prepare(TestMethodTestDescriptor.java:105) ~[junit-jupiter-engine-5.10.2.jar:5.10.2]
    	at org.junit.jupiter.engine.descriptor.TestMethodTestDescriptor.prepare(TestMethodTestDescriptor.java:69) ~[junit-jupiter-engine-5.10.2.jar:5.10.2]
    	at org.junit.platform.engine.support.hierarchical.NodeTestTask.lambda$prepare$2(NodeTestTask.java:123) ~[junit-platform-engine-1.10.2.jar:1.10.2]
    	at org.junit.platform.engine.support.hierarchical.ThrowableCollector.execute(ThrowableCollector.java:73) ~[junit-platform-engine-1.10.2.jar:1.10.2]
    	at org.junit.platform.engine.support.hierarchical.NodeTestTask.prepare(NodeTestTask.java:123) ~[junit-platform-engine-1.10.2.jar:1.10.2]
    	at org.junit.platform.engine.support.hierarchical.NodeTestTask.execute(NodeTestTask.java:90) ~[junit-platform-engine-1.10.2.jar:1.10.2]
    	at java.base/java.util.ArrayList.forEach(ArrayList.java:1596) ~[na:na]
    	at org.junit.platform.engine.support.hierarchical.SameThreadHierarchicalTestExecutorService.invokeAll(SameThreadHierarchicalTestExecutorService.java:41) ~[junit-platform-engine-1.10.2.jar:1.10.2]
    	at org.junit.platform.engine.support.hierarchical.NodeTestTask.lambda$executeRecursively$6(NodeTestTask.java:155) ~[junit-platform-engine-1.10.2.jar:1.10.2]
    	at org.junit.platform.engine.support.hierarchical.ThrowableCollector.execute(ThrowableCollector.java:73) ~[junit-platform-engine-1.10.2.jar:1.10.2]
    	at org.junit.platform.engine.support.hierarchical.NodeTestTask.lambda$executeRecursively$8(NodeTestTask.java:141) ~[junit-platform-engine-1.10.2.jar:1.10.2]
    	at org.junit.platform.engine.support.hierarchical.Node.around(Node.java:137) ~[junit-platform-engine-1.10.2.jar:1.10.2]
    	at org.junit.platform.engine.support.hierarchical.NodeTestTask.lambda$executeRecursively$9(NodeTestTask.java:139) ~[junit-platform-engine-1.10.2.jar:1.10.2]
    	at org.junit.platform.engine.support.hierarchical.ThrowableCollector.execute(ThrowableCollector.java:73) ~[junit-platform-engine-1.10.2.jar:1.10.2]
    	at org.junit.platform.engine.support.hierarchical.NodeTestTask.executeRecursively(NodeTestTask.java:138) ~[junit-platform-engine-1.10.2.jar:1.10.2]
    	at org.junit.platform.engine.support.hierarchical.NodeTestTask.execute(NodeTestTask.java:95) ~[junit-platform-engine-1.10.2.jar:1.10.2]
    	at java.base/java.util.ArrayList.forEach(ArrayList.java:1596) ~[na:na]
    	at org.junit.platform.engine.support.hierarchical.SameThreadHierarchicalTestExecutorService.invokeAll(SameThreadHierarchicalTestExecutorService.java:41) ~[junit-platform-engine-1.10.2.jar:1.10.2]
    	at org.junit.platform.engine.support.hierarchical.NodeTestTask.lambda$executeRecursively$6(NodeTestTask.java:155) ~[junit-platform-engine-1.10.2.jar:1.10.2]
    	at org.junit.platform.engine.support.hierarchical.ThrowableCollector.execute(ThrowableCollector.java:73) ~[junit-platform-engine-1.10.2.jar:1.10.2]
    	at org.junit.platform.engine.support.hierarchical.NodeTestTask.lambda$executeRecursively$8(NodeTestTask.java:141) ~[junit-platform-engine-1.10.2.jar:1.10.2]
    	at org.junit.platform.engine.support.hierarchical.Node.around(Node.java:137) ~[junit-platform-engine-1.10.2.jar:1.10.2]
    	at org.junit.platform.engine.support.hierarchical.NodeTestTask.lambda$executeRecursively$9(NodeTestTask.java:139) ~[junit-platform-engine-1.10.2.jar:1.10.2]
    	at org.junit.platform.engine.support.hierarchical.ThrowableCollector.execute(ThrowableCollector.java:73) ~[junit-platform-engine-1.10.2.jar:1.10.2]
    	at org.junit.platform.engine.support.hierarchical.NodeTestTask.executeRecursively(NodeTestTask.java:138) ~[junit-platform-engine-1.10.2.jar:1.10.2]
    	at org.junit.platform.engine.support.hierarchical.NodeTestTask.execute(NodeTestTask.java:95) ~[junit-platform-engine-1.10.2.jar:1.10.2]
    	at org.junit.platform.engine.support.hierarchical.SameThreadHierarchicalTestExecutorService.submit(SameThreadHierarchicalTestExecutorService.java:35) ~[junit-platform-engine-1.10.2.jar:1.10.2]
    	at org.junit.platform.engine.support.hierarchical.HierarchicalTestExecutor.execute(HierarchicalTestExecutor.java:57) ~[junit-platform-engine-1.10.2.jar:1.10.2]
    	at org.junit.platform.engine.support.hierarchical.HierarchicalTestEngine.execute(HierarchicalTestEngine.java:54) ~[junit-platform-engine-1.10.2.jar:1.10.2]
    	at org.junit.platform.launcher.core.EngineExecutionOrchestrator.execute(EngineExecutionOrchestrator.java:107) ~[junit-platform-launcher-1.8.2.jar:1.8.2]
    	at org.junit.platform.launcher.core.EngineExecutionOrchestrator.execute(EngineExecutionOrchestrator.java:88) ~[junit-platform-launcher-1.8.2.jar:1.8.2]
    	at org.junit.platform.launcher.core.EngineExecutionOrchestrator.lambda$execute$0(EngineExecutionOrchestrator.java:54) ~[junit-platform-launcher-1.8.2.jar:1.8.2]
    	at org.junit.platform.launcher.core.EngineExecutionOrchestrator.withInterceptedStreams(EngineExecutionOrchestrator.java:67) ~[junit-platform-launcher-1.8.2.jar:1.8.2]
    	at org.junit.platform.launcher.core.EngineExecutionOrchestrator.execute(EngineExecutionOrchestrator.java:52) ~[junit-platform-launcher-1.8.2.jar:1.8.2]
    	at org.junit.platform.launcher.core.DefaultLauncher.execute(DefaultLauncher.java:114) ~[junit-platform-launcher-1.8.2.jar:1.8.2]
    	at org.junit.platform.launcher.core.DefaultLauncher.execute(DefaultLauncher.java:86) ~[junit-platform-launcher-1.8.2.jar:1.8.2]
    	at org.junit.platform.launcher.core.DefaultLauncherSession$DelegatingLauncher.execute(DefaultLauncherSession.java:86) ~[junit-platform-launcher-1.8.2.jar:1.8.2]
    	at org.gradle.api.internal.tasks.testing.junitplatform.JUnitPlatformTestClassProcessor$CollectAllTestClassesExecutor.processAllTestClasses(JUnitPlatformTestClassProcessor.java:124) ~[na:na]
    	at org.gradle.api.internal.tasks.testing.junitplatform.JUnitPlatformTestClassProcessor$CollectAllTestClassesExecutor.access$000(JUnitPlatformTestClassProcessor.java:99) ~[na:na]
    	at org.gradle.api.internal.tasks.testing.junitplatform.JUnitPlatformTestClassProcessor.stop(JUnitPlatformTestClassProcessor.java:94) ~[na:na]
    	at org.gradle.api.internal.tasks.testing.SuiteTestClassProcessor.stop(SuiteTestClassProcessor.java:63) ~[na:na]
    	at java.base/jdk.internal.reflect.DirectMethodHandleAccessor.invoke(DirectMethodHandleAccessor.java:103) ~[na:na]
    	at java.base/java.lang.reflect.Method.invoke(Method.java:580) ~[na:na]
    	at org.gradle.internal.dispatch.ReflectionDispatch.dispatch(ReflectionDispatch.java:36) ~[na:na]
    	at org.gradle.internal.dispatch.ReflectionDispatch.dispatch(ReflectionDispatch.java:24) ~[na:na]
    	at org.gradle.internal.dispatch.ContextClassLoaderDispatch.dispatch(ContextClassLoaderDispatch.java:33) ~[na:na]
    	at org.gradle.internal.dispatch.ProxyDispatchAdapter$DispatchingInvocationHandler.invoke(ProxyDispatchAdapter.java:92) ~[na:na]
    	at jdk.proxy1/jdk.proxy1.$Proxy4.stop(Unknown Source) ~[na:na]
    	at org.gradle.api.internal.tasks.testing.worker.TestWorker$3.run(TestWorker.java:200) ~[na:na]
    	at org.gradle.api.internal.tasks.testing.worker.TestWorker.executeAndMaintainThreadName(TestWorker.java:132) ~[na:na]
    	at org.gradle.api.internal.tasks.testing.worker.TestWorker.execute(TestWorker.java:103) ~[na:na]
    	at org.gradle.api.internal.tasks.testing.worker.TestWorker.execute(TestWorker.java:63) ~[na:na]
    	at org.gradle.process.internal.worker.child.ActionExecutionWorker.execute(ActionExecutionWorker.java:56) ~[na:na]
    	at org.gradle.process.internal.worker.child.SystemApplicationClassLoaderWorker.call(SystemApplicationClassLoaderWorker.java:121) ~[na:na]
    	at org.gradle.process.internal.worker.child.SystemApplicationClassLoaderWorker.call(SystemApplicationClassLoaderWorker.java:71) ~[na:na]
    	at worker.org.gradle.process.internal.worker.GradleWorkerMain.run(GradleWorkerMain.java:69) ~[gradle-worker.jar:na]
    	at worker.org.gradle.process.internal.worker.GradleWorkerMain.main(GradleWorkerMain.java:74) ~[gradle-worker.jar:na]
    Caused by: org.h2.jdbc.JdbcSQLSyntaxErrorException: Domain "uuid" not found; SQL statement:

        create table "verification_tokens" (
            "created_at" timestamp(6),
            "expires_at" timestamp(6),
            "id" "uuid" not null,
            "user_id" "uuid",
            "type" varchar(50),
            "token" varchar(255),
            primary key ("id")
        ) [90120-224]
    	at org.h2.message.DbException.getJdbcSQLException(DbException.java:644) ~[h2-2.2.224.jar:2.2.224]
    	at org.h2.message.DbException.getJdbcSQLException(DbException.java:489) ~[h2-2.2.224.jar:2.2.224]
    	at org.h2.message.DbException.get(DbException.java:223) ~[h2-2.2.224.jar:2.2.224]
    	at org.h2.message.DbException.get(DbException.java:199) ~[h2-2.2.224.jar:2.2.224]
    	at org.h2.schema.Schema.getDomain(Schema.java:611) ~[h2-2.2.224.jar:2.2.224]
    	at org.h2.command.Parser.parseColumnWithType(Parser.java:5689) ~[h2-2.2.224.jar:2.2.224]
    	at org.h2.command.Parser.parseColumnForTable(Parser.java:5565) ~[h2-2.2.224.jar:2.2.224]
    	at org.h2.command.Parser.parseTableColumnDefinition(Parser.java:8999) ~[h2-2.2.224.jar:2.2.224]
    	at org.h2.command.Parser.parseCreateTable(Parser.java:8939) ~[h2-2.2.224.jar:2.2.224]
    	at org.h2.command.Parser.parseCreate(Parser.java:6404) ~[h2-2.2.224.jar:2.2.224]
    	at org.h2.command.Parser.parsePrepared(Parser.java:666) ~[h2-2.2.224.jar:2.2.224]
    	at org.h2.command.Parser.parse(Parser.java:592) ~[h2-2.2.224.jar:2.2.224]
    	at org.h2.command.Parser.parse(Parser.java:564) ~[h2-2.2.224.jar:2.2.224]
    	at org.h2.command.Parser.prepareCommand(Parser.java:483) ~[h2-2.2.224.jar:2.2.224]
    	at org.h2.engine.SessionLocal.prepareLocal(SessionLocal.java:639) ~[h2-2.2.224.jar:2.2.224]
    	at org.h2.engine.SessionLocal.prepareCommand(SessionLocal.java:559) ~[h2-2.2.224.jar:2.2.224]
    	at org.h2.jdbc.JdbcConnection.prepareCommand(JdbcConnection.java:1166) ~[h2-2.2.224.jar:2.2.224]
    	at org.h2.jdbc.JdbcStatement.executeInternal(JdbcStatement.java:245) ~[h2-2.2.224.jar:2.2.224]
    	at org.h2.jdbc.JdbcStatement.execute(JdbcStatement.java:231) ~[h2-2.2.224.jar:2.2.224]
    	at com.zaxxer.hikari.pool.ProxyStatement.execute(ProxyStatement.java:94) ~[HikariCP-5.0.1.jar:na]
    	at com.zaxxer.hikari.pool.HikariProxyStatement.execute(HikariProxyStatement.java) ~[HikariCP-5.0.1.jar:na]
    	at org.hibernate.tool.schema.internal.exec.GenerationTargetToDatabase.accept(GenerationTargetToDatabase.java:80) ~[hibernate-core-6.4.4.Final.jar:6.4.4.Final]
    	... 129 common frames omitted

    2025-04-06T08:34:47.510-07:00  INFO 44469 --- [    Test worker] j.LocalContainerEntityManagerFactoryBean : Initialized JPA EntityManagerFactory for persistence unit 'default'
    2025-04-06T08:34:47.558-07:00  INFO 44469 --- [    Test worker] c.h.service.UserProfileServiceTest       : Started UserProfileServiceTest in 0.153 seconds (process running for 5.401)

UserProfileServiceTest > updateProfile_WithEmailChange_ShouldCreateVerificationToken() STANDARD_OUT
    2025-04-06T08:34:47.638-07:00 DEBUG 44469 --- [    Test worker] org.hibernate.SQL                        : 
        insert 
        into
            "users"
            ("created_at", "display_name", "email", "email_verified", "first_name", "mobile_number", "password_hash", "remember_me_token", "updated_at", "user_address", "year_of_birth", "id") 
        values
            (?, ?, ?, ?, ?, ?, ?, ?, ?, ?, ?, ?)
    Hibernate: 
        insert 
        into
            "users"
            ("created_at", "display_name", "email", "email_verified", "first_name", "mobile_number", "password_hash", "remember_me_token", "updated_at", "user_address", "year_of_birth", "id") 
        values
            (?, ?, ?, ?, ?, ?, ?, ?, ?, ?, ?, ?)
    2025-04-06T08:34:47.644-07:00 DEBUG 44469 --- [    Test worker] org.hibernate.SQL                        : 
        select
            u1_0."id",
            u1_0."created_at",
            u1_0."display_name",
            u1_0."email",
            u1_0."email_verified",
            u1_0."first_name",
            u1_0."mobile_number",
            u1_0."password_hash",
            u1_0."remember_me_token",
            u1_0."updated_at",
            u1_0."user_address",
            u1_0."year_of_birth" 
        from
            "users" u1_0 
        where
            u1_0."id"=?
    Hibernate: 
        select
            u1_0."id",
            u1_0."created_at",
            u1_0."display_name",
            u1_0."email",
            u1_0."email_verified",
            u1_0."first_name",
            u1_0."mobile_number",
            u1_0."password_hash",
            u1_0."remember_me_token",
            u1_0."updated_at",
            u1_0."user_address",
            u1_0."year_of_birth" 
        from
            "users" u1_0 
        where
            u1_0."id"=?
    2025-04-06T08:34:47.647-07:00 DEBUG 44469 --- [    Test worker] org.hibernate.SQL                        : 
        select
            vt1_0."id",
            vt1_0."created_at",
            vt1_0."expires_at",
            vt1_0."token",
            vt1_0."type",
            vt1_0."user_id" 
        from
            "verification_tokens" vt1_0 
        where
            vt1_0."id"=?
    Hibernate: 
        select
            vt1_0."id",
            vt1_0."created_at",
            vt1_0."expires_at",
            vt1_0."token",
            vt1_0."type",
            vt1_0."user_id" 
        from
            "verification_tokens" vt1_0 
        where
            vt1_0."id"=?
    2025-04-06T08:34:47.647-07:00  WARN 44469 --- [    Test worker] o.h.engine.jdbc.spi.SqlExceptionHelper   : SQL Error: 42102, SQLState: 42S02
    2025-04-06T08:34:47.647-07:00 ERROR 44469 --- [    Test worker] o.h.engine.jdbc.spi.SqlExceptionHelper   : Table "verification_tokens" not found; SQL statement:
    select vt1_0."id",vt1_0."created_at",vt1_0."expires_at",vt1_0."token",vt1_0."type",vt1_0."user_id" from "verification_tokens" vt1_0 where vt1_0."id"=? [42102-224]
    2025-04-06T08:34:47.647-07:00  INFO 44469 --- [    Test worker] o.h.e.internal.DefaultLoadEventListener  : HHH000327: Error performing load command

    org.hibernate.exception.SQLGrammarException: could not prepare statement [Table "verification_tokens" not found; SQL statement:
    select vt1_0."id",vt1_0."created_at",vt1_0."expires_at",vt1_0."token",vt1_0."type",vt1_0."user_id" from "verification_tokens" vt1_0 where vt1_0."id"=? [42102-224]] [select vt1_0."id",vt1_0."created_at",vt1_0."expires_at",vt1_0."token",vt1_0."type",vt1_0."user_id" from "verification_tokens" vt1_0 where vt1_0."id"=?]
    	at org.hibernate.exception.internal.SQLExceptionTypeDelegate.convert(SQLExceptionTypeDelegate.java:66) ~[hibernate-core-6.4.4.Final.jar:6.4.4.Final]
    	at org.hibernate.exception.internal.StandardSQLExceptionConverter.convert(StandardSQLExceptionConverter.java:58) ~[hibernate-core-6.4.4.Final.jar:6.4.4.Final]
    	at org.hibernate.engine.jdbc.spi.SqlExceptionHelper.convert(SqlExceptionHelper.java:108) ~[hibernate-core-6.4.4.Final.jar:6.4.4.Final]
    	at org.hibernate.engine.jdbc.internal.StatementPreparerImpl$StatementPreparationTemplate.prepareStatement(StatementPreparerImpl.java:194) ~[hibernate-core-6.4.4.Final.jar:6.4.4.Final]
    	at org.hibernate.engine.jdbc.internal.StatementPreparerImpl.prepareQueryStatement(StatementPreparerImpl.java:155) ~[hibernate-core-6.4.4.Final.jar:6.4.4.Final]
    	at org.hibernate.sql.exec.spi.JdbcSelectExecutor.lambda$list$0(JdbcSelectExecutor.java:85) ~[hibernate-core-6.4.4.Final.jar:6.4.4.Final]
    	at org.hibernate.sql.results.jdbc.internal.DeferredResultSetAccess.executeQuery(DeferredResultSetAccess.java:231) ~[hibernate-core-6.4.4.Final.jar:6.4.4.Final]
    	at org.hibernate.sql.results.jdbc.internal.DeferredResultSetAccess.getResultSet(DeferredResultSetAccess.java:167) ~[hibernate-core-6.4.4.Final.jar:6.4.4.Final]
    	at org.hibernate.sql.results.jdbc.internal.JdbcValuesResultSetImpl.advanceNext(JdbcValuesResultSetImpl.java:218) ~[hibernate-core-6.4.4.Final.jar:6.4.4.Final]
    	at org.hibernate.sql.results.jdbc.internal.JdbcValuesResultSetImpl.processNext(JdbcValuesResultSetImpl.java:98) ~[hibernate-core-6.4.4.Final.jar:6.4.4.Final]
    	at org.hibernate.sql.results.jdbc.internal.AbstractJdbcValues.next(AbstractJdbcValues.java:19) ~[hibernate-core-6.4.4.Final.jar:6.4.4.Final]
    	at org.hibernate.sql.results.internal.RowProcessingStateStandardImpl.next(RowProcessingStateStandardImpl.java:66) ~[hibernate-core-6.4.4.Final.jar:6.4.4.Final]
    	at org.hibernate.sql.results.spi.ListResultsConsumer.consume(ListResultsConsumer.java:187) ~[hibernate-core-6.4.4.Final.jar:6.4.4.Final]
    	at org.hibernate.sql.results.spi.ListResultsConsumer.consume(ListResultsConsumer.java:33) ~[hibernate-core-6.4.4.Final.jar:6.4.4.Final]
    	at org.hibernate.sql.exec.internal.JdbcSelectExecutorStandardImpl.doExecuteQuery(JdbcSelectExecutorStandardImpl.java:209) ~[hibernate-core-6.4.4.Final.jar:6.4.4.Final]
    	at org.hibernate.sql.exec.internal.JdbcSelectExecutorStandardImpl.executeQuery(JdbcSelectExecutorStandardImpl.java:83) ~[hibernate-core-6.4.4.Final.jar:6.4.4.Final]
    	at org.hibernate.sql.exec.spi.JdbcSelectExecutor.list(JdbcSelectExecutor.java:76) ~[hibernate-core-6.4.4.Final.jar:6.4.4.Final]
    	at org.hibernate.sql.exec.spi.JdbcSelectExecutor.list(JdbcSelectExecutor.java:65) ~[hibernate-core-6.4.4.Final.jar:6.4.4.Final]
    	at org.hibernate.loader.ast.internal.SingleIdLoadPlan.load(SingleIdLoadPlan.java:145) ~[hibernate-core-6.4.4.Final.jar:6.4.4.Final]
    	at org.hibernate.loader.ast.internal.SingleIdLoadPlan.load(SingleIdLoadPlan.java:117) ~[hibernate-core-6.4.4.Final.jar:6.4.4.Final]
    	at org.hibernate.loader.ast.internal.SingleIdEntityLoaderStandardImpl.load(SingleIdEntityLoaderStandardImpl.java:75) ~[hibernate-core-6.4.4.Final.jar:6.4.4.Final]
    	at org.hibernate.persister.entity.AbstractEntityPersister.doLoad(AbstractEntityPersister.java:3748) ~[hibernate-core-6.4.4.Final.jar:6.4.4.Final]
    	at org.hibernate.persister.entity.AbstractEntityPersister.load(AbstractEntityPersister.java:3737) ~[hibernate-core-6.4.4.Final.jar:6.4.4.Final]
    	at org.hibernate.event.internal.DefaultLoadEventListener.loadFromDatasource(DefaultLoadEventListener.java:604) ~[hibernate-core-6.4.4.Final.jar:6.4.4.Final]
    	at org.hibernate.event.internal.DefaultLoadEventListener.loadFromCacheOrDatasource(DefaultLoadEventListener.java:590) ~[hibernate-core-6.4.4.Final.jar:6.4.4.Final]
    	at org.hibernate.event.internal.DefaultLoadEventListener.load(DefaultLoadEventListener.java:560) ~[hibernate-core-6.4.4.Final.jar:6.4.4.Final]
    	at org.hibernate.event.internal.DefaultLoadEventListener.doLoad(DefaultLoadEventListener.java:544) ~[hibernate-core-6.4.4.Final.jar:6.4.4.Final]
    	at org.hibernate.event.internal.DefaultLoadEventListener.load(DefaultLoadEventListener.java:207) ~[hibernate-core-6.4.4.Final.jar:6.4.4.Final]
    	at org.hibernate.event.internal.DefaultLoadEventListener.loadWithRegularProxy(DefaultLoadEventListener.java:290) ~[hibernate-core-6.4.4.Final.jar:6.4.4.Final]
    	at org.hibernate.event.internal.DefaultLoadEventListener.proxyOrLoad(DefaultLoadEventListener.java:242) ~[hibernate-core-6.4.4.Final.jar:6.4.4.Final]
    	at org.hibernate.event.internal.DefaultLoadEventListener.doOnLoad(DefaultLoadEventListener.java:111) ~[hibernate-core-6.4.4.Final.jar:6.4.4.Final]
    	at org.hibernate.event.internal.DefaultLoadEventListener.onLoad(DefaultLoadEventListener.java:68) ~[hibernate-core-6.4.4.Final.jar:6.4.4.Final]
    	at org.hibernate.event.service.internal.EventListenerGroupImpl.fireEventOnEachListener(EventListenerGroupImpl.java:138) ~[hibernate-core-6.4.4.Final.jar:6.4.4.Final]
    	at org.hibernate.internal.SessionImpl.fireLoadNoChecks(SessionImpl.java:1222) ~[hibernate-core-6.4.4.Final.jar:6.4.4.Final]
    	at org.hibernate.internal.SessionImpl.fireLoad(SessionImpl.java:1210) ~[hibernate-core-6.4.4.Final.jar:6.4.4.Final]
    	at org.hibernate.loader.internal.IdentifierLoadAccessImpl.load(IdentifierLoadAccessImpl.java:209) ~[hibernate-core-6.4.4.Final.jar:6.4.4.Final]
    	at org.hibernate.loader.internal.IdentifierLoadAccessImpl.doLoad(IdentifierLoadAccessImpl.java:160) ~[hibernate-core-6.4.4.Final.jar:6.4.4.Final]
    	at org.hibernate.loader.internal.IdentifierLoadAccessImpl.lambda$load$1(IdentifierLoadAccessImpl.java:149) ~[hibernate-core-6.4.4.Final.jar:6.4.4.Final]
    	at org.hibernate.loader.internal.IdentifierLoadAccessImpl.perform(IdentifierLoadAccessImpl.java:112) ~[hibernate-core-6.4.4.Final.jar:6.4.4.Final]
    	at org.hibernate.loader.internal.IdentifierLoadAccessImpl.load(IdentifierLoadAccessImpl.java:149) ~[hibernate-core-6.4.4.Final.jar:6.4.4.Final]
    	at org.hibernate.internal.SessionImpl.get(SessionImpl.java:1023) ~[hibernate-core-6.4.4.Final.jar:6.4.4.Final]
    	at org.hibernate.event.internal.DefaultMergeEventListener.lambda$entityIsDetached$0(DefaultMergeEventListener.java:407) ~[hibernate-core-6.4.4.Final.jar:6.4.4.Final]
    	at org.hibernate.engine.spi.LoadQueryInfluencers.fromInternalFetchProfile(LoadQueryInfluencers.java:99) ~[hibernate-core-6.4.4.Final.jar:6.4.4.Final]
    	at org.hibernate.event.internal.DefaultMergeEventListener.entityIsDetached(DefaultMergeEventListener.java:405) ~[hibernate-core-6.4.4.Final.jar:6.4.4.Final]
    	at org.hibernate.event.internal.DefaultMergeEventListener.merge(DefaultMergeEventListener.java:208) ~[hibernate-core-6.4.4.Final.jar:6.4.4.Final]
    	at org.hibernate.event.internal.DefaultMergeEventListener.doMerge(DefaultMergeEventListener.java:146) ~[hibernate-core-6.4.4.Final.jar:6.4.4.Final]
    	at org.hibernate.event.internal.DefaultMergeEventListener.onMerge(DefaultMergeEventListener.java:130) ~[hibernate-core-6.4.4.Final.jar:6.4.4.Final]
    	at org.hibernate.event.internal.DefaultMergeEventListener.onMerge(DefaultMergeEventListener.java:84) ~[hibernate-core-6.4.4.Final.jar:6.4.4.Final]
    	at org.hibernate.event.service.internal.EventListenerGroupImpl.fireEventOnEachListener(EventListenerGroupImpl.java:127) ~[hibernate-core-6.4.4.Final.jar:6.4.4.Final]
    	at org.hibernate.internal.SessionImpl.fireMerge(SessionImpl.java:847) ~[hibernate-core-6.4.4.Final.jar:6.4.4.Final]
    	at org.hibernate.internal.SessionImpl.merge(SessionImpl.java:833) ~[hibernate-core-6.4.4.Final.jar:6.4.4.Final]
    	at java.base/jdk.internal.reflect.DirectMethodHandleAccessor.invoke(DirectMethodHandleAccessor.java:103) ~[na:na]
    	at java.base/java.lang.reflect.Method.invoke(Method.java:580) ~[na:na]
    	at org.springframework.orm.jpa.SharedEntityManagerCreator$SharedEntityManagerInvocationHandler.invoke(SharedEntityManagerCreator.java:319) ~[spring-orm-6.1.4.jar:6.1.4]
    	at jdk.proxy3/jdk.proxy3.$Proxy135.merge(Unknown Source) ~[na:na]
    	at org.springframework.data.jpa.repository.support.SimpleJpaRepository.save(SimpleJpaRepository.java:621) ~[spring-data-jpa-3.2.3.jar:3.2.3]
    	at java.base/jdk.internal.reflect.DirectMethodHandleAccessor.invoke(DirectMethodHandleAccessor.java:103) ~[na:na]
    	at java.base/java.lang.reflect.Method.invoke(Method.java:580) ~[na:na]
    	at org.springframework.aop.support.AopUtils.invokeJoinpointUsingReflection(AopUtils.java:351) ~[spring-aop-6.1.4.jar:6.1.4]
    	at org.springframework.data.repository.core.support.RepositoryMethodInvoker$RepositoryFragmentMethodInvoker.lambda$new$0(RepositoryMethodInvoker.java:277) ~[spring-data-commons-3.2.3.jar:3.2.3]
    	at org.springframework.data.repository.core.support.RepositoryMethodInvoker.doInvoke(RepositoryMethodInvoker.java:170) ~[spring-data-commons-3.2.3.jar:3.2.3]
    	at org.springframework.data.repository.core.support.RepositoryMethodInvoker.invoke(RepositoryMethodInvoker.java:158) ~[spring-data-commons-3.2.3.jar:3.2.3]
    	at org.springframework.data.repository.core.support.RepositoryComposition$RepositoryFragments.invoke(RepositoryComposition.java:516) ~[spring-data-commons-3.2.3.jar:3.2.3]
    	at org.springframework.data.repository.core.support.RepositoryComposition.invoke(RepositoryComposition.java:285) ~[spring-data-commons-3.2.3.jar:3.2.3]
    	at org.springframework.data.repository.core.support.RepositoryFactorySupport$ImplementationMethodExecutionInterceptor.invoke(RepositoryFactorySupport.java:628) ~[spring-data-commons-3.2.3.jar:3.2.3]
    	at org.springframework.aop.framework.ReflectiveMethodInvocation.proceed(ReflectiveMethodInvocation.java:184) ~[spring-aop-6.1.4.jar:6.1.4]
    	at org.springframework.data.repository.core.support.QueryExecutorMethodInterceptor.doInvoke(QueryExecutorMethodInterceptor.java:168) ~[spring-data-commons-3.2.3.jar:3.2.3]
    	at org.springframework.data.repository.core.support.QueryExecutorMethodInterceptor.invoke(QueryExecutorMethodInterceptor.java:143) ~[spring-data-commons-3.2.3.jar:3.2.3]
    	at org.springframework.aop.framework.ReflectiveMethodInvocation.proceed(ReflectiveMethodInvocation.java:184) ~[spring-aop-6.1.4.jar:6.1.4]
    	at org.springframework.data.projection.DefaultMethodInvokingMethodInterceptor.invoke(DefaultMethodInvokingMethodInterceptor.java:70) ~[spring-data-commons-3.2.3.jar:3.2.3]
    	at org.springframework.aop.framework.ReflectiveMethodInvocation.proceed(ReflectiveMethodInvocation.java:184) ~[spring-aop-6.1.4.jar:6.1.4]
    	at org.springframework.transaction.interceptor.TransactionInterceptor$1.proceedWithInvocation(TransactionInterceptor.java:123) ~[spring-tx-6.1.4.jar:6.1.4]
    	at org.springframework.transaction.interceptor.TransactionAspectSupport.invokeWithinTransaction(TransactionAspectSupport.java:385) ~[spring-tx-6.1.4.jar:6.1.4]
    	at org.springframework.transaction.interceptor.TransactionInterceptor.invoke(TransactionInterceptor.java:119) ~[spring-tx-6.1.4.jar:6.1.4]
    	at org.springframework.aop.framework.ReflectiveMethodInvocation.proceed(ReflectiveMethodInvocation.java:184) ~[spring-aop-6.1.4.jar:6.1.4]
    	at org.springframework.dao.support.PersistenceExceptionTranslationInterceptor.invoke(PersistenceExceptionTranslationInterceptor.java:137) ~[spring-tx-6.1.4.jar:6.1.4]
    	at org.springframework.aop.framework.ReflectiveMethodInvocation.proceed(ReflectiveMethodInvocation.java:184) ~[spring-aop-6.1.4.jar:6.1.4]
    	at org.springframework.data.jpa.repository.support.CrudMethodMetadataPostProcessor$CrudMethodMetadataPopulatingMethodInterceptor.invoke(CrudMethodMetadataPostProcessor.java:164) ~[spring-data-jpa-3.2.3.jar:3.2.3]
    	at org.springframework.aop.framework.ReflectiveMethodInvocation.proceed(ReflectiveMethodInvocation.java:184) ~[spring-aop-6.1.4.jar:6.1.4]
    	at org.springframework.aop.interceptor.ExposeInvocationInterceptor.invoke(ExposeInvocationInterceptor.java:97) ~[spring-aop-6.1.4.jar:6.1.4]
    	at org.springframework.aop.framework.ReflectiveMethodInvocation.proceed(ReflectiveMethodInvocation.java:184) ~[spring-aop-6.1.4.jar:6.1.4]
    	at org.springframework.aop.framework.JdkDynamicAopProxy.invoke(JdkDynamicAopProxy.java:220) ~[spring-aop-6.1.4.jar:6.1.4]
    	at jdk.proxy3/jdk.proxy3.$Proxy145.save(Unknown Source) ~[na:na]
    	at com.heartrate.service.UserProfileService.handleEmailChange(UserProfileService.java:103) ~[main/:na]
    	at com.heartrate.service.UserProfileService.updateProfile(UserProfileService.java:55) ~[main/:na]
    	at java.base/jdk.internal.reflect.DirectMethodHandleAccessor.invoke(DirectMethodHandleAccessor.java:103) ~[na:na]
    	at java.base/java.lang.reflect.Method.invoke(Method.java:580) ~[na:na]
    	at org.springframework.aop.support.AopUtils.invokeJoinpointUsingReflection(AopUtils.java:351) ~[spring-aop-6.1.4.jar:6.1.4]
    	at org.springframework.aop.framework.ReflectiveMethodInvocation.invokeJoinpoint(ReflectiveMethodInvocation.java:196) ~[spring-aop-6.1.4.jar:6.1.4]
    	at org.springframework.aop.framework.ReflectiveMethodInvocation.proceed(ReflectiveMethodInvocation.java:163) ~[spring-aop-6.1.4.jar:6.1.4]
    	at org.springframework.aop.framework.CglibAopProxy$CglibMethodInvocation.proceed(CglibAopProxy.java:765) ~[spring-aop-6.1.4.jar:6.1.4]
    	at org.springframework.transaction.interceptor.TransactionInterceptor$1.proceedWithInvocation(TransactionInterceptor.java:123) ~[spring-tx-6.1.4.jar:6.1.4]
    	at org.springframework.transaction.interceptor.TransactionAspectSupport.invokeWithinTransaction(TransactionAspectSupport.java:385) ~[spring-tx-6.1.4.jar:6.1.4]
    	at org.springframework.transaction.interceptor.TransactionInterceptor.invoke(TransactionInterceptor.java:119) ~[spring-tx-6.1.4.jar:6.1.4]
    	at org.springframework.aop.framework.ReflectiveMethodInvocation.proceed(ReflectiveMethodInvocation.java:184) ~[spring-aop-6.1.4.jar:6.1.4]
    	at org.springframework.aop.framework.CglibAopProxy$CglibMethodInvocation.proceed(CglibAopProxy.java:765) ~[spring-aop-6.1.4.jar:6.1.4]
    	at org.springframework.aop.framework.CglibAopProxy$DynamicAdvisedInterceptor.intercept(CglibAopProxy.java:717) ~[spring-aop-6.1.4.jar:6.1.4]
    	at com.heartrate.service.UserProfileService$$SpringCGLIB$$0.updateProfile(<generated>) ~[main/:na]
    	at com.heartrate.service.UserProfileServiceTest.updateProfile_WithEmailChange_ShouldCreateVerificationToken(UserProfileServiceTest.java:97) ~[test/:na]
    	at java.base/jdk.internal.reflect.DirectMethodHandleAccessor.invoke(DirectMethodHandleAccessor.java:103) ~[na:na]
    	at java.base/java.lang.reflect.Method.invoke(Method.java:580) ~[na:na]
    	at org.junit.platform.commons.util.ReflectionUtils.invokeMethod(ReflectionUtils.java:728) ~[junit-platform-commons-1.10.2.jar:1.10.2]
    	at org.junit.jupiter.engine.execution.MethodInvocation.proceed(MethodInvocation.java:60) ~[junit-jupiter-engine-5.10.2.jar:5.10.2]
    	at org.junit.jupiter.engine.execution.InvocationInterceptorChain$ValidatingInvocation.proceed(InvocationInterceptorChain.java:131) ~[junit-jupiter-engine-5.10.2.jar:5.10.2]
    	at org.junit.jupiter.engine.extension.TimeoutExtension.intercept(TimeoutExtension.java:156) ~[junit-jupiter-engine-5.10.2.jar:5.10.2]
    	at org.junit.jupiter.engine.extension.TimeoutExtension.interceptTestableMethod(TimeoutExtension.java:147) ~[junit-jupiter-engine-5.10.2.jar:5.10.2]
    	at org.junit.jupiter.engine.extension.TimeoutExtension.interceptTestMethod(TimeoutExtension.java:86) ~[junit-jupiter-engine-5.10.2.jar:5.10.2]
    	at org.junit.jupiter.engine.execution.InterceptingExecutableInvoker$ReflectiveInterceptorCall.lambda$ofVoidMethod$0(InterceptingExecutableInvoker.java:103) ~[junit-jupiter-engine-5.10.2.jar:5.10.2]
    	at org.junit.jupiter.engine.execution.InterceptingExecutableInvoker.lambda$invoke$0(InterceptingExecutableInvoker.java:93) ~[junit-jupiter-engine-5.10.2.jar:5.10.2]
    	at org.junit.jupiter.engine.execution.InvocationInterceptorChain$InterceptedInvocation.proceed(InvocationInterceptorChain.java:106) ~[junit-jupiter-engine-5.10.2.jar:5.10.2]
    	at org.junit.jupiter.engine.execution.InvocationInterceptorChain.proceed(InvocationInterceptorChain.java:64) ~[junit-jupiter-engine-5.10.2.jar:5.10.2]
    	at org.junit.jupiter.engine.execution.InvocationInterceptorChain.chainAndInvoke(InvocationInterceptorChain.java:45) ~[junit-jupiter-engine-5.10.2.jar:5.10.2]
    	at org.junit.jupiter.engine.execution.InvocationInterceptorChain.invoke(InvocationInterceptorChain.java:37) ~[junit-jupiter-engine-5.10.2.jar:5.10.2]
    	at org.junit.jupiter.engine.execution.InterceptingExecutableInvoker.invoke(InterceptingExecutableInvoker.java:92) ~[junit-jupiter-engine-5.10.2.jar:5.10.2]
    	at org.junit.jupiter.engine.execution.InterceptingExecutableInvoker.invoke(InterceptingExecutableInvoker.java:86) ~[junit-jupiter-engine-5.10.2.jar:5.10.2]
    	at org.junit.jupiter.engine.descriptor.TestMethodTestDescriptor.lambda$invokeTestMethod$7(TestMethodTestDescriptor.java:218) ~[junit-jupiter-engine-5.10.2.jar:5.10.2]
    	at org.junit.platform.engine.support.hierarchical.ThrowableCollector.execute(ThrowableCollector.java:73) ~[junit-platform-engine-1.10.2.jar:1.10.2]
    	at org.junit.jupiter.engine.descriptor.TestMethodTestDescriptor.invokeTestMethod(TestMethodTestDescriptor.java:214) ~[junit-jupiter-engine-5.10.2.jar:5.10.2]
    	at org.junit.jupiter.engine.descriptor.TestMethodTestDescriptor.execute(TestMethodTestDescriptor.java:139) ~[junit-jupiter-engine-5.10.2.jar:5.10.2]
    	at org.junit.jupiter.engine.descriptor.TestMethodTestDescriptor.execute(TestMethodTestDescriptor.java:69) ~[junit-jupiter-engine-5.10.2.jar:5.10.2]
    	at org.junit.platform.engine.support.hierarchical.NodeTestTask.lambda$executeRecursively$6(NodeTestTask.java:151) ~[junit-platform-engine-1.10.2.jar:1.10.2]
    	at org.junit.platform.engine.support.hierarchical.ThrowableCollector.execute(ThrowableCollector.java:73) ~[junit-platform-engine-1.10.2.jar:1.10.2]
    	at org.junit.platform.engine.support.hierarchical.NodeTestTask.lambda$executeRecursively$8(NodeTestTask.java:141) ~[junit-platform-engine-1.10.2.jar:1.10.2]
    	at org.junit.platform.engine.support.hierarchical.Node.around(Node.java:137) ~[junit-platform-engine-1.10.2.jar:1.10.2]
    	at org.junit.platform.engine.support.hierarchical.NodeTestTask.lambda$executeRecursively$9(NodeTestTask.java:139) ~[junit-platform-engine-1.10.2.jar:1.10.2]
    	at org.junit.platform.engine.support.hierarchical.ThrowableCollector.execute(ThrowableCollector.java:73) ~[junit-platform-engine-1.10.2.jar:1.10.2]
    	at org.junit.platform.engine.support.hierarchical.NodeTestTask.executeRecursively(NodeTestTask.java:138) ~[junit-platform-engine-1.10.2.jar:1.10.2]
    	at org.junit.platform.engine.support.hierarchical.NodeTestTask.execute(NodeTestTask.java:95) ~[junit-platform-engine-1.10.2.jar:1.10.2]
    	at java.base/java.util.ArrayList.forEach(ArrayList.java:1596) ~[na:na]
    	at org.junit.platform.engine.support.hierarchical.SameThreadHierarchicalTestExecutorService.invokeAll(SameThreadHierarchicalTestExecutorService.java:41) ~[junit-platform-engine-1.10.2.jar:1.10.2]
    	at org.junit.platform.engine.support.hierarchical.NodeTestTask.lambda$executeRecursively$6(NodeTestTask.java:155) ~[junit-platform-engine-1.10.2.jar:1.10.2]
    	at org.junit.platform.engine.support.hierarchical.ThrowableCollector.execute(ThrowableCollector.java:73) ~[junit-platform-engine-1.10.2.jar:1.10.2]
    	at org.junit.platform.engine.support.hierarchical.NodeTestTask.lambda$executeRecursively$8(NodeTestTask.java:141) ~[junit-platform-engine-1.10.2.jar:1.10.2]
    	at org.junit.platform.engine.support.hierarchical.Node.around(Node.java:137) ~[junit-platform-engine-1.10.2.jar:1.10.2]
    	at org.junit.platform.engine.support.hierarchical.NodeTestTask.lambda$executeRecursively$9(NodeTestTask.java:139) ~[junit-platform-engine-1.10.2.jar:1.10.2]
    	at org.junit.platform.engine.support.hierarchical.ThrowableCollector.execute(ThrowableCollector.java:73) ~[junit-platform-engine-1.10.2.jar:1.10.2]
    	at org.junit.platform.engine.support.hierarchical.NodeTestTask.executeRecursively(NodeTestTask.java:138) ~[junit-platform-engine-1.10.2.jar:1.10.2]
    	at org.junit.platform.engine.support.hierarchical.NodeTestTask.execute(NodeTestTask.java:95) ~[junit-platform-engine-1.10.2.jar:1.10.2]
    	at java.base/java.util.ArrayList.forEach(ArrayList.java:1596) ~[na:na]
    	at org.junit.platform.engine.support.hierarchical.SameThreadHierarchicalTestExecutorService.invokeAll(SameThreadHierarchicalTestExecutorService.java:41) ~[junit-platform-engine-1.10.2.jar:1.10.2]
    	at org.junit.platform.engine.support.hierarchical.NodeTestTask.lambda$executeRecursively$6(NodeTestTask.java:155) ~[junit-platform-engine-1.10.2.jar:1.10.2]
    	at org.junit.platform.engine.support.hierarchical.ThrowableCollector.execute(ThrowableCollector.java:73) ~[junit-platform-engine-1.10.2.jar:1.10.2]
    	at org.junit.platform.engine.support.hierarchical.NodeTestTask.lambda$executeRecursively$8(NodeTestTask.java:141) ~[junit-platform-engine-1.10.2.jar:1.10.2]
    	at org.junit.platform.engine.support.hierarchical.Node.around(Node.java:137) ~[junit-platform-engine-1.10.2.jar:1.10.2]
    	at org.junit.platform.engine.support.hierarchical.NodeTestTask.lambda$executeRecursively$9(NodeTestTask.java:139) ~[junit-platform-engine-1.10.2.jar:1.10.2]
    	at org.junit.platform.engine.support.hierarchical.ThrowableCollector.execute(ThrowableCollector.java:73) ~[junit-platform-engine-1.10.2.jar:1.10.2]
    	at org.junit.platform.engine.support.hierarchical.NodeTestTask.executeRecursively(NodeTestTask.java:138) ~[junit-platform-engine-1.10.2.jar:1.10.2]
    	at org.junit.platform.engine.support.hierarchical.NodeTestTask.execute(NodeTestTask.java:95) ~[junit-platform-engine-1.10.2.jar:1.10.2]
    	at org.junit.platform.engine.support.hierarchical.SameThreadHierarchicalTestExecutorService.submit(SameThreadHierarchicalTestExecutorService.java:35) ~[junit-platform-engine-1.10.2.jar:1.10.2]
    	at org.junit.platform.engine.support.hierarchical.HierarchicalTestExecutor.execute(HierarchicalTestExecutor.java:57) ~[junit-platform-engine-1.10.2.jar:1.10.2]
    	at org.junit.platform.engine.support.hierarchical.HierarchicalTestEngine.execute(HierarchicalTestEngine.java:54) ~[junit-platform-engine-1.10.2.jar:1.10.2]
    	at org.junit.platform.launcher.core.EngineExecutionOrchestrator.execute(EngineExecutionOrchestrator.java:107) ~[junit-platform-launcher-1.8.2.jar:1.8.2]
    	at org.junit.platform.launcher.core.EngineExecutionOrchestrator.execute(EngineExecutionOrchestrator.java:88) ~[junit-platform-launcher-1.8.2.jar:1.8.2]
    	at org.junit.platform.launcher.core.EngineExecutionOrchestrator.lambda$execute$0(EngineExecutionOrchestrator.java:54) ~[junit-platform-launcher-1.8.2.jar:1.8.2]
    	at org.junit.platform.launcher.core.EngineExecutionOrchestrator.withInterceptedStreams(EngineExecutionOrchestrator.java:67) ~[junit-platform-launcher-1.8.2.jar:1.8.2]
    	at org.junit.platform.launcher.core.EngineExecutionOrchestrator.execute(EngineExecutionOrchestrator.java:52) ~[junit-platform-launcher-1.8.2.jar:1.8.2]
    	at org.junit.platform.launcher.core.DefaultLauncher.execute(DefaultLauncher.java:114) ~[junit-platform-launcher-1.8.2.jar:1.8.2]
    	at org.junit.platform.launcher.core.DefaultLauncher.execute(DefaultLauncher.java:86) ~[junit-platform-launcher-1.8.2.jar:1.8.2]
    	at org.junit.platform.launcher.core.DefaultLauncherSession$DelegatingLauncher.execute(DefaultLauncherSession.java:86) ~[junit-platform-launcher-1.8.2.jar:1.8.2]
    	at org.gradle.api.internal.tasks.testing.junitplatform.JUnitPlatformTestClassProcessor$CollectAllTestClassesExecutor.processAllTestClasses(JUnitPlatformTestClassProcessor.java:124) ~[na:na]
    	at org.gradle.api.internal.tasks.testing.junitplatform.JUnitPlatformTestClassProcessor$CollectAllTestClassesExecutor.access$000(JUnitPlatformTestClassProcessor.java:99) ~[na:na]
    	at org.gradle.api.internal.tasks.testing.junitplatform.JUnitPlatformTestClassProcessor.stop(JUnitPlatformTestClassProcessor.java:94) ~[na:na]
    	at org.gradle.api.internal.tasks.testing.SuiteTestClassProcessor.stop(SuiteTestClassProcessor.java:63) ~[na:na]
    	at java.base/jdk.internal.reflect.DirectMethodHandleAccessor.invoke(DirectMethodHandleAccessor.java:103) ~[na:na]
    	at java.base/java.lang.reflect.Method.invoke(Method.java:580) ~[na:na]
    	at org.gradle.internal.dispatch.ReflectionDispatch.dispatch(ReflectionDispatch.java:36) ~[na:na]
    	at org.gradle.internal.dispatch.ReflectionDispatch.dispatch(ReflectionDispatch.java:24) ~[na:na]
    	at org.gradle.internal.dispatch.ContextClassLoaderDispatch.dispatch(ContextClassLoaderDispatch.java:33) ~[na:na]
    	at org.gradle.internal.dispatch.ProxyDispatchAdapter$DispatchingInvocationHandler.invoke(ProxyDispatchAdapter.java:92) ~[na:na]
    	at jdk.proxy1/jdk.proxy1.$Proxy4.stop(Unknown Source) ~[na:na]
    	at org.gradle.api.internal.tasks.testing.worker.TestWorker$3.run(TestWorker.java:200) ~[na:na]
    	at org.gradle.api.internal.tasks.testing.worker.TestWorker.executeAndMaintainThreadName(TestWorker.java:132) ~[na:na]
    	at org.gradle.api.internal.tasks.testing.worker.TestWorker.execute(TestWorker.java:103) ~[na:na]
    	at org.gradle.api.internal.tasks.testing.worker.TestWorker.execute(TestWorker.java:63) ~[na:na]
    	at org.gradle.process.internal.worker.child.ActionExecutionWorker.execute(ActionExecutionWorker.java:56) ~[na:na]
    	at org.gradle.process.internal.worker.child.SystemApplicationClassLoaderWorker.call(SystemApplicationClassLoaderWorker.java:121) ~[na:na]
    	at org.gradle.process.internal.worker.child.SystemApplicationClassLoaderWorker.call(SystemApplicationClassLoaderWorker.java:71) ~[na:na]
    	at worker.org.gradle.process.internal.worker.GradleWorkerMain.run(GradleWorkerMain.java:69) ~[gradle-worker.jar:na]
    	at worker.org.gradle.process.internal.worker.GradleWorkerMain.main(GradleWorkerMain.java:74) ~[gradle-worker.jar:na]
    Caused by: org.h2.jdbc.JdbcSQLSyntaxErrorException: Table "verification_tokens" not found; SQL statement:
    select vt1_0."id",vt1_0."created_at",vt1_0."expires_at",vt1_0."token",vt1_0."type",vt1_0."user_id" from "verification_tokens" vt1_0 where vt1_0."id"=? [42102-224]
    	at org.h2.message.DbException.getJdbcSQLException(DbException.java:514) ~[h2-2.2.224.jar:2.2.224]
    	at org.h2.message.DbException.getJdbcSQLException(DbException.java:489) ~[h2-2.2.224.jar:2.2.224]
    	at org.h2.message.DbException.get(DbException.java:223) ~[h2-2.2.224.jar:2.2.224]
    	at org.h2.message.DbException.get(DbException.java:199) ~[h2-2.2.224.jar:2.2.224]
    	at org.h2.command.Parser.getTableOrViewNotFoundDbException(Parser.java:8064) ~[h2-2.2.224.jar:2.2.224]
    	at org.h2.command.Parser.getTableOrViewNotFoundDbException(Parser.java:8035) ~[h2-2.2.224.jar:2.2.224]
    	at org.h2.command.Parser.readTableOrView(Parser.java:8024) ~[h2-2.2.224.jar:2.2.224]
    	at org.h2.command.Parser.readTablePrimary(Parser.java:1788) ~[h2-2.2.224.jar:2.2.224]
    	at org.h2.command.Parser.readTableReference(Parser.java:2268) ~[h2-2.2.224.jar:2.2.224]
    	at org.h2.command.Parser.parseSelectFromPart(Parser.java:2718) ~[h2-2.2.224.jar:2.2.224]
    	at org.h2.command.Parser.parseSelect(Parser.java:2824) ~[h2-2.2.224.jar:2.2.224]
    	at org.h2.command.Parser.parseQueryPrimary(Parser.java:2708) ~[h2-2.2.224.jar:2.2.224]
    	at org.h2.command.Parser.parseQueryTerm(Parser.java:2564) ~[h2-2.2.224.jar:2.2.224]
    	at org.h2.command.Parser.parseQueryExpressionBody(Parser.java:2543) ~[h2-2.2.224.jar:2.2.224]
    	at org.h2.command.Parser.parseQueryExpressionBodyAndEndOfQuery(Parser.java:2536) ~[h2-2.2.224.jar:2.2.224]
    	at org.h2.command.Parser.parseQueryExpression(Parser.java:2529) ~[h2-2.2.224.jar:2.2.224]
    	at org.h2.command.Parser.parseQuery(Parser.java:2498) ~[h2-2.2.224.jar:2.2.224]
    	at org.h2.command.Parser.parsePrepared(Parser.java:627) ~[h2-2.2.224.jar:2.2.224]
    	at org.h2.command.Parser.parse(Parser.java:592) ~[h2-2.2.224.jar:2.2.224]
    	at org.h2.command.Parser.parse(Parser.java:564) ~[h2-2.2.224.jar:2.2.224]
    	at org.h2.command.Parser.prepareCommand(Parser.java:483) ~[h2-2.2.224.jar:2.2.224]
    	at org.h2.engine.SessionLocal.prepareLocal(SessionLocal.java:639) ~[h2-2.2.224.jar:2.2.224]
    	at org.h2.engine.SessionLocal.prepareCommand(SessionLocal.java:559) ~[h2-2.2.224.jar:2.2.224]
    	at org.h2.jdbc.JdbcConnection.prepareCommand(JdbcConnection.java:1166) ~[h2-2.2.224.jar:2.2.224]
    	at org.h2.jdbc.JdbcPreparedStatement.<init>(JdbcPreparedStatement.java:93) ~[h2-2.2.224.jar:2.2.224]
    	at org.h2.jdbc.JdbcConnection.prepareStatement(JdbcConnection.java:316) ~[h2-2.2.224.jar:2.2.224]
    	at com.zaxxer.hikari.pool.ProxyConnection.prepareStatement(ProxyConnection.java:327) ~[HikariCP-5.0.1.jar:na]
    	at com.zaxxer.hikari.pool.HikariProxyConnection.prepareStatement(HikariProxyConnection.java) ~[HikariCP-5.0.1.jar:na]
    	at org.hibernate.engine.jdbc.internal.StatementPreparerImpl$5.doPrepare(StatementPreparerImpl.java:153) ~[hibernate-core-6.4.4.Final.jar:6.4.4.Final]
    	at org.hibernate.engine.jdbc.internal.StatementPreparerImpl$StatementPreparationTemplate.prepareStatement(StatementPreparerImpl.java:183) ~[hibernate-core-6.4.4.Final.jar:6.4.4.Final]
    	... 175 common frames omitted


UserProfileServiceTest > updateProfile_WithEmailChange_ShouldCreateVerificationToken() FAILED
    org.springframework.dao.InvalidDataAccessResourceUsageException: could not prepare statement [Table "verification_tokens" not found; SQL statement:
    select vt1_0."id",vt1_0."created_at",vt1_0."expires_at",vt1_0."token",vt1_0."type",vt1_0."user_id" from "verification_tokens" vt1_0 where vt1_0."id"=? [42102-224]] [select vt1_0."id",vt1_0."created_at",vt1_0."expires_at",vt1_0."token",vt1_0."type",vt1_0."user_id" from "verification_tokens" vt1_0 where vt1_0."id"=?]; SQL [select vt1_0."id",vt1_0."created_at",vt1_0."expires_at",vt1_0."token",vt1_0."type",vt1_0."user_id" from "verification_tokens" vt1_0 where vt1_0."id"=?]
        at app//org.springframework.orm.jpa.vendor.HibernateJpaDialect.convertHibernateAccessException(HibernateJpaDialect.java:277)
        at app//org.springframework.orm.jpa.vendor.HibernateJpaDialect.translateExceptionIfPossible(HibernateJpaDialect.java:241)
        at app//org.springframework.orm.jpa.AbstractEntityManagerFactoryBean.translateExceptionIfPossible(AbstractEntityManagerFactoryBean.java:550)
        at app//org.springframework.dao.support.ChainedPersistenceExceptionTranslator.translateExceptionIfPossible(ChainedPersistenceExceptionTranslator.java:61)
        at app//org.springframework.dao.support.DataAccessUtils.translateIfNecessary(DataAccessUtils.java:335)
        at app//org.springframework.dao.support.PersistenceExceptionTranslationInterceptor.invoke(PersistenceExceptionTranslationInterceptor.java:152)
        at app//org.springframework.aop.framework.ReflectiveMethodInvocation.proceed(ReflectiveMethodInvocation.java:184)
        at app//org.springframework.data.jpa.repository.support.CrudMethodMetadataPostProcessor$CrudMethodMetadataPopulatingMethodInterceptor.invoke(CrudMethodMetadataPostProcessor.java:164)
        at app//org.springframework.aop.framework.ReflectiveMethodInvocation.proceed(ReflectiveMethodInvocation.java:184)
        at app//org.springframework.aop.interceptor.ExposeInvocationInterceptor.invoke(ExposeInvocationInterceptor.java:97)
        at app//org.springframework.aop.framework.ReflectiveMethodInvocation.proceed(ReflectiveMethodInvocation.java:184)
        at app//org.springframework.aop.framework.JdkDynamicAopProxy.invoke(JdkDynamicAopProxy.java:220)
        at app/jdk.proxy3/jdk.proxy3.$Proxy145.save(Unknown Source)
        at app//com.heartrate.service.UserProfileService.handleEmailChange(UserProfileService.java:103)
        at app//com.heartrate.service.UserProfileService.updateProfile(UserProfileService.java:55)
        at java.base@21.0.2/jdk.internal.reflect.DirectMethodHandleAccessor.invoke(DirectMethodHandleAccessor.java:103)
        at java.base@21.0.2/java.lang.reflect.Method.invoke(Method.java:580)
        at app//org.springframework.aop.support.AopUtils.invokeJoinpointUsingReflection(AopUtils.java:351)
        at app//org.springframework.aop.framework.ReflectiveMethodInvocation.invokeJoinpoint(ReflectiveMethodInvocation.java:196)
        at app//org.springframework.aop.framework.ReflectiveMethodInvocation.proceed(ReflectiveMethodInvocation.java:163)
        at app//org.springframework.aop.framework.CglibAopProxy$CglibMethodInvocation.proceed(CglibAopProxy.java:765)
        at app//org.springframework.transaction.interceptor.TransactionInterceptor$1.proceedWithInvocation(TransactionInterceptor.java:123)
        at app//org.springframework.transaction.interceptor.TransactionAspectSupport.invokeWithinTransaction(TransactionAspectSupport.java:385)
        at app//org.springframework.transaction.interceptor.TransactionInterceptor.invoke(TransactionInterceptor.java:119)
        at app//org.springframework.aop.framework.ReflectiveMethodInvocation.proceed(ReflectiveMethodInvocation.java:184)
        at app//org.springframework.aop.framework.CglibAopProxy$CglibMethodInvocation.proceed(CglibAopProxy.java:765)
        at app//org.springframework.aop.framework.CglibAopProxy$DynamicAdvisedInterceptor.intercept(CglibAopProxy.java:717)
        at app//com.heartrate.service.UserProfileService$$SpringCGLIB$$0.updateProfile(<generated>)
        at app//com.heartrate.service.UserProfileServiceTest.updateProfile_WithEmailChange_ShouldCreateVerificationToken(UserProfileServiceTest.java:97)

        Caused by:
        org.hibernate.exception.SQLGrammarException: could not prepare statement [Table "verification_tokens" not found; SQL statement:
        select vt1_0."id",vt1_0."created_at",vt1_0."expires_at",vt1_0."token",vt1_0."type",vt1_0."user_id" from "verification_tokens" vt1_0 where vt1_0."id"=? [42102-224]] [select vt1_0."id",vt1_0."created_at",vt1_0."expires_at",vt1_0."token",vt1_0."type",vt1_0."user_id" from "verification_tokens" vt1_0 where vt1_0."id"=?]
            at app//org.hibernate.exception.internal.SQLExceptionTypeDelegate.convert(SQLExceptionTypeDelegate.java:66)
            at app//org.hibernate.exception.internal.StandardSQLExceptionConverter.convert(StandardSQLExceptionConverter.java:58)
            at app//org.hibernate.engine.jdbc.spi.SqlExceptionHelper.convert(SqlExceptionHelper.java:108)
            at app//org.hibernate.engine.jdbc.internal.StatementPreparerImpl$StatementPreparationTemplate.prepareStatement(StatementPreparerImpl.java:194)
            at app//org.hibernate.engine.jdbc.internal.StatementPreparerImpl.prepareQueryStatement(StatementPreparerImpl.java:155)
            at app//org.hibernate.sql.exec.spi.JdbcSelectExecutor.lambda$list$0(JdbcSelectExecutor.java:85)
            at app//org.hibernate.sql.results.jdbc.internal.DeferredResultSetAccess.executeQuery(DeferredResultSetAccess.java:231)
            at app//org.hibernate.sql.results.jdbc.internal.DeferredResultSetAccess.getResultSet(DeferredResultSetAccess.java:167)
            at app//org.hibernate.sql.results.jdbc.internal.JdbcValuesResultSetImpl.advanceNext(JdbcValuesResultSetImpl.java:218)
            at app//org.hibernate.sql.results.jdbc.internal.JdbcValuesResultSetImpl.processNext(JdbcValuesResultSetImpl.java:98)
            at app//org.hibernate.sql.results.jdbc.internal.AbstractJdbcValues.next(AbstractJdbcValues.java:19)
            at app//org.hibernate.sql.results.internal.RowProcessingStateStandardImpl.next(RowProcessingStateStandardImpl.java:66)
            at app//org.hibernate.sql.results.spi.ListResultsConsumer.consume(ListResultsConsumer.java:187)
            at app//org.hibernate.sql.results.spi.ListResultsConsumer.consume(ListResultsConsumer.java:33)
            at app//org.hibernate.sql.exec.internal.JdbcSelectExecutorStandardImpl.doExecuteQuery(JdbcSelectExecutorStandardImpl.java:209)
            at app//org.hibernate.sql.exec.internal.JdbcSelectExecutorStandardImpl.executeQuery(JdbcSelectExecutorStandardImpl.java:83)
            at app//org.hibernate.sql.exec.spi.JdbcSelectExecutor.list(JdbcSelectExecutor.java:76)
            at app//org.hibernate.sql.exec.spi.JdbcSelectExecutor.list(JdbcSelectExecutor.java:65)
            at app//org.hibernate.loader.ast.internal.SingleIdLoadPlan.load(SingleIdLoadPlan.java:145)
            at app//org.hibernate.loader.ast.internal.SingleIdLoadPlan.load(SingleIdLoadPlan.java:117)
            at app//org.hibernate.loader.ast.internal.SingleIdEntityLoaderStandardImpl.load(SingleIdEntityLoaderStandardImpl.java:75)
            at app//org.hibernate.persister.entity.AbstractEntityPersister.doLoad(AbstractEntityPersister.java:3748)
            at app//org.hibernate.persister.entity.AbstractEntityPersister.load(AbstractEntityPersister.java:3737)
            at app//org.hibernate.event.internal.DefaultLoadEventListener.loadFromDatasource(DefaultLoadEventListener.java:604)
            at app//org.hibernate.event.internal.DefaultLoadEventListener.loadFromCacheOrDatasource(DefaultLoadEventListener.java:590)
            at app//org.hibernate.event.internal.DefaultLoadEventListener.load(DefaultLoadEventListener.java:560)
            at app//org.hibernate.event.internal.DefaultLoadEventListener.doLoad(DefaultLoadEventListener.java:544)
            at app//org.hibernate.event.internal.DefaultLoadEventListener.load(DefaultLoadEventListener.java:207)
            at app//org.hibernate.event.internal.DefaultLoadEventListener.loadWithRegularProxy(DefaultLoadEventListener.java:290)
            at app//org.hibernate.event.internal.DefaultLoadEventListener.proxyOrLoad(DefaultLoadEventListener.java:242)
            at app//org.hibernate.event.internal.DefaultLoadEventListener.doOnLoad(DefaultLoadEventListener.java:111)
            at app//org.hibernate.event.internal.DefaultLoadEventListener.onLoad(DefaultLoadEventListener.java:68)
            at app//org.hibernate.event.service.internal.EventListenerGroupImpl.fireEventOnEachListener(EventListenerGroupImpl.java:138)
            at app//org.hibernate.internal.SessionImpl.fireLoadNoChecks(SessionImpl.java:1222)
            at app//org.hibernate.internal.SessionImpl.fireLoad(SessionImpl.java:1210)
            at app//org.hibernate.loader.internal.IdentifierLoadAccessImpl.load(IdentifierLoadAccessImpl.java:209)
            at app//org.hibernate.loader.internal.IdentifierLoadAccessImpl.doLoad(IdentifierLoadAccessImpl.java:160)
            at app//org.hibernate.loader.internal.IdentifierLoadAccessImpl.lambda$load$1(IdentifierLoadAccessImpl.java:149)
            at app//org.hibernate.loader.internal.IdentifierLoadAccessImpl.perform(IdentifierLoadAccessImpl.java:112)
            at app//org.hibernate.loader.internal.IdentifierLoadAccessImpl.load(IdentifierLoadAccessImpl.java:149)
            at app//org.hibernate.internal.SessionImpl.get(SessionImpl.java:1023)
            at app//org.hibernate.event.internal.DefaultMergeEventListener.lambda$entityIsDetached$0(DefaultMergeEventListener.java:407)
            at app//org.hibernate.engine.spi.LoadQueryInfluencers.fromInternalFetchProfile(LoadQueryInfluencers.java:99)
            at app//org.hibernate.event.internal.DefaultMergeEventListener.entityIsDetached(DefaultMergeEventListener.java:405)
            at app//org.hibernate.event.internal.DefaultMergeEventListener.merge(DefaultMergeEventListener.java:208)
            at app//org.hibernate.event.internal.DefaultMergeEventListener.doMerge(DefaultMergeEventListener.java:146)
            at app//org.hibernate.event.internal.DefaultMergeEventListener.onMerge(DefaultMergeEventListener.java:130)
            at app//org.hibernate.event.internal.DefaultMergeEventListener.onMerge(DefaultMergeEventListener.java:84)
            at app//org.hibernate.event.service.internal.EventListenerGroupImpl.fireEventOnEachListener(EventListenerGroupImpl.java:127)
            at app//org.hibernate.internal.SessionImpl.fireMerge(SessionImpl.java:847)
            at app//org.hibernate.internal.SessionImpl.merge(SessionImpl.java:833)
            at java.base@21.0.2/jdk.internal.reflect.DirectMethodHandleAccessor.invoke(DirectMethodHandleAccessor.java:103)
            at java.base@21.0.2/java.lang.reflect.Method.invoke(Method.java:580)
            at app//org.springframework.orm.jpa.SharedEntityManagerCreator$SharedEntityManagerInvocationHandler.invoke(SharedEntityManagerCreator.java:319)
            at app/jdk.proxy3/jdk.proxy3.$Proxy135.merge(Unknown Source)
            at app//org.springframework.data.jpa.repository.support.SimpleJpaRepository.save(SimpleJpaRepository.java:621)
            at java.base@21.0.2/jdk.internal.reflect.DirectMethodHandleAccessor.invoke(DirectMethodHandleAccessor.java:103)
            at java.base@21.0.2/java.lang.reflect.Method.invoke(Method.java:580)
            at app//org.springframework.aop.support.AopUtils.invokeJoinpointUsingReflection(AopUtils.java:351)
            at app//org.springframework.data.repository.core.support.RepositoryMethodInvoker$RepositoryFragmentMethodInvoker.lambda$new$0(RepositoryMethodInvoker.java:277)
            at app//org.springframework.data.repository.core.support.RepositoryMethodInvoker.doInvoke(RepositoryMethodInvoker.java:170)
            at app//org.springframework.data.repository.core.support.RepositoryMethodInvoker.invoke(RepositoryMethodInvoker.java:158)
            at app//org.springframework.data.repository.core.support.RepositoryComposition$RepositoryFragments.invoke(RepositoryComposition.java:516)
            at app//org.springframework.data.repository.core.support.RepositoryComposition.invoke(RepositoryComposition.java:285)
            at app//org.springframework.data.repository.core.support.RepositoryFactorySupport$ImplementationMethodExecutionInterceptor.invoke(RepositoryFactorySupport.java:628)
            at app//org.springframework.aop.framework.ReflectiveMethodInvocation.proceed(ReflectiveMethodInvocation.java:184)
            at app//org.springframework.data.repository.core.support.QueryExecutorMethodInterceptor.doInvoke(QueryExecutorMethodInterceptor.java:168)
            at app//org.springframework.data.repository.core.support.QueryExecutorMethodInterceptor.invoke(QueryExecutorMethodInterceptor.java:143)
            at app//org.springframework.aop.framework.ReflectiveMethodInvocation.proceed(ReflectiveMethodInvocation.java:184)
            at app//org.springframework.data.projection.DefaultMethodInvokingMethodInterceptor.invoke(DefaultMethodInvokingMethodInterceptor.java:70)
            at app//org.springframework.aop.framework.ReflectiveMethodInvocation.proceed(ReflectiveMethodInvocation.java:184)
            at app//org.springframework.transaction.interceptor.TransactionInterceptor$1.proceedWithInvocation(TransactionInterceptor.java:123)
            at app//org.springframework.transaction.interceptor.TransactionAspectSupport.invokeWithinTransaction(TransactionAspectSupport.java:385)
            at app//org.springframework.transaction.interceptor.TransactionInterceptor.invoke(TransactionInterceptor.java:119)
            at app//org.springframework.aop.framework.ReflectiveMethodInvocation.proceed(ReflectiveMethodInvocation.java:184)
            at app//org.springframework.dao.support.PersistenceExceptionTranslationInterceptor.invoke(PersistenceExceptionTranslationInterceptor.java:137)
            ... 23 more

            Caused by:
            org.h2.jdbc.JdbcSQLSyntaxErrorException: Table "verification_tokens" not found; SQL statement:
            select vt1_0."id",vt1_0."created_at",vt1_0."expires_at",vt1_0."token",vt1_0."type",vt1_0."user_id" from "verification_tokens" vt1_0 where vt1_0."id"=? [42102-224]
                at app//org.h2.message.DbException.getJdbcSQLException(DbException.java:514)
                at app//org.h2.message.DbException.getJdbcSQLException(DbException.java:489)
                at app//org.h2.message.DbException.get(DbException.java:223)
                at app//org.h2.message.DbException.get(DbException.java:199)
                at app//org.h2.command.Parser.getTableOrViewNotFoundDbException(Parser.java:8064)
                at app//org.h2.command.Parser.getTableOrViewNotFoundDbException(Parser.java:8035)
                at app//org.h2.command.Parser.readTableOrView(Parser.java:8024)
                at app//org.h2.command.Parser.readTablePrimary(Parser.java:1788)
                at app//org.h2.command.Parser.readTableReference(Parser.java:2268)
                at app//org.h2.command.Parser.parseSelectFromPart(Parser.java:2718)
                at app//org.h2.command.Parser.parseSelect(Parser.java:2824)
                at app//org.h2.command.Parser.parseQueryPrimary(Parser.java:2708)
                at app//org.h2.command.Parser.parseQueryTerm(Parser.java:2564)
                at app//org.h2.command.Parser.parseQueryExpressionBody(Parser.java:2543)
                at app//org.h2.command.Parser.parseQueryExpressionBodyAndEndOfQuery(Parser.java:2536)
                at app//org.h2.command.Parser.parseQueryExpression(Parser.java:2529)
                at app//org.h2.command.Parser.parseQuery(Parser.java:2498)
                at app//org.h2.command.Parser.parsePrepared(Parser.java:627)
                at app//org.h2.command.Parser.parse(Parser.java:592)
                at app//org.h2.command.Parser.parse(Parser.java:564)
                at app//org.h2.command.Parser.prepareCommand(Parser.java:483)
                at app//org.h2.engine.SessionLocal.prepareLocal(SessionLocal.java:639)
                at app//org.h2.engine.SessionLocal.prepareCommand(SessionLocal.java:559)
                at app//org.h2.jdbc.JdbcConnection.prepareCommand(JdbcConnection.java:1166)
                at app//org.h2.jdbc.JdbcPreparedStatement.<init>(JdbcPreparedStatement.java:93)
                at app//org.h2.jdbc.JdbcConnection.prepareStatement(JdbcConnection.java:316)
                at app//com.zaxxer.hikari.pool.ProxyConnection.prepareStatement(ProxyConnection.java:327)
                at app//com.zaxxer.hikari.pool.HikariProxyConnection.prepareStatement(HikariProxyConnection.java)
                at app//org.hibernate.engine.jdbc.internal.StatementPreparerImpl$5.doPrepare(StatementPreparerImpl.java:153)
                at app//org.hibernate.engine.jdbc.internal.StatementPreparerImpl$StatementPreparationTemplate.prepareStatement(StatementPreparerImpl.java:183)
                ... 95 more

UserProfileServiceTest > updateProfile_WithValidData_ShouldUpdateUser() STANDARD_OUT
    2025-04-06T08:34:47.732-07:00 DEBUG 44469 --- [    Test worker] org.hibernate.SQL                        : 
        insert 
        into
            "users"
            ("created_at", "display_name", "email", "email_verified", "first_name", "mobile_number", "password_hash", "remember_me_token", "updated_at", "user_address", "year_of_birth", "id") 
        values
            (?, ?, ?, ?, ?, ?, ?, ?, ?, ?, ?, ?)
    Hibernate: 
        insert 
        into
            "users"
            ("created_at", "display_name", "email", "email_verified", "first_name", "mobile_number", "password_hash", "remember_me_token", "updated_at", "user_address", "year_of_birth", "id") 
        values
            (?, ?, ?, ?, ?, ?, ?, ?, ?, ?, ?, ?)
    2025-04-06T08:34:47.733-07:00 DEBUG 44469 --- [    Test worker] org.hibernate.SQL                        : 
        select
            u1_0."id",
            u1_0."created_at",
            u1_0."display_name",
            u1_0."email",
            u1_0."email_verified",
            u1_0."first_name",
            u1_0."mobile_number",
            u1_0."password_hash",
            u1_0."remember_me_token",
            u1_0."updated_at",
            u1_0."user_address",
            u1_0."year_of_birth" 
        from
            "users" u1_0 
        where
            u1_0."id"=?
    Hibernate: 
        select
            u1_0."id",
            u1_0."created_at",
            u1_0."display_name",
            u1_0."email",
            u1_0."email_verified",
            u1_0."first_name",
            u1_0."mobile_number",
            u1_0."password_hash",
            u1_0."remember_me_token",
            u1_0."updated_at",
            u1_0."user_address",
            u1_0."year_of_birth" 
        from
            "users" u1_0 
        where
            u1_0."id"=?
    2025-04-06T08:34:47.737-07:00 DEBUG 44469 --- [    Test worker] org.hibernate.SQL                        : 
        update
            "users" 
        set
            "created_at"=?,
            "display_name"=?,
            "email"=?,
            "email_verified"=?,
            "first_name"=?,
            "mobile_number"=?,
            "password_hash"=?,
            "remember_me_token"=?,
            "updated_at"=?,
            "user_address"=?,
            "year_of_birth"=? 
        where
            "id"=?
    Hibernate: 
        update
            "users" 
        set
            "created_at"=?,
            "display_name"=?,
            "email"=?,
            "email_verified"=?,
            "first_name"=?,
            "mobile_number"=?,
            "password_hash"=?,
            "remember_me_token"=?,
            "updated_at"=?,
            "user_address"=?,
            "year_of_birth"=? 
        where
            "id"=?
    2025-04-06T08:34:47.739-07:00 DEBUG 44469 --- [    Test worker] org.hibernate.SQL                        : 
        select
            u1_0."id",
            u1_0."created_at",
            u1_0."display_name",
            u1_0."email",
            u1_0."email_verified",
            u1_0."first_name",
            u1_0."mobile_number",
            u1_0."password_hash",
            u1_0."remember_me_token",
            u1_0."updated_at",
            u1_0."user_address",
            u1_0."year_of_birth" 
        from
            "users" u1_0 
        where
            u1_0."id"=?
    Hibernate: 
        select
            u1_0."id",
            u1_0."created_at",
            u1_0."display_name",
            u1_0."email",
            u1_0."email_verified",
            u1_0."first_name",
            u1_0."mobile_number",
            u1_0."password_hash",
            u1_0."remember_me_token",
            u1_0."updated_at",
            u1_0."user_address",
            u1_0."year_of_birth" 
        from
            "users" u1_0 
        where
            u1_0."id"=?

UserProfileServiceTest > changePassword_WithIncorrectCurrentPassword_ShouldThrowException() STANDARD_OUT
    2025-04-06T08:34:47.818-07:00 DEBUG 44469 --- [    Test worker] org.hibernate.SQL                        : 
        insert 
        into
            "users"
            ("created_at", "display_name", "email", "email_verified", "first_name", "mobile_number", "password_hash", "remember_me_token", "updated_at", "user_address", "year_of_birth", "id") 
        values
            (?, ?, ?, ?, ?, ?, ?, ?, ?, ?, ?, ?)
    Hibernate: 
        insert 
        into
            "users"
            ("created_at", "display_name", "email", "email_verified", "first_name", "mobile_number", "password_hash", "remember_me_token", "updated_at", "user_address", "year_of_birth", "id") 
        values
            (?, ?, ?, ?, ?, ?, ?, ?, ?, ?, ?, ?)
    2025-04-06T08:34:47.820-07:00 DEBUG 44469 --- [    Test worker] org.hibernate.SQL                        : 
        select
            u1_0."id",
            u1_0."created_at",
            u1_0."display_name",
            u1_0."email",
            u1_0."email_verified",
            u1_0."first_name",
            u1_0."mobile_number",
            u1_0."password_hash",
            u1_0."remember_me_token",
            u1_0."updated_at",
            u1_0."user_address",
            u1_0."year_of_birth" 
        from
            "users" u1_0 
        where
            u1_0."id"=?
    Hibernate: 
        select
            u1_0."id",
            u1_0."created_at",
            u1_0."display_name",
            u1_0."email",
            u1_0."email_verified",
            u1_0."first_name",
            u1_0."mobile_number",
            u1_0."password_hash",
            u1_0."remember_me_token",
            u1_0."updated_at",
            u1_0."user_address",
            u1_0."year_of_birth" 
        from
            "users" u1_0 
        where
            u1_0."id"=?

UserProfileServiceTest > getUserProfile_WithInvalidId_ShouldThrowException() STANDARD_OUT
    2025-04-06T08:34:47.973-07:00 DEBUG 44469 --- [    Test worker] org.hibernate.SQL                        : 
        insert 
        into
            "users"
            ("created_at", "display_name", "email", "email_verified", "first_name", "mobile_number", "password_hash", "remember_me_token", "updated_at", "user_address", "year_of_birth", "id") 
        values
            (?, ?, ?, ?, ?, ?, ?, ?, ?, ?, ?, ?)
    Hibernate: 
        insert 
        into
            "users"
            ("created_at", "display_name", "email", "email_verified", "first_name", "mobile_number", "password_hash", "remember_me_token", "updated_at", "user_address", "year_of_birth", "id") 
        values
            (?, ?, ?, ?, ?, ?, ?, ?, ?, ?, ?, ?)
    2025-04-06T08:34:47.975-07:00 DEBUG 44469 --- [    Test worker] org.hibernate.SQL                        : 
        select
            u1_0."id",
            u1_0."created_at",
            u1_0."display_name",
            u1_0."email",
            u1_0."email_verified",
            u1_0."first_name",
            u1_0."mobile_number",
            u1_0."password_hash",
            u1_0."remember_me_token",
            u1_0."updated_at",
            u1_0."user_address",
            u1_0."year_of_birth" 
        from
            "users" u1_0 
        where
            u1_0."id"=?
    Hibernate: 
        select
            u1_0."id",
            u1_0."created_at",
            u1_0."display_name",
            u1_0."email",
            u1_0."email_verified",
            u1_0."first_name",
            u1_0."mobile_number",
            u1_0."password_hash",
            u1_0."remember_me_token",
            u1_0."updated_at",
            u1_0."user_address",
            u1_0."year_of_birth" 
        from
            "users" u1_0 
        where
            u1_0."id"=?

UserProfileServiceTest > changePassword_WithValidPassword_ShouldUpdatePassword() STANDARD_OUT
    2025-04-06T08:34:48.053-07:00 DEBUG 44469 --- [    Test worker] org.hibernate.SQL                        : 
        insert 
        into
            "users"
            ("created_at", "display_name", "email", "email_verified", "first_name", "mobile_number", "password_hash", "remember_me_token", "updated_at", "user_address", "year_of_birth", "id") 
        values
            (?, ?, ?, ?, ?, ?, ?, ?, ?, ?, ?, ?)
    Hibernate: 
        insert 
        into
            "users"
            ("created_at", "display_name", "email", "email_verified", "first_name", "mobile_number", "password_hash", "remember_me_token", "updated_at", "user_address", "year_of_birth", "id") 
        values
            (?, ?, ?, ?, ?, ?, ?, ?, ?, ?, ?, ?)
    2025-04-06T08:34:48.054-07:00 DEBUG 44469 --- [    Test worker] org.hibernate.SQL                        : 
        select
            u1_0."id",
            u1_0."created_at",
            u1_0."display_name",
            u1_0."email",
            u1_0."email_verified",
            u1_0."first_name",
            u1_0."mobile_number",
            u1_0."password_hash",
            u1_0."remember_me_token",
            u1_0."updated_at",
            u1_0."user_address",
            u1_0."year_of_birth" 
        from
            "users" u1_0 
        where
            u1_0."id"=?
    Hibernate: 
        select
            u1_0."id",
            u1_0."created_at",
            u1_0."display_name",
            u1_0."email",
            u1_0."email_verified",
            u1_0."first_name",
            u1_0."mobile_number",
            u1_0."password_hash",
            u1_0."remember_me_token",
            u1_0."updated_at",
            u1_0."user_address",
            u1_0."year_of_birth" 
        from
            "users" u1_0 
        where
            u1_0."id"=?
    2025-04-06T08:34:48.206-07:00 DEBUG 44469 --- [    Test worker] org.hibernate.SQL                        : 
        update
            "users" 
        set
            "created_at"=?,
            "display_name"=?,
            "email"=?,
            "email_verified"=?,
            "first_name"=?,
            "mobile_number"=?,
            "password_hash"=?,
            "remember_me_token"=?,
            "updated_at"=?,
            "user_address"=?,
            "year_of_birth"=? 
        where
            "id"=?
    Hibernate: 
        update
            "users" 
        set
            "created_at"=?,
            "display_name"=?,
            "email"=?,
            "email_verified"=?,
            "first_name"=?,
            "mobile_number"=?,
            "password_hash"=?,
            "remember_me_token"=?,
            "updated_at"=?,
            "user_address"=?,
            "year_of_birth"=? 
        where
            "id"=?
    2025-04-06T08:34:48.207-07:00 DEBUG 44469 --- [    Test worker] org.hibernate.SQL                        : 
        select
            u1_0."id",
            u1_0."created_at",
            u1_0."display_name",
            u1_0."email",
            u1_0."email_verified",
            u1_0."first_name",
            u1_0."mobile_number",
            u1_0."password_hash",
            u1_0."remember_me_token",
            u1_0."updated_at",
            u1_0."user_address",
            u1_0."year_of_birth" 
        from
            "users" u1_0 
        where
            u1_0."id"=?
    Hibernate: 
        select
            u1_0."id",
            u1_0."created_at",
            u1_0."display_name",
            u1_0."email",
            u1_0."email_verified",
            u1_0."first_name",
            u1_0."mobile_number",
            u1_0."password_hash",
            u1_0."remember_me_token",
            u1_0."updated_at",
            u1_0."user_address",
            u1_0."year_of_birth" 
        from
            "users" u1_0 
        where
            u1_0."id"=?

UserProfileServiceTest > getUserProfile_WithValidId_ShouldReturnUser() STANDARD_OUT
    2025-04-06T08:34:48.360-07:00 DEBUG 44469 --- [    Test worker] org.hibernate.SQL                        : 
        insert 
        into
            "users"
            ("created_at", "display_name", "email", "email_verified", "first_name", "mobile_number", "password_hash", "remember_me_token", "updated_at", "user_address", "year_of_birth", "id") 
        values
            (?, ?, ?, ?, ?, ?, ?, ?, ?, ?, ?, ?)
    Hibernate: 
        insert 
        into
            "users"
            ("created_at", "display_name", "email", "email_verified", "first_name", "mobile_number", "password_hash", "remember_me_token", "updated_at", "user_address", "year_of_birth", "id") 
        values
            (?, ?, ?, ?, ?, ?, ?, ?, ?, ?, ?, ?)
    2025-04-06T08:34:48.361-07:00 DEBUG 44469 --- [    Test worker] org.hibernate.SQL                        : 
        select
            u1_0."id",
            u1_0."created_at",
            u1_0."display_name",
            u1_0."email",
            u1_0."email_verified",
            u1_0."first_name",
            u1_0."mobile_number",
            u1_0."password_hash",
            u1_0."remember_me_token",
            u1_0."updated_at",
            u1_0."user_address",
            u1_0."year_of_birth" 
        from
            "users" u1_0 
        where
            u1_0."id"=?
    Hibernate: 
        select
            u1_0."id",
            u1_0."created_at",
            u1_0."display_name",
            u1_0."email",
            u1_0."email_verified",
            u1_0."first_name",
            u1_0."mobile_number",
            u1_0."password_hash",
            u1_0."remember_me_token",
            u1_0."updated_at",
            u1_0."user_address",
            u1_0."year_of_birth" 
        from
            "users" u1_0 
        where
            u1_0."id"=?

UserRepositoryTest STANDARD_OUT
    2025-04-06T08:34:48.364-07:00  INFO 44469 --- [    Test worker] t.c.s.AnnotationConfigContextLoaderUtils : Could not detect default configuration classes for test class [com.heartrate.repository.UserRepositoryTest]: UserRepositoryTest does not declare any static, non-private, non-final, nested classes annotated with @Configuration.
    2025-04-06T08:34:48.368-07:00  INFO 44469 --- [    Test worker] .b.t.c.SpringBootTestContextBootstrapper : Found @SpringBootConfiguration com.heartrate.BackendApplication for test class com.heartrate.repository.UserRepositoryTest

UserRepositoryTest > delete_WithExistingUser_ShouldRemoveUser() STANDARD_OUT
    2025-04-06T08:34:48.370-07:00 DEBUG 44469 --- [    Test worker] org.hibernate.SQL                        : 
        select
            u1_0."id",
            u1_0."created_at",
            u1_0."display_name",
            u1_0."email",
            u1_0."email_verified",
            u1_0."first_name",
            u1_0."mobile_number",
            u1_0."password_hash",
            u1_0."remember_me_token",
            u1_0."updated_at",
            u1_0."user_address",
            u1_0."year_of_birth" 
        from
            "users" u1_0 
        where
            u1_0."id"=?
    Hibernate: 
        select
            u1_0."id",
            u1_0."created_at",
            u1_0."display_name",
            u1_0."email",
            u1_0."email_verified",
            u1_0."first_name",
            u1_0."mobile_number",
            u1_0."password_hash",
            u1_0."remember_me_token",
            u1_0."updated_at",
            u1_0."user_address",
            u1_0."year_of_birth" 
        from
            "users" u1_0 
        where
            u1_0."id"=?

UserRepositoryTest > findByEmail_WithNonExistentEmail_ShouldReturnEmpty() STANDARD_OUT
    2025-04-06T08:34:48.373-07:00 DEBUG 44469 --- [    Test worker] org.hibernate.SQL                        : 
        select
            u1_0."id",
            u1_0."created_at",
            u1_0."display_name",
            u1_0."email",
            u1_0."email_verified",
            u1_0."first_name",
            u1_0."mobile_number",
            u1_0."password_hash",
            u1_0."remember_me_token",
            u1_0."updated_at",
            u1_0."user_address",
            u1_0."year_of_birth" 
        from
            "users" u1_0 
        where
            u1_0."email"=?
    Hibernate: 
        select
            u1_0."id",
            u1_0."created_at",
            u1_0."display_name",
            u1_0."email",
            u1_0."email_verified",
            u1_0."first_name",
            u1_0."mobile_number",
            u1_0."password_hash",
            u1_0."remember_me_token",
            u1_0."updated_at",
            u1_0."user_address",
            u1_0."year_of_birth" 
        from
            "users" u1_0 
        where
            u1_0."email"=?

UserRepositoryTest > findByEmail_WithExistingEmail_ShouldReturnUser() STANDARD_OUT
    2025-04-06T08:34:48.376-07:00 DEBUG 44469 --- [    Test worker] org.hibernate.SQL                        : 
        select
            u1_0."id",
            u1_0."created_at",
            u1_0."display_name",
            u1_0."email",
            u1_0."email_verified",
            u1_0."first_name",
            u1_0."mobile_number",
            u1_0."password_hash",
            u1_0."remember_me_token",
            u1_0."updated_at",
            u1_0."user_address",
            u1_0."year_of_birth" 
        from
            "users" u1_0 
        where
            u1_0."id"=?
    Hibernate: 
        select
            u1_0."id",
            u1_0."created_at",
            u1_0."display_name",
            u1_0."email",
            u1_0."email_verified",
            u1_0."first_name",
            u1_0."mobile_number",
            u1_0."password_hash",
            u1_0."remember_me_token",
            u1_0."updated_at",
            u1_0."user_address",
            u1_0."year_of_birth" 
        from
            "users" u1_0 
        where
            u1_0."id"=?
    2025-04-06T08:34:48.377-07:00 DEBUG 44469 --- [    Test worker] org.hibernate.SQL                        : 
        insert 
        into
            "users"
            ("created_at", "display_name", "email", "email_verified", "first_name", "mobile_number", "password_hash", "remember_me_token", "updated_at", "user_address", "year_of_birth", "id") 
        values
            (?, ?, ?, ?, ?, ?, ?, ?, ?, ?, ?, ?)
    Hibernate: 
        insert 
        into
            "users"
            ("created_at", "display_name", "email", "email_verified", "first_name", "mobile_number", "password_hash", "remember_me_token", "updated_at", "user_address", "year_of_birth", "id") 
        values
            (?, ?, ?, ?, ?, ?, ?, ?, ?, ?, ?, ?)
    2025-04-06T08:34:48.378-07:00 DEBUG 44469 --- [    Test worker] org.hibernate.SQL                        : 
        select
            u1_0."id",
            u1_0."created_at",
            u1_0."display_name",
            u1_0."email",
            u1_0."email_verified",
            u1_0."first_name",
            u1_0."mobile_number",
            u1_0."password_hash",
            u1_0."remember_me_token",
            u1_0."updated_at",
            u1_0."user_address",
            u1_0."year_of_birth" 
        from
            "users" u1_0 
        where
            u1_0."email"=?
    Hibernate: 
        select
            u1_0."id",
            u1_0."created_at",
            u1_0."display_name",
            u1_0."email",
            u1_0."email_verified",
            u1_0."first_name",
            u1_0."mobile_number",
            u1_0."password_hash",
            u1_0."remember_me_token",
            u1_0."updated_at",
            u1_0."user_address",
            u1_0."year_of_birth" 
        from
            "users" u1_0 
        where
            u1_0."email"=?

UserRepositoryTest > save_WithValidUser_ShouldPersistUser() STANDARD_OUT
    2025-04-06T08:34:48.381-07:00 DEBUG 44469 --- [    Test worker] org.hibernate.SQL                        : 
        select
            u1_0."id",
            u1_0."created_at",
            u1_0."display_name",
            u1_0."email",
            u1_0."email_verified",
            u1_0."first_name",
            u1_0."mobile_number",
            u1_0."password_hash",
            u1_0."remember_me_token",
            u1_0."updated_at",
            u1_0."user_address",
            u1_0."year_of_birth" 
        from
            "users" u1_0 
        where
            u1_0."id"=?
    Hibernate: 
        select
            u1_0."id",
            u1_0."created_at",
            u1_0."display_name",
            u1_0."email",
            u1_0."email_verified",
            u1_0."first_name",
            u1_0."mobile_number",
            u1_0."password_hash",
            u1_0."remember_me_token",
            u1_0."updated_at",
            u1_0."user_address",
            u1_0."year_of_birth" 
        from
            "users" u1_0 
        where
            u1_0."id"=?

Gradle Test Executor 9 finished executing tests.
2025-04-06T08:34:48.391-07:00  INFO 44469 --- [ionShutdownHook] j.LocalContainerEntityManagerFactoryBean : Closing JPA EntityManagerFactory for persistence unit 'default'
2025-04-06T08:34:48.392-07:00 DEBUG 44469 --- [ionShutdownHook] org.hibernate.SQL                        : 
    drop table if exists "login_attempts" cascade 
Hibernate: 
    drop table if exists "login_attempts" cascade 
2025-04-06T08:34:48.392-07:00 DEBUG 44469 --- [ionShutdownHook] org.hibernate.SQL                        : 
    drop table if exists "users" cascade 
Hibernate: 
    drop table if exists "users" cascade 
2025-04-06T08:34:48.392-07:00 DEBUG 44469 --- [ionShutdownHook] org.hibernate.SQL                        : 
    drop table if exists "verification_tokens" cascade 
Hibernate: 
    drop table if exists "verification_tokens" cascade 
2025-04-06T08:34:48.394-07:00  INFO 44469 --- [ionShutdownHook] com.zaxxer.hikari.HikariDataSource       : HikariPool-1 - Shutdown initiated...
2025-04-06T08:34:48.395-07:00  INFO 44469 --- [ionShutdownHook] com.zaxxer.hikari.HikariDataSource       : HikariPool-1 - Shutdown completed.
2025-04-06T08:34:48.396-07:00  INFO 44469 --- [ionShutdownHook] j.LocalContainerEntityManagerFactoryBean : Closing JPA EntityManagerFactory for persistence unit 'default'
2025-04-06T08:34:48.396-07:00 DEBUG 44469 --- [ionShutdownHook] org.hibernate.SQL                        : 
    drop table if exists "login_attempts" cascade 
Hibernate: 
    drop table if exists "login_attempts" cascade 
2025-04-06T08:34:48.396-07:00 DEBUG 44469 --- [ionShutdownHook] org.hibernate.SQL                        : 
    drop table if exists "users" cascade 
Hibernate: 
    drop table if exists "users" cascade 
2025-04-06T08:34:48.396-07:00 DEBUG 44469 --- [ionShutdownHook] org.hibernate.SQL                        : 
    drop table if exists "verification_tokens" cascade 
Hibernate: 
    drop table if exists "verification_tokens" cascade 
2025-04-06T08:34:48.396-07:00  INFO 44469 --- [ionShutdownHook] com.zaxxer.hikari.HikariDataSource       : HikariPool-2 - Shutdown initiated...
2025-04-06T08:34:48.396-07:00  INFO 44469 --- [ionShutdownHook] com.zaxxer.hikari.HikariDataSource       : HikariPool-2 - Shutdown completed.
2025-04-06T08:34:48.398-07:00  INFO 44469 --- [ionShutdownHook] j.LocalContainerEntityManagerFactoryBean : Closing JPA EntityManagerFactory for persistence unit 'default'
2025-04-06T08:34:48.398-07:00 DEBUG 44469 --- [ionShutdownHook] org.hibernate.SQL                        : 
    drop table if exists "login_attempts" cascade 
Hibernate: 
    drop table if exists "login_attempts" cascade 
2025-04-06T08:34:48.398-07:00 DEBUG 44469 --- [ionShutdownHook] org.hibernate.SQL                        : 
    drop table if exists "users" cascade 
Hibernate: 
    drop table if exists "users" cascade 
2025-04-06T08:34:48.398-07:00 DEBUG 44469 --- [ionShutdownHook] org.hibernate.SQL                        : 
    drop table if exists "verification_tokens" cascade 
Hibernate: 
    drop table if exists "verification_tokens" cascade 
2025-04-06T08:34:48.398-07:00  INFO 44469 --- [ionShutdownHook] com.zaxxer.hikari.HikariDataSource       : HikariPool-3 - Shutdown initiated...
2025-04-06T08:34:48.399-07:00  INFO 44469 --- [ionShutdownHook] com.zaxxer.hikari.HikariDataSource       : HikariPool-3 - Shutdown completed.
2025-04-06T08:34:48.399-07:00  INFO 44469 --- [ionShutdownHook] j.LocalContainerEntityManagerFactoryBean : Closing JPA EntityManagerFactory for persistence unit 'default'
2025-04-06T08:34:48.399-07:00 DEBUG 44469 --- [ionShutdownHook] org.hibernate.SQL                        : 
    drop table if exists "login_attempts" cascade 
Hibernate: 
    drop table if exists "login_attempts" cascade 
2025-04-06T08:34:48.399-07:00 DEBUG 44469 --- [ionShutdownHook] org.hibernate.SQL                        : 
    drop table if exists "users" cascade 
Hibernate: 
    drop table if exists "users" cascade 
2025-04-06T08:34:48.399-07:00 DEBUG 44469 --- [ionShutdownHook] org.hibernate.SQL                        : 
    drop table if exists "verification_tokens" cascade 
Hibernate: 
    drop table if exists "verification_tokens" cascade 
2025-04-06T08:34:48.400-07:00  INFO 44469 --- [ionShutdownHook] com.zaxxer.hikari.HikariDataSource       : HikariPool-4 - Shutdown initiated...
2025-04-06T08:34:48.400-07:00  INFO 44469 --- [ionShutdownHook] com.zaxxer.hikari.HikariDataSource       : HikariPool-4 - Shutdown completed.

> Task :test FAILED

40 tests completed, 29 failed
Finished generating test XML results (0.007 secs) into: /Users/alexworden/dev/heart-rate/backend/build/test-results/test
Generating HTML test report...
Finished generating test html results (0.008 secs) into: /Users/alexworden/dev/heart-rate/backend/build/reports/tests/test

[Incubating] Problems report is available at: file:///Users/alexworden/dev/heart-rate/backend/build/reports/problems/problems-report.html

FAILURE: Build failed with an exception.

* What went wrong:
Execution failed for task ':test'.
> There were failing tests. See the report at: file:///Users/alexworden/dev/heart-rate/backend/build/reports/tests/test/index.html

* Try:
> Run with --scan to get full insights.

Deprecated Gradle features were used in this build, making it incompatible with Gradle 9.0.

You can use '--warning-mode all' to show the individual deprecation warnings and determine if they come from your own scripts or plugins.

For more on this, please refer to https://docs.gradle.org/8.13/userguide/command_line_interface.html#sec:command_line_warnings in the Gradle documentation.

BUILD FAILED in 7s
5 actionable tasks: 1 executed, 4 up-to-date
Watched directory hierarchies: [/Users/alexworden/dev/heart-rate/backend]
